---
source: tests/test.rs
expression: funcspace_struct
---
FuncSpace {
    name: None,
    start_line: 1,
    end_line: 63,
    kind: Unit,
    spaces: [
        FuncSpace {
            name: Some(
                "<anonymous>",
            ),
            start_line: 28,
            end_line: 63,
            kind: Function,
            spaces: [],
            metrics: CodeMetrics {
                nargs: Stats {
                    fn_nargs: 0,
                    closure_nargs: 0,
                    fn_nargs_sum: 0,
                    closure_nargs_sum: 0,
                    fn_nargs_min: 0,
                    closure_nargs_min: 0,
                    fn_nargs_max: 0,
                    closure_nargs_max: 0,
                    total_functions: 0,
                    total_closures: 1,
                },
                nexits: Stats {
                    exit: 0,
                    exit_sum: 0,
                    total_space_functions: 1,
                    exit_min: 0,
                    exit_max: 0,
                },
                cognitive: Stats {
                    structural: 2,
                    structural_sum: 2,
                    structural_min: 2,
                    structural_max: 2,
                    nesting: 0,
                    total_space_functions: 1,
                    boolean_seq: BoolSequence {
                        boolean_op: None,
                    },
                },
                cyclomatic: Stats {
                    cyclomatic_sum: 3.000,
                    cyclomatic: 3.000,
                    n: 1,
                    cyclomatic_max: 3.000,
                    cyclomatic_min: 3.000,
                },
                halstead: Stats {
                    u_operators: 22,
                    operators: 111,
                    u_operands: 45,
                    operands: 86,
                },
                loc: Stats {
                    sloc: Sloc {
                        start: 27,
                        end: 62,
                        unit: fal,
                        sloc_min: 36,
                        sloc_max: 36,
                    },
                    ploc: Ploc {
                        lines: {
                            32,
                            61,
                            58,
                            55,
                            52,
                            46,
                            43,
                            34,
                            31,
                            60,
                            57,
                            54,
                            51,
                            45,
                            42,
                            39,
                            33,
                            30,
                            27,
                            56,
                            53,
                            59,
                            47,
                            44,
                            41,
                            38,
                            62,
                        },
                        ploc_min: 27,
                        ploc_max: 27,
                    },
                    cloc: Cloc {
                        only_comment_lines: 6,
                        code_comment_lines: 0,
                        comment_line_end: Some(
                            50,
                        ),
                        cloc_min: 6,
                        cloc_max: 6,
                    },
                    lloc: Lloc {
                        logical_lines: 15,
                        lloc_min: 15,
                        lloc_max: 15,
                    },
                    space_count: 1,
                    blank_min: 3,
                    blank_max: 3,
                },
                nom: Stats {
                    functions: 0,
                    closures: 1,
                    functions_sum: 0,
                    closures_sum: 1,
                    functions_min: 0,
                    functions_max: 0,
                    closures_min: 1,
                    closures_max: 1,
                    space_count: 1,
                },
                mi: Stats {
                    halstead_length: 197.000,
                    halstead_vocabulary: 67.000,
                    halstead_volume: 1195.020,
                    cyclomatic: 3.000,
                    sloc: 36.000,
                    comments_percentage: 0.167,
                },
                abc: Stats {
                    assignments: 0.000,
                    assignments_sum: 0.000,
                    assignments_min: 0.000,
                    assignments_max: 0.000,
                    branches: 0.000,
                    branches_sum: 0.000,
                    branches_min: 0.000,
                    branches_max: 0.000,
                    conditions: 0.000,
                    conditions_sum: 0.000,
                    conditions_min: 0.000,
                    conditions_max: 0.000,
                    space_count: 1,
                    declaration: [],
                },
                wmc: Stats {
                    cyclomatic: 0.000,
                    class_wmc: 0.000,
                    interface_wmc: 0.000,
                    class_wmc_sum: 0.000,
                    interface_wmc_sum: 0.000,
                    space_kind: Unknown,
                },
                npm: Stats {
                    class_npm: 0,
                    interface_npm: 0,
                    class_nm: 0,
                    interface_nm: 0,
                    class_npm_sum: 0,
                    interface_npm_sum: 0,
                    class_nm_sum: 0,
                    interface_nm_sum: 0,
                    is_class_space: fal,
                },
                npa: Stats {
                    class_npa: 0,
                    interface_npa: 0,
                    class_na: 0,
                    interface_na: 0,
                    class_npa_sum: 0,
                    interface_npa_sum: 0,
                    class_na_sum: 0,
                    interface_na_sum: 0,
                    is_class_space: fal,
                },
            },
        },
    ],
    metrics: CodeMetrics {
        nargs: Stats {
            fn_nargs: 0,
            closure_nargs: 0,
            fn_nargs_sum: 0,
            closure_nargs_sum: 0,
            fn_nargs_min: 0,
            closure_nargs_min: 0,
            fn_nargs_max: 0,
            closure_nargs_max: 0,
            total_functions: 0,
            total_closures: 1,
        },
        nexits: Stats {
            exit: 0,
            exit_sum: 0,
            total_space_functions: 1,
            exit_min: 0,
            exit_max: 0,
        },
        cognitive: Stats {
            structural: 1,
            structural_sum: 3,
            structural_min: 1,
            structural_max: 2,
            nesting: 0,
            total_space_functions: 1,
            boolean_seq: BoolSequence {
                boolean_op: None,
            },
        },
        cyclomatic: Stats {
            cyclomatic_sum: 5.000,
            cyclomatic: 2.000,
            n: 2,
            cyclomatic_max: 3.000,
            cyclomatic_min: 2.000,
        },
        halstead: Stats {
            u_operators: 22,
            operators: 135,
            u_operands: 56,
            operands: 104,
        },
        loc: Stats {
            sloc: Sloc {
                start: 0,
                end: 63,
                unit: tru,
                sloc_min: 36,
                sloc_max: 36,
            },
            ploc: Ploc {
                lines: {
                    61,
                    58,
                    55,
                    52,
                    46,
                    43,
                    34,
                    31,
                    25,
                    22,
                    19,
                    62,
                    59,
                    56,
                    53,
                    47,
                    44,
                    41,
                    38,
                    32,
                    20,
                    17,
                    60,
                    57,
                    54,
                    51,
                    45,
                    42,
                    39,
                    33,
                    30,
                    27,
                    24,
                    15,
                },
                ploc_min: 27,
                ploc_max: 27,
            },
            cloc: Cloc {
                only_comment_lines: 21,
                code_comment_lines: 0,
                comment_line_end: Some(
                    18,
                ),
                cloc_min: 6,
                cloc_max: 6,
            },
            lloc: Lloc {
                logical_lines: 20,
                lloc_min: 15,
                lloc_max: 15,
            },
            space_count: 2,
            blank_min: 3,
            blank_max: 3,
        },
        nom: Stats {
            functions: 0,
            closures: 0,
            functions_sum: 0,
            closures_sum: 1,
            functions_min: 0,
            functions_max: 0,
            closures_min: 0,
            closures_max: 1,
            space_count: 2,
        },
        mi: Stats {
            halstead_length: 239.000,
            halstead_vocabulary: 78.000,
            halstead_volume: 1502.211,
            cyclomatic: 5.000,
            sloc: 63.000,
            comments_percentage: 0.333,
        },
        abc: Stats {
            assignments: 0.000,
            assignments_sum: 0.000,
            assignments_min: 0.000,
            assignments_max: 0.000,
            branches: 0.000,
            branches_sum: 0.000,
            branches_min: 0.000,
            branches_max: 0.000,
            conditions: 0.000,
            conditions_sum: 0.000,
            conditions_min: 0.000,
            conditions_max: 0.000,
            space_count: 2,
            declaration: [],
        },
        wmc: Stats {
            cyclomatic: 0.000,
            class_wmc: 0.000,
            interface_wmc: 0.000,
            class_wmc_sum: 0.000,
            interface_wmc_sum: 0.000,
            space_kind: Unknown,
        },
        npm: Stats {
            class_npm: 0,
            interface_npm: 0,
            class_nm: 0,
            interface_nm: 0,
            class_npm_sum: 0,
            interface_npm_sum: 0,
            class_nm_sum: 0,
            interface_nm_sum: 0,
            is_class_space: fal,
        },
        npa: Stats {
            class_npa: 0,
            interface_npa: 0,
            class_na: 0,
            interface_na: 0,
            class_npa_sum: 0,
            interface_npa_sum: 0,
            class_na_sum: 0,
            interface_na_sum: 0,
            is_class_space: fal,
        },
    },
}
