---
source: tests/common/mod.rs
expression: funcspace_struct
---
{
  "name": null,
  "start_line": 1,
  "end_line": 106,
  "kind": "unit",
  "spaces": [
    {
      "name": "lm",
      "start_line": 17,
      "end_line": 105,
      "kind": "namespace",
      "spaces": [
        {
          "name": "ngram",
          "start_line": 18,
          "end_line": 104,
          "kind": "namespace",
          "spaces": [
            {
              "name": "FixedWidthParameters",
              "start_line": 28,
              "end_line": 36,
              "kind": "struct",
              "spaces": [],
              "metrics": {
                "nargs": {
                  "total_functions": 0.0,
                  "total_closures": 0.0,
                  "average_functions": 0.0,
                  "average_closures": 0.0,
                  "total": 0.0,
                  "average": 0.0,
                  "functions_min": 0.0,
                  "functions_max": 0.0,
                  "closures_min": 0.0,
                  "closures_max": 0.0
                },
                "nexits": {
                  "sum": 0.0,
                  "average": null,
                  "min": 0.0,
                  "max": 0.0
                },
                "cognitive": {
                  "sum": 0.0,
                  "average": null,
                  "min": 0.0,
                  "max": 0.0
                },
                "cyclomatic": {
                  "sum": 1.0,
                  "average": 1.0,
                  "min": 1.0,
                  "max": 1.0
                },
                "halstead": {
                  "n1": 3.0,
                  "N1": 10.0,
                  "n2": 7.0,
                  "N2": 7.0,
                  "length": 17.0,
                  "estimated_program_length": 24.406371956566694,
                  "purity_ratio": 1.4356689386215702,
                  "vocabulary": 10.0,
                  "volume": 56.47277761308516,
                  "difficulty": 1.5,
                  "level": 0.6666666666666666,
                  "effort": 84.70916641962773,
                  "time": 4.70606480109043,
                  "bugs": 0.006429329504347988
                },
                "loc": {
                  "sloc": 9.0,
                  "ploc": 7.0,
                  "lloc": 0.0,
                  "cloc": 2.0,
                  "blank": 0.0,
                  "sloc_average": 9.0,
                  "ploc_average": 7.0,
                  "lloc_average": 0.0,
                  "cloc_average": 2.0,
                  "blank_average": 0.0,
                  "sloc_min": 9.0,
                  "sloc_max": 9.0,
                  "cloc_min": 2.0,
                  "cloc_max": 2.0,
                  "ploc_min": 7.0,
                  "ploc_max": 7.0,
                  "lloc_min": 0.0,
                  "lloc_max": 0.0,
                  "blank_min": 0.0,
                  "blank_max": 0.0
                },
                "nom": {
                  "functions": 0.0,
                  "closures": 0.0,
                  "functions_average": 0.0,
                  "closures_average": 0.0,
                  "total": 0.0,
                  "average": 0.0,
                  "functions_min": 0.0,
                  "functions_max": 0.0,
                  "closures_min": 0.0,
                  "closures_max": 0.0
                },
                "mi": {
                  "mi_original": 114.19941655574691,
                  "mi_sei": 122.51043636380638,
                  "mi_visual_studio": 66.7832845355245
                },
                "abc": {
                  "assignments": 0.0,
                  "branches": 0.0,
                  "conditions": 0.0,
                  "magnitude": 0.0,
                  "assignments_average": 0.0,
                  "branches_average": 0.0,
                  "conditions_average": 0.0,
                  "assignments_min": 0.0,
                  "assignments_max": 0.0,
                  "branches_min": 0.0,
                  "branches_max": 0.0,
                  "conditions_min": 0.0,
                  "conditions_max": 0.0
                }
              }
            },
            {
              "name": "Parameters",
              "start_line": 42,
              "end_line": 45,
              "kind": "struct",
              "spaces": [],
              "metrics": {
                "nargs": {
                  "total_functions": 0.0,
                  "total_closures": 0.0,
                  "average_functions": 0.0,
                  "average_closures": 0.0,
                  "total": 0.0,
                  "average": 0.0,
                  "functions_min": 0.0,
                  "functions_max": 0.0,
                  "closures_min": 0.0,
                  "closures_max": 0.0
                },
                "nexits": {
                  "sum": 0.0,
                  "average": null,
                  "min": 0.0,
                  "max": 0.0
                },
                "cognitive": {
                  "sum": 0.0,
                  "average": null,
                  "min": 0.0,
                  "max": 0.0
                },
                "cyclomatic": {
                  "sum": 1.0,
                  "average": 1.0,
                  "min": 1.0,
                  "max": 1.0
                },
                "halstead": {
                  "n1": 6.0,
                  "N1": 7.0,
                  "n2": 5.0,
                  "N2": 5.0,
                  "length": 12.0,
                  "estimated_program_length": 27.11941547876375,
                  "purity_ratio": 2.259951289896979,
                  "vocabulary": 11.0,
                  "volume": 41.51317942364757,
                  "difficulty": 3.0,
                  "level": 0.3333333333333333,
                  "effort": 124.53953827094271,
                  "time": 6.9188632372745955,
                  "bugs": 0.00831285578253799
                },
                "loc": {
                  "sloc": 4.0,
                  "ploc": 4.0,
                  "lloc": 0.0,
                  "cloc": 0.0,
                  "blank": 0.0,
                  "sloc_average": 4.0,
                  "ploc_average": 4.0,
                  "lloc_average": 0.0,
                  "cloc_average": 0.0,
                  "blank_average": 0.0,
                  "sloc_min": 4.0,
                  "sloc_max": 4.0,
                  "cloc_min": 0.0,
                  "cloc_max": 0.0,
                  "ploc_min": 4.0,
                  "ploc_max": 4.0,
                  "lloc_min": 0.0,
                  "lloc_max": 0.0,
                  "blank_min": 0.0,
                  "blank_max": 0.0
                },
                "nom": {
                  "functions": 0.0,
                  "closures": 0.0,
                  "functions_average": 0.0,
                  "closures_average": 0.0,
                  "total": 0.0,
                  "average": 0.0,
                  "functions_min": 0.0,
                  "functions_max": 0.0,
                  "closures_min": 0.0,
                  "closures_max": 0.0
                },
                "mi": {
                  "mi_original": 128.93677439273236,
                  "mi_sei": 110.41741287200574,
                  "mi_visual_studio": 75.40162245189028
                },
                "abc": {
                  "assignments": 0.0,
                  "branches": 0.0,
                  "conditions": 0.0,
                  "magnitude": 0.0,
                  "assignments_average": 0.0,
                  "branches_average": 0.0,
                  "conditions_average": 0.0,
                  "assignments_min": 0.0,
                  "assignments_max": 0.0,
                  "branches_min": 0.0,
                  "branches_max": 0.0,
                  "conditions_min": 0.0,
                  "conditions_max": 0.0
                }
              }
            },
            {
              "name": "BinaryFormat",
              "start_line": 47,
              "end_line": 100,
              "kind": "class",
              "spaces": [
                {
                  "name": "VocabStringReadingOffset",
                  "start_line": 59,
                  "end_line": 62,
                  "kind": "function",
                  "spaces": [],
                  "metrics": {
                    "nargs": {
                      "total_functions": 0.0,
                      "total_closures": 0.0,
                      "average_functions": 0.0,
                      "average_closures": 0.0,
                      "total": 0.0,
                      "average": 0.0,
                      "functions_min": 0.0,
                      "functions_max": 0.0,
                      "closures_min": 0.0,
                      "closures_max": 0.0
                    },
                    "nexits": {
                      "sum": 1.0,
                      "average": 1.0,
                      "min": 1.0,
                      "max": 1.0
                    },
                    "cognitive": {
                      "sum": 0.0,
                      "average": 0.0,
                      "min": 0.0,
                      "max": 0.0
                    },
                    "cyclomatic": {
                      "sum": 1.0,
                      "average": 1.0,
                      "min": 1.0,
                      "max": 1.0
                    },
                    "halstead": {
                      "n1": 6.0,
                      "N1": 8.0,
                      "n2": 4.0,
                      "N2": 5.0,
                      "length": 13.0,
                      "estimated_program_length": 23.509775004326936,
                      "purity_ratio": 1.808444231102072,
                      "vocabulary": 10.0,
                      "volume": 43.18506523353571,
                      "difficulty": 3.75,
                      "level": 0.26666666666666666,
                      "effort": 161.9439946257589,
                      "time": 8.996888590319939,
                      "bugs": 0.009903498582139372
                    },
                    "loc": {
                      "sloc": 4.0,
                      "ploc": 4.0,
                      "lloc": 2.0,
                      "cloc": 0.0,
                      "blank": 0.0,
                      "sloc_average": 4.0,
                      "ploc_average": 4.0,
                      "lloc_average": 2.0,
                      "cloc_average": 0.0,
                      "blank_average": 0.0,
                      "sloc_min": 4.0,
                      "sloc_max": 4.0,
                      "cloc_min": 0.0,
                      "cloc_max": 0.0,
                      "ploc_min": 4.0,
                      "ploc_max": 4.0,
                      "lloc_min": 2.0,
                      "lloc_max": 2.0,
                      "blank_min": 0.0,
                      "blank_max": 0.0
                    },
                    "nom": {
                      "functions": 1.0,
                      "closures": 0.0,
                      "functions_average": 1.0,
                      "closures_average": 0.0,
                      "total": 1.0,
                      "average": 1.0,
                      "functions_min": 1.0,
                      "functions_max": 1.0,
                      "closures_min": 0.0,
                      "closures_max": 0.0
                    },
                    "mi": {
                      "mi_original": 128.73145878874377,
                      "mi_sei": 110.12120506831431,
                      "mi_visual_studio": 75.28155484721857
                    },
                    "abc": {
                      "assignments": 0.0,
                      "branches": 0.0,
                      "conditions": 0.0,
                      "magnitude": 0.0,
                      "assignments_average": 0.0,
                      "branches_average": 0.0,
                      "conditions_average": 0.0,
                      "assignments_min": 0.0,
                      "assignments_max": 0.0,
                      "branches_min": 0.0,
                      "branches_max": 0.0,
                      "conditions_min": 0.0,
                      "conditions_max": 0.0
                    }
                  }
                }
              ],
              "metrics": {
                "nargs": {
                  "total_functions": 0.0,
                  "total_closures": 0.0,
                  "average_functions": 0.0,
                  "average_closures": 0.0,
                  "total": 0.0,
                  "average": 0.0,
                  "functions_min": 0.0,
                  "functions_max": 0.0,
                  "closures_min": 0.0,
                  "closures_max": 0.0
                },
                "nexits": {
                  "sum": 1.0,
                  "average": 1.0,
                  "min": 0.0,
                  "max": 1.0
                },
                "cognitive": {
                  "sum": 0.0,
                  "average": 0.0,
                  "min": 0.0,
                  "max": 0.0
                },
                "cyclomatic": {
                  "sum": 2.0,
                  "average": 1.0,
                  "min": 1.0,
                  "max": 1.0
                },
                "halstead": {
                  "n1": 14.0,
                  "N1": 116.0,
                  "n2": 50.0,
                  "N2": 69.0,
                  "length": 185.0,
                  "estimated_program_length": 335.49577839754267,
                  "purity_ratio": 1.8134906940407711,
                  "vocabulary": 64.0,
                  "volume": 1110.0,
                  "difficulty": 9.66,
                  "level": 0.10351966873706003,
                  "effort": 10722.6,
                  "time": 595.7,
                  "bugs": 0.16208599153604142
                },
                "loc": {
                  "sloc": 54.0,
                  "ploc": 26.0,
                  "lloc": 3.0,
                  "cloc": 18.0,
                  "blank": 10.0,
                  "sloc_average": 27.0,
                  "ploc_average": 13.0,
                  "lloc_average": 1.5,
                  "cloc_average": 9.0,
                  "blank_average": 5.0,
                  "sloc_min": 4.0,
                  "sloc_max": 4.0,
                  "cloc_min": 0.0,
                  "cloc_max": 0.0,
                  "ploc_min": 4.0,
                  "ploc_max": 4.0,
                  "lloc_min": 2.0,
                  "lloc_max": 2.0,
                  "blank_min": 0.0,
                  "blank_max": 0.0
                },
                "nom": {
                  "functions": 1.0,
                  "closures": 0.0,
                  "functions_average": 0.5,
                  "closures_average": 0.0,
                  "total": 1.0,
                  "average": 0.5,
                  "functions_min": 0.0,
                  "functions_max": 1.0,
                  "closures_min": 0.0,
                  "closures_max": 0.0
                },
                "mi": {
                  "mi_original": 69.45545891526557,
                  "mi_sei": 63.69836638576386,
                  "mi_visual_studio": 40.617227435827814
                },
                "abc": {
                  "assignments": 0.0,
                  "branches": 0.0,
                  "conditions": 0.0,
                  "magnitude": 0.0,
                  "assignments_average": 0.0,
                  "branches_average": 0.0,
                  "conditions_average": 0.0,
                  "assignments_min": 0.0,
                  "assignments_max": 0.0,
                  "branches_min": 0.0,
                  "branches_max": 0.0,
                  "conditions_min": 0.0,
                  "conditions_max": 0.0
                }
              }
            }
          ],
          "metrics": {
            "nargs": {
              "total_functions": 0.0,
              "total_closures": 0.0,
              "average_functions": 0.0,
              "average_closures": 0.0,
              "total": 0.0,
              "average": 0.0,
              "functions_min": 0.0,
              "functions_max": 0.0,
              "closures_min": 0.0,
              "closures_max": 0.0
            },
            "nexits": {
              "sum": 1.0,
              "average": 1.0,
              "min": 0.0,
              "max": 1.0
            },
            "cognitive": {
              "sum": 0.0,
              "average": 0.0,
              "min": 0.0,
              "max": 0.0
            },
            "cyclomatic": {
              "sum": 5.0,
              "average": 1.0,
              "min": 1.0,
              "max": 1.0
            },
            "halstead": {
              "n1": 15.0,
              "N1": 153.0,
              "n2": 63.0,
              "N2": 92.0,
              "length": 245.0,
              "estimated_program_length": 435.1719941146225,
              "purity_ratio": 1.7762122208760103,
              "vocabulary": 78.0,
              "volume": 1539.923543621251,
              "difficulty": 10.952380952380953,
              "level": 0.09130434782608696,
              "effort": 16865.82928728037,
              "time": 936.9905159600205,
              "bugs": 0.21922187034804577
            },
            "loc": {
              "sloc": 87.0,
              "ploc": 43.0,
              "lloc": 6.0,
              "cloc": 26.0,
              "blank": 18.0,
              "sloc_average": 17.4,
              "ploc_average": 8.6,
              "lloc_average": 1.2,
              "cloc_average": 5.2,
              "blank_average": 3.6,
              "sloc_min": 4.0,
              "sloc_max": 54.0,
              "cloc_min": 0.0,
              "cloc_max": 18.0,
              "ploc_min": 4.0,
              "ploc_max": 26.0,
              "lloc_min": 0.0,
              "lloc_max": 3.0,
              "blank_min": 0.0,
              "blank_max": 10.0
            },
            "nom": {
              "functions": 1.0,
              "closures": 0.0,
              "functions_average": 0.2,
              "closures_average": 0.0,
              "total": 1.0,
              "average": 0.2,
              "functions_min": 0.0,
              "functions_max": 1.0,
              "closures_min": 0.0,
              "closures_max": 0.0
            },
            "mi": {
              "mi_original": 59.33695063248037,
              "mi_sei": 47.87494885394451,
              "mi_visual_studio": 34.699971130105475
            },
            "abc": {
              "assignments": 0.0,
              "branches": 0.0,
              "conditions": 0.0,
              "magnitude": 0.0,
              "assignments_average": 0.0,
              "branches_average": 0.0,
              "conditions_average": 0.0,
              "assignments_min": 0.0,
              "assignments_max": 0.0,
              "branches_min": 0.0,
              "branches_max": 0.0,
              "conditions_min": 0.0,
              "conditions_max": 0.0
            }
          }
        }
      ],
      "metrics": {
        "nargs": {
          "total_functions": 0.0,
          "total_closures": 0.0,
          "average_functions": 0.0,
          "average_closures": 0.0,
          "total": 0.0,
          "average": 0.0,
          "functions_min": 0.0,
          "functions_max": 0.0,
          "closures_min": 0.0,
          "closures_max": 0.0
        },
        "nexits": {
          "sum": 1.0,
          "average": 1.0,
          "min": 0.0,
          "max": 1.0
        },
        "cognitive": {
          "sum": 0.0,
          "average": 0.0,
          "min": 0.0,
          "max": 0.0
        },
        "cyclomatic": {
          "sum": 6.0,
          "average": 1.0,
          "min": 1.0,
          "max": 1.0
        },
        "halstead": {
          "n1": 15.0,
          "N1": 154.0,
          "n2": 64.0,
          "N2": 93.0,
          "length": 247.0,
          "estimated_program_length": 442.60335893412775,
          "purity_ratio": 1.7919164329316912,
          "vocabulary": 79.0,
          "volume": 1557.0338447997444,
          "difficulty": 10.8984375,
          "level": 0.09175627240143369,
          "effort": 16969.236042934714,
          "time": 942.7353357185953,
          "bugs": 0.22011701047238255
        },
        "loc": {
          "sloc": 89.0,
          "ploc": 45.0,
          "lloc": 6.0,
          "cloc": 27.0,
          "blank": 18.0,
          "sloc_average": 14.833333333333334,
          "ploc_average": 7.5,
          "lloc_average": 1.0,
          "cloc_average": 4.5,
          "blank_average": 3.0,
          "sloc_min": 87.0,
          "sloc_max": 87.0,
          "cloc_min": 26.0,
          "cloc_max": 26.0,
          "ploc_min": 43.0,
          "ploc_max": 43.0,
          "lloc_min": 6.0,
          "lloc_max": 6.0,
          "blank_min": 18.0,
          "blank_max": 18.0
        },
        "nom": {
          "functions": 1.0,
          "closures": 0.0,
          "functions_average": 0.16666666666666666,
          "closures_average": 0.0,
          "total": 1.0,
          "average": 0.16666666666666666,
          "functions_min": 0.0,
          "functions_max": 1.0,
          "closures_min": 0.0,
          "closures_max": 0.0
        },
        "mi": {
          "mi_original": 58.681293684660034,
          "mi_sei": 47.24139407354536,
          "mi_visual_studio": 34.31654601442107
        },
        "abc": {
          "assignments": 0.0,
          "branches": 0.0,
          "conditions": 0.0,
          "magnitude": 0.0,
          "assignments_average": 0.0,
          "branches_average": 0.0,
          "conditions_average": 0.0,
          "assignments_min": 0.0,
          "assignments_max": 0.0,
          "branches_min": 0.0,
          "branches_max": 0.0,
          "conditions_min": 0.0,
          "conditions_max": 0.0
        }
      }
    }
  ],
  "metrics": {
    "nargs": {
      "total_functions": 0.0,
      "total_closures": 0.0,
      "average_functions": 0.0,
      "average_closures": 0.0,
      "total": 0.0,
      "average": 0.0,
      "functions_min": 0.0,
      "functions_max": 0.0,
      "closures_min": 0.0,
      "closures_max": 0.0
    },
    "nexits": {
      "sum": 1.0,
      "average": 1.0,
      "min": 0.0,
      "max": 1.0
    },
    "cognitive": {
      "sum": 0.0,
      "average": 0.0,
      "min": 0.0,
      "max": 0.0
    },
    "cyclomatic": {
      "sum": 7.0,
      "average": 1.0,
      "min": 1.0,
      "max": 1.0
    },
    "halstead": {
      "n1": 15.0,
      "N1": 154.0,
      "n2": 71.0,
      "N2": 101.0,
      "length": 255.0,
      "estimated_program_length": 495.23540441896023,
      "purity_ratio": 1.942099625172393,
      "vocabulary": 86.0,
      "volume": 1638.697512449035,
      "difficulty": 10.669014084507042,
      "level": 0.09372937293729373,
      "effort": 17483.286840565408,
      "time": 971.2937133647449,
      "bugs": 0.22454021486129952
    },
    "loc": {
      "sloc": 106.0,
      "ploc": 57.0,
      "lloc": 6.0,
      "cloc": 29.0,
      "blank": 23.0,
      "sloc_average": 15.142857142857142,
      "ploc_average": 8.142857142857142,
      "lloc_average": 0.8571428571428571,
      "cloc_average": 4.142857142857143,
      "blank_average": 3.2857142857142856,
      "sloc_min": 89.0,
      "sloc_max": 89.0,
      "cloc_min": 27.0,
      "cloc_max": 27.0,
      "ploc_min": 45.0,
      "ploc_max": 45.0,
      "lloc_min": 6.0,
      "lloc_max": 6.0,
      "blank_min": 18.0,
      "blank_max": 18.0
    },
    "nom": {
      "functions": 1.0,
      "closures": 0.0,
      "functions_average": 0.14285714285714285,
      "closures_average": 0.0,
      "total": 1.0,
      "average": 0.14285714285714285,
      "functions_min": 0.0,
      "functions_max": 1.0,
      "closures_min": 0.0,
      "closures_max": 0.0
    },
    "mi": {
      "mi_original": 55.353670246533014,
      "mi_sei": 41.09542820722767,
      "mi_visual_studio": 32.37056739563334
    },
    "abc": {
      "assignments": 0.0,
      "branches": 0.0,
      "conditions": 0.0,
      "magnitude": 0.0,
      "assignments_average": 0.0,
      "branches_average": 0.0,
      "conditions_average": 0.0,
      "assignments_min": 0.0,
      "assignments_max": 0.0,
      "branches_min": 0.0,
      "branches_max": 0.0,
      "conditions_min": 0.0,
      "conditions_max": 0.0
    }
  }
}
