---
source: tests/test.rs
expression: funcspace_struct
---
FuncSpace {
    name: Some(
        "./tests/repositories/pdf.js/external/builder/fixtures/if-nested-expected.js",
    ),
    start_line: 1,
    end_line: 6,
    kind: Unit,
    spaces: [],
    metrics: CodeMetrics {
        nargs: Stats {
            fn_nargs: 0,
            closure_nargs: 0,
            fn_nargs_sum: 0,
            closure_nargs_sum: 0,
            fn_nargs_min: 0,
            closure_nargs_min: 0,
            fn_nargs_max: 0,
            closure_nargs_max: 0,
            total_functions: 0,
            total_closures: 0,
        },
        nexits: Stats {
            exit: 0,
            exit_sum: 0,
            total_space_functions: 0,
            exit_min: 0,
            exit_max: 0,
        },
        cognitive: Stats {
            structural: 0,
            structural_sum: 0,
            structural_min: 0,
            structural_max: 0,
            nesting: 0,
            total_space_functions: 0,
            boolean_seq: BoolSequence {
                boolean_op: None,
            },
        },
        cyclomatic: Stats {
            cyclomatic_sum: 1.0,
            cyclomatic: 1.0,
            n: 1,
            cyclomatic_max: 1.0,
            cyclomatic_min: 1.0,
        },
        halstead: Stats {
            u_operators: 2,
            operators: 7,
            u_operands: 4,
            operands: 4,
        },
        loc: Stats {
            sloc: Sloc {
                start: 0,
                end: 6,
                unit: true,
                sloc_min: 6,
                sloc_max: 6,
            },
            ploc: Ploc {
                lines: {
                    0,
                    5,
                    1,
                    3,
                },
                ploc_min: 4,
                ploc_max: 4,
            },
            cloc: Cloc {
                only_comment_lines: 0,
                code_comment_lines: 0,
                comment_line_end: None,
                cloc_min: 0,
                cloc_max: 0,
            },
            lloc: Lloc {
                logical_lines: 1,
                lloc_min: 1,
                lloc_max: 1,
            },
            space_count: 1,
            blank_min: 2,
            blank_max: 2,
        },
        nom: Stats {
            functions: 0,
            closures: 0,
            functions_sum: 0,
            closures_sum: 0,
            functions_min: 0,
            functions_max: 0,
            closures_min: 0,
            closures_max: 0,
            space_count: 1,
        },
        mi: Stats {
            halstead_length: 11.0,
            halstead_vocabulary: 6.0,
            halstead_volume: 28.43458750793272,
            cyclomatic: 1.0,
            sloc: 6.0,
            comments_percentage: 0.0,
        },
        abc: Stats {
            assignments: 0.0,
            assignments_sum: 0.0,
            assignments_min: 0.0,
            assignments_max: 0.0,
            branches: 0.0,
            branches_sum: 0.0,
            branches_min: 0.0,
            branches_max: 0.0,
            conditions: 0.0,
            conditions_sum: 0.0,
            conditions_min: 0.0,
            conditions_max: 0.0,
            space_count: 1,
            declaration: [],
        },
        wmc: Stats {
            cyclomatic: 0.0,
            class_wmc: 0.0,
            interface_wmc: 0.0,
            class_wmc_sum: 0.0,
            interface_wmc_sum: 0.0,
            space_kind: Unknown,
        },
        npm: Stats {
            class_npm: 0,
            interface_npm: 0,
            class_nm: 0,
            interface_nm: 0,
            class_npm_sum: 0,
            interface_npm_sum: 0,
            class_nm_sum: 0,
            interface_nm_sum: 0,
            is_class_space: false,
        },
        npa: Stats {
            class_npa: 0,
            interface_npa: 0,
            class_na: 0,
            interface_na: 0,
            class_npa_sum: 0,
            interface_npa_sum: 0,
            class_na_sum: 0,
            interface_na_sum: 0,
            is_class_space: false,
        },
    },
}
