---
source: tests/common/mod.rs
expression: funcspace_struct
---
{
  "name": null,
  "start_line": 1,
  "end_line": 80,
  "kind": "unit",
  "spaces": [
    {
      "name": "util",
      "start_line": 11,
      "end_line": 78,
      "kind": "namespace",
      "spaces": [
        {
          "name": "detail",
          "start_line": 13,
          "end_line": 50,
          "kind": "namespace",
          "spaces": [
            {
              "name": "RangeLessBySize",
              "start_line": 14,
              "end_line": 18,
              "kind": "struct",
              "spaces": [
                {
                  "name": "operator()",
                  "start_line": 15,
                  "end_line": 17,
                  "kind": "function",
                  "spaces": [],
                  "metrics": {
                    "nargs": {
                      "total_functions": 2.0,
                      "total_closures": 0.0,
                      "average_functions": 2.0,
                      "average_closures": 0.0,
                      "total": 2.0,
                      "average": 2.0,
                      "functions_min": 2.0,
                      "functions_max": 2.0,
                      "closures_min": 0.0,
                      "closures_max": 0.0
                    },
                    "nexits": {
                      "sum": 1.0,
                      "average": 1.0,
                      "min": 1.0,
                      "max": 1.0
                    },
                    "cognitive": {
                      "sum": 0.0,
                      "average": 0.0,
                      "min": 0.0,
                      "max": 0.0
                    },
                    "cyclomatic": {
                      "sum": 1.0,
                      "average": 1.0,
                      "min": 1.0,
                      "max": 1.0
                    },
                    "halstead": {
                      "n1": 9.0,
                      "N1": 13.0,
                      "n2": 4.0,
                      "N2": 8.0,
                      "length": 21.0,
                      "estimated_program_length": 36.529325012980806,
                      "purity_ratio": 1.7394916672848002,
                      "vocabulary": 13.0,
                      "volume": 77.70923408096293,
                      "difficulty": 9.0,
                      "level": 0.1111111111111111,
                      "effort": 699.3831067286663,
                      "time": 38.854617040481465,
                      "bugs": 0.026263675503076303
                    },
                    "loc": {
                      "sloc": 3.0,
                      "ploc": 3.0,
                      "lloc": 1.0,
                      "cloc": 0.0,
                      "blank": 0.0,
                      "sloc_average": 3.0,
                      "ploc_average": 3.0,
                      "lloc_average": 1.0,
                      "cloc_average": 0.0,
                      "blank_average": 0.0,
                      "sloc_min": 3.0,
                      "sloc_max": 3.0,
                      "cloc_min": 0.0,
                      "cloc_max": 0.0,
                      "ploc_min": 3.0,
                      "ploc_max": 3.0,
                      "lloc_min": 1.0,
                      "lloc_max": 1.0,
                      "blank_min": 0.0,
                      "blank_max": 0.0
                    },
                    "nom": {
                      "functions": 1.0,
                      "closures": 0.0,
                      "functions_average": 1.0,
                      "closures_average": 0.0,
                      "total": 1.0,
                      "average": 1.0,
                      "functions_min": 1.0,
                      "functions_max": 1.0,
                      "closures_min": 0.0,
                      "closures_max": 0.0
                    },
                    "mi": {
                      "mi_original": 130.33701563969998,
                      "mi_sei": 112.43753397505418,
                      "mi_visual_studio": 76.22047698228069
                    },
                    "abc": {
                      "assignments": 0.0,
                      "branches": 0.0,
                      "conditions": 0.0,
                      "magnitude": 0.0,
                      "assignments_average": 0.0,
                      "branches_average": 0.0,
                      "conditions_average": 0.0,
                      "assignments_min": 0.0,
                      "assignments_max": 0.0,
                      "branches_min": 0.0,
                      "branches_max": 0.0,
                      "conditions_min": 0.0,
                      "conditions_max": 0.0
                    }
                  }
                }
              ],
              "metrics": {
                "nargs": {
                  "total_functions": 2.0,
                  "total_closures": 0.0,
                  "average_functions": 2.0,
                  "average_closures": 0.0,
                  "total": 2.0,
                  "average": 2.0,
                  "functions_min": 0.0,
                  "functions_max": 2.0,
                  "closures_min": 0.0,
                  "closures_max": 0.0
                },
                "nexits": {
                  "sum": 1.0,
                  "average": 1.0,
                  "min": 0.0,
                  "max": 1.0
                },
                "cognitive": {
                  "sum": 0.0,
                  "average": 0.0,
                  "min": 0.0,
                  "max": 0.0
                },
                "cyclomatic": {
                  "sum": 2.0,
                  "average": 1.0,
                  "min": 1.0,
                  "max": 1.0
                },
                "halstead": {
                  "n1": 12.0,
                  "N1": 23.0,
                  "n2": 6.0,
                  "N2": 12.0,
                  "length": 35.0,
                  "estimated_program_length": 58.529325012980806,
                  "purity_ratio": 1.6722664289423088,
                  "vocabulary": 18.0,
                  "volume": 145.94737505048093,
                  "difficulty": 12.0,
                  "level": 0.08333333333333333,
                  "effort": 1751.3685006057713,
                  "time": 97.29825003365396,
                  "bugs": 0.048431780449832075
                },
                "loc": {
                  "sloc": 5.0,
                  "ploc": 5.0,
                  "lloc": 1.0,
                  "cloc": 0.0,
                  "blank": 0.0,
                  "sloc_average": 2.5,
                  "ploc_average": 2.5,
                  "lloc_average": 0.5,
                  "cloc_average": 0.0,
                  "blank_average": 0.0,
                  "sloc_min": 3.0,
                  "sloc_max": 3.0,
                  "cloc_min": 0.0,
                  "cloc_max": 0.0,
                  "ploc_min": 3.0,
                  "ploc_max": 3.0,
                  "lloc_min": 1.0,
                  "lloc_max": 1.0,
                  "blank_min": 0.0,
                  "blank_max": 0.0
                },
                "nom": {
                  "functions": 1.0,
                  "closures": 0.0,
                  "functions_average": 0.5,
                  "closures_average": 0.0,
                  "total": 1.0,
                  "average": 0.5,
                  "functions_min": 0.0,
                  "functions_max": 1.0,
                  "closures_min": 0.0,
                  "closures_max": 0.0
                },
                "mi": {
                  "mi_original": 118.55422603682925,
                  "mi_sei": 95.54038170655897,
                  "mi_visual_studio": 69.32995674668376
                },
                "abc": {
                  "assignments": 0.0,
                  "branches": 0.0,
                  "conditions": 0.0,
                  "magnitude": 0.0,
                  "assignments_average": 0.0,
                  "branches_average": 0.0,
                  "conditions_average": 0.0,
                  "assignments_min": 0.0,
                  "assignments_max": 0.0,
                  "branches_min": 0.0,
                  "branches_max": 0.0,
                  "conditions_min": 0.0,
                  "conditions_max": 0.0
                }
              }
            },
            {
              "name": "FirstIntersectionSorted",
              "start_line": 27,
              "end_line": 48,
              "kind": "function",
              "spaces": [],
              "metrics": {
                "nargs": {
                  "total_functions": 2.0,
                  "total_closures": 0.0,
                  "average_functions": 2.0,
                  "average_closures": 0.0,
                  "total": 2.0,
                  "average": 2.0,
                  "functions_min": 2.0,
                  "functions_max": 2.0,
                  "closures_min": 0.0,
                  "closures_max": 0.0
                },
                "nexits": {
                  "sum": 3.0,
                  "average": 3.0,
                  "min": 3.0,
                  "max": 3.0
                },
                "cognitive": {
                  "sum": 7.0,
                  "average": 7.0,
                  "min": 7.0,
                  "max": 7.0
                },
                "cyclomatic": {
                  "sum": 5.0,
                  "average": 5.0,
                  "min": 5.0,
                  "max": 5.0
                },
                "halstead": {
                  "n1": 19.0,
                  "N1": 124.0,
                  "n2": 22.0,
                  "N2": 72.0,
                  "length": 196.0,
                  "estimated_program_length": 178.81811836544864,
                  "purity_ratio": 0.9123373385992277,
                  "vocabulary": 41.0,
                  "volume": 1050.0801929051445,
                  "difficulty": 31.09090909090909,
                  "level": 0.03216374269005848,
                  "effort": 32647.947815778127,
                  "time": 1813.7748786543405,
                  "bugs": 0.34049912771010216
                },
                "loc": {
                  "sloc": 22.0,
                  "ploc": 18.0,
                  "lloc": 13.0,
                  "cloc": 2.0,
                  "blank": 2.0,
                  "sloc_average": 22.0,
                  "ploc_average": 18.0,
                  "lloc_average": 13.0,
                  "cloc_average": 2.0,
                  "blank_average": 2.0,
                  "sloc_min": 22.0,
                  "sloc_max": 22.0,
                  "cloc_min": 2.0,
                  "cloc_max": 2.0,
                  "ploc_min": 18.0,
                  "ploc_max": 18.0,
                  "lloc_min": 13.0,
                  "lloc_max": 13.0,
                  "blank_min": 2.0,
                  "blank_max": 2.0
                },
                "nom": {
                  "functions": 1.0,
                  "closures": 0.0,
                  "functions_average": 1.0,
                  "closures_average": 0.0,
                  "total": 1.0,
                  "average": 1.0,
                  "functions_min": 1.0,
                  "functions_max": 1.0,
                  "closures_min": 0.0,
                  "closures_max": 0.0
                },
                "mi": {
                  "mi_original": 83.60067882055623,
                  "mi_sei": 67.93344560142108,
                  "mi_visual_studio": 48.8892858599744
                },
                "abc": {
                  "assignments": 0.0,
                  "branches": 0.0,
                  "conditions": 0.0,
                  "magnitude": 0.0,
                  "assignments_average": 0.0,
                  "branches_average": 0.0,
                  "conditions_average": 0.0,
                  "assignments_min": 0.0,
                  "assignments_max": 0.0,
                  "branches_min": 0.0,
                  "branches_max": 0.0,
                  "conditions_min": 0.0,
                  "conditions_max": 0.0
                }
              }
            }
          ],
          "metrics": {
            "nargs": {
              "total_functions": 4.0,
              "total_closures": 0.0,
              "average_functions": 2.0,
              "average_closures": 0.0,
              "total": 4.0,
              "average": 2.0,
              "functions_min": 0.0,
              "functions_max": 2.0,
              "closures_min": 0.0,
              "closures_max": 0.0
            },
            "nexits": {
              "sum": 4.0,
              "average": 2.0,
              "min": 0.0,
              "max": 3.0
            },
            "cognitive": {
              "sum": 7.0,
              "average": 3.5,
              "min": 0.0,
              "max": 7.0
            },
            "cyclomatic": {
              "sum": 8.0,
              "average": 2.0,
              "min": 1.0,
              "max": 5.0
            },
            "halstead": {
              "n1": 21.0,
              "N1": 154.0,
              "n2": 29.0,
              "N2": 88.0,
              "length": 242.0,
              "estimated_program_length": 233.12011473705354,
              "purity_ratio": 0.9633062592440229,
              "vocabulary": 50.0,
              "volume": 1365.8131979254833,
              "difficulty": 31.862068965517242,
              "level": 0.031385281385281384,
              "effort": 43517.6343063154,
              "time": 2417.6463503508553,
              "bugs": 0.4124034257016065
            },
            "loc": {
              "sloc": 38.0,
              "ploc": 25.0,
              "lloc": 14.0,
              "cloc": 9.0,
              "blank": 4.0,
              "sloc_average": 9.5,
              "ploc_average": 6.25,
              "lloc_average": 3.5,
              "cloc_average": 2.25,
              "blank_average": 1.0,
              "sloc_min": 5.0,
              "sloc_max": 22.0,
              "cloc_min": 0.0,
              "cloc_max": 2.0,
              "ploc_min": 5.0,
              "ploc_max": 18.0,
              "lloc_min": 1.0,
              "lloc_max": 13.0,
              "blank_min": 0.0,
              "blank_max": 2.0
            },
            "nom": {
              "functions": 2.0,
              "closures": 0.0,
              "functions_average": 0.5,
              "closures_average": 0.0,
              "total": 2.0,
              "average": 0.5,
              "functions_min": 0.0,
              "functions_max": 1.0,
              "closures_min": 0.0,
              "closures_max": 0.0
            },
            "mi": {
              "mi_original": 72.6896767583732,
              "mi_sei": 64.2084507881375,
              "mi_visual_studio": 42.508582899633446
            },
            "abc": {
              "assignments": 0.0,
              "branches": 0.0,
              "conditions": 0.0,
              "magnitude": 0.0,
              "assignments_average": 0.0,
              "branches_average": 0.0,
              "conditions_average": 0.0,
              "assignments_min": 0.0,
              "assignments_max": 0.0,
              "branches_min": 0.0,
              "branches_max": 0.0,
              "conditions_min": 0.0,
              "conditions_max": 0.0
            }
          }
        },
        {
          "name": "FirstIntersection",
          "start_line": 52,
          "end_line": 57,
          "kind": "function",
          "spaces": [],
          "metrics": {
            "nargs": {
              "total_functions": 2.0,
              "total_closures": 0.0,
              "average_functions": 2.0,
              "average_closures": 0.0,
              "total": 2.0,
              "average": 2.0,
              "functions_min": 2.0,
              "functions_max": 2.0,
              "closures_min": 0.0,
              "closures_max": 0.0
            },
            "nexits": {
              "sum": 1.0,
              "average": 1.0,
              "min": 1.0,
              "max": 1.0
            },
            "cognitive": {
              "sum": 0.0,
              "average": 0.0,
              "min": 0.0,
              "max": 0.0
            },
            "cyclomatic": {
              "sum": 1.0,
              "average": 1.0,
              "min": 1.0,
              "max": 1.0
            },
            "halstead": {
              "n1": 11.0,
              "N1": 43.0,
              "n2": 17.0,
              "N2": 25.0,
              "length": 68.0,
              "estimated_program_length": 107.54061610626604,
              "purity_ratio": 1.5814796486215594,
              "vocabulary": 28.0,
              "volume": 326.90013469991703,
              "difficulty": 8.088235294117647,
              "level": 0.12363636363636364,
              "effort": 2644.0452071316818,
              "time": 146.89140039620455,
              "bugs": 0.06373695764966994
            },
            "loc": {
              "sloc": 6.0,
              "ploc": 5.0,
              "lloc": 3.0,
              "cloc": 0.0,
              "blank": 1.0,
              "sloc_average": 6.0,
              "ploc_average": 5.0,
              "lloc_average": 3.0,
              "cloc_average": 0.0,
              "blank_average": 1.0,
              "sloc_min": 6.0,
              "sloc_max": 6.0,
              "cloc_min": 0.0,
              "cloc_max": 0.0,
              "ploc_min": 5.0,
              "ploc_max": 5.0,
              "lloc_min": 3.0,
              "lloc_max": 3.0,
              "blank_min": 1.0,
              "blank_max": 1.0
            },
            "nom": {
              "functions": 1.0,
              "closures": 0.0,
              "functions_average": 1.0,
              "closures_average": 0.0,
              "total": 1.0,
              "average": 1.0,
              "functions_min": 1.0,
              "functions_max": 1.0,
              "closures_min": 0.0,
              "closures_max": 0.0
            },
            "mi": {
              "mi_original": 111.63729202443682,
              "mi_sei": 85.45953544931974,
              "mi_visual_studio": 65.28496609616188
            },
            "abc": {
              "assignments": 0.0,
              "branches": 0.0,
              "conditions": 0.0,
              "magnitude": 0.0,
              "assignments_average": 0.0,
              "branches_average": 0.0,
              "conditions_average": 0.0,
              "assignments_min": 0.0,
              "assignments_max": 0.0,
              "branches_min": 0.0,
              "branches_max": 0.0,
              "conditions_min": 0.0,
              "conditions_max": 0.0
            }
          }
        },
        {
          "name": "FirstIntersection",
          "start_line": 59,
          "end_line": 61,
          "kind": "function",
          "spaces": [],
          "metrics": {
            "nargs": {
              "total_functions": 1.0,
              "total_closures": 0.0,
              "average_functions": 1.0,
              "average_closures": 0.0,
              "total": 1.0,
              "average": 1.0,
              "functions_min": 1.0,
              "functions_max": 1.0,
              "closures_min": 0.0,
              "closures_max": 0.0
            },
            "nexits": {
              "sum": 1.0,
              "average": 1.0,
              "min": 1.0,
              "max": 1.0
            },
            "cognitive": {
              "sum": 0.0,
              "average": 0.0,
              "min": 0.0,
              "max": 0.0
            },
            "cyclomatic": {
              "sum": 1.0,
              "average": 1.0,
              "min": 1.0,
              "max": 1.0
            },
            "halstead": {
              "n1": 9.0,
              "N1": 28.0,
              "n2": 9.0,
              "N2": 15.0,
              "length": 43.0,
              "estimated_program_length": 57.05865002596162,
              "purity_ratio": 1.326945349440968,
              "vocabulary": 18.0,
              "volume": 179.30677506201943,
              "difficulty": 7.5,
              "level": 0.13333333333333333,
              "effort": 1344.8008129651457,
              "time": 74.71115627584143,
              "bugs": 0.04061165803373985
            },
            "loc": {
              "sloc": 3.0,
              "ploc": 3.0,
              "lloc": 1.0,
              "cloc": 0.0,
              "blank": 0.0,
              "sloc_average": 3.0,
              "ploc_average": 3.0,
              "lloc_average": 1.0,
              "cloc_average": 0.0,
              "blank_average": 0.0,
              "sloc_min": 3.0,
              "sloc_max": 3.0,
              "cloc_min": 0.0,
              "cloc_max": 0.0,
              "ploc_min": 3.0,
              "ploc_max": 3.0,
              "lloc_min": 1.0,
              "lloc_max": 1.0,
              "blank_min": 0.0,
              "blank_max": 0.0
            },
            "nom": {
              "functions": 1.0,
              "closures": 0.0,
              "functions_average": 1.0,
              "closures_average": 0.0,
              "total": 1.0,
              "average": 1.0,
              "functions_min": 1.0,
              "functions_max": 1.0,
              "closures_min": 0.0,
              "closures_max": 0.0
            },
            "mi": {
              "mi_original": 125.98917045997672,
              "mi_sei": 106.16491929571441,
              "mi_visual_studio": 73.67787746197469
            },
            "abc": {
              "assignments": 0.0,
              "branches": 0.0,
              "conditions": 0.0,
              "magnitude": 0.0,
              "assignments_average": 0.0,
              "branches_average": 0.0,
              "conditions_average": 0.0,
              "assignments_min": 0.0,
              "assignments_max": 0.0,
              "branches_min": 0.0,
              "branches_max": 0.0,
              "conditions_min": 0.0,
              "conditions_max": 0.0
            }
          }
        },
        {
          "name": "AllIntersection",
          "start_line": 63,
          "end_line": 72,
          "kind": "function",
          "spaces": [],
          "metrics": {
            "nargs": {
              "total_functions": 3.0,
              "total_closures": 0.0,
              "average_functions": 3.0,
              "average_closures": 0.0,
              "total": 3.0,
              "average": 3.0,
              "functions_min": 3.0,
              "functions_max": 3.0,
              "closures_min": 0.0,
              "closures_max": 0.0
            },
            "nexits": {
              "sum": 0.0,
              "average": 0.0,
              "min": 0.0,
              "max": 0.0
            },
            "cognitive": {
              "sum": 1.0,
              "average": 1.0,
              "min": 1.0,
              "max": 1.0
            },
            "cyclomatic": {
              "sum": 2.0,
              "average": 2.0,
              "min": 2.0,
              "max": 2.0
            },
            "halstead": {
              "n1": 14.0,
              "N1": 63.0,
              "n2": 24.0,
              "N2": 40.0,
              "length": 103.0,
              "estimated_program_length": 163.3420689261142,
              "purity_ratio": 1.5858453293797494,
              "vocabulary": 38.0,
              "volume": 540.5365338846893,
              "difficulty": 11.666666666666666,
              "level": 0.08571428571428572,
              "effort": 6306.259561988042,
              "time": 350.3477534437801,
              "bugs": 0.11377843958524367
            },
            "loc": {
              "sloc": 10.0,
              "ploc": 9.0,
              "lloc": 5.0,
              "cloc": 0.0,
              "blank": 1.0,
              "sloc_average": 10.0,
              "ploc_average": 9.0,
              "lloc_average": 5.0,
              "cloc_average": 0.0,
              "blank_average": 1.0,
              "sloc_min": 10.0,
              "sloc_max": 10.0,
              "cloc_min": 0.0,
              "cloc_max": 0.0,
              "ploc_min": 9.0,
              "ploc_max": 9.0,
              "lloc_min": 5.0,
              "lloc_max": 5.0,
              "blank_min": 1.0,
              "blank_max": 1.0
            },
            "nom": {
              "functions": 1.0,
              "closures": 0.0,
              "functions_average": 1.0,
              "closures_average": 0.0,
              "total": 1.0,
              "average": 1.0,
              "functions_min": 1.0,
              "functions_max": 1.0,
              "closures_min": 0.0,
              "closures_max": 0.0
            },
            "mi": {
              "mi_original": 100.5167979102307,
              "mi_sei": 69.51787359792414,
              "mi_visual_studio": 58.781753163877596
            },
            "abc": {
              "assignments": 0.0,
              "branches": 0.0,
              "conditions": 0.0,
              "magnitude": 0.0,
              "assignments_average": 0.0,
              "branches_average": 0.0,
              "conditions_average": 0.0,
              "assignments_min": 0.0,
              "assignments_max": 0.0,
              "branches_min": 0.0,
              "branches_max": 0.0,
              "conditions_min": 0.0,
              "conditions_max": 0.0
            }
          }
        },
        {
          "name": "AllIntersection",
          "start_line": 74,
          "end_line": 76,
          "kind": "function",
          "spaces": [],
          "metrics": {
            "nargs": {
              "total_functions": 2.0,
              "total_closures": 0.0,
              "average_functions": 2.0,
              "average_closures": 0.0,
              "total": 2.0,
              "average": 2.0,
              "functions_min": 2.0,
              "functions_max": 2.0,
              "closures_min": 0.0,
              "closures_max": 0.0
            },
            "nexits": {
              "sum": 0.0,
              "average": 0.0,
              "min": 0.0,
              "max": 0.0
            },
            "cognitive": {
              "sum": 0.0,
              "average": 0.0,
              "min": 0.0,
              "max": 0.0
            },
            "cyclomatic": {
              "sum": 1.0,
              "average": 1.0,
              "min": 1.0,
              "max": 1.0
            },
            "halstead": {
              "n1": 9.0,
              "N1": 24.0,
              "n2": 10.0,
              "N2": 14.0,
              "length": 38.0,
              "estimated_program_length": 61.74860596185444,
              "purity_ratio": 1.624963314785643,
              "vocabulary": 19.0,
              "volume": 161.42124551085624,
              "difficulty": 6.3,
              "level": 0.15873015873015872,
              "effort": 1016.9538467183943,
              "time": 56.49743592879968,
              "bugs": 0.03370902885937399
            },
            "loc": {
              "sloc": 3.0,
              "ploc": 3.0,
              "lloc": 1.0,
              "cloc": 0.0,
              "blank": 0.0,
              "sloc_average": 3.0,
              "ploc_average": 3.0,
              "lloc_average": 1.0,
              "cloc_average": 0.0,
              "blank_average": 0.0,
              "sloc_min": 3.0,
              "sloc_max": 3.0,
              "cloc_min": 0.0,
              "cloc_max": 0.0,
              "ploc_min": 3.0,
              "ploc_max": 3.0,
              "lloc_min": 1.0,
              "lloc_max": 1.0,
              "blank_min": 0.0,
              "blank_max": 0.0
            },
            "nom": {
              "functions": 1.0,
              "closures": 0.0,
              "functions_average": 1.0,
              "closures_average": 0.0,
              "total": 1.0,
              "average": 1.0,
              "functions_min": 1.0,
              "functions_max": 1.0,
              "closures_min": 0.0,
              "closures_max": 0.0
            },
            "mi": {
              "mi_original": 126.53559054845994,
              "mi_sei": 106.95323684761127,
              "mi_visual_studio": 73.99742137336838
            },
            "abc": {
              "assignments": 0.0,
              "branches": 0.0,
              "conditions": 0.0,
              "magnitude": 0.0,
              "assignments_average": 0.0,
              "branches_average": 0.0,
              "conditions_average": 0.0,
              "assignments_min": 0.0,
              "assignments_max": 0.0,
              "branches_min": 0.0,
              "branches_max": 0.0,
              "conditions_min": 0.0,
              "conditions_max": 0.0
            }
          }
        }
      ],
      "metrics": {
        "nargs": {
          "total_functions": 12.0,
          "total_closures": 0.0,
          "average_functions": 2.0,
          "average_closures": 0.0,
          "total": 12.0,
          "average": 2.0,
          "functions_min": 0.0,
          "functions_max": 3.0,
          "closures_min": 0.0,
          "closures_max": 0.0
        },
        "nexits": {
          "sum": 6.0,
          "average": 1.0,
          "min": 0.0,
          "max": 3.0
        },
        "cognitive": {
          "sum": 8.0,
          "average": 1.3333333333333333,
          "min": 0.0,
          "max": 7.0
        },
        "cyclomatic": {
          "sum": 14.0,
          "average": 1.5555555555555556,
          "min": 1.0,
          "max": 5.0
        },
        "halstead": {
          "n1": 22.0,
          "N1": 325.0,
          "n2": 37.0,
          "N2": 191.0,
          "length": 516.0,
          "estimated_program_length": 290.8572701382917,
          "purity_ratio": 0.5636768801129685,
          "vocabulary": 59.0,
          "volume": 3035.44381347071,
          "difficulty": 56.78378378378378,
          "level": 0.017610661589719183,
          "effort": 172363.98519194493,
          "time": 9575.776955108051,
          "bugs": 1.0323883532314517
        },
        "loc": {
          "sloc": 68.0,
          "ploc": 47.0,
          "lloc": 24.0,
          "cloc": 10.0,
          "blank": 12.0,
          "sloc_average": 7.555555555555555,
          "ploc_average": 5.222222222222222,
          "lloc_average": 2.6666666666666665,
          "cloc_average": 1.1111111111111112,
          "blank_average": 1.3333333333333333,
          "sloc_min": 3.0,
          "sloc_max": 38.0,
          "cloc_min": 0.0,
          "cloc_max": 9.0,
          "ploc_min": 3.0,
          "ploc_max": 25.0,
          "lloc_min": 1.0,
          "lloc_max": 14.0,
          "blank_min": 0.0,
          "blank_max": 4.0
        },
        "nom": {
          "functions": 6.0,
          "closures": 0.0,
          "functions_average": 0.6666666666666666,
          "closures_average": 0.0,
          "total": 6.0,
          "average": 0.6666666666666666,
          "functions_min": 0.0,
          "functions_max": 1.0,
          "closures_min": 0.0,
          "closures_max": 0.0
        },
        "mi": {
          "mi_original": 57.729787968285095,
          "mi_sei": 36.9987891415673,
          "mi_visual_studio": 33.76010992297374
        },
        "abc": {
          "assignments": 0.0,
          "branches": 0.0,
          "conditions": 0.0,
          "magnitude": 0.0,
          "assignments_average": 0.0,
          "branches_average": 0.0,
          "conditions_average": 0.0,
          "assignments_min": 0.0,
          "assignments_max": 0.0,
          "branches_min": 0.0,
          "branches_max": 0.0,
          "conditions_min": 0.0,
          "conditions_max": 0.0
        }
      }
    }
  ],
  "metrics": {
    "nargs": {
      "total_functions": 12.0,
      "total_closures": 0.0,
      "average_functions": 2.0,
      "average_closures": 0.0,
      "total": 12.0,
      "average": 2.0,
      "functions_min": 0.0,
      "functions_max": 3.0,
      "closures_min": 0.0,
      "closures_max": 0.0
    },
    "nexits": {
      "sum": 6.0,
      "average": 1.0,
      "min": 0.0,
      "max": 3.0
    },
    "cognitive": {
      "sum": 8.0,
      "average": 1.3333333333333333,
      "min": 0.0,
      "max": 7.0
    },
    "cyclomatic": {
      "sum": 15.0,
      "average": 1.5,
      "min": 1.0,
      "max": 5.0
    },
    "halstead": {
      "n1": 22.0,
      "N1": 325.0,
      "n2": 38.0,
      "N2": 193.0,
      "length": 518.0,
      "estimated_program_length": 297.52874112087676,
      "purity_ratio": 0.5743798091136617,
      "vocabulary": 60.0,
      "volume": 3059.7693285252126,
      "difficulty": 55.86842105263158,
      "level": 0.017899199246349504,
      "effort": 170944.48116997437,
      "time": 9496.915620554131,
      "bugs": 1.026712386722487
    },
    "loc": {
      "sloc": 80.0,
      "ploc": 55.0,
      "lloc": 24.0,
      "cloc": 12.0,
      "blank": 16.0,
      "sloc_average": 8.0,
      "ploc_average": 5.5,
      "lloc_average": 2.4,
      "cloc_average": 1.2,
      "blank_average": 1.6,
      "sloc_min": 68.0,
      "sloc_max": 68.0,
      "cloc_min": 10.0,
      "cloc_max": 10.0,
      "ploc_min": 47.0,
      "ploc_max": 47.0,
      "lloc_min": 24.0,
      "lloc_max": 24.0,
      "blank_min": 12.0,
      "blank_max": 12.0
    },
    "nom": {
      "functions": 6.0,
      "closures": 0.0,
      "functions_average": 0.6,
      "closures_average": 0.0,
      "total": 6.0,
      "average": 0.6,
      "functions_min": 0.0,
      "functions_max": 1.0,
      "closures_min": 0.0,
      "closures_max": 0.0
    },
    "mi": {
      "mi_original": 54.825475510078604,
      "mi_sei": 33.15501120157565,
      "mi_visual_studio": 32.06168158484129
    },
    "abc": {
      "assignments": 0.0,
      "branches": 0.0,
      "conditions": 0.0,
      "magnitude": 0.0,
      "assignments_average": 0.0,
      "branches_average": 0.0,
      "conditions_average": 0.0,
      "assignments_min": 0.0,
      "assignments_max": 0.0,
      "branches_min": 0.0,
      "branches_max": 0.0,
      "conditions_min": 0.0,
      "conditions_max": 0.0
    }
  }
}
