---
source: tests/common/mod.rs
expression: funcspace_struct
---
{
  "name": null,
  "start_line": 1,
  "end_line": 63,
  "kind": "unit",
  "spaces": [
    {
      "name": "util",
      "start_line": 6,
      "end_line": 63,
      "kind": "namespace",
      "spaces": [
        {
          "name": null,
          "start_line": 7,
          "end_line": 62,
          "kind": "namespace",
          "spaces": [
            {
              "name": "BOOST_AUTO_TEST_CASE",
              "start_line": 9,
              "end_line": 14,
              "kind": "function",
              "spaces": [],
              "metrics": {
                "nargs": {
                  "total_functions": 1.0,
                  "total_closures": 0.0,
                  "average_functions": 1.0,
                  "average_closures": 0.0,
                  "total": 1.0,
                  "average": 1.0,
                  "functions_min": 1.0,
                  "functions_max": 1.0,
                  "closures_min": 0.0,
                  "closures_max": 0.0
                },
                "nexits": {
                  "sum": 0.0,
                  "average": 0.0,
                  "min": 0.0,
                  "max": 0.0
                },
                "cognitive": {
                  "sum": 0.0,
                  "average": 0.0,
                  "min": 0.0,
                  "max": 0.0
                },
                "cyclomatic": {
                  "sum": 1.0,
                  "average": 1.0,
                  "min": 1.0,
                  "max": 1.0
                },
                "halstead": {
                  "n1": 11.0,
                  "N1": 35.0,
                  "n2": 10.0,
                  "N2": 15.0,
                  "length": 50.0,
                  "estimated_program_length": 71.27302875388389,
                  "purity_ratio": 1.4254605750776779,
                  "vocabulary": 21.0,
                  "volume": 219.61587113893805,
                  "difficulty": 8.25,
                  "level": 0.12121212121212122,
                  "effort": 1811.8309368962389,
                  "time": 100.65727427201327,
                  "bugs": 0.049540135780157875
                },
                "loc": {
                  "sloc": 6.0,
                  "ploc": 5.0,
                  "lloc": 3.0,
                  "cloc": 0.0,
                  "blank": 1.0,
                  "sloc_average": 6.0,
                  "ploc_average": 5.0,
                  "lloc_average": 3.0,
                  "cloc_average": 0.0,
                  "blank_average": 1.0,
                  "sloc_min": 6.0,
                  "sloc_max": 6.0,
                  "cloc_min": 0.0,
                  "cloc_max": 0.0,
                  "ploc_min": 5.0,
                  "ploc_max": 5.0,
                  "lloc_min": 3.0,
                  "lloc_max": 3.0,
                  "blank_min": 1.0,
                  "blank_max": 1.0
                },
                "nom": {
                  "functions": 1.0,
                  "closures": 0.0,
                  "functions_average": 1.0,
                  "closures_average": 0.0,
                  "total": 1.0,
                  "average": 1.0,
                  "functions_min": 1.0,
                  "functions_max": 1.0,
                  "closures_min": 0.0,
                  "closures_max": 0.0
                },
                "mi": {
                  "mi_original": 113.70572070266257,
                  "mi_sei": 88.44364724582857,
                  "mi_visual_studio": 66.49457351032899
                },
                "abc": {
                  "assignments": 0.0,
                  "branches": 0.0,
                  "conditions": 0.0,
                  "magnitude": 0.0,
                  "assignments_average": 0.0,
                  "branches_average": 0.0,
                  "conditions_average": 0.0,
                  "assignments_min": 0.0,
                  "assignments_max": 0.0,
                  "branches_min": 0.0,
                  "branches_max": 0.0,
                  "conditions_min": 0.0,
                  "conditions_max": 0.0
                }
              }
            },
            {
              "name": "BOOST_AUTO_TEST_CASE",
              "start_line": 16,
              "end_line": 28,
              "kind": "function",
              "spaces": [],
              "metrics": {
                "nargs": {
                  "total_functions": 1.0,
                  "total_closures": 0.0,
                  "average_functions": 1.0,
                  "average_closures": 0.0,
                  "total": 1.0,
                  "average": 1.0,
                  "functions_min": 1.0,
                  "functions_max": 1.0,
                  "closures_min": 0.0,
                  "closures_max": 0.0
                },
                "nexits": {
                  "sum": 0.0,
                  "average": 0.0,
                  "min": 0.0,
                  "max": 0.0
                },
                "cognitive": {
                  "sum": 0.0,
                  "average": 0.0,
                  "min": 0.0,
                  "max": 0.0
                },
                "cyclomatic": {
                  "sum": 1.0,
                  "average": 1.0,
                  "min": 1.0,
                  "max": 1.0
                },
                "halstead": {
                  "n1": 10.0,
                  "N1": 48.0,
                  "n2": 17.0,
                  "N2": 31.0,
                  "length": 79.0,
                  "estimated_program_length": 102.70614925012939,
                  "purity_ratio": 1.3000778386092326,
                  "vocabulary": 27.0,
                  "volume": 375.636112670914,
                  "difficulty": 9.117647058823529,
                  "level": 0.10967741935483871,
                  "effort": 3424.9174978818623,
                  "time": 190.27319432677012,
                  "bugs": 0.07573770740933122
                },
                "loc": {
                  "sloc": 13.0,
                  "ploc": 11.0,
                  "lloc": 9.0,
                  "cloc": 0.0,
                  "blank": 2.0,
                  "sloc_average": 13.0,
                  "ploc_average": 11.0,
                  "lloc_average": 9.0,
                  "cloc_average": 0.0,
                  "blank_average": 2.0,
                  "sloc_min": 13.0,
                  "sloc_max": 13.0,
                  "cloc_min": 0.0,
                  "cloc_max": 0.0,
                  "ploc_min": 11.0,
                  "ploc_max": 11.0,
                  "lloc_min": 9.0,
                  "lloc_max": 9.0,
                  "blank_min": 2.0,
                  "blank_max": 2.0
                },
                "nom": {
                  "functions": 1.0,
                  "closures": 0.0,
                  "functions_average": 1.0,
                  "closures_average": 0.0,
                  "total": 1.0,
                  "average": 1.0,
                  "functions_min": 1.0,
                  "functions_max": 1.0,
                  "closures_min": 0.0,
                  "closures_max": 0.0
                },
                "mi": {
                  "mi_original": 98.38899178458894,
                  "mi_sei": 66.34627839308314,
                  "mi_visual_studio": 57.53742209625084
                },
                "abc": {
                  "assignments": 0.0,
                  "branches": 0.0,
                  "conditions": 0.0,
                  "magnitude": 0.0,
                  "assignments_average": 0.0,
                  "branches_average": 0.0,
                  "conditions_average": 0.0,
                  "assignments_min": 0.0,
                  "assignments_max": 0.0,
                  "branches_min": 0.0,
                  "branches_max": 0.0,
                  "conditions_min": 0.0,
                  "conditions_max": 0.0
                }
              }
            },
            {
              "name": "RangeFromArray",
              "start_line": 30,
              "end_line": 32,
              "kind": "function",
              "spaces": [],
              "metrics": {
                "nargs": {
                  "total_functions": 1.0,
                  "total_closures": 0.0,
                  "average_functions": 1.0,
                  "average_closures": 0.0,
                  "total": 1.0,
                  "average": 1.0,
                  "functions_min": 1.0,
                  "functions_max": 1.0,
                  "closures_min": 0.0,
                  "closures_max": 0.0
                },
                "nexits": {
                  "sum": 1.0,
                  "average": 1.0,
                  "min": 1.0,
                  "max": 1.0
                },
                "cognitive": {
                  "sum": 0.0,
                  "average": 0.0,
                  "min": 0.0,
                  "max": 0.0
                },
                "cyclomatic": {
                  "sum": 1.0,
                  "average": 1.0,
                  "min": 1.0,
                  "max": 1.0
                },
                "halstead": {
                  "n1": 12.0,
                  "N1": 18.0,
                  "n2": 5.0,
                  "N2": 11.0,
                  "length": 29.0,
                  "estimated_program_length": 54.62919048309068,
                  "purity_ratio": 1.8837651890720926,
                  "vocabulary": 17.0,
                  "volume": 118.53642239625984,
                  "difficulty": 13.2,
                  "level": 0.07575757575757576,
                  "effort": 1564.6807756306298,
                  "time": 86.92670975725721,
                  "bugs": 0.04492580934400318
                },
                "loc": {
                  "sloc": 3.0,
                  "ploc": 3.0,
                  "lloc": 1.0,
                  "cloc": 0.0,
                  "blank": 0.0,
                  "sloc_average": 3.0,
                  "ploc_average": 3.0,
                  "lloc_average": 1.0,
                  "cloc_average": 0.0,
                  "blank_average": 0.0,
                  "sloc_min": 3.0,
                  "sloc_max": 3.0,
                  "cloc_min": 0.0,
                  "cloc_max": 0.0,
                  "ploc_min": 3.0,
                  "ploc_max": 3.0,
                  "lloc_min": 1.0,
                  "lloc_max": 1.0,
                  "blank_min": 0.0,
                  "blank_max": 0.0
                },
                "nom": {
                  "functions": 1.0,
                  "closures": 0.0,
                  "functions_average": 1.0,
                  "closures_average": 0.0,
                  "total": 1.0,
                  "average": 1.0,
                  "functions_min": 1.0,
                  "functions_max": 1.0,
                  "closures_min": 0.0,
                  "closures_max": 0.0
                },
                "mi": {
                  "mi_original": 128.14133549179346,
                  "mi_sei": 109.26983711429105,
                  "mi_visual_studio": 74.93645350397279
                },
                "abc": {
                  "assignments": 0.0,
                  "branches": 0.0,
                  "conditions": 0.0,
                  "magnitude": 0.0,
                  "assignments_average": 0.0,
                  "branches_average": 0.0,
                  "conditions_average": 0.0,
                  "assignments_min": 0.0,
                  "assignments_max": 0.0,
                  "branches_min": 0.0,
                  "branches_max": 0.0,
                  "conditions_min": 0.0,
                  "conditions_max": 0.0
                }
              }
            },
            {
              "name": "BOOST_AUTO_TEST_CASE",
              "start_line": 34,
              "end_line": 45,
              "kind": "function",
              "spaces": [],
              "metrics": {
                "nargs": {
                  "total_functions": 1.0,
                  "total_closures": 0.0,
                  "average_functions": 1.0,
                  "average_closures": 0.0,
                  "total": 1.0,
                  "average": 1.0,
                  "functions_min": 1.0,
                  "functions_max": 1.0,
                  "closures_min": 0.0,
                  "closures_max": 0.0
                },
                "nexits": {
                  "sum": 0.0,
                  "average": 0.0,
                  "min": 0.0,
                  "max": 0.0
                },
                "cognitive": {
                  "sum": 0.0,
                  "average": 0.0,
                  "min": 0.0,
                  "max": 0.0
                },
                "cyclomatic": {
                  "sum": 1.0,
                  "average": 1.0,
                  "min": 1.0,
                  "max": 1.0
                },
                "halstead": {
                  "n1": 13.0,
                  "N1": 48.0,
                  "n2": 20.0,
                  "N2": 32.0,
                  "length": 80.0,
                  "estimated_program_length": 134.54427823358145,
                  "purity_ratio": 1.6818034779197681,
                  "vocabulary": 33.0,
                  "volume": 403.5515295486763,
                  "difficulty": 10.4,
                  "level": 0.09615384615384615,
                  "effort": 4196.935907306233,
                  "time": 233.1631059614574,
                  "bugs": 0.08672952542035758
                },
                "loc": {
                  "sloc": 12.0,
                  "ploc": 10.0,
                  "lloc": 8.0,
                  "cloc": 0.0,
                  "blank": 2.0,
                  "sloc_average": 12.0,
                  "ploc_average": 10.0,
                  "lloc_average": 8.0,
                  "cloc_average": 0.0,
                  "blank_average": 2.0,
                  "sloc_min": 12.0,
                  "sloc_max": 12.0,
                  "cloc_min": 0.0,
                  "cloc_max": 0.0,
                  "ploc_min": 10.0,
                  "ploc_max": 10.0,
                  "lloc_min": 8.0,
                  "lloc_max": 8.0,
                  "blank_min": 2.0,
                  "blank_max": 2.0
                },
                "nom": {
                  "functions": 1.0,
                  "closures": 0.0,
                  "functions_average": 1.0,
                  "closures_average": 0.0,
                  "total": 1.0,
                  "average": 1.0,
                  "functions_min": 1.0,
                  "functions_max": 1.0,
                  "closures_min": 0.0,
                  "closures_max": 0.0
                },
                "mi": {
                  "mi_original": 99.31293050625226,
                  "mi_sei": 67.67924020491208,
                  "mi_visual_studio": 58.07773713815921
                },
                "abc": {
                  "assignments": 0.0,
                  "branches": 0.0,
                  "conditions": 0.0,
                  "magnitude": 0.0,
                  "assignments_average": 0.0,
                  "branches_average": 0.0,
                  "conditions_average": 0.0,
                  "assignments_min": 0.0,
                  "assignments_max": 0.0,
                  "branches_min": 0.0,
                  "branches_max": 0.0,
                  "conditions_min": 0.0,
                  "conditions_max": 0.0
                }
              }
            },
            {
              "name": "BOOST_AUTO_TEST_CASE",
              "start_line": 47,
              "end_line": 60,
              "kind": "function",
              "spaces": [],
              "metrics": {
                "nargs": {
                  "total_functions": 1.0,
                  "total_closures": 0.0,
                  "average_functions": 1.0,
                  "average_closures": 0.0,
                  "total": 1.0,
                  "average": 1.0,
                  "functions_min": 1.0,
                  "functions_max": 1.0,
                  "closures_min": 0.0,
                  "closures_max": 0.0
                },
                "nexits": {
                  "sum": 0.0,
                  "average": 0.0,
                  "min": 0.0,
                  "max": 0.0
                },
                "cognitive": {
                  "sum": 0.0,
                  "average": 0.0,
                  "min": 0.0,
                  "max": 0.0
                },
                "cyclomatic": {
                  "sum": 1.0,
                  "average": 1.0,
                  "min": 1.0,
                  "max": 1.0
                },
                "halstead": {
                  "n1": 12.0,
                  "N1": 63.0,
                  "n2": 24.0,
                  "N2": 41.0,
                  "length": 104.0,
                  "estimated_program_length": 153.0586500259616,
                  "purity_ratio": 1.4717177887111694,
                  "vocabulary": 36.0,
                  "volume": 537.6722001500004,
                  "difficulty": 10.25,
                  "level": 0.0975609756097561,
                  "effort": 5511.140051537504,
                  "time": 306.1744473076391,
                  "bugs": 0.10400152568674205
                },
                "loc": {
                  "sloc": 14.0,
                  "ploc": 12.0,
                  "lloc": 10.0,
                  "cloc": 0.0,
                  "blank": 2.0,
                  "sloc_average": 14.0,
                  "ploc_average": 12.0,
                  "lloc_average": 10.0,
                  "cloc_average": 0.0,
                  "blank_average": 2.0,
                  "sloc_min": 14.0,
                  "sloc_max": 14.0,
                  "cloc_min": 0.0,
                  "cloc_max": 0.0,
                  "ploc_min": 12.0,
                  "ploc_max": 12.0,
                  "lloc_min": 10.0,
                  "lloc_max": 10.0,
                  "blank_min": 2.0,
                  "blank_max": 2.0
                },
                "nom": {
                  "functions": 1.0,
                  "closures": 0.0,
                  "functions_average": 1.0,
                  "closures_average": 0.0,
                  "total": 1.0,
                  "average": 1.0,
                  "functions_min": 1.0,
                  "functions_max": 1.0,
                  "closures_min": 0.0,
                  "closures_max": 0.0
                },
                "mi": {
                  "mi_original": 95.3235760386915,
                  "mi_sei": 61.923818298213924,
                  "mi_visual_studio": 55.74478130917632
                },
                "abc": {
                  "assignments": 0.0,
                  "branches": 0.0,
                  "conditions": 0.0,
                  "magnitude": 0.0,
                  "assignments_average": 0.0,
                  "branches_average": 0.0,
                  "conditions_average": 0.0,
                  "assignments_min": 0.0,
                  "assignments_max": 0.0,
                  "branches_min": 0.0,
                  "branches_max": 0.0,
                  "conditions_min": 0.0,
                  "conditions_max": 0.0
                }
              }
            }
          ],
          "metrics": {
            "nargs": {
              "total_functions": 5.0,
              "total_closures": 0.0,
              "average_functions": 1.0,
              "average_closures": 0.0,
              "total": 5.0,
              "average": 1.0,
              "functions_min": 0.0,
              "functions_max": 1.0,
              "closures_min": 0.0,
              "closures_max": 0.0
            },
            "nexits": {
              "sum": 1.0,
              "average": 0.2,
              "min": 0.0,
              "max": 1.0
            },
            "cognitive": {
              "sum": 0.0,
              "average": 0.0,
              "min": 0.0,
              "max": 0.0
            },
            "cyclomatic": {
              "sum": 6.0,
              "average": 1.0,
              "min": 1.0,
              "max": 1.0
            },
            "halstead": {
              "n1": 16.0,
              "N1": 217.0,
              "n2": 35.0,
              "N2": 132.0,
              "length": 349.0,
              "estimated_program_length": 243.5249055930738,
              "purity_ratio": 0.6977790991205554,
              "vocabulary": 51.0,
              "volume": 1979.6764443480517,
              "difficulty": 30.17142857142857,
              "level": 0.03314393939393939,
              "effort": 59729.66643518693,
              "time": 3318.31480195483,
              "bugs": 0.5093372880086299
            },
            "loc": {
              "sloc": 56.0,
              "ploc": 43.0,
              "lloc": 31.0,
              "cloc": 0.0,
              "blank": 13.0,
              "sloc_average": 9.333333333333334,
              "ploc_average": 7.166666666666667,
              "lloc_average": 5.166666666666667,
              "cloc_average": 0.0,
              "blank_average": 2.1666666666666665,
              "sloc_min": 3.0,
              "sloc_max": 14.0,
              "cloc_min": 0.0,
              "cloc_max": 0.0,
              "ploc_min": 3.0,
              "ploc_max": 12.0,
              "lloc_min": 1.0,
              "lloc_max": 10.0,
              "blank_min": 0.0,
              "blank_max": 2.0
            },
            "nom": {
              "functions": 5.0,
              "closures": 0.0,
              "functions_average": 0.8333333333333334,
              "closures_average": 0.0,
              "total": 5.0,
              "average": 0.8333333333333334,
              "functions_min": 0.0,
              "functions_max": 1.0,
              "closures_min": 0.0,
              "closures_max": 0.0
            },
            "mi": {
              "mi_original": 64.93772137846275,
              "mi_sei": 18.59539576375147,
              "mi_visual_studio": 37.97527565991974
            },
            "abc": {
              "assignments": 0.0,
              "branches": 0.0,
              "conditions": 0.0,
              "magnitude": 0.0,
              "assignments_average": 0.0,
              "branches_average": 0.0,
              "conditions_average": 0.0,
              "assignments_min": 0.0,
              "assignments_max": 0.0,
              "branches_min": 0.0,
              "branches_max": 0.0,
              "conditions_min": 0.0,
              "conditions_max": 0.0
            }
          }
        }
      ],
      "metrics": {
        "nargs": {
          "total_functions": 5.0,
          "total_closures": 0.0,
          "average_functions": 1.0,
          "average_closures": 0.0,
          "total": 5.0,
          "average": 1.0,
          "functions_min": 0.0,
          "functions_max": 1.0,
          "closures_min": 0.0,
          "closures_max": 0.0
        },
        "nexits": {
          "sum": 1.0,
          "average": 0.2,
          "min": 0.0,
          "max": 1.0
        },
        "cognitive": {
          "sum": 0.0,
          "average": 0.0,
          "min": 0.0,
          "max": 0.0
        },
        "cyclomatic": {
          "sum": 7.0,
          "average": 1.0,
          "min": 1.0,
          "max": 1.0
        },
        "halstead": {
          "n1": 16.0,
          "N1": 218.0,
          "n2": 36.0,
          "N2": 133.0,
          "length": 351.0,
          "estimated_program_length": 250.11730005192322,
          "purity_ratio": 0.7125849004328297,
          "vocabulary": 52.0,
          "volume": 2000.8543410675231,
          "difficulty": 29.555555555555557,
          "level": 0.03383458646616541,
          "effort": 59136.36163599569,
          "time": 3285.3534242219826,
          "bugs": 0.5059587908038593
        },
        "loc": {
          "sloc": 58.0,
          "ploc": 45.0,
          "lloc": 31.0,
          "cloc": 1.0,
          "blank": 13.0,
          "sloc_average": 8.285714285714286,
          "ploc_average": 6.428571428571429,
          "lloc_average": 4.428571428571429,
          "cloc_average": 0.14285714285714285,
          "blank_average": 1.8571428571428572,
          "sloc_min": 56.0,
          "sloc_max": 56.0,
          "cloc_min": 0.0,
          "cloc_max": 0.0,
          "ploc_min": 43.0,
          "ploc_max": 43.0,
          "lloc_min": 31.0,
          "lloc_max": 31.0,
          "blank_min": 13.0,
          "blank_max": 13.0
        },
        "nom": {
          "functions": 5.0,
          "closures": 0.0,
          "functions_average": 0.7142857142857143,
          "closures_average": 0.0,
          "total": 5.0,
          "average": 0.7142857142857143,
          "functions_min": 0.0,
          "functions_max": 1.0,
          "closures_min": 0.0,
          "closures_max": 0.0
        },
        "mi": {
          "mi_original": 64.08390962705266,
          "mi_sei": 27.566378681134303,
          "mi_visual_studio": 37.47597054213606
        },
        "abc": {
          "assignments": 0.0,
          "branches": 0.0,
          "conditions": 0.0,
          "magnitude": 0.0,
          "assignments_average": 0.0,
          "branches_average": 0.0,
          "conditions_average": 0.0,
          "assignments_min": 0.0,
          "assignments_max": 0.0,
          "branches_min": 0.0,
          "branches_max": 0.0,
          "conditions_min": 0.0,
          "conditions_max": 0.0
        }
      }
    }
  ],
  "metrics": {
    "nargs": {
      "total_functions": 5.0,
      "total_closures": 0.0,
      "average_functions": 1.0,
      "average_closures": 0.0,
      "total": 5.0,
      "average": 1.0,
      "functions_min": 0.0,
      "functions_max": 1.0,
      "closures_min": 0.0,
      "closures_max": 0.0
    },
    "nexits": {
      "sum": 1.0,
      "average": 0.2,
      "min": 0.0,
      "max": 1.0
    },
    "cognitive": {
      "sum": 0.0,
      "average": 0.0,
      "min": 0.0,
      "max": 0.0
    },
    "cyclomatic": {
      "sum": 8.0,
      "average": 1.0,
      "min": 1.0,
      "max": 1.0
    },
    "halstead": {
      "n1": 16.0,
      "N1": 218.0,
      "n2": 38.0,
      "N2": 135.0,
      "length": 353.0,
      "estimated_program_length": 263.42124551085624,
      "purity_ratio": 0.7462358229769298,
      "vocabulary": 54.0,
      "volume": 2031.4752882637042,
      "difficulty": 28.42105263157895,
      "level": 0.03518518518518518,
      "effort": 57736.666087494756,
      "time": 3207.5925604163754,
      "bugs": 0.49794328532108506
    },
    "loc": {
      "sloc": 63.0,
      "ploc": 48.0,
      "lloc": 31.0,
      "cloc": 2.0,
      "blank": 15.0,
      "sloc_average": 7.875,
      "ploc_average": 6.0,
      "lloc_average": 3.875,
      "cloc_average": 0.25,
      "blank_average": 1.875,
      "sloc_min": 58.0,
      "sloc_max": 58.0,
      "cloc_min": 1.0,
      "cloc_max": 1.0,
      "ploc_min": 45.0,
      "ploc_max": 45.0,
      "lloc_min": 31.0,
      "lloc_max": 31.0,
      "blank_min": 13.0,
      "blank_max": 13.0
    },
    "nom": {
      "functions": 5.0,
      "closures": 0.0,
      "functions_average": 0.625,
      "closures_average": 0.0,
      "total": 5.0,
      "average": 0.625,
      "functions_min": 0.0,
      "functions_max": 1.0,
      "closures_min": 0.0,
      "closures_max": 0.0
    },
    "mi": {
      "mi_original": 62.4353261668772,
      "mi_sei": 28.815565189351226,
      "mi_visual_studio": 36.51188664729661
    },
    "abc": {
      "assignments": 0.0,
      "branches": 0.0,
      "conditions": 0.0,
      "magnitude": 0.0,
      "assignments_average": 0.0,
      "branches_average": 0.0,
      "conditions_average": 0.0,
      "assignments_min": 0.0,
      "assignments_max": 0.0,
      "branches_min": 0.0,
      "branches_max": 0.0,
      "conditions_min": 0.0,
      "conditions_max": 0.0
    }
  }
}
