---
source: tests/common/mod.rs
expression: funcspace_struct
---
{
  "name": null,
  "start_line": 1,
  "end_line": 92,
  "kind": "unit",
  "spaces": [
    {
      "name": "util",
      "start_line": 10,
      "end_line": 90,
      "kind": "namespace",
      "spaces": [
        {
          "name": "CompressedException",
          "start_line": 12,
          "end_line": 16,
          "kind": "class",
          "spaces": [],
          "metrics": {
            "nargs": {
              "total_functions": 0.0,
              "total_closures": 0.0,
              "average_functions": 0.0,
              "average_closures": 0.0,
              "total": 0.0,
              "average": 0.0,
              "functions_min": 0.0,
              "functions_max": 0.0,
              "closures_min": 0.0,
              "closures_max": 0.0
            },
            "nexits": {
              "sum": 0.0,
              "average": null,
              "min": 0.0,
              "max": 0.0
            },
            "cognitive": {
              "sum": 0.0,
              "average": null,
              "min": 0.0,
              "max": 0.0
            },
            "cyclomatic": {
              "sum": 1.0,
              "average": 1.0,
              "min": 1.0,
              "max": 1.0
            },
            "halstead": {
              "n1": 6.0,
              "N1": 12.0,
              "n2": 2.0,
              "N2": 4.0,
              "length": 16.0,
              "estimated_program_length": 17.509775004326936,
              "purity_ratio": 1.0943609377704335,
              "vocabulary": 8.0,
              "volume": 48.0,
              "difficulty": 6.0,
              "level": 0.16666666666666666,
              "effort": 288.0,
              "time": 16.0,
              "bugs": 0.014536964742657114
            },
            "loc": {
              "sloc": 5.0,
              "ploc": 5.0,
              "lloc": 2.0,
              "cloc": 0.0,
              "blank": 0.0,
              "sloc_average": 5.0,
              "ploc_average": 5.0,
              "lloc_average": 2.0,
              "cloc_average": 0.0,
              "blank_average": 0.0,
              "sloc_min": 5.0,
              "sloc_max": 5.0,
              "cloc_min": 0.0,
              "cloc_max": 0.0,
              "ploc_min": 5.0,
              "ploc_max": 5.0,
              "lloc_min": 2.0,
              "lloc_max": 2.0,
              "blank_min": 0.0,
              "blank_max": 0.0
            },
            "nom": {
              "functions": 0.0,
              "closures": 0.0,
              "functions_average": 0.0,
              "closures_average": 0.0,
              "total": 0.0,
              "average": 0.0,
              "functions_min": 0.0,
              "functions_max": 0.0,
              "closures_min": 0.0,
              "closures_max": 0.0
            },
            "mi": {
              "mi_original": 124.56686056184657,
              "mi_sei": 104.11295985907472,
              "mi_visual_studio": 72.84611728762957
            },
            "abc": {
              "assignments": 0.0,
              "branches": 0.0,
              "conditions": 0.0,
              "magnitude": 0.0,
              "assignments_average": 0.0,
              "branches_average": 0.0,
              "conditions_average": 0.0,
              "assignments_min": 0.0,
              "assignments_max": 0.0,
              "branches_min": 0.0,
              "branches_max": 0.0,
              "conditions_min": 0.0,
              "conditions_max": 0.0
            }
          }
        },
        {
          "name": "GZException",
          "start_line": 18,
          "end_line": 22,
          "kind": "class",
          "spaces": [],
          "metrics": {
            "nargs": {
              "total_functions": 0.0,
              "total_closures": 0.0,
              "average_functions": 0.0,
              "average_closures": 0.0,
              "total": 0.0,
              "average": 0.0,
              "functions_min": 0.0,
              "functions_max": 0.0,
              "closures_min": 0.0,
              "closures_max": 0.0
            },
            "nexits": {
              "sum": 0.0,
              "average": null,
              "min": 0.0,
              "max": 0.0
            },
            "cognitive": {
              "sum": 0.0,
              "average": null,
              "min": 0.0,
              "max": 0.0
            },
            "cyclomatic": {
              "sum": 1.0,
              "average": 1.0,
              "min": 1.0,
              "max": 1.0
            },
            "halstead": {
              "n1": 6.0,
              "N1": 12.0,
              "n2": 2.0,
              "N2": 4.0,
              "length": 16.0,
              "estimated_program_length": 17.509775004326936,
              "purity_ratio": 1.0943609377704335,
              "vocabulary": 8.0,
              "volume": 48.0,
              "difficulty": 6.0,
              "level": 0.16666666666666666,
              "effort": 288.0,
              "time": 16.0,
              "bugs": 0.014536964742657114
            },
            "loc": {
              "sloc": 5.0,
              "ploc": 5.0,
              "lloc": 2.0,
              "cloc": 0.0,
              "blank": 0.0,
              "sloc_average": 5.0,
              "ploc_average": 5.0,
              "lloc_average": 2.0,
              "cloc_average": 0.0,
              "blank_average": 0.0,
              "sloc_min": 5.0,
              "sloc_max": 5.0,
              "cloc_min": 0.0,
              "cloc_max": 0.0,
              "ploc_min": 5.0,
              "ploc_max": 5.0,
              "lloc_min": 2.0,
              "lloc_max": 2.0,
              "blank_min": 0.0,
              "blank_max": 0.0
            },
            "nom": {
              "functions": 0.0,
              "closures": 0.0,
              "functions_average": 0.0,
              "closures_average": 0.0,
              "total": 0.0,
              "average": 0.0,
              "functions_min": 0.0,
              "functions_max": 0.0,
              "closures_min": 0.0,
              "closures_max": 0.0
            },
            "mi": {
              "mi_original": 124.56686056184657,
              "mi_sei": 104.11295985907472,
              "mi_visual_studio": 72.84611728762957
            },
            "abc": {
              "assignments": 0.0,
              "branches": 0.0,
              "conditions": 0.0,
              "magnitude": 0.0,
              "assignments_average": 0.0,
              "branches_average": 0.0,
              "conditions_average": 0.0,
              "assignments_min": 0.0,
              "assignments_max": 0.0,
              "branches_min": 0.0,
              "branches_max": 0.0,
              "conditions_min": 0.0,
              "conditions_max": 0.0
            }
          }
        },
        {
          "name": "BZException",
          "start_line": 24,
          "end_line": 28,
          "kind": "class",
          "spaces": [],
          "metrics": {
            "nargs": {
              "total_functions": 0.0,
              "total_closures": 0.0,
              "average_functions": 0.0,
              "average_closures": 0.0,
              "total": 0.0,
              "average": 0.0,
              "functions_min": 0.0,
              "functions_max": 0.0,
              "closures_min": 0.0,
              "closures_max": 0.0
            },
            "nexits": {
              "sum": 0.0,
              "average": null,
              "min": 0.0,
              "max": 0.0
            },
            "cognitive": {
              "sum": 0.0,
              "average": null,
              "min": 0.0,
              "max": 0.0
            },
            "cyclomatic": {
              "sum": 1.0,
              "average": 1.0,
              "min": 1.0,
              "max": 1.0
            },
            "halstead": {
              "n1": 6.0,
              "N1": 12.0,
              "n2": 2.0,
              "N2": 4.0,
              "length": 16.0,
              "estimated_program_length": 17.509775004326936,
              "purity_ratio": 1.0943609377704335,
              "vocabulary": 8.0,
              "volume": 48.0,
              "difficulty": 6.0,
              "level": 0.16666666666666666,
              "effort": 288.0,
              "time": 16.0,
              "bugs": 0.014536964742657114
            },
            "loc": {
              "sloc": 5.0,
              "ploc": 5.0,
              "lloc": 2.0,
              "cloc": 0.0,
              "blank": 0.0,
              "sloc_average": 5.0,
              "ploc_average": 5.0,
              "lloc_average": 2.0,
              "cloc_average": 0.0,
              "blank_average": 0.0,
              "sloc_min": 5.0,
              "sloc_max": 5.0,
              "cloc_min": 0.0,
              "cloc_max": 0.0,
              "ploc_min": 5.0,
              "ploc_max": 5.0,
              "lloc_min": 2.0,
              "lloc_max": 2.0,
              "blank_min": 0.0,
              "blank_max": 0.0
            },
            "nom": {
              "functions": 0.0,
              "closures": 0.0,
              "functions_average": 0.0,
              "closures_average": 0.0,
              "total": 0.0,
              "average": 0.0,
              "functions_min": 0.0,
              "functions_max": 0.0,
              "closures_min": 0.0,
              "closures_max": 0.0
            },
            "mi": {
              "mi_original": 124.56686056184657,
              "mi_sei": 104.11295985907472,
              "mi_visual_studio": 72.84611728762957
            },
            "abc": {
              "assignments": 0.0,
              "branches": 0.0,
              "conditions": 0.0,
              "magnitude": 0.0,
              "assignments_average": 0.0,
              "branches_average": 0.0,
              "conditions_average": 0.0,
              "assignments_min": 0.0,
              "assignments_max": 0.0,
              "branches_min": 0.0,
              "branches_max": 0.0,
              "conditions_min": 0.0,
              "conditions_max": 0.0
            }
          }
        },
        {
          "name": "XZException",
          "start_line": 30,
          "end_line": 34,
          "kind": "class",
          "spaces": [],
          "metrics": {
            "nargs": {
              "total_functions": 0.0,
              "total_closures": 0.0,
              "average_functions": 0.0,
              "average_closures": 0.0,
              "total": 0.0,
              "average": 0.0,
              "functions_min": 0.0,
              "functions_max": 0.0,
              "closures_min": 0.0,
              "closures_max": 0.0
            },
            "nexits": {
              "sum": 0.0,
              "average": null,
              "min": 0.0,
              "max": 0.0
            },
            "cognitive": {
              "sum": 0.0,
              "average": null,
              "min": 0.0,
              "max": 0.0
            },
            "cyclomatic": {
              "sum": 1.0,
              "average": 1.0,
              "min": 1.0,
              "max": 1.0
            },
            "halstead": {
              "n1": 6.0,
              "N1": 12.0,
              "n2": 2.0,
              "N2": 4.0,
              "length": 16.0,
              "estimated_program_length": 17.509775004326936,
              "purity_ratio": 1.0943609377704335,
              "vocabulary": 8.0,
              "volume": 48.0,
              "difficulty": 6.0,
              "level": 0.16666666666666666,
              "effort": 288.0,
              "time": 16.0,
              "bugs": 0.014536964742657114
            },
            "loc": {
              "sloc": 5.0,
              "ploc": 5.0,
              "lloc": 2.0,
              "cloc": 0.0,
              "blank": 0.0,
              "sloc_average": 5.0,
              "ploc_average": 5.0,
              "lloc_average": 2.0,
              "cloc_average": 0.0,
              "blank_average": 0.0,
              "sloc_min": 5.0,
              "sloc_max": 5.0,
              "cloc_min": 0.0,
              "cloc_max": 0.0,
              "ploc_min": 5.0,
              "ploc_max": 5.0,
              "lloc_min": 2.0,
              "lloc_max": 2.0,
              "blank_min": 0.0,
              "blank_max": 0.0
            },
            "nom": {
              "functions": 0.0,
              "closures": 0.0,
              "functions_average": 0.0,
              "closures_average": 0.0,
              "total": 0.0,
              "average": 0.0,
              "functions_min": 0.0,
              "functions_max": 0.0,
              "closures_min": 0.0,
              "closures_max": 0.0
            },
            "mi": {
              "mi_original": 124.56686056184657,
              "mi_sei": 104.11295985907472,
              "mi_visual_studio": 72.84611728762957
            },
            "abc": {
              "assignments": 0.0,
              "branches": 0.0,
              "conditions": 0.0,
              "magnitude": 0.0,
              "assignments_average": 0.0,
              "branches_average": 0.0,
              "conditions_average": 0.0,
              "assignments_min": 0.0,
              "assignments_max": 0.0,
              "branches_min": 0.0,
              "branches_max": 0.0,
              "conditions_min": 0.0,
              "conditions_max": 0.0
            }
          }
        },
        {
          "name": "ReadCompressed",
          "start_line": 36,
          "end_line": 36,
          "kind": "class",
          "spaces": [],
          "metrics": {
            "nargs": {
              "total_functions": 0.0,
              "total_closures": 0.0,
              "average_functions": 0.0,
              "average_closures": 0.0,
              "total": 0.0,
              "average": 0.0,
              "functions_min": 0.0,
              "functions_max": 0.0,
              "closures_min": 0.0,
              "closures_max": 0.0
            },
            "nexits": {
              "sum": 0.0,
              "average": null,
              "min": 0.0,
              "max": 0.0
            },
            "cognitive": {
              "sum": 0.0,
              "average": null,
              "min": 0.0,
              "max": 0.0
            },
            "cyclomatic": {
              "sum": 1.0,
              "average": 1.0,
              "min": 1.0,
              "max": 1.0
            },
            "halstead": {
              "n1": 0.0,
              "N1": 0.0,
              "n2": 1.0,
              "N2": 1.0,
              "length": 1.0,
              "estimated_program_length": null,
              "purity_ratio": null,
              "vocabulary": 1.0,
              "volume": 0.0,
              "difficulty": 0.0,
              "level": null,
              "effort": 0.0,
              "time": 0.0,
              "bugs": 0.0
            },
            "loc": {
              "sloc": 1.0,
              "ploc": 1.0,
              "lloc": 0.0,
              "cloc": 0.0,
              "blank": 0.0,
              "sloc_average": 1.0,
              "ploc_average": 1.0,
              "lloc_average": 0.0,
              "cloc_average": 0.0,
              "blank_average": 0.0,
              "sloc_min": 1.0,
              "sloc_max": 1.0,
              "cloc_min": 0.0,
              "cloc_max": 0.0,
              "ploc_min": 1.0,
              "ploc_max": 1.0,
              "lloc_min": 0.0,
              "lloc_max": 0.0,
              "blank_min": 0.0,
              "blank_max": 0.0
            },
            "nom": {
              "functions": 0.0,
              "closures": 0.0,
              "functions_average": 0.0,
              "closures_average": 0.0,
              "total": 0.0,
              "average": 0.0,
              "functions_min": 0.0,
              "functions_max": 0.0,
              "closures_min": 0.0,
              "closures_max": 0.0
            },
            "mi": {
              "mi_original": null,
              "mi_sei": null,
              "mi_visual_studio": null
            },
            "abc": {
              "assignments": 0.0,
              "branches": 0.0,
              "conditions": 0.0,
              "magnitude": 0.0,
              "assignments_average": 0.0,
              "branches_average": 0.0,
              "conditions_average": 0.0,
              "assignments_min": 0.0,
              "assignments_max": 0.0,
              "branches_min": 0.0,
              "branches_max": 0.0,
              "conditions_min": 0.0,
              "conditions_max": 0.0
            }
          }
        },
        {
          "name": "ReadBase",
          "start_line": 38,
          "end_line": 50,
          "kind": "class",
          "spaces": [
            {
              "name": "~ReadBase",
              "start_line": 40,
              "end_line": 40,
              "kind": "function",
              "spaces": [],
              "metrics": {
                "nargs": {
                  "total_functions": 0.0,
                  "total_closures": 0.0,
                  "average_functions": 0.0,
                  "average_closures": 0.0,
                  "total": 0.0,
                  "average": 0.0,
                  "functions_min": 0.0,
                  "functions_max": 0.0,
                  "closures_min": 0.0,
                  "closures_max": 0.0
                },
                "nexits": {
                  "sum": 0.0,
                  "average": 0.0,
                  "min": 0.0,
                  "max": 0.0
                },
                "cognitive": {
                  "sum": 0.0,
                  "average": 0.0,
                  "min": 0.0,
                  "max": 0.0
                },
                "cyclomatic": {
                  "sum": 1.0,
                  "average": 1.0,
                  "min": 1.0,
                  "max": 1.0
                },
                "halstead": {
                  "n1": 3.0,
                  "N1": 3.0,
                  "n2": 1.0,
                  "N2": 1.0,
                  "length": 4.0,
                  "estimated_program_length": 4.754887502163468,
                  "purity_ratio": 1.188721875540867,
                  "vocabulary": 4.0,
                  "volume": 8.0,
                  "difficulty": 1.5,
                  "level": 0.6666666666666666,
                  "effort": 12.0,
                  "time": 0.6666666666666666,
                  "bugs": 0.0017471609294725976
                },
                "loc": {
                  "sloc": 1.0,
                  "ploc": 1.0,
                  "lloc": 0.0,
                  "cloc": 0.0,
                  "blank": 0.0,
                  "sloc_average": 1.0,
                  "ploc_average": 1.0,
                  "lloc_average": 0.0,
                  "cloc_average": 0.0,
                  "blank_average": 0.0,
                  "sloc_min": 1.0,
                  "sloc_max": 1.0,
                  "cloc_min": 0.0,
                  "cloc_max": 0.0,
                  "ploc_min": 1.0,
                  "ploc_max": 1.0,
                  "lloc_min": 0.0,
                  "lloc_max": 0.0,
                  "blank_min": 0.0,
                  "blank_max": 0.0
                },
                "nom": {
                  "functions": 1.0,
                  "closures": 0.0,
                  "functions_average": 1.0,
                  "closures_average": 0.0,
                  "total": 1.0,
                  "average": 1.0,
                  "functions_min": 1.0,
                  "functions_max": 1.0,
                  "closures_min": 0.0,
                  "closures_max": 0.0
                },
                "mi": {
                  "mi_original": 159.95690398326485,
                  "mi_sei": 155.17000000000002,
                  "mi_visual_studio": 93.54204911302038
                },
                "abc": {
                  "assignments": 0.0,
                  "branches": 0.0,
                  "conditions": 0.0,
                  "magnitude": 0.0,
                  "assignments_average": 0.0,
                  "branches_average": 0.0,
                  "conditions_average": 0.0,
                  "assignments_min": 0.0,
                  "assignments_max": 0.0,
                  "branches_min": 0.0,
                  "branches_max": 0.0,
                  "conditions_min": 0.0,
                  "conditions_max": 0.0
                }
              }
            }
          ],
          "metrics": {
            "nargs": {
              "total_functions": 0.0,
              "total_closures": 0.0,
              "average_functions": 0.0,
              "average_closures": 0.0,
              "total": 0.0,
              "average": 0.0,
              "functions_min": 0.0,
              "functions_max": 0.0,
              "closures_min": 0.0,
              "closures_max": 0.0
            },
            "nexits": {
              "sum": 0.0,
              "average": 0.0,
              "min": 0.0,
              "max": 0.0
            },
            "cognitive": {
              "sum": 0.0,
              "average": 0.0,
              "min": 0.0,
              "max": 0.0
            },
            "cyclomatic": {
              "sum": 2.0,
              "average": 1.0,
              "min": 1.0,
              "max": 1.0
            },
            "halstead": {
              "n1": 11.0,
              "N1": 31.0,
              "n2": 12.0,
              "N2": 22.0,
              "length": 53.0,
              "estimated_program_length": 81.07329781366414,
              "purity_ratio": 1.5296848644087573,
              "vocabulary": 23.0,
              "volume": 239.7487836710217,
              "difficulty": 10.083333333333334,
              "level": 0.09917355371900825,
              "effort": 2417.4669020161355,
              "time": 134.3037167786742,
              "bugs": 0.06004162482795751
            },
            "loc": {
              "sloc": 13.0,
              "ploc": 9.0,
              "lloc": 0.0,
              "cloc": 0.0,
              "blank": 4.0,
              "sloc_average": 6.5,
              "ploc_average": 4.5,
              "lloc_average": 0.0,
              "cloc_average": 0.0,
              "blank_average": 2.0,
              "sloc_min": 1.0,
              "sloc_max": 1.0,
              "cloc_min": 0.0,
              "cloc_max": 0.0,
              "ploc_min": 1.0,
              "ploc_max": 1.0,
              "lloc_min": 0.0,
              "lloc_max": 0.0,
              "blank_min": 0.0,
              "blank_max": 0.0
            },
            "nom": {
              "functions": 1.0,
              "closures": 0.0,
              "functions_average": 0.5,
              "closures_average": 0.0,
              "total": 1.0,
              "average": 0.5,
              "functions_min": 0.0,
              "functions_max": 1.0,
              "closures_min": 0.0,
              "closures_max": 0.0
            },
            "mi": {
              "mi_original": 100.49394387889458,
              "mi_sei": 69.48490220025123,
              "mi_visual_studio": 58.768388233271686
            },
            "abc": {
              "assignments": 0.0,
              "branches": 0.0,
              "conditions": 0.0,
              "magnitude": 0.0,
              "assignments_average": 0.0,
              "branches_average": 0.0,
              "conditions_average": 0.0,
              "assignments_min": 0.0,
              "assignments_max": 0.0,
              "branches_min": 0.0,
              "branches_max": 0.0,
              "conditions_min": 0.0,
              "conditions_max": 0.0
            }
          }
        },
        {
          "name": "ReadCompressed",
          "start_line": 52,
          "end_line": 88,
          "kind": "class",
          "spaces": [
            {
              "name": "RawAmount",
              "start_line": 80,
              "end_line": 80,
              "kind": "function",
              "spaces": [],
              "metrics": {
                "nargs": {
                  "total_functions": 0.0,
                  "total_closures": 0.0,
                  "average_functions": 0.0,
                  "average_closures": 0.0,
                  "total": 0.0,
                  "average": 0.0,
                  "functions_min": 0.0,
                  "functions_max": 0.0,
                  "closures_min": 0.0,
                  "closures_max": 0.0
                },
                "nexits": {
                  "sum": 1.0,
                  "average": 1.0,
                  "min": 1.0,
                  "max": 1.0
                },
                "cognitive": {
                  "sum": 0.0,
                  "average": 0.0,
                  "min": 0.0,
                  "max": 0.0
                },
                "cyclomatic": {
                  "sum": 1.0,
                  "average": 1.0,
                  "min": 1.0,
                  "max": 1.0
                },
                "halstead": {
                  "n1": 5.0,
                  "N1": 5.0,
                  "n2": 2.0,
                  "N2": 2.0,
                  "length": 7.0,
                  "estimated_program_length": 13.60964047443681,
                  "purity_ratio": 1.944234353490973,
                  "vocabulary": 7.0,
                  "volume": 19.651484454403228,
                  "difficulty": 2.5,
                  "level": 0.4,
                  "effort": 49.12871113600807,
                  "time": 2.7293728408893374,
                  "bugs": 0.004471319041702271
                },
                "loc": {
                  "sloc": 1.0,
                  "ploc": 1.0,
                  "lloc": 1.0,
                  "cloc": 0.0,
                  "blank": 0.0,
                  "sloc_average": 1.0,
                  "ploc_average": 1.0,
                  "lloc_average": 1.0,
                  "cloc_average": 0.0,
                  "blank_average": 0.0,
                  "sloc_min": 1.0,
                  "sloc_max": 1.0,
                  "cloc_min": 0.0,
                  "cloc_max": 0.0,
                  "ploc_min": 1.0,
                  "ploc_max": 1.0,
                  "lloc_min": 1.0,
                  "lloc_max": 1.0,
                  "blank_min": 0.0,
                  "blank_max": 0.0
                },
                "nom": {
                  "functions": 1.0,
                  "closures": 0.0,
                  "functions_average": 1.0,
                  "closures_average": 0.0,
                  "total": 1.0,
                  "average": 1.0,
                  "functions_min": 1.0,
                  "functions_max": 1.0,
                  "closures_min": 0.0,
                  "closures_max": 0.0
                },
                "mi": {
                  "mi_original": 155.2836050228807,
                  "mi_sei": 148.4278547652622,
                  "mi_visual_studio": 90.80912574437467
                },
                "abc": {
                  "assignments": 0.0,
                  "branches": 0.0,
                  "conditions": 0.0,
                  "magnitude": 0.0,
                  "assignments_average": 0.0,
                  "branches_average": 0.0,
                  "conditions_average": 0.0,
                  "assignments_min": 0.0,
                  "assignments_max": 0.0,
                  "branches_min": 0.0,
                  "branches_max": 0.0,
                  "conditions_min": 0.0,
                  "conditions_max": 0.0
                }
              }
            }
          ],
          "metrics": {
            "nargs": {
              "total_functions": 0.0,
              "total_closures": 0.0,
              "average_functions": 0.0,
              "average_closures": 0.0,
              "total": 0.0,
              "average": 0.0,
              "functions_min": 0.0,
              "functions_max": 0.0,
              "closures_min": 0.0,
              "closures_max": 0.0
            },
            "nexits": {
              "sum": 1.0,
              "average": 1.0,
              "min": 0.0,
              "max": 1.0
            },
            "cognitive": {
              "sum": 0.0,
              "average": 0.0,
              "min": 0.0,
              "max": 0.0
            },
            "cyclomatic": {
              "sum": 2.0,
              "average": 1.0,
              "min": 1.0,
              "max": 1.0
            },
            "halstead": {
              "n1": 13.0,
              "N1": 54.0,
              "n2": 19.0,
              "N2": 34.0,
              "length": 88.0,
              "estimated_program_length": 128.8163390912623,
              "purity_ratio": 1.4638220351279807,
              "vocabulary": 32.0,
              "volume": 440.0,
              "difficulty": 11.631578947368421,
              "level": 0.08597285067873303,
              "effort": 5117.894736842105,
              "time": 284.32748538011697,
              "bugs": 0.09899341612886733
            },
            "loc": {
              "sloc": 37.0,
              "ploc": 17.0,
              "lloc": 4.0,
              "cloc": 9.0,
              "blank": 11.0,
              "sloc_average": 18.5,
              "ploc_average": 8.5,
              "lloc_average": 2.0,
              "cloc_average": 4.5,
              "blank_average": 5.5,
              "sloc_min": 1.0,
              "sloc_max": 1.0,
              "cloc_min": 0.0,
              "cloc_max": 0.0,
              "ploc_min": 1.0,
              "ploc_max": 1.0,
              "lloc_min": 1.0,
              "lloc_max": 1.0,
              "blank_min": 0.0,
              "blank_max": 0.0
            },
            "nom": {
              "functions": 1.0,
              "closures": 0.0,
              "functions_average": 0.5,
              "closures_average": 0.0,
              "total": 1.0,
              "average": 0.5,
              "functions_min": 0.0,
              "functions_max": 1.0,
              "closures_min": 0.0,
              "closures_max": 0.0
            },
            "mi": {
              "mi_original": 80.39190123521956,
              "mi_sei": 75.07662249774975,
              "mi_visual_studio": 47.012807739894484
            },
            "abc": {
              "assignments": 0.0,
              "branches": 0.0,
              "conditions": 0.0,
              "magnitude": 0.0,
              "assignments_average": 0.0,
              "branches_average": 0.0,
              "conditions_average": 0.0,
              "assignments_min": 0.0,
              "assignments_max": 0.0,
              "branches_min": 0.0,
              "branches_max": 0.0,
              "conditions_min": 0.0,
              "conditions_max": 0.0
            }
          }
        }
      ],
      "metrics": {
        "nargs": {
          "total_functions": 0.0,
          "total_closures": 0.0,
          "average_functions": 0.0,
          "average_closures": 0.0,
          "total": 0.0,
          "average": 0.0,
          "functions_min": 0.0,
          "functions_max": 0.0,
          "closures_min": 0.0,
          "closures_max": 0.0
        },
        "nexits": {
          "sum": 1.0,
          "average": 0.5,
          "min": 0.0,
          "max": 1.0
        },
        "cognitive": {
          "sum": 0.0,
          "average": 0.0,
          "min": 0.0,
          "max": 0.0
        },
        "cyclomatic": {
          "sum": 10.0,
          "average": 1.0,
          "min": 1.0,
          "max": 1.0
        },
        "halstead": {
          "n1": 15.0,
          "N1": 141.0,
          "n2": 31.0,
          "N2": 74.0,
          "length": 215.0,
          "estimated_program_length": 212.18344455612092,
          "purity_ratio": 0.9868997421214927,
          "vocabulary": 46.0,
          "volume": 1187.5658205522577,
          "difficulty": 17.903225806451612,
          "level": 0.05585585585585586,
          "effort": 21261.259045371065,
          "time": 1181.1810580761703,
          "bugs": 0.2558221028845957
        },
        "loc": {
          "sloc": 81.0,
          "ploc": 49.0,
          "lloc": 12.0,
          "cloc": 9.0,
          "blank": 23.0,
          "sloc_average": 8.1,
          "ploc_average": 4.9,
          "lloc_average": 1.2,
          "cloc_average": 0.9,
          "blank_average": 2.3,
          "sloc_min": 1.0,
          "sloc_max": 37.0,
          "cloc_min": 0.0,
          "cloc_max": 9.0,
          "ploc_min": 1.0,
          "ploc_max": 17.0,
          "lloc_min": 0.0,
          "lloc_max": 4.0,
          "blank_min": 0.0,
          "blank_max": 11.0
        },
        "nom": {
          "functions": 2.0,
          "closures": 0.0,
          "functions_average": 0.2,
          "closures_average": 0.0,
          "total": 2.0,
          "average": 0.2,
          "functions_min": 0.0,
          "functions_max": 1.0,
          "closures_min": 0.0,
          "closures_max": 0.0
        },
        "mi": {
          "mi_original": 60.69568669083418,
          "mi_sei": 37.57025503460517,
          "mi_visual_studio": 35.494553620370866
        },
        "abc": {
          "assignments": 0.0,
          "branches": 0.0,
          "conditions": 0.0,
          "magnitude": 0.0,
          "assignments_average": 0.0,
          "branches_average": 0.0,
          "conditions_average": 0.0,
          "assignments_min": 0.0,
          "assignments_max": 0.0,
          "branches_min": 0.0,
          "branches_max": 0.0,
          "conditions_min": 0.0,
          "conditions_max": 0.0
        }
      }
    }
  ],
  "metrics": {
    "nargs": {
      "total_functions": 0.0,
      "total_closures": 0.0,
      "average_functions": 0.0,
      "average_closures": 0.0,
      "total": 0.0,
      "average": 0.0,
      "functions_min": 0.0,
      "functions_max": 0.0,
      "closures_min": 0.0,
      "closures_max": 0.0
    },
    "nexits": {
      "sum": 1.0,
      "average": 0.5,
      "min": 0.0,
      "max": 1.0
    },
    "cognitive": {
      "sum": 0.0,
      "average": 0.0,
      "min": 0.0,
      "max": 0.0
    },
    "cyclomatic": {
      "sum": 11.0,
      "average": 1.0,
      "min": 1.0,
      "max": 1.0
    },
    "halstead": {
      "n1": 15.0,
      "N1": 141.0,
      "n2": 34.0,
      "N2": 78.0,
      "length": 219.0,
      "estimated_program_length": 231.57709553663932,
      "purity_ratio": 1.0574296599846544,
      "vocabulary": 49.0,
      "volume": 1229.6214558612305,
      "difficulty": 17.205882352941178,
      "level": 0.058119658119658114,
      "effort": 21156.722108200585,
      "time": 1175.373450455588,
      "bugs": 0.25498286685569066
    },
    "loc": {
      "sloc": 92.0,
      "ploc": 56.0,
      "lloc": 12.0,
      "cloc": 11.0,
      "blank": 27.0,
      "sloc_average": 8.363636363636363,
      "ploc_average": 5.090909090909091,
      "lloc_average": 1.0909090909090908,
      "cloc_average": 1.0,
      "blank_average": 2.4545454545454546,
      "sloc_min": 81.0,
      "sloc_max": 81.0,
      "cloc_min": 9.0,
      "cloc_max": 9.0,
      "ploc_min": 49.0,
      "ploc_max": 49.0,
      "lloc_min": 12.0,
      "lloc_max": 12.0,
      "blank_min": 23.0,
      "blank_max": 23.0
    },
    "nom": {
      "functions": 2.0,
      "closures": 0.0,
      "functions_average": 0.18181818181818182,
      "closures_average": 0.0,
      "total": 2.0,
      "average": 0.18181818181818182,
      "functions_min": 0.0,
      "functions_max": 1.0,
      "closures_min": 0.0,
      "closures_max": 0.0
    },
    "mi": {
      "mi_original": 58.22182451581632,
      "mi_sei": 34.9369380012358,
      "mi_visual_studio": 34.04785059404463
    },
    "abc": {
      "assignments": 0.0,
      "branches": 0.0,
      "conditions": 0.0,
      "magnitude": 0.0,
      "assignments_average": 0.0,
      "branches_average": 0.0,
      "conditions_average": 0.0,
      "assignments_min": 0.0,
      "assignments_max": 0.0,
      "branches_min": 0.0,
      "branches_max": 0.0,
      "conditions_min": 0.0,
      "conditions_max": 0.0
    }
  }
}
