---
source: tests/common/mod.rs
expression: funcspace_struct
---
{
  "name": null,
  "start_line": 1,
  "end_line": 48,
  "kind": "unit",
  "spaces": [
    {
      "name": "util",
      "start_line": 9,
      "end_line": 48,
      "kind": "namespace",
      "spaces": [
        {
          "name": null,
          "start_line": 10,
          "end_line": 47,
          "kind": "namespace",
          "spaces": [
            {
              "name": "BOOST_AUTO_TEST_CASE",
              "start_line": 12,
              "end_line": 19,
              "kind": "function",
              "spaces": [],
              "metrics": {
                "nargs": {
                  "total_functions": 1.0,
                  "total_closures": 0.0,
                  "average_functions": 1.0,
                  "average_closures": 0.0,
                  "total": 1.0,
                  "average": 1.0,
                  "functions_min": 1.0,
                  "functions_max": 1.0,
                  "closures_min": 0.0,
                  "closures_max": 0.0
                },
                "nexits": {
                  "sum": 0.0,
                  "average": 0.0,
                  "min": 0.0,
                  "max": 0.0
                },
                "cognitive": {
                  "sum": 0.0,
                  "average": 0.0,
                  "min": 0.0,
                  "max": 0.0
                },
                "cyclomatic": {
                  "sum": 1.0,
                  "average": 1.0,
                  "min": 1.0,
                  "max": 1.0
                },
                "halstead": {
                  "n1": 12.0,
                  "N1": 24.0,
                  "n2": 12.0,
                  "N2": 19.0,
                  "length": 43.0,
                  "estimated_program_length": 86.03910001730775,
                  "purity_ratio": 2.000909302728087,
                  "vocabulary": 24.0,
                  "volume": 197.1533875310097,
                  "difficulty": 9.5,
                  "level": 0.10526315789473684,
                  "effort": 1872.9571815445922,
                  "time": 104.05317675247734,
                  "bugs": 0.05064819561724887
                },
                "loc": {
                  "sloc": 8.0,
                  "ploc": 8.0,
                  "lloc": 6.0,
                  "cloc": 0.0,
                  "blank": 0.0,
                  "sloc_average": 8.0,
                  "ploc_average": 8.0,
                  "lloc_average": 6.0,
                  "cloc_average": 0.0,
                  "blank_average": 0.0,
                  "sloc_min": 8.0,
                  "sloc_max": 8.0,
                  "cloc_min": 0.0,
                  "cloc_max": 0.0,
                  "ploc_min": 8.0,
                  "ploc_max": 8.0,
                  "lloc_min": 6.0,
                  "lloc_max": 6.0,
                  "blank_min": 0.0,
                  "blank_max": 0.0
                },
                "nom": {
                  "functions": 1.0,
                  "closures": 0.0,
                  "functions_average": 1.0,
                  "closures_average": 0.0,
                  "total": 1.0,
                  "average": 1.0,
                  "functions_min": 1.0,
                  "functions_max": 1.0,
                  "closures_min": 0.0,
                  "closures_max": 0.0
                },
                "mi": {
                  "mi_original": 109.60634040284145,
                  "mi_sei": 82.52949161655869,
                  "mi_visual_studio": 64.09727508938097
                },
                "abc": {
                  "assignments": 0.0,
                  "branches": 0.0,
                  "conditions": 0.0,
                  "magnitude": 0.0,
                  "assignments_average": 0.0,
                  "branches_average": 0.0,
                  "conditions_average": 0.0,
                  "assignments_min": 0.0,
                  "assignments_max": 0.0,
                  "branches_min": 0.0,
                  "branches_max": 0.0,
                  "conditions_min": 0.0,
                  "conditions_max": 0.0
                }
              }
            },
            {
              "name": "BOOST_AUTO_TEST_CASE",
              "start_line": 20,
              "end_line": 30,
              "kind": "function",
              "spaces": [],
              "metrics": {
                "nargs": {
                  "total_functions": 1.0,
                  "total_closures": 0.0,
                  "average_functions": 1.0,
                  "average_closures": 0.0,
                  "total": 1.0,
                  "average": 1.0,
                  "functions_min": 1.0,
                  "functions_max": 1.0,
                  "closures_min": 0.0,
                  "closures_max": 0.0
                },
                "nexits": {
                  "sum": 0.0,
                  "average": 0.0,
                  "min": 0.0,
                  "max": 0.0
                },
                "cognitive": {
                  "sum": 0.0,
                  "average": 0.0,
                  "min": 0.0,
                  "max": 0.0
                },
                "cyclomatic": {
                  "sum": 1.0,
                  "average": 1.0,
                  "min": 1.0,
                  "max": 1.0
                },
                "halstead": {
                  "n1": 12.0,
                  "N1": 33.0,
                  "n2": 11.0,
                  "N2": 24.0,
                  "length": 57.0,
                  "estimated_program_length": 81.07329781366414,
                  "purity_ratio": 1.4223385581344585,
                  "vocabulary": 23.0,
                  "volume": 257.84303149524976,
                  "difficulty": 13.090909090909092,
                  "level": 0.07638888888888888,
                  "effort": 3375.3996850287244,
                  "time": 187.52220472381802,
                  "bugs": 0.07500592114281987
                },
                "loc": {
                  "sloc": 11.0,
                  "ploc": 11.0,
                  "lloc": 9.0,
                  "cloc": 0.0,
                  "blank": 0.0,
                  "sloc_average": 11.0,
                  "ploc_average": 11.0,
                  "lloc_average": 9.0,
                  "cloc_average": 0.0,
                  "blank_average": 0.0,
                  "sloc_min": 11.0,
                  "sloc_max": 11.0,
                  "cloc_min": 0.0,
                  "cloc_max": 0.0,
                  "ploc_min": 11.0,
                  "ploc_max": 11.0,
                  "lloc_min": 9.0,
                  "lloc_max": 9.0,
                  "blank_min": 0.0,
                  "blank_max": 0.0
                },
                "nom": {
                  "functions": 1.0,
                  "closures": 0.0,
                  "functions_average": 1.0,
                  "closures_average": 0.0,
                  "total": 1.0,
                  "average": 1.0,
                  "functions_min": 1.0,
                  "functions_max": 1.0,
                  "closures_min": 0.0,
                  "closures_max": 0.0
                },
                "mi": {
                  "mi_original": 103.05187140816926,
                  "mi_sei": 73.0733917022847,
                  "mi_visual_studio": 60.2642522854791
                },
                "abc": {
                  "assignments": 0.0,
                  "branches": 0.0,
                  "conditions": 0.0,
                  "magnitude": 0.0,
                  "assignments_average": 0.0,
                  "branches_average": 0.0,
                  "conditions_average": 0.0,
                  "assignments_min": 0.0,
                  "assignments_max": 0.0,
                  "branches_min": 0.0,
                  "branches_max": 0.0,
                  "conditions_min": 0.0,
                  "conditions_max": 0.0
                }
              }
            },
            {
              "name": "BOOST_AUTO_TEST_CASE",
              "start_line": 32,
              "end_line": 36,
              "kind": "function",
              "spaces": [],
              "metrics": {
                "nargs": {
                  "total_functions": 1.0,
                  "total_closures": 0.0,
                  "average_functions": 1.0,
                  "average_closures": 0.0,
                  "total": 1.0,
                  "average": 1.0,
                  "functions_min": 1.0,
                  "functions_max": 1.0,
                  "closures_min": 0.0,
                  "closures_max": 0.0
                },
                "nexits": {
                  "sum": 0.0,
                  "average": 0.0,
                  "min": 0.0,
                  "max": 0.0
                },
                "cognitive": {
                  "sum": 0.0,
                  "average": 0.0,
                  "min": 0.0,
                  "max": 0.0
                },
                "cyclomatic": {
                  "sum": 1.0,
                  "average": 1.0,
                  "min": 1.0,
                  "max": 1.0
                },
                "halstead": {
                  "n1": 10.0,
                  "N1": 16.0,
                  "n2": 9.0,
                  "N2": 13.0,
                  "length": 29.0,
                  "estimated_program_length": 61.74860596185444,
                  "purity_ratio": 2.1292622745467047,
                  "vocabulary": 19.0,
                  "volume": 123.18989788986397,
                  "difficulty": 7.222222222222222,
                  "level": 0.13846153846153847,
                  "effort": 889.704818093462,
                  "time": 49.42804544963678,
                  "bugs": 0.03083491154442613
                },
                "loc": {
                  "sloc": 5.0,
                  "ploc": 5.0,
                  "lloc": 3.0,
                  "cloc": 0.0,
                  "blank": 0.0,
                  "sloc_average": 5.0,
                  "ploc_average": 5.0,
                  "lloc_average": 3.0,
                  "cloc_average": 0.0,
                  "blank_average": 0.0,
                  "sloc_min": 5.0,
                  "sloc_max": 5.0,
                  "cloc_min": 0.0,
                  "cloc_max": 0.0,
                  "ploc_min": 5.0,
                  "ploc_max": 5.0,
                  "lloc_min": 3.0,
                  "lloc_max": 3.0,
                  "blank_min": 0.0,
                  "blank_max": 0.0
                },
                "nom": {
                  "functions": 1.0,
                  "closures": 0.0,
                  "functions_average": 1.0,
                  "closures_average": 0.0,
                  "total": 1.0,
                  "average": 1.0,
                  "functions_min": 1.0,
                  "functions_max": 1.0,
                  "closures_min": 0.0,
                  "closures_max": 0.0
                },
                "mi": {
                  "mi_original": 119.66572515809844,
                  "mi_sei": 97.04211611736201,
                  "mi_visual_studio": 69.9799562328061
                },
                "abc": {
                  "assignments": 0.0,
                  "branches": 0.0,
                  "conditions": 0.0,
                  "magnitude": 0.0,
                  "assignments_average": 0.0,
                  "branches_average": 0.0,
                  "conditions_average": 0.0,
                  "assignments_min": 0.0,
                  "assignments_max": 0.0,
                  "branches_min": 0.0,
                  "branches_max": 0.0,
                  "conditions_min": 0.0,
                  "conditions_max": 0.0
                }
              }
            },
            {
              "name": "BOOST_AUTO_TEST_CASE",
              "start_line": 38,
              "end_line": 45,
              "kind": "function",
              "spaces": [],
              "metrics": {
                "nargs": {
                  "total_functions": 1.0,
                  "total_closures": 0.0,
                  "average_functions": 1.0,
                  "average_closures": 0.0,
                  "total": 1.0,
                  "average": 1.0,
                  "functions_min": 1.0,
                  "functions_max": 1.0,
                  "closures_min": 0.0,
                  "closures_max": 0.0
                },
                "nexits": {
                  "sum": 0.0,
                  "average": 0.0,
                  "min": 0.0,
                  "max": 0.0
                },
                "cognitive": {
                  "sum": 0.0,
                  "average": 0.0,
                  "min": 0.0,
                  "max": 0.0
                },
                "cyclomatic": {
                  "sum": 1.0,
                  "average": 1.0,
                  "min": 1.0,
                  "max": 1.0
                },
                "halstead": {
                  "n1": 12.0,
                  "N1": 25.0,
                  "n2": 14.0,
                  "N2": 20.0,
                  "length": 45.0,
                  "estimated_program_length": 96.32251891746033,
                  "purity_ratio": 2.1405004203880074,
                  "vocabulary": 26.0,
                  "volume": 211.51978731634912,
                  "difficulty": 8.571428571428571,
                  "level": 0.11666666666666667,
                  "effort": 1813.0267484258495,
                  "time": 100.72370824588053,
                  "bugs": 0.04956193109956241
                },
                "loc": {
                  "sloc": 8.0,
                  "ploc": 8.0,
                  "lloc": 6.0,
                  "cloc": 0.0,
                  "blank": 0.0,
                  "sloc_average": 8.0,
                  "ploc_average": 8.0,
                  "lloc_average": 6.0,
                  "cloc_average": 0.0,
                  "blank_average": 0.0,
                  "sloc_min": 8.0,
                  "sloc_max": 8.0,
                  "cloc_min": 0.0,
                  "cloc_max": 0.0,
                  "ploc_min": 8.0,
                  "ploc_max": 8.0,
                  "lloc_min": 6.0,
                  "lloc_max": 6.0,
                  "blank_min": 0.0,
                  "blank_max": 0.0
                },
                "nom": {
                  "functions": 1.0,
                  "closures": 0.0,
                  "functions_average": 1.0,
                  "closures_average": 0.0,
                  "total": 1.0,
                  "average": 1.0,
                  "functions_min": 1.0,
                  "functions_max": 1.0,
                  "closures_min": 0.0,
                  "closures_max": 0.0
                },
                "mi": {
                  "mi_original": 109.24059055874719,
                  "mi_sei": 82.00182613027798,
                  "mi_visual_studio": 63.883386291665026
                },
                "abc": {
                  "assignments": 0.0,
                  "branches": 0.0,
                  "conditions": 0.0,
                  "magnitude": 0.0,
                  "assignments_average": 0.0,
                  "branches_average": 0.0,
                  "conditions_average": 0.0,
                  "assignments_min": 0.0,
                  "assignments_max": 0.0,
                  "branches_min": 0.0,
                  "branches_max": 0.0,
                  "conditions_min": 0.0,
                  "conditions_max": 0.0
                }
              }
            }
          ],
          "metrics": {
            "nargs": {
              "total_functions": 4.0,
              "total_closures": 0.0,
              "average_functions": 1.0,
              "average_closures": 0.0,
              "total": 4.0,
              "average": 1.0,
              "functions_min": 0.0,
              "functions_max": 1.0,
              "closures_min": 0.0,
              "closures_max": 0.0
            },
            "nexits": {
              "sum": 0.0,
              "average": 0.0,
              "min": 0.0,
              "max": 0.0
            },
            "cognitive": {
              "sum": 0.0,
              "average": 0.0,
              "min": 0.0,
              "max": 0.0
            },
            "cyclomatic": {
              "sum": 5.0,
              "average": 1.0,
              "min": 1.0,
              "max": 1.0
            },
            "halstead": {
              "n1": 12.0,
              "N1": 99.0,
              "n2": 18.0,
              "N2": 76.0,
              "length": 175.0,
              "estimated_program_length": 118.07820003461549,
              "purity_ratio": 0.6747325716263742,
              "vocabulary": 30.0,
              "volume": 858.7058542314908,
              "difficulty": 25.333333333333332,
              "level": 0.03947368421052632,
              "effort": 21753.881640531097,
              "time": 1208.5489800295054,
              "bugs": 0.2597585907419029
            },
            "loc": {
              "sloc": 38.0,
              "ploc": 34.0,
              "lloc": 24.0,
              "cloc": 0.0,
              "blank": 4.0,
              "sloc_average": 7.6,
              "ploc_average": 6.8,
              "lloc_average": 4.8,
              "cloc_average": 0.0,
              "blank_average": 0.8,
              "sloc_min": 5.0,
              "sloc_max": 11.0,
              "cloc_min": 0.0,
              "cloc_max": 0.0,
              "ploc_min": 5.0,
              "ploc_max": 11.0,
              "lloc_min": 3.0,
              "lloc_max": 9.0,
              "blank_min": 0.0,
              "blank_max": 0.0
            },
            "nom": {
              "functions": 4.0,
              "closures": 0.0,
              "functions_average": 0.8,
              "closures_average": 0.0,
              "total": 4.0,
              "average": 0.8,
              "functions_min": 0.0,
              "functions_max": 1.0,
              "closures_min": 0.0,
              "closures_max": 0.0
            },
            "mi": {
              "mi_original": 75.79288674935759,
              "mi_sei": 34.15426915296662,
              "mi_visual_studio": 44.32332558441965
            },
            "abc": {
              "assignments": 0.0,
              "branches": 0.0,
              "conditions": 0.0,
              "magnitude": 0.0,
              "assignments_average": 0.0,
              "branches_average": 0.0,
              "conditions_average": 0.0,
              "assignments_min": 0.0,
              "assignments_max": 0.0,
              "branches_min": 0.0,
              "branches_max": 0.0,
              "conditions_min": 0.0,
              "conditions_max": 0.0
            }
          }
        }
      ],
      "metrics": {
        "nargs": {
          "total_functions": 4.0,
          "total_closures": 0.0,
          "average_functions": 1.0,
          "average_closures": 0.0,
          "total": 4.0,
          "average": 1.0,
          "functions_min": 0.0,
          "functions_max": 1.0,
          "closures_min": 0.0,
          "closures_max": 0.0
        },
        "nexits": {
          "sum": 0.0,
          "average": 0.0,
          "min": 0.0,
          "max": 0.0
        },
        "cognitive": {
          "sum": 0.0,
          "average": 0.0,
          "min": 0.0,
          "max": 0.0
        },
        "cyclomatic": {
          "sum": 6.0,
          "average": 1.0,
          "min": 1.0,
          "max": 1.0
        },
        "halstead": {
          "n1": 12.0,
          "N1": 100.0,
          "n2": 19.0,
          "N2": 77.0,
          "length": 177.0,
          "estimated_program_length": 123.730172764082,
          "purity_ratio": 0.6990405240908587,
          "vocabulary": 31.0,
          "volume": 876.8927469384769,
          "difficulty": 24.31578947368421,
          "level": 0.04112554112554113,
          "effort": 21322.339425556645,
          "time": 1184.5744125309247,
          "bugs": 0.25631182738272956
        },
        "loc": {
          "sloc": 40.0,
          "ploc": 36.0,
          "lloc": 24.0,
          "cloc": 1.0,
          "blank": 4.0,
          "sloc_average": 6.666666666666667,
          "ploc_average": 6.0,
          "lloc_average": 4.0,
          "cloc_average": 0.16666666666666666,
          "blank_average": 0.6666666666666666,
          "sloc_min": 38.0,
          "sloc_max": 38.0,
          "cloc_min": 0.0,
          "cloc_max": 0.0,
          "ploc_min": 34.0,
          "ploc_max": 34.0,
          "lloc_min": 24.0,
          "lloc_max": 24.0,
          "blank_min": 4.0,
          "blank_max": 4.0
        },
        "nom": {
          "functions": 4.0,
          "closures": 0.0,
          "functions_average": 0.6666666666666666,
          "closures_average": 0.0,
          "total": 4.0,
          "average": 0.6666666666666666,
          "functions_min": 0.0,
          "functions_max": 1.0,
          "closures_min": 0.0,
          "closures_max": 0.0
        },
        "mi": {
          "mi_original": 74.62295245796271,
          "mi_sei": 44.693571737794386,
          "mi_visual_studio": 43.63915348418872
        },
        "abc": {
          "assignments": 0.0,
          "branches": 0.0,
          "conditions": 0.0,
          "magnitude": 0.0,
          "assignments_average": 0.0,
          "branches_average": 0.0,
          "conditions_average": 0.0,
          "assignments_min": 0.0,
          "assignments_max": 0.0,
          "branches_min": 0.0,
          "branches_max": 0.0,
          "conditions_min": 0.0,
          "conditions_max": 0.0
        }
      }
    }
  ],
  "metrics": {
    "nargs": {
      "total_functions": 4.0,
      "total_closures": 0.0,
      "average_functions": 1.0,
      "average_closures": 0.0,
      "total": 4.0,
      "average": 1.0,
      "functions_min": 0.0,
      "functions_max": 1.0,
      "closures_min": 0.0,
      "closures_max": 0.0
    },
    "nexits": {
      "sum": 0.0,
      "average": 0.0,
      "min": 0.0,
      "max": 0.0
    },
    "cognitive": {
      "sum": 0.0,
      "average": 0.0,
      "min": 0.0,
      "max": 0.0
    },
    "cyclomatic": {
      "sum": 7.0,
      "average": 1.0,
      "min": 1.0,
      "max": 1.0
    },
    "halstead": {
      "n1": 12.0,
      "N1": 100.0,
      "n2": 22.0,
      "N2": 80.0,
      "length": 180.0,
      "estimated_program_length": 141.1270456186744,
      "purity_ratio": 0.7840391423259689,
      "vocabulary": 34.0,
      "volume": 915.743311425061,
      "difficulty": 21.818181818181817,
      "level": 0.04583333333333334,
      "effort": 19979.854067455875,
      "time": 1109.9918926364376,
      "bugs": 0.24543714276356127
    },
    "loc": {
      "sloc": 48.0,
      "ploc": 41.0,
      "lloc": 24.0,
      "cloc": 2.0,
      "blank": 7.0,
      "sloc_average": 6.857142857142857,
      "ploc_average": 5.857142857142857,
      "lloc_average": 3.4285714285714284,
      "cloc_average": 0.2857142857142857,
      "blank_average": 1.0,
      "sloc_min": 40.0,
      "sloc_max": 40.0,
      "cloc_min": 1.0,
      "cloc_max": 1.0,
      "ploc_min": 36.0,
      "ploc_max": 36.0,
      "lloc_min": 24.0,
      "lloc_max": 24.0,
      "blank_min": 4.0,
      "blank_max": 4.0
    },
    "nom": {
      "functions": 4.0,
      "closures": 0.0,
      "functions_average": 0.5714285714285714,
      "closures_average": 0.0,
      "total": 4.0,
      "average": 0.5714285714285714,
      "functions_min": 0.0,
      "functions_max": 1.0,
      "closures_min": 0.0,
      "closures_max": 0.0
    },
    "mi": {
      "mi_original": 71.21391591524639,
      "mi_sei": 43.301030002387364,
      "mi_visual_studio": 41.64556486271719
    },
    "abc": {
      "assignments": 0.0,
      "branches": 0.0,
      "conditions": 0.0,
      "magnitude": 0.0,
      "assignments_average": 0.0,
      "branches_average": 0.0,
      "conditions_average": 0.0,
      "assignments_min": 0.0,
      "assignments_max": 0.0,
      "branches_min": 0.0,
      "branches_max": 0.0,
      "conditions_min": 0.0,
      "conditions_max": 0.0
    }
  }
}
