---
source: tests/test.rs
expression: funcspace_struct
---
FuncSpace {
    name: None,
    start_line: 1,
    end_line: 42,
    kind: Unit,
    spaces: [
        FuncSpace {
            name: Some(
                "ip_addr_roundtrip",
            ),
            start_line: 10,
            end_line: 23,
            kind: Function,
            spaces: [],
            metrics: CodeMetrics {
                nargs: Stats {
                    fn_nargs: 0,
                    closure_nargs: 0,
                    fn_nargs_sum: 0,
                    closure_nargs_sum: 0,
                    fn_nargs_min: 0,
                    closure_nargs_min: 0,
                    fn_nargs_max: 0,
                    closure_nargs_max: 0,
                    total_functions: 1,
                    total_closures: 0,
                },
                nexits: Stats {
                    exit: 0,
                    exit_sum: 0,
                    total_space_functions: 1,
                    exit_min: 0,
                    exit_max: 0,
                },
                cognitive: Stats {
                    structural: 0,
                    structural_sum: 0,
                    structural_min: 0,
                    structural_max: 0,
                    nesting: 0,
                    total_space_functions: 1,
                    boolean_seq: BoolSequence {
                        boolean_op: Some(
                            228,
                        ),
                    },
                },
                cyclomatic: Stats {
                    cyclomatic_sum: 1.000,
                    cyclomatic: 1.000,
                    n: 1,
                    cyclomatic_max: 1.000,
                    cyclomatic_min: 1.000,
                },
                halstead: Stats {
                    u_operators: 10,
                    operators: 20,
                    u_operands: 21,
                    operands: 25,
                },
                loc: Stats {
                    sloc: Sloc {
                        start: 9,
                        end: 22,
                        unit: fal,
                        sloc_min: 14,
                        sloc_max: 14,
                    },
                    ploc: Ploc {
                        lines: {
                            16,
                            13,
                            10,
                            20,
                            17,
                            14,
                            11,
                            21,
                            18,
                            15,
                            12,
                            9,
                            22,
                            19,
                        },
                        ploc_min: 14,
                        ploc_max: 14,
                    },
                    cloc: Cloc {
                        only_comment_lines: 0,
                        code_comment_lines: 0,
                        comment_line_end: None,
                        cloc_min: 0,
                        cloc_max: 0,
                    },
                    lloc: Lloc {
                        logical_lines: 1,
                        lloc_min: 1,
                        lloc_max: 1,
                    },
                    space_count: 1,
                    blank_min: 0,
                    blank_max: 0,
                },
                nom: Stats {
                    functions: 1,
                    closures: 0,
                    functions_sum: 1,
                    closures_sum: 0,
                    functions_min: 1,
                    functions_max: 1,
                    closures_min: 0,
                    closures_max: 0,
                    space_count: 1,
                },
                mi: Stats {
                    halstead_length: 45.000,
                    halstead_vocabulary: 31.000,
                    halstead_volume: 222.939,
                    cyclomatic: 1.000,
                    sloc: 14.000,
                    comments_percentage: 0.000,
                },
                abc: Stats {
                    assignments: 0.000,
                    assignments_sum: 0.000,
                    assignments_min: 0.000,
                    assignments_max: 0.000,
                    branches: 0.000,
                    branches_sum: 0.000,
                    branches_min: 0.000,
                    branches_max: 0.000,
                    conditions: 0.000,
                    conditions_sum: 0.000,
                    conditions_min: 0.000,
                    conditions_max: 0.000,
                    space_count: 1,
                    declaration: [],
                },
                wmc: Stats {
                    cyclomatic: 0.000,
                    class_wmc: 0.000,
                    interface_wmc: 0.000,
                    class_wmc_sum: 0.000,
                    interface_wmc_sum: 0.000,
                    space_kind: Unknown,
                },
                npm: Stats {
                    class_npm: 0,
                    interface_npm: 0,
                    class_nm: 0,
                    interface_nm: 0,
                    class_npm_sum: 0,
                    interface_npm_sum: 0,
                    class_nm_sum: 0,
                    interface_nm_sum: 0,
                    is_class_space: fal,
                },
                npa: Stats {
                    class_npa: 0,
                    interface_npa: 0,
                    class_na: 0,
                    interface_na: 0,
                    class_npa_sum: 0,
                    interface_npa_sum: 0,
                    class_na_sum: 0,
                    interface_na_sum: 0,
                    is_class_space: fal,
                },
            },
        },
        FuncSpace {
            name: Some(
                "socket_addr_roundtrip",
            ),
            start_line: 26,
            end_line: 42,
            kind: Function,
            spaces: [],
            metrics: CodeMetrics {
                nargs: Stats {
                    fn_nargs: 0,
                    closure_nargs: 0,
                    fn_nargs_sum: 0,
                    closure_nargs_sum: 0,
                    fn_nargs_min: 0,
                    closure_nargs_min: 0,
                    fn_nargs_max: 0,
                    closure_nargs_max: 0,
                    total_functions: 1,
                    total_closures: 0,
                },
                nexits: Stats {
                    exit: 0,
                    exit_sum: 0,
                    total_space_functions: 1,
                    exit_min: 0,
                    exit_max: 0,
                },
                cognitive: Stats {
                    structural: 0,
                    structural_sum: 0,
                    structural_min: 0,
                    structural_max: 0,
                    nesting: 0,
                    total_space_functions: 1,
                    boolean_seq: BoolSequence {
                        boolean_op: Some(
                            228,
                        ),
                    },
                },
                cyclomatic: Stats {
                    cyclomatic_sum: 1.000,
                    cyclomatic: 1.000,
                    n: 1,
                    cyclomatic_max: 1.000,
                    cyclomatic_min: 1.000,
                },
                halstead: Stats {
                    u_operators: 10,
                    operators: 24,
                    u_operands: 24,
                    operands: 35,
                },
                loc: Stats {
                    sloc: Sloc {
                        start: 25,
                        end: 41,
                        unit: fal,
                        sloc_min: 17,
                        sloc_max: 17,
                    },
                    ploc: Ploc {
                        lines: {
                            32,
                            29,
                            26,
                            40,
                            37,
                            34,
                            31,
                            28,
                            25,
                            39,
                            36,
                            33,
                            30,
                            27,
                            41,
                            38,
                            35,
                        },
                        ploc_min: 17,
                        ploc_max: 17,
                    },
                    cloc: Cloc {
                        only_comment_lines: 0,
                        code_comment_lines: 0,
                        comment_line_end: None,
                        cloc_min: 0,
                        cloc_max: 0,
                    },
                    lloc: Lloc {
                        logical_lines: 1,
                        lloc_min: 1,
                        lloc_max: 1,
                    },
                    space_count: 1,
                    blank_min: 0,
                    blank_max: 0,
                },
                nom: Stats {
                    functions: 1,
                    closures: 0,
                    functions_sum: 1,
                    closures_sum: 0,
                    functions_min: 1,
                    functions_max: 1,
                    closures_min: 0,
                    closures_max: 0,
                    space_count: 1,
                },
                mi: Stats {
                    halstead_length: 59.000,
                    halstead_vocabulary: 34.000,
                    halstead_volume: 300.160,
                    cyclomatic: 1.000,
                    sloc: 17.000,
                    comments_percentage: 0.000,
                },
                abc: Stats {
                    assignments: 0.000,
                    assignments_sum: 0.000,
                    assignments_min: 0.000,
                    assignments_max: 0.000,
                    branches: 0.000,
                    branches_sum: 0.000,
                    branches_min: 0.000,
                    branches_max: 0.000,
                    conditions: 0.000,
                    conditions_sum: 0.000,
                    conditions_min: 0.000,
                    conditions_max: 0.000,
                    space_count: 1,
                    declaration: [],
                },
                wmc: Stats {
                    cyclomatic: 0.000,
                    class_wmc: 0.000,
                    interface_wmc: 0.000,
                    class_wmc_sum: 0.000,
                    interface_wmc_sum: 0.000,
                    space_kind: Unknown,
                },
                npm: Stats {
                    class_npm: 0,
                    interface_npm: 0,
                    class_nm: 0,
                    interface_nm: 0,
                    class_npm_sum: 0,
                    interface_npm_sum: 0,
                    class_nm_sum: 0,
                    interface_nm_sum: 0,
                    is_class_space: fal,
                },
                npa: Stats {
                    class_npa: 0,
                    interface_npa: 0,
                    class_na: 0,
                    interface_na: 0,
                    class_npa_sum: 0,
                    interface_npa_sum: 0,
                    class_na_sum: 0,
                    interface_na_sum: 0,
                    is_class_space: fal,
                },
            },
        },
    ],
    metrics: CodeMetrics {
        nargs: Stats {
            fn_nargs: 0,
            closure_nargs: 0,
            fn_nargs_sum: 0,
            closure_nargs_sum: 0,
            fn_nargs_min: 0,
            closure_nargs_min: 0,
            fn_nargs_max: 0,
            closure_nargs_max: 0,
            total_functions: 2,
            total_closures: 0,
        },
        nexits: Stats {
            exit: 0,
            exit_sum: 0,
            total_space_functions: 2,
            exit_min: 0,
            exit_max: 0,
        },
        cognitive: Stats {
            structural: 0,
            structural_sum: 0,
            structural_min: 0,
            structural_max: 0,
            nesting: 0,
            total_space_functions: 2,
            boolean_seq: BoolSequence {
                boolean_op: None,
            },
        },
        cyclomatic: Stats {
            cyclomatic_sum: 3.000,
            cyclomatic: 1.000,
            n: 3,
            cyclomatic_max: 1.000,
            cyclomatic_min: 1.000,
        },
        halstead: Stats {
            u_operators: 10,
            operators: 55,
            u_operands: 38,
            operands: 72,
        },
        loc: Stats {
            sloc: Sloc {
                start: 0,
                end: 42,
                unit: tru,
                sloc_min: 14,
                sloc_max: 17,
            },
            ploc: Ploc {
                lines: {
                    0,
                    40,
                    37,
                    34,
                    31,
                    28,
                    25,
                    22,
                    19,
                    16,
                    13,
                    10,
                    4,
                    41,
                    38,
                    35,
                    32,
                    29,
                    26,
                    20,
                    17,
                    14,
                    11,
                    8,
                    5,
                    2,
                    39,
                    36,
                    33,
                    30,
                    27,
                    24,
                    21,
                    18,
                    15,
                    12,
                    9,
                    6,
                },
                ploc_min: 14,
                ploc_max: 17,
            },
            cloc: Cloc {
                only_comment_lines: 0,
                code_comment_lines: 0,
                comment_line_end: None,
                cloc_min: 0,
                cloc_max: 0,
            },
            lloc: Lloc {
                logical_lines: 2,
                lloc_min: 1,
                lloc_max: 1,
            },
            space_count: 3,
            blank_min: 0,
            blank_max: 0,
        },
        nom: Stats {
            functions: 0,
            closures: 0,
            functions_sum: 2,
            closures_sum: 0,
            functions_min: 0,
            functions_max: 1,
            closures_min: 0,
            closures_max: 0,
            space_count: 3,
        },
        mi: Stats {
            halstead_length: 127.000,
            halstead_vocabulary: 48.000,
            halstead_volume: 709.290,
            cyclomatic: 3.000,
            sloc: 42.000,
            comments_percentage: 0.000,
        },
        abc: Stats {
            assignments: 0.000,
            assignments_sum: 0.000,
            assignments_min: 0.000,
            assignments_max: 0.000,
            branches: 0.000,
            branches_sum: 0.000,
            branches_min: 0.000,
            branches_max: 0.000,
            conditions: 0.000,
            conditions_sum: 0.000,
            conditions_min: 0.000,
            conditions_max: 0.000,
            space_count: 3,
            declaration: [],
        },
        wmc: Stats {
            cyclomatic: 0.000,
            class_wmc: 0.000,
            interface_wmc: 0.000,
            class_wmc_sum: 0.000,
            interface_wmc_sum: 0.000,
            space_kind: Unknown,
        },
        npm: Stats {
            class_npm: 0,
            interface_npm: 0,
            class_nm: 0,
            interface_nm: 0,
            class_npm_sum: 0,
            interface_npm_sum: 0,
            class_nm_sum: 0,
            interface_nm_sum: 0,
            is_class_space: fal,
        },
        npa: Stats {
            class_npa: 0,
            interface_npa: 0,
            class_na: 0,
            interface_na: 0,
            class_npa_sum: 0,
            interface_npa_sum: 0,
            class_na_sum: 0,
            interface_na_sum: 0,
            is_class_space: fal,
        },
    },
}
