---
source: tests/common/mod.rs
expression: funcspace_struct
---
{
  "name": null,
  "start_line": 1,
  "end_line": 264,
  "kind": "unit",
  "spaces": [
    {
      "name": "TFModelState::TFModelState",
      "start_line": 8,
      "end_line": 13,
      "kind": "function",
      "spaces": [],
      "metrics": {
        "nargs": {
          "total_functions": 0.0,
          "total_closures": 0.0,
          "average_functions": 0.0,
          "average_closures": 0.0,
          "total": 0.0,
          "average": 0.0,
          "functions_min": 0.0,
          "functions_max": 0.0,
          "closures_min": 0.0,
          "closures_max": 0.0
        },
        "nexits": {
          "sum": 0.0,
          "average": 0.0,
          "min": 0.0,
          "max": 0.0
        },
        "cognitive": {
          "sum": 0.0,
          "average": 0.0,
          "min": 0.0,
          "max": 0.0
        },
        "cyclomatic": {
          "sum": 1.0,
          "average": 1.0,
          "min": 1.0,
          "max": 1.0
        },
        "halstead": {
          "n1": 5.0,
          "N1": 9.0,
          "n2": 5.0,
          "N2": 6.0,
          "length": 15.0,
          "estimated_program_length": 23.21928094887362,
          "purity_ratio": 1.5479520632582413,
          "vocabulary": 10.0,
          "volume": 49.82892142331043,
          "difficulty": 3.0,
          "level": 0.3333333333333333,
          "effort": 149.4867642699313,
          "time": 8.304820237218406,
          "bugs": 0.009388882548620756
        },
        "loc": {
          "sloc": 6.0,
          "ploc": 6.0,
          "lloc": 0.0,
          "cloc": 0.0,
          "blank": 0.0,
          "sloc_average": 6.0,
          "ploc_average": 6.0,
          "lloc_average": 0.0,
          "cloc_average": 0.0,
          "blank_average": 0.0,
          "sloc_min": 6.0,
          "sloc_max": 6.0,
          "cloc_min": 0.0,
          "cloc_max": 0.0,
          "ploc_min": 6.0,
          "ploc_max": 6.0,
          "lloc_min": 0.0,
          "lloc_max": 0.0,
          "blank_min": 0.0,
          "blank_max": 0.0
        },
        "nom": {
          "functions": 1.0,
          "closures": 0.0,
          "functions_average": 1.0,
          "closures_average": 0.0,
          "total": 1.0,
          "average": 1.0,
          "functions_min": 1.0,
          "functions_max": 1.0,
          "closures_min": 0.0,
          "closures_max": 0.0
        },
        "mi": {
          "mi_original": 121.41879965045999,
          "mi_sei": 99.57126799380097,
          "mi_visual_studio": 71.00514599442104
        },
        "abc": {
          "assignments": 0.0,
          "branches": 0.0,
          "conditions": 0.0,
          "magnitude": 0.0,
          "assignments_average": 0.0,
          "branches_average": 0.0,
          "conditions_average": 0.0,
          "assignments_min": 0.0,
          "assignments_max": 0.0,
          "branches_min": 0.0,
          "branches_max": 0.0,
          "conditions_min": 0.0,
          "conditions_max": 0.0
        }
      }
    },
    {
      "name": "TFModelState::~TFModelState",
      "start_line": 15,
      "end_line": 23,
      "kind": "function",
      "spaces": [],
      "metrics": {
        "nargs": {
          "total_functions": 0.0,
          "total_closures": 0.0,
          "average_functions": 0.0,
          "average_closures": 0.0,
          "total": 0.0,
          "average": 0.0,
          "functions_min": 0.0,
          "functions_max": 0.0,
          "closures_min": 0.0,
          "closures_max": 0.0
        },
        "nexits": {
          "sum": 0.0,
          "average": 0.0,
          "min": 0.0,
          "max": 0.0
        },
        "cognitive": {
          "sum": 3.0,
          "average": 3.0,
          "min": 3.0,
          "max": 3.0
        },
        "cyclomatic": {
          "sum": 3.0,
          "average": 3.0,
          "min": 3.0,
          "max": 3.0
        },
        "halstead": {
          "n1": 11.0,
          "N1": 23.0,
          "n2": 9.0,
          "N2": 12.0,
          "length": 35.0,
          "estimated_program_length": 66.58307281799108,
          "purity_ratio": 1.9023735090854594,
          "vocabulary": 20.0,
          "volume": 151.26748332105768,
          "difficulty": 7.333333333333333,
          "level": 0.13636363636363638,
          "effort": 1109.2948776877563,
          "time": 61.62749320487535,
          "bugs": 0.03571988760390155
        },
        "loc": {
          "sloc": 9.0,
          "ploc": 9.0,
          "lloc": 4.0,
          "cloc": 0.0,
          "blank": 0.0,
          "sloc_average": 9.0,
          "ploc_average": 9.0,
          "lloc_average": 4.0,
          "cloc_average": 0.0,
          "blank_average": 0.0,
          "sloc_min": 9.0,
          "sloc_max": 9.0,
          "cloc_min": 0.0,
          "cloc_max": 0.0,
          "ploc_min": 9.0,
          "ploc_max": 9.0,
          "lloc_min": 4.0,
          "lloc_max": 4.0,
          "blank_min": 0.0,
          "blank_max": 0.0
        },
        "nom": {
          "functions": 1.0,
          "closures": 0.0,
          "functions_average": 1.0,
          "closures_average": 0.0,
          "total": 1.0,
          "average": 1.0,
          "functions_min": 1.0,
          "functions_max": 1.0,
          "closures_min": 0.0,
          "closures_max": 0.0
        },
        "mi": {
          "mi_original": 108.6159034984859,
          "mi_sei": 81.30423292514048,
          "mi_visual_studio": 63.518072221336794
        },
        "abc": {
          "assignments": 0.0,
          "branches": 0.0,
          "conditions": 0.0,
          "magnitude": 0.0,
          "assignments_average": 0.0,
          "branches_average": 0.0,
          "conditions_average": 0.0,
          "assignments_min": 0.0,
          "assignments_max": 0.0,
          "branches_min": 0.0,
          "branches_max": 0.0,
          "conditions_min": 0.0,
          "conditions_max": 0.0
        }
      }
    },
    {
      "name": "TFModelState::init",
      "start_line": 25,
      "end_line": 172,
      "kind": "function",
      "spaces": [],
      "metrics": {
        "nargs": {
          "total_functions": 1.0,
          "total_closures": 0.0,
          "average_functions": 1.0,
          "average_closures": 0.0,
          "total": 1.0,
          "average": 1.0,
          "functions_min": 1.0,
          "functions_max": 1.0,
          "closures_min": 0.0,
          "closures_max": 0.0
        },
        "nexits": {
          "sum": 12.0,
          "average": 12.0,
          "min": 12.0,
          "max": 12.0
        },
        "cognitive": {
          "sum": 27.0,
          "average": 27.0,
          "min": 27.0,
          "max": 27.0
        },
        "cyclomatic": {
          "sum": 20.0,
          "average": 20.0,
          "min": 20.0,
          "max": 20.0
        },
        "halstead": {
          "n1": 28.0,
          "N1": 506.0,
          "n2": 125.0,
          "N2": 306.0,
          "length": 812.0,
          "estimated_program_length": 1005.3289734003738,
          "purity_ratio": 1.2380898687196722,
          "vocabulary": 153.0,
          "volume": 5892.998928266434,
          "difficulty": 34.272,
          "level": 0.029178338001867414,
          "effort": 201964.85926954722,
          "time": 11220.269959419289,
          "bugs": 1.147438152436899
        },
        "loc": {
          "sloc": 148.0,
          "ploc": 131.0,
          "lloc": 84.0,
          "cloc": 0.0,
          "blank": 17.0,
          "sloc_average": 148.0,
          "ploc_average": 131.0,
          "lloc_average": 84.0,
          "cloc_average": 0.0,
          "blank_average": 17.0,
          "sloc_min": 148.0,
          "sloc_max": 148.0,
          "cloc_min": 0.0,
          "cloc_max": 0.0,
          "ploc_min": 131.0,
          "ploc_max": 131.0,
          "lloc_min": 84.0,
          "lloc_max": 84.0,
          "blank_min": 17.0,
          "blank_max": 17.0
        },
        "nom": {
          "functions": 1.0,
          "closures": 0.0,
          "functions_average": 1.0,
          "closures_average": 0.0,
          "total": 1.0,
          "average": 1.0,
          "functions_min": 1.0,
          "functions_max": 1.0,
          "closures_min": 0.0,
          "closures_max": 0.0
        },
        "mi": {
          "mi_original": 40.30125558956503,
          "mi_sei": -15.522033223259427,
          "mi_visual_studio": 23.56798572489183
        },
        "abc": {
          "assignments": 0.0,
          "branches": 0.0,
          "conditions": 0.0,
          "magnitude": 0.0,
          "assignments_average": 0.0,
          "branches_average": 0.0,
          "conditions_average": 0.0,
          "assignments_min": 0.0,
          "assignments_max": 0.0,
          "branches_min": 0.0,
          "branches_max": 0.0,
          "conditions_min": 0.0,
          "conditions_max": 0.0
        }
      }
    },
    {
      "name": "tensor_from_vector",
      "start_line": 174,
      "end_line": 187,
      "kind": "function",
      "spaces": [],
      "metrics": {
        "nargs": {
          "total_functions": 2.0,
          "total_closures": 0.0,
          "average_functions": 2.0,
          "average_closures": 0.0,
          "total": 2.0,
          "average": 2.0,
          "functions_min": 2.0,
          "functions_max": 2.0,
          "closures_min": 0.0,
          "closures_max": 0.0
        },
        "nexits": {
          "sum": 1.0,
          "average": 1.0,
          "min": 1.0,
          "max": 1.0
        },
        "cognitive": {
          "sum": 2.0,
          "average": 2.0,
          "min": 2.0,
          "max": 2.0
        },
        "cyclomatic": {
          "sum": 3.0,
          "average": 3.0,
          "min": 3.0,
          "max": 3.0
        },
        "halstead": {
          "n1": 15.0,
          "N1": 49.0,
          "n2": 15.0,
          "N2": 32.0,
          "length": 81.0,
          "estimated_program_length": 117.20671786825557,
          "purity_ratio": 1.446996516892044,
          "vocabulary": 30.0,
          "volume": 397.45813824429,
          "difficulty": 16.0,
          "level": 0.0625,
          "effort": 6359.33021190864,
          "time": 353.2961228838133,
          "bugs": 0.11441588644097125
        },
        "loc": {
          "sloc": 14.0,
          "ploc": 14.0,
          "lloc": 8.0,
          "cloc": 0.0,
          "blank": 0.0,
          "sloc_average": 14.0,
          "ploc_average": 14.0,
          "lloc_average": 8.0,
          "cloc_average": 0.0,
          "blank_average": 0.0,
          "sloc_min": 14.0,
          "sloc_max": 14.0,
          "cloc_min": 0.0,
          "cloc_max": 0.0,
          "ploc_min": 14.0,
          "ploc_max": 14.0,
          "lloc_min": 8.0,
          "lloc_max": 8.0,
          "blank_min": 0.0,
          "blank_max": 0.0
        },
        "nom": {
          "functions": 1.0,
          "closures": 0.0,
          "functions_average": 1.0,
          "closures_average": 0.0,
          "total": 1.0,
          "average": 1.0,
          "functions_min": 1.0,
          "functions_max": 1.0,
          "closures_min": 0.0,
          "closures_max": 0.0
        },
        "mi": {
          "mi_original": 96.43480525726346,
          "mi_sei": 63.73062289994757,
          "mi_visual_studio": 56.394622957464016
        },
        "abc": {
          "assignments": 0.0,
          "branches": 0.0,
          "conditions": 0.0,
          "magnitude": 0.0,
          "assignments_average": 0.0,
          "branches_average": 0.0,
          "conditions_average": 0.0,
          "assignments_min": 0.0,
          "assignments_max": 0.0,
          "branches_min": 0.0,
          "branches_max": 0.0,
          "conditions_min": 0.0,
          "conditions_max": 0.0
        }
      }
    },
    {
      "name": "copy_tensor_to_vector",
      "start_line": 189,
      "end_line": 199,
      "kind": "function",
      "spaces": [],
      "metrics": {
        "nargs": {
          "total_functions": 3.0,
          "total_closures": 0.0,
          "average_functions": 3.0,
          "average_closures": 0.0,
          "total": 3.0,
          "average": 3.0,
          "functions_min": 3.0,
          "functions_max": 3.0,
          "closures_min": 0.0,
          "closures_max": 0.0
        },
        "nexits": {
          "sum": 0.0,
          "average": 0.0,
          "min": 0.0,
          "max": 0.0
        },
        "cognitive": {
          "sum": 2.0,
          "average": 2.0,
          "min": 2.0,
          "max": 2.0
        },
        "cyclomatic": {
          "sum": 3.0,
          "average": 3.0,
          "min": 3.0,
          "max": 3.0
        },
        "halstead": {
          "n1": 14.0,
          "N1": 42.0,
          "n2": 13.0,
          "N2": 25.0,
          "length": 67.0,
          "estimated_program_length": 101.40868524464065,
          "purity_ratio": 1.5135624663379201,
          "vocabulary": 27.0,
          "volume": 318.5774626449524,
          "difficulty": 13.461538461538462,
          "level": 0.07428571428571429,
          "effort": 4288.542766374359,
          "time": 238.25237590968663,
          "bugs": 0.08798701321436701
        },
        "loc": {
          "sloc": 11.0,
          "ploc": 11.0,
          "lloc": 5.0,
          "cloc": 0.0,
          "blank": 0.0,
          "sloc_average": 11.0,
          "ploc_average": 11.0,
          "lloc_average": 5.0,
          "cloc_average": 0.0,
          "blank_average": 0.0,
          "sloc_min": 11.0,
          "sloc_max": 11.0,
          "cloc_min": 0.0,
          "cloc_max": 0.0,
          "ploc_min": 11.0,
          "ploc_max": 11.0,
          "lloc_min": 5.0,
          "lloc_max": 5.0,
          "blank_min": 0.0,
          "blank_max": 0.0
        },
        "nom": {
          "functions": 1.0,
          "closures": 0.0,
          "functions_average": 1.0,
          "closures_average": 0.0,
          "total": 1.0,
          "average": 1.0,
          "functions_min": 1.0,
          "functions_max": 1.0,
          "closures_min": 0.0,
          "closures_max": 0.0
        },
        "mi": {
          "mi_original": 101.49199516812772,
          "mi_sei": 71.02660570518513,
          "mi_visual_studio": 59.35204395796943
        },
        "abc": {
          "assignments": 0.0,
          "branches": 0.0,
          "conditions": 0.0,
          "magnitude": 0.0,
          "assignments_average": 0.0,
          "branches_average": 0.0,
          "conditions_average": 0.0,
          "assignments_min": 0.0,
          "assignments_max": 0.0,
          "branches_min": 0.0,
          "branches_max": 0.0,
          "conditions_min": 0.0,
          "conditions_max": 0.0
        }
      }
    },
    {
      "name": "TFModelState::infer",
      "start_line": 201,
      "end_line": 245,
      "kind": "function",
      "spaces": [],
      "metrics": {
        "nargs": {
          "total_functions": 7.0,
          "total_closures": 0.0,
          "average_functions": 7.0,
          "average_closures": 0.0,
          "total": 7.0,
          "average": 7.0,
          "functions_min": 7.0,
          "functions_max": 7.0,
          "closures_min": 0.0,
          "closures_max": 0.0
        },
        "nexits": {
          "sum": 1.0,
          "average": 1.0,
          "min": 1.0,
          "max": 1.0
        },
        "cognitive": {
          "sum": 1.0,
          "average": 1.0,
          "min": 1.0,
          "max": 1.0
        },
        "cyclomatic": {
          "sum": 2.0,
          "average": 2.0,
          "min": 2.0,
          "max": 2.0
        },
        "halstead": {
          "n1": 19.0,
          "N1": 151.0,
          "n2": 48.0,
          "N2": 101.0,
          "length": 252.0,
          "estimated_program_length": 348.78882279004364,
          "purity_ratio": 1.3840826301192208,
          "vocabulary": 67.0,
          "volume": 1528.6544759953586,
          "difficulty": 19.989583333333332,
          "level": 0.050026055237102664,
          "effort": 30557.16603578222,
          "time": 1697.6203353212343,
          "bugs": 0.325802286536511
        },
        "loc": {
          "sloc": 45.0,
          "ploc": 38.0,
          "lloc": 18.0,
          "cloc": 1.0,
          "blank": 7.0,
          "sloc_average": 45.0,
          "ploc_average": 38.0,
          "lloc_average": 18.0,
          "cloc_average": 1.0,
          "blank_average": 7.0,
          "sloc_min": 45.0,
          "sloc_max": 45.0,
          "cloc_min": 1.0,
          "cloc_max": 1.0,
          "ploc_min": 38.0,
          "ploc_max": 38.0,
          "lloc_min": 18.0,
          "lloc_max": 18.0,
          "blank_min": 7.0,
          "blank_max": 7.0
        },
        "nom": {
          "functions": 1.0,
          "closures": 0.0,
          "functions_average": 1.0,
          "closures_average": 0.0,
          "total": 1.0,
          "average": 1.0,
          "functions_min": 1.0,
          "functions_max": 1.0,
          "closures_min": 0.0,
          "closures_max": 0.0
        },
        "mi": {
          "mi_original": 70.74492302567258,
          "mi_sei": 38.01077603942945,
          "mi_visual_studio": 41.371300015013205
        },
        "abc": {
          "assignments": 0.0,
          "branches": 0.0,
          "conditions": 0.0,
          "magnitude": 0.0,
          "assignments_average": 0.0,
          "branches_average": 0.0,
          "conditions_average": 0.0,
          "assignments_min": 0.0,
          "assignments_max": 0.0,
          "branches_min": 0.0,
          "branches_max": 0.0,
          "conditions_min": 0.0,
          "conditions_max": 0.0
        }
      }
    },
    {
      "name": "TFModelState::compute_mfcc",
      "start_line": 247,
      "end_line": 264,
      "kind": "function",
      "spaces": [],
      "metrics": {
        "nargs": {
          "total_functions": 2.0,
          "total_closures": 0.0,
          "average_functions": 2.0,
          "average_closures": 0.0,
          "total": 2.0,
          "average": 2.0,
          "functions_min": 2.0,
          "functions_max": 2.0,
          "closures_min": 0.0,
          "closures_max": 0.0
        },
        "nexits": {
          "sum": 1.0,
          "average": 1.0,
          "min": 1.0,
          "max": 1.0
        },
        "cognitive": {
          "sum": 1.0,
          "average": 1.0,
          "min": 1.0,
          "max": 1.0
        },
        "cyclomatic": {
          "sum": 2.0,
          "average": 2.0,
          "min": 2.0,
          "max": 2.0
        },
        "halstead": {
          "n1": 19.0,
          "N1": 64.0,
          "n2": 28.0,
          "N2": 41.0,
          "length": 105.0,
          "estimated_program_length": 215.31656057304102,
          "purity_ratio": 2.0506339102194384,
          "vocabulary": 47.0,
          "volume": 583.231829426152,
          "difficulty": 13.910714285714286,
          "level": 0.07188703465982028,
          "effort": 8113.17134148165,
          "time": 450.731741193425,
          "bugs": 0.1345878464135238
        },
        "loc": {
          "sloc": 18.0,
          "ploc": 14.0,
          "lloc": 9.0,
          "cloc": 1.0,
          "blank": 3.0,
          "sloc_average": 18.0,
          "ploc_average": 14.0,
          "lloc_average": 9.0,
          "cloc_average": 1.0,
          "blank_average": 3.0,
          "sloc_min": 18.0,
          "sloc_max": 18.0,
          "cloc_min": 1.0,
          "cloc_max": 1.0,
          "ploc_min": 14.0,
          "ploc_max": 14.0,
          "lloc_min": 9.0,
          "lloc_max": 9.0,
          "blank_min": 3.0,
          "blank_max": 3.0
        },
        "nom": {
          "functions": 1.0,
          "closures": 0.0,
          "functions_average": 1.0,
          "closures_average": 0.0,
          "total": 1.0,
          "average": 1.0,
          "functions_min": 1.0,
          "functions_max": 1.0,
          "closures_min": 0.0,
          "closures_max": 0.0
        },
        "mi": {
          "mi_original": 90.5993367887475,
          "mi_sei": 73.0643960222497,
          "mi_visual_studio": 52.98206829751316
        },
        "abc": {
          "assignments": 0.0,
          "branches": 0.0,
          "conditions": 0.0,
          "magnitude": 0.0,
          "assignments_average": 0.0,
          "branches_average": 0.0,
          "conditions_average": 0.0,
          "assignments_min": 0.0,
          "assignments_max": 0.0,
          "branches_min": 0.0,
          "branches_max": 0.0,
          "conditions_min": 0.0,
          "conditions_max": 0.0
        }
      }
    }
  ],
  "metrics": {
    "nargs": {
      "total_functions": 15.0,
      "total_closures": 0.0,
      "average_functions": 2.142857142857143,
      "average_closures": 0.0,
      "total": 15.0,
      "average": 2.142857142857143,
      "functions_min": 0.0,
      "functions_max": 7.0,
      "closures_min": 0.0,
      "closures_max": 0.0
    },
    "nexits": {
      "sum": 15.0,
      "average": 2.142857142857143,
      "min": 0.0,
      "max": 12.0
    },
    "cognitive": {
      "sum": 36.0,
      "average": 5.142857142857143,
      "min": 0.0,
      "max": 27.0
    },
    "cyclomatic": {
      "sum": 35.0,
      "average": 4.375,
      "min": 1.0,
      "max": 20.0
    },
    "halstead": {
      "n1": 31.0,
      "N1": 847.0,
      "n2": 173.0,
      "N2": 527.0,
      "length": 1374.0,
      "estimated_program_length": 1439.7707690031466,
      "purity_ratio": 1.0478680997111693,
      "vocabulary": 204.0,
      "volume": 10541.912419868835,
      "difficulty": 47.216763005780344,
      "level": 0.021178919018179594,
      "effort": 497754.98035663913,
      "time": 27653.05446425773,
      "bugs": 2.093578042144436
    },
    "loc": {
      "sloc": 264.0,
      "ploc": 227.0,
      "lloc": 128.0,
      "cloc": 2.0,
      "blank": 36.0,
      "sloc_average": 33.0,
      "ploc_average": 28.375,
      "lloc_average": 16.0,
      "cloc_average": 0.25,
      "blank_average": 4.5,
      "sloc_min": 6.0,
      "sloc_max": 148.0,
      "cloc_min": 0.0,
      "cloc_max": 1.0,
      "ploc_min": 6.0,
      "ploc_max": 131.0,
      "lloc_min": 0.0,
      "lloc_max": 84.0,
      "blank_min": 0.0,
      "blank_max": 17.0
    },
    "nom": {
      "functions": 7.0,
      "closures": 0.0,
      "functions_average": 0.875,
      "closures_average": 0.0,
      "total": 7.0,
      "average": 0.875,
      "functions_min": 0.0,
      "functions_max": 1.0,
      "closures_min": 0.0,
      "closures_max": 0.0
    },
    "mi": {
      "mi_original": 24.45143043086682,
      "mi_sei": -30.139612596872936,
      "mi_visual_studio": 14.29908212331393
    },
    "abc": {
      "assignments": 0.0,
      "branches": 0.0,
      "conditions": 0.0,
      "magnitude": 0.0,
      "assignments_average": 0.0,
      "branches_average": 0.0,
      "conditions_average": 0.0,
      "assignments_min": 0.0,
      "assignments_max": 0.0,
      "branches_min": 0.0,
      "branches_max": 0.0,
      "conditions_min": 0.0,
      "conditions_max": 0.0
    }
  }
}
