---
source: tests/common/mod.rs
expression: funcspace_struct
---
name: "[filepath]"
start_line: 1
end_line: 154
kind: unit
spaces:
  - name: writeInt16
    start_line: 19
    end_line: 22
    kind: function
    spaces: []
    metrics:
      nargs:
        total_functions: 3
        total_closures: 0
        average_functions: 3
        average_closures: 0
        total: 3
        average: 3
        functions_min: 3
        functions_max: 3
        closures_min: 0
        closures_max: 0
      nexits:
        sum: 0
        average: 0
        min: 0
        max: 0
      cognitive:
        sum: 0
        average: 0
        min: 0
        max: 0
      cyclomatic:
        sum: 1
        average: 1
        min: 1
        max: 1
      halstead:
        n1: 10
        N1: 16
        n2: 7
        N2: 14
        length: 30
        estimated_program_length: 52.871
        purity_ratio: 1.762
        vocabulary: 17
        volume: 122.624
        difficulty: 10
        level: 0.1
        effort: 1226.239
        time: 68.124
        bugs: 0.038
      loc:
        sloc: 4
        ploc: 4
        lloc: 3
        cloc: 0
        blank: 0
        sloc_average: 4
        ploc_average: 4
        lloc_average: 3
        cloc_average: 0
        blank_average: 0
        sloc_min: 4
        sloc_max: 4
        cloc_min: 0
        cloc_max: 0
        ploc_min: 4
        ploc_max: 4
        lloc_min: 3
        lloc_max: 3
        blank_min: 0
        blank_max: 0
      nom:
        functions: 1
        closures: 0
        functions_average: 1
        closures_average: 0
        total: 1
        average: 1
        functions_min: 1
        functions_max: 1
        closures_min: 0
        closures_max: 0
      mi:
        mi_original: 123.305
        mi_sei: 102.292
        mi_visual_studio: 72.108
      abc:
        assignments: 0
        branches: 0
        conditions: 0
        magnitude: 0
        assignments_average: 0
        branches_average: 0
        conditions_average: 0
        assignments_min: 0
        assignments_max: 0
        branches_min: 0
        branches_max: 0
        conditions_min: 0
        conditions_max: 0
  - name: writeInt32
    start_line: 24
    end_line: 29
    kind: function
    spaces: []
    metrics:
      nargs:
        total_functions: 3
        total_closures: 0
        average_functions: 3
        average_closures: 0
        total: 3
        average: 3
        functions_min: 3
        functions_max: 3
        closures_min: 0
        closures_max: 0
      nexits:
        sum: 0
        average: 0
        min: 0
        max: 0
      cognitive:
        sum: 0
        average: 0
        min: 0
        max: 0
      cyclomatic:
        sum: 1
        average: 1
        min: 1
        max: 1
      halstead:
        n1: 10
        N1: 30
        n2: 11
        N2: 26
        length: 56
        estimated_program_length: 71.273
        purity_ratio: 1.273
        vocabulary: 21
        volume: 245.97
        difficulty: 11.818
        level: 0.085
        effort: 2906.916
        time: 161.495
        bugs: 0.068
      loc:
        sloc: 6
        ploc: 6
        lloc: 5
        cloc: 0
        blank: 0
        sloc_average: 6
        ploc_average: 6
        lloc_average: 5
        cloc_average: 0
        blank_average: 0
        sloc_min: 6
        sloc_max: 6
        cloc_min: 0
        cloc_max: 0
        ploc_min: 6
        ploc_max: 6
        lloc_min: 5
        lloc_max: 5
        blank_min: 0
        blank_max: 0
      nom:
        functions: 1
        closures: 0
        functions_average: 1
        closures_average: 0
        total: 1
        average: 1
        functions_min: 1
        functions_max: 1
        closures_min: 0
        closures_max: 0
      mi:
        mi_original: 113.116
        mi_sei: 87.593
        mi_visual_studio: 66.15
      abc:
        assignments: 0
        branches: 0
        conditions: 0
        magnitude: 0
        assignments_average: 0
        branches_average: 0
        conditions_average: 0
        assignments_min: 0
        assignments_max: 0
        branches_min: 0
        branches_max: 0
        conditions_min: 0
        conditions_max: 0
  - name: writeData
    start_line: 31
    end_line: 44
    kind: function
    spaces: []
    metrics:
      nargs:
        total_functions: 3
        total_closures: 0
        average_functions: 3
        average_closures: 0
        total: 3
        average: 3
        functions_min: 3
        functions_max: 3
        closures_min: 0
        closures_max: 0
      nexits:
        sum: 0
        average: 0
        min: 0
        max: 0
      cognitive:
        sum: 7
        average: 7
        min: 7
        max: 7
      cyclomatic:
        sum: 5
        average: 5
        min: 5
        max: 5
      halstead:
        n1: 18
        N1: 48
        n2: 19
        N2: 37
        length: 85
        estimated_program_length: 155.769
        purity_ratio: 1.833
        vocabulary: 37
        volume: 442.804
        difficulty: 17.526
        level: 0.057
        effort: 7760.715
        time: 431.151
        bugs: 0.131
      loc:
        sloc: 14
        ploc: 13
        lloc: 14
        cloc: 1
        blank: 0
        sloc_average: 14
        ploc_average: 13
        lloc_average: 14
        cloc_average: 1
        blank_average: 0
        sloc_min: 14
        sloc_max: 14
        cloc_min: 1
        cloc_max: 1
        ploc_min: 13
        ploc_max: 13
        lloc_min: 14
        lloc_max: 14
        blank_min: 0
        blank_max: 0
      nom:
        functions: 1
        closures: 0
        functions_average: 1
        closures_average: 0
        total: 1
        average: 1
        functions_min: 1
        functions_max: 1
        closures_min: 0
        closures_max: 0
      mi:
        mi_original: 95.413
        mi_sei: 82.576
        mi_visual_studio: 55.797
      abc:
        assignments: 0
        branches: 0
        conditions: 0
        magnitude: 0
        assignments_average: 0
        branches_average: 0
        conditions_average: 0
        assignments_min: 0
        assignments_max: 0
        branches_min: 0
        branches_max: 0
        conditions_min: 0
        conditions_max: 0
  - name: OpenTypeFileBuilder
    start_line: 49
    end_line: 152
    kind: class
    spaces:
      - name: constructor
        start_line: 50
        end_line: 53
        kind: function
        spaces: []
        metrics:
          nargs:
            total_functions: 1
            total_closures: 0
            average_functions: 1
            average_closures: 0
            total: 1
            average: 1
            functions_min: 1
            functions_max: 1
            closures_min: 0
            closures_max: 0
          nexits:
            sum: 0
            average: 0
            min: 0
            max: 0
          cognitive:
            sum: 0
            average: 0
            min: 0
            max: 0
          cyclomatic:
            sum: 1
            average: 1
            min: 1
            max: 1
          halstead:
            n1: 5
            N1: 10
            n2: 10
            N2: 13
            length: 23
            estimated_program_length: 44.829
            purity_ratio: 1.949
            vocabulary: 15
            volume: 89.858
            difficulty: 3.25
            level: 0.308
            effort: 292.04
            time: 16.224
            bugs: 0.015
          loc:
            sloc: 4
            ploc: 4
            lloc: 3
            cloc: 0
            blank: 0
            sloc_average: 4
            ploc_average: 4
            lloc_average: 3
            cloc_average: 0
            blank_average: 0
            sloc_min: 4
            sloc_max: 4
            cloc_min: 0
            cloc_max: 0
            ploc_min: 4
            ploc_max: 4
            lloc_min: 3
            lloc_max: 3
            blank_min: 0
            blank_max: 0
          nom:
            functions: 1
            closures: 0
            functions_average: 1
            closures_average: 0
            total: 1
            average: 1
            functions_min: 1
            functions_max: 1
            closures_min: 0
            closures_max: 0
          mi:
            mi_original: 124.921
            mi_sei: 104.624
            mi_visual_studio: 73.053
          abc:
            assignments: 0
            branches: 0
            conditions: 0
            magnitude: 0
            assignments_average: 0
            branches_average: 0
            conditions_average: 0
            assignments_min: 0
            assignments_max: 0
            branches_min: 0
            branches_max: 0
            conditions_min: 0
            conditions_max: 0
      - name: getSearchParams
        start_line: 55
        end_line: 68
        kind: function
        spaces: []
        metrics:
          nargs:
            total_functions: 2
            total_closures: 0
            average_functions: 2
            average_closures: 0
            total: 2
            average: 2
            functions_min: 2
            functions_max: 2
            closures_min: 0
            closures_max: 0
          nexits:
            sum: 1
            average: 1
            min: 1
            max: 1
          cognitive:
            sum: 1
            average: 1
            min: 1
            max: 1
          cyclomatic:
            sum: 2
            average: 2
            min: 2
            max: 2
          halstead:
            n1: 16
            N1: 33
            n2: 11
            N2: 24
            length: 57
            estimated_program_length: 102.054
            purity_ratio: 1.79
            vocabulary: 27
            volume: 271.029
            difficulty: 17.455
            level: 0.057
            effort: 4730.681
            time: 262.816
            bugs: 0.094
          loc:
            sloc: 14
            ploc: 14
            lloc: 6
            cloc: 0
            blank: 0
            sloc_average: 14
            ploc_average: 14
            lloc_average: 6
            cloc_average: 0
            blank_average: 0
            sloc_min: 14
            sloc_max: 14
            cloc_min: 0
            cloc_max: 0
            ploc_min: 14
            ploc_max: 14
            lloc_min: 6
            lloc_max: 6
            blank_min: 0
            blank_max: 0
          nom:
            functions: 1
            closures: 0
            functions_average: 1
            closures_average: 0
            total: 1
            average: 1
            functions_min: 1
            functions_max: 1
            closures_min: 0
            closures_max: 0
          mi:
            mi_original: 98.656
            mi_sei: 66.833
            mi_visual_studio: 57.693
          abc:
            assignments: 0
            branches: 0
            conditions: 0
            magnitude: 0
            assignments_average: 0
            branches_average: 0
            conditions_average: 0
            assignments_min: 0
            assignments_max: 0
            branches_min: 0
            branches_max: 0
            conditions_min: 0
            conditions_max: 0
      - name: toArray
        start_line: 70
        end_line: 144
        kind: function
        spaces: []
        metrics:
          nargs:
            total_functions: 0
            total_closures: 0
            average_functions: 0
            average_closures: 0
            total: 0
            average: 0
            functions_min: 0
            functions_max: 0
            closures_min: 0
            closures_max: 0
          nexits:
            sum: 1
            average: 1
            min: 1
            max: 1
          cognitive:
            sum: 6
            average: 6
            min: 6
            max: 6
          cyclomatic:
            sum: 6
            average: 6
            min: 6
            max: 6
          halstead:
            n1: 22
            N1: 230
            n2: 64
            N2: 216
            length: 446
            estimated_program_length: 482.107
            purity_ratio: 1.081
            vocabulary: 86
            volume: 2866.114
            difficulty: 37.125
            level: 0.027
            effort: 106404.485
            time: 5911.36
            bugs: 0.748
          loc:
            sloc: 75
            ploc: 51
            lloc: 46
            cloc: 13
            blank: 11
            sloc_average: 75
            ploc_average: 51
            lloc_average: 46
            cloc_average: 13
            blank_average: 11
            sloc_min: 75
            sloc_max: 75
            cloc_min: 13
            cloc_max: 13
            ploc_min: 51
            ploc_max: 51
            lloc_min: 46
            lloc_max: 46
            blank_min: 11
            blank_max: 11
          nom:
            functions: 1
            closures: 0
            functions_average: 1
            closures_average: 0
            total: 1
            average: 1
            functions_min: 1
            functions_max: 1
            closures_min: 0
            closures_max: 0
          mi:
            mi_original: 58.281
            mi_sei: 39.051
            mi_visual_studio: 34.082
          abc:
            assignments: 0
            branches: 0
            conditions: 0
            magnitude: 0
            assignments_average: 0
            branches_average: 0
            conditions_average: 0
            assignments_min: 0
            assignments_max: 0
            branches_min: 0
            branches_max: 0
            conditions_min: 0
            conditions_max: 0
      - name: addTable
        start_line: 146
        end_line: 151
        kind: function
        spaces: []
        metrics:
          nargs:
            total_functions: 2
            total_closures: 0
            average_functions: 2
            average_closures: 0
            total: 2
            average: 2
            functions_min: 2
            functions_max: 2
            closures_min: 0
            closures_max: 0
          nexits:
            sum: 0
            average: 0
            min: 0
            max: 0
          cognitive:
            sum: 1
            average: 1
            min: 1
            max: 1
          cyclomatic:
            sum: 2
            average: 2
            min: 2
            max: 2
          halstead:
            n1: 12
            N1: 18
            n2: 9
            N2: 16
            length: 34
            estimated_program_length: 71.549
            purity_ratio: 2.104
            vocabulary: 21
            volume: 149.339
            difficulty: 10.667
            level: 0.094
            effort: 1592.947
            time: 88.497
            bugs: 0.045
          loc:
            sloc: 6
            ploc: 6
            lloc: 5
            cloc: 0
            blank: 0
            sloc_average: 6
            ploc_average: 6
            lloc_average: 5
            cloc_average: 0
            blank_average: 0
            sloc_min: 6
            sloc_max: 6
            cloc_min: 0
            cloc_max: 0
            ploc_min: 6
            ploc_max: 6
            lloc_min: 5
            lloc_max: 5
            blank_min: 0
            blank_max: 0
          nom:
            functions: 1
            closures: 0
            functions_average: 1
            closures_average: 0
            total: 1
            average: 1
            functions_min: 1
            functions_max: 1
            closures_min: 0
            closures_max: 0
          mi:
            mi_original: 115.481
            mi_sei: 91.107
            mi_visual_studio: 67.533
          abc:
            assignments: 0
            branches: 0
            conditions: 0
            magnitude: 0
            assignments_average: 0
            branches_average: 0
            conditions_average: 0
            assignments_min: 0
            assignments_max: 0
            branches_min: 0
            branches_max: 0
            conditions_min: 0
            conditions_max: 0
    metrics:
      nargs:
        total_functions: 5
        total_closures: 0
        average_functions: 1.25
        average_closures: 0
        total: 5
        average: 1.25
        functions_min: 0
        functions_max: 2
        closures_min: 0
        closures_max: 0
      nexits:
        sum: 2
        average: 0.5
        min: 0
        max: 1
      cognitive:
        sum: 8
        average: 2
        min: 0
        max: 6
      cyclomatic:
        sum: 12
        average: 2.4
        min: 1
        max: 6
      halstead:
        n1: 30
        N1: 292
        n2: 79
        N2: 270
        length: 562
        estimated_program_length: 645.205
        purity_ratio: 1.148
        vocabulary: 109
        volume: 3803.72
        difficulty: 51.266
        level: 0.02
        effort: 195000.814
        time: 10833.379
        bugs: 1.121
      loc:
        sloc: 104
        ploc: 77
        lloc: 60
        cloc: 13
        blank: 14
        sloc_average: 20.8
        ploc_average: 15.4
        lloc_average: 12
        cloc_average: 2.6
        blank_average: 2.8
        sloc_min: 4
        sloc_max: 75
        cloc_min: 0
        cloc_max: 13
        ploc_min: 4
        ploc_max: 51
        lloc_min: 3
        lloc_max: 46
        blank_min: 0
        blank_max: 11
      nom:
        functions: 4
        closures: 0
        functions_average: 0.8
        closures_average: 0
        total: 4
        average: 0.8
        functions_min: 0
        functions_max: 1
        closures_min: 0
        closures_max: 0
      mi:
        mi_original: 50.133
        mi_sei: 23.885
        mi_visual_studio: 29.318
      abc:
        assignments: 0
        branches: 0
        conditions: 0
        magnitude: 0
        assignments_average: 0
        branches_average: 0
        conditions_average: 0
        assignments_min: 0
        assignments_max: 0
        branches_min: 0
        branches_max: 0
        conditions_min: 0
        conditions_max: 0
metrics:
  nargs:
    total_functions: 14
    total_closures: 0
    average_functions: 2
    average_closures: 0
    total: 14
    average: 2
    functions_min: 0
    functions_max: 3
    closures_min: 0
    closures_max: 0
  nexits:
    sum: 2
    average: 0.286
    min: 0
    max: 1
  cognitive:
    sum: 15
    average: 2.143
    min: 0
    max: 7
  cyclomatic:
    sum: 20
    average: 2.222
    min: 1
    max: 6
  halstead:
    n1: 37
    N1: 403
    n2: 92
    N2: 356
    length: 759
    estimated_program_length: 792.917
    purity_ratio: 1.045
    vocabulary: 129
    volume: 5321.521
    difficulty: 71.587
    level: 0.014
    effort: 380951.527
    time: 21163.974
    bugs: 1.752
  loc:
    sloc: 154
    ploc: 105
    lloc: 85
    cloc: 28
    blank: 21
    sloc_average: 17.111
    ploc_average: 11.667
    lloc_average: 9.444
    cloc_average: 3.111
    blank_average: 2.333
    sloc_min: 4
    sloc_max: 104
    cloc_min: 0
    cloc_max: 13
    ploc_min: 4
    ploc_max: 77
    lloc_min: 3
    lloc_max: 60
    blank_min: 0
    blank_max: 14
  nom:
    functions: 7
    closures: 0
    functions_average: 0.778
    closures_average: 0
    total: 7
    average: 0.778
    functions_min: 0
    functions_max: 1
    closures_min: 0
    closures_max: 0
  mi:
    mi_original: 40.188
    mi_sei: 14.993
    mi_visual_studio: 23.502
  abc:
    assignments: 0
    branches: 0
    conditions: 0
    magnitude: 0
    assignments_average: 0
    branches_average: 0
    conditions_average: 0
    assignments_min: 0
    assignments_max: 0
    branches_min: 0
    branches_max: 0
    conditions_min: 0
    conditions_max: 0

