---
source: tests/common/mod.rs
expression: funcspace_struct
---
name: "[filepath]"
start_line: 1
end_line: 378
kind: unit
spaces:
  - name: Event
    start_line: 20
    end_line: 43
    kind: class
    spaces:
      - name: constructor
        start_line: 21
        end_line: 42
        kind: function
        spaces: []
        metrics:
          nargs:
            total_functions: 1
            total_closures: 0
            average_functions: 1
            average_closures: 0
            total: 1
            average: 1
            functions_min: 1
            functions_max: 1
            closures_min: 0
            closures_max: 0
          nexits:
            sum: 0
            average: 0
            min: 0
            max: 0
          cognitive:
            sum: 14
            average: 14
            min: 14
            max: 14
          cyclomatic:
            sum: 15
            average: 15
            min: 15
            max: 15
          halstead:
            n1: 9
            N1: 100
            n2: 67
            N2: 129
            length: 229
            estimated_program_length: 434.957
            purity_ratio: 1.899
            vocabulary: 76
            volume: 1430.775
            difficulty: 8.664
            level: 0.115
            effort: 12396.494
            time: 688.694
            bugs: 0.179
          loc:
            sloc: 22
            ploc: 22
            lloc: 21
            cloc: 0
            blank: 0
            sloc_average: 22
            ploc_average: 22
            lloc_average: 21
            cloc_average: 0
            blank_average: 0
            sloc_min: 22
            sloc_max: 22
            cloc_min: 0
            cloc_max: 0
            ploc_min: 22
            ploc_max: 22
            lloc_min: 21
            lloc_max: 21
            blank_min: 0
            blank_max: 0
          nom:
            functions: 1
            closures: 0
            functions_average: 1
            closures_average: 0
            total: 1
            average: 1
            functions_min: 1
            functions_max: 1
            closures_min: 0
            closures_max: 0
          mi:
            mi_original: 79.692
            mi_sei: 40.798
            mi_visual_studio: 46.604
          abc:
            assignments: 0
            branches: 0
            conditions: 0
            magnitude: 0
            assignments_average: 0
            branches_average: 0
            conditions_average: 0
            assignments_min: 0
            assignments_max: 0
            branches_min: 0
            branches_max: 0
            conditions_min: 0
            conditions_max: 0
    metrics:
      nargs:
        total_functions: 1
        total_closures: 0
        average_functions: 1
        average_closures: 0
        total: 1
        average: 1
        functions_min: 0
        functions_max: 1
        closures_min: 0
        closures_max: 0
      nexits:
        sum: 0
        average: 0
        min: 0
        max: 0
      cognitive:
        sum: 14
        average: 14
        min: 0
        max: 14
      cyclomatic:
        sum: 16
        average: 8
        min: 1
        max: 15
      halstead:
        n1: 9
        N1: 101
        n2: 68
        N2: 130
        length: 231
        estimated_program_length: 442.477
        purity_ratio: 1.915
        vocabulary: 77
        volume: 1447.628
        difficulty: 8.603
        level: 0.116
        effort: 12453.856
        time: 691.881
        bugs: 0.179
      loc:
        sloc: 24
        ploc: 24
        lloc: 21
        cloc: 0
        blank: 0
        sloc_average: 12
        ploc_average: 12
        lloc_average: 10.5
        cloc_average: 0
        blank_average: 0
        sloc_min: 22
        sloc_max: 22
        cloc_min: 0
        cloc_max: 0
        ploc_min: 22
        ploc_max: 22
        lloc_min: 21
        lloc_max: 21
        blank_min: 0
        blank_max: 0
      nom:
        functions: 1
        closures: 0
        functions_average: 0.5
        closures_average: 0
        total: 1
        average: 0.5
        functions_min: 0
        functions_max: 1
        closures_min: 0
        closures_max: 0
      mi:
        mi_original: 77.992
        mi_sei: 38.446
        mi_visual_studio: 45.609
      abc:
        assignments: 0
        branches: 0
        conditions: 0
        magnitude: 0
        assignments_average: 0
        branches_average: 0
        conditions_average: 0
        assignments_min: 0
        assignments_max: 0
        branches_min: 0
        branches_max: 0
        conditions_min: 0
        conditions_max: 0
  - name: EventDispatcher
    start_line: 45
    end_line: 376
    kind: class
    spaces:
      - name: constructor
        start_line: 46
        end_line: 54
        kind: function
        spaces: []
        metrics:
          nargs:
            total_functions: 4
            total_closures: 0
            average_functions: 4
            average_closures: 0
            total: 4
            average: 4
            functions_min: 4
            functions_max: 4
            closures_min: 0
            closures_max: 0
          nexits:
            sum: 0
            average: 0
            min: 0
            max: 0
          cognitive:
            sum: 0
            average: 0
            min: 0
            max: 0
          cyclomatic:
            sum: 1
            average: 1
            min: 1
            max: 1
          halstead:
            n1: 6
            N1: 25
            n2: 21
            N2: 33
            length: 58
            estimated_program_length: 107.748
            purity_ratio: 1.858
            vocabulary: 27
            volume: 275.783
            difficulty: 4.714
            level: 0.212
            effort: 1300.122
            time: 72.229
            bugs: 0.04
          loc:
            sloc: 9
            ploc: 8
            lloc: 7
            cloc: 0
            blank: 1
            sloc_average: 9
            ploc_average: 8
            lloc_average: 7
            cloc_average: 0
            blank_average: 1
            sloc_min: 9
            sloc_max: 9
            cloc_min: 0
            cloc_max: 0
            ploc_min: 8
            ploc_max: 8
            lloc_min: 7
            lloc_max: 7
            blank_min: 1
            blank_max: 1
          nom:
            functions: 1
            closures: 0
            functions_average: 1
            closures_average: 0
            total: 1
            average: 1
            functions_min: 1
            functions_max: 1
            closures_min: 0
            closures_max: 0
          mi:
            mi_original: 105.953
            mi_sei: 77.259
            mi_visual_studio: 61.961
          abc:
            assignments: 0
            branches: 0
            conditions: 0
            magnitude: 0
            assignments_average: 0
            branches_average: 0
            conditions_average: 0
            assignments_min: 0
            assignments_max: 0
            branches_min: 0
            branches_max: 0
            conditions_min: 0
            conditions_max: 0
      - name: mergeChange
        start_line: 56
        end_line: 72
        kind: function
        spaces: []
        metrics:
          nargs:
            total_functions: 1
            total_closures: 0
            average_functions: 1
            average_closures: 0
            total: 1
            average: 1
            functions_min: 1
            functions_max: 1
            closures_min: 0
            closures_max: 0
          nexits:
            sum: 2
            average: 2
            min: 2
            max: 2
          cognitive:
            sum: 5
            average: 5
            min: 5
            max: 5
          cyclomatic:
            sum: 6
            average: 6
            min: 6
            max: 6
          halstead:
            n1: 16
            N1: 49
            n2: 25
            N2: 54
            length: 103
            estimated_program_length: 180.096
            purity_ratio: 1.749
            vocabulary: 41
            volume: 551.828
            difficulty: 17.28
            level: 0.058
            effort: 9535.585
            time: 529.755
            bugs: 0.15
          loc:
            sloc: 17
            ploc: 16
            lloc: 8
            cloc: 0
            blank: 1
            sloc_average: 17
            ploc_average: 16
            lloc_average: 8
            cloc_average: 0
            blank_average: 1
            sloc_min: 17
            sloc_max: 17
            cloc_min: 0
            cloc_max: 0
            ploc_min: 16
            ploc_max: 16
            lloc_min: 8
            lloc_max: 8
            blank_min: 1
            blank_max: 1
          nom:
            functions: 1
            closures: 0
            functions_average: 1
            closures_average: 0
            total: 1
            average: 1
            functions_min: 1
            functions_max: 1
            closures_min: 0
            closures_max: 0
          mi:
            mi_original: 90.893
            mi_sei: 56.041
            mi_visual_studio: 53.154
          abc:
            assignments: 0
            branches: 0
            conditions: 0
            magnitude: 0
            assignments_average: 0
            branches_average: 0
            conditions_average: 0
            assignments_min: 0
            assignments_max: 0
            branches_min: 0
            branches_max: 0
            conditions_min: 0
            conditions_max: 0
      - name: userActivation
        start_line: 74
        end_line: 80
        kind: function
        spaces: []
        metrics:
          nargs:
            total_functions: 0
            total_closures: 0
            average_functions: 0
            average_closures: 0
            total: 0
            average: 0
            functions_min: 0
            functions_max: 0
            closures_min: 0
            closures_max: 0
          nexits:
            sum: 0
            average: 0
            min: 0
            max: 0
          cognitive:
            sum: 0
            average: 0
            min: 0
            max: 0
          cyclomatic:
            sum: 1
            average: 1
            min: 1
            max: 1
          halstead:
            n1: 7
            N1: 14
            n2: 14
            N2: 15
            length: 29
            estimated_program_length: 72.954
            purity_ratio: 2.516
            vocabulary: 21
            volume: 127.377
            difficulty: 3.75
            level: 0.267
            effort: 477.665
            time: 26.537
            bugs: 0.02
          loc:
            sloc: 7
            ploc: 7
            lloc: 3
            cloc: 0
            blank: 0
            sloc_average: 7
            ploc_average: 7
            lloc_average: 3
            cloc_average: 0
            blank_average: 0
            sloc_min: 7
            sloc_max: 7
            cloc_min: 0
            cloc_max: 0
            ploc_min: 7
            ploc_max: 7
            lloc_min: 3
            lloc_max: 3
            blank_min: 0
            blank_max: 0
          nom:
            functions: 1
            closures: 0
            functions_average: 1
            closures_average: 0
            total: 1
            average: 1
            functions_min: 1
            functions_max: 1
            closures_min: 0
            closures_max: 0
          mi:
            mi_original: 114.041
            mi_sei: 88.927
            mi_visual_studio: 66.691
          abc:
            assignments: 0
            branches: 0
            conditions: 0
            magnitude: 0
            assignments_average: 0
            branches_average: 0
            conditions_average: 0
            assignments_min: 0
            assignments_max: 0
            branches_min: 0
            branches_max: 0
            conditions_min: 0
            conditions_max: 0
      - name: dispatch
        start_line: 82
        end_line: 228
        kind: function
        spaces: []
        metrics:
          nargs:
            total_functions: 1
            total_closures: 0
            average_functions: 1
            average_closures: 0
            total: 1
            average: 1
            functions_min: 1
            functions_max: 1
            closures_min: 0
            closures_max: 0
          nexits:
            sum: 5
            average: 5
            min: 5
            max: 5
          cognitive:
            sum: 37
            average: 37
            min: 37
            max: 37
          cyclomatic:
            sum: 25
            average: 25
            min: 25
            max: 25
          halstead:
            n1: 26
            N1: 402
            n2: 121
            N2: 406
            length: 808
            estimated_program_length: 959.394
            purity_ratio: 1.187
            vocabulary: 147
            volume: 5817.335
            difficulty: 43.62
            level: 0.023
            effort: 253751.202
            time: 14097.289
            bugs: 1.336
          loc:
            sloc: 147
            ploc: 129
            lloc: 75
            cloc: 10
            blank: 8
            sloc_average: 147
            ploc_average: 129
            lloc_average: 75
            cloc_average: 10
            blank_average: 8
            sloc_min: 147
            sloc_max: 147
            cloc_min: 10
            cloc_max: 10
            ploc_min: 129
            ploc_max: 129
            lloc_min: 75
            lloc_max: 75
            blank_min: 8
            blank_max: 8
          nom:
            functions: 1
            closures: 0
            functions_average: 1
            closures_average: 0
            total: 1
            average: 1
            functions_min: 1
            functions_max: 1
            closures_min: 0
            closures_max: 0
          mi:
            mi_original: 39.328
            mi_sei: 3.241
            mi_visual_studio: 22.999
          abc:
            assignments: 0
            branches: 0
            conditions: 0
            magnitude: 0
            assignments_average: 0
            branches_average: 0
            conditions_average: 0
            assignments_min: 0
            assignments_max: 0
            branches_min: 0
            branches_max: 0
            conditions_min: 0
            conditions_max: 0
      - name: formatAll
        start_line: 230
        end_line: 243
        kind: function
        spaces: []
        metrics:
          nargs:
            total_functions: 0
            total_closures: 0
            average_functions: 0
            average_closures: 0
            total: 0
            average: 0
            functions_min: 0
            functions_max: 0
            closures_min: 0
            closures_max: 0
          nexits:
            sum: 0
            average: 0
            min: 0
            max: 0
          cognitive:
            sum: 3
            average: 3
            min: 3
            max: 3
          cyclomatic:
            sum: 3
            average: 3
            min: 3
            max: 3
          halstead:
            n1: 12
            N1: 49
            n2: 31
            N2: 51
            length: 100
            estimated_program_length: 196.6
            purity_ratio: 1.966
            vocabulary: 43
            volume: 542.626
            difficulty: 9.871
            level: 0.101
            effort: 5356.248
            time: 297.569
            bugs: 0.102
          loc:
            sloc: 14
            ploc: 13
            lloc: 7
            cloc: 1
            blank: 0
            sloc_average: 14
            ploc_average: 13
            lloc_average: 7
            cloc_average: 1
            blank_average: 0
            sloc_min: 14
            sloc_max: 14
            cloc_min: 1
            cloc_max: 1
            ploc_min: 13
            ploc_max: 13
            lloc_min: 7
            lloc_max: 7
            blank_min: 0
            blank_max: 0
          nom:
            functions: 1
            closures: 0
            functions_average: 1
            closures_average: 0
            total: 1
            average: 1
            functions_min: 1
            functions_max: 1
            closures_min: 0
            closures_max: 0
          mi:
            mi_original: 94.816
            mi_sei: 81.511
            mi_visual_studio: 55.448
          abc:
            assignments: 0
            branches: 0
            conditions: 0
            magnitude: 0
            assignments_average: 0
            branches_average: 0
            conditions_average: 0
            assignments_min: 0
            assignments_max: 0
            branches_min: 0
            branches_max: 0
            conditions_min: 0
            conditions_max: 0
      - name: runValidation
        start_line: 245
        end_line: 278
        kind: function
        spaces: []
        metrics:
          nargs:
            total_functions: 2
            total_closures: 0
            average_functions: 2
            average_closures: 0
            total: 2
            average: 2
            functions_min: 2
            functions_max: 2
            closures_min: 0
            closures_max: 0
          nexits:
            sum: 0
            average: 0
            min: 0
            max: 0
          cognitive:
            sum: 4
            average: 4
            min: 4
            max: 4
          cyclomatic:
            sum: 4
            average: 4
            min: 4
            max: 4
          halstead:
            n1: 12
            N1: 96
            n2: 38
            N2: 106
            length: 202
            estimated_program_length: 242.441
            purity_ratio: 1.2
            vocabulary: 50
            volume: 1140.059
            difficulty: 16.737
            level: 0.06
            effort: 19080.987
            time: 1060.055
            bugs: 0.238
          loc:
            sloc: 34
            ploc: 29
            lloc: 14
            cloc: 2
            blank: 4
            sloc_average: 34
            ploc_average: 29
            lloc_average: 14
            cloc_average: 2
            blank_average: 4
            sloc_min: 34
            sloc_max: 34
            cloc_min: 2
            cloc_max: 2
            ploc_min: 29
            ploc_max: 29
            lloc_min: 14
            lloc_max: 14
            blank_min: 4
            blank_max: 4
          nom:
            functions: 1
            closures: 0
            functions_average: 1
            closures_average: 0
            total: 1
            average: 1
            functions_min: 1
            functions_max: 1
            closures_min: 0
            closures_max: 0
          mi:
            mi_original: 76.351
            mi_sei: 53.205
            mi_visual_studio: 44.65
          abc:
            assignments: 0
            branches: 0
            conditions: 0
            magnitude: 0
            assignments_average: 0
            branches_average: 0
            conditions_average: 0
            assignments_min: 0
            assignments_max: 0
            branches_min: 0
            branches_max: 0
            conditions_min: 0
            conditions_max: 0
      - name: runActions
        start_line: 280
        end_line: 288
        kind: function
        spaces: []
        metrics:
          nargs:
            total_functions: 4
            total_closures: 0
            average_functions: 4
            average_closures: 0
            total: 4
            average: 4
            functions_min: 4
            functions_max: 4
            closures_min: 0
            closures_max: 0
          nexits:
            sum: 1
            average: 1
            min: 1
            max: 1
          cognitive:
            sum: 0
            average: 0
            min: 0
            max: 0
          cyclomatic:
            sum: 1
            average: 1
            min: 1
            max: 1
          halstead:
            n1: 7
            N1: 29
            n2: 22
            N2: 39
            length: 68
            estimated_program_length: 117.759
            purity_ratio: 1.732
            vocabulary: 29
            volume: 330.343
            difficulty: 6.205
            level: 0.161
            effort: 2049.626
            time: 113.868
            bugs: 0.054
          loc:
            sloc: 9
            ploc: 8
            lloc: 7
            cloc: 0
            blank: 1
            sloc_average: 9
            ploc_average: 8
            lloc_average: 7
            cloc_average: 0
            blank_average: 1
            sloc_min: 9
            sloc_max: 9
            cloc_min: 0
            cloc_max: 0
            ploc_min: 8
            ploc_max: 8
            lloc_min: 7
            lloc_max: 7
            blank_min: 1
            blank_max: 1
          nom:
            functions: 1
            closures: 0
            functions_average: 1
            closures_average: 0
            total: 1
            average: 1
            functions_min: 1
            functions_max: 1
            closures_min: 0
            closures_max: 0
          mi:
            mi_original: 105.014
            mi_sei: 75.905
            mi_visual_studio: 61.412
          abc:
            assignments: 0
            branches: 0
            conditions: 0
            magnitude: 0
            assignments_average: 0
            branches_average: 0
            conditions_average: 0
            assignments_min: 0
            assignments_max: 0
            branches_min: 0
            branches_max: 0
            conditions_min: 0
            conditions_max: 0
      - name: calculateNow
        start_line: 290
        end_line: 317
        kind: function
        spaces: []
        metrics:
          nargs:
            total_functions: 0
            total_closures: 0
            average_functions: 0
            average_closures: 0
            total: 0
            average: 0
            functions_min: 0
            functions_max: 0
            closures_min: 0
            closures_max: 0
          nexits:
            sum: 1
            average: 1
            min: 1
            max: 1
          cognitive:
            sum: 3
            average: 3
            min: 3
            max: 3
          cyclomatic:
            sum: 5
            average: 5
            min: 5
            max: 5
          halstead:
            n1: 16
            N1: 53
            n2: 26
            N2: 49
            length: 102
            estimated_program_length: 186.211
            purity_ratio: 1.826
            vocabulary: 42
            volume: 550.016
            difficulty: 15.077
            level: 0.066
            effort: 8292.555
            time: 460.697
            bugs: 0.137
          loc:
            sloc: 28
            ploc: 20
            lloc: 13
            cloc: 5
            blank: 3
            sloc_average: 28
            ploc_average: 20
            lloc_average: 13
            cloc_average: 5
            blank_average: 3
            sloc_min: 28
            sloc_max: 28
            cloc_min: 5
            cloc_max: 5
            ploc_min: 20
            ploc_max: 20
            lloc_min: 13
            lloc_max: 13
            blank_min: 3
            blank_max: 3
          nom:
            functions: 1
            closures: 0
            functions_average: 1
            closures_average: 0
            total: 1
            average: 1
            functions_min: 1
            functions_max: 1
            closures_min: 0
            closures_max: 0
          mi:
            mi_original: 83.057
            mi_sei: 75.078
            mi_visual_studio: 48.571
          abc:
            assignments: 0
            branches: 0
            conditions: 0
            magnitude: 0
            assignments_average: 0
            branches_average: 0
            conditions_average: 0
            assignments_min: 0
            assignments_max: 0
            branches_min: 0
            branches_max: 0
            conditions_min: 0
            conditions_max: 0
      - name: runCalculate
        start_line: 319
        end_line: 375
        kind: function
        spaces: []
        metrics:
          nargs:
            total_functions: 2
            total_closures: 0
            average_functions: 2
            average_closures: 0
            total: 2
            average: 2
            functions_min: 2
            functions_max: 2
            closures_min: 0
            closures_max: 0
          nexits:
            sum: 1
            average: 1
            min: 1
            max: 1
          cognitive:
            sum: 18
            average: 18
            min: 18
            max: 18
          cyclomatic:
            sum: 11
            average: 11
            min: 11
            max: 11
          halstead:
            n1: 20
            N1: 140
            n2: 43
            N2: 138
            length: 278
            estimated_program_length: 319.768
            purity_ratio: 1.15
            vocabulary: 63
            volume: 1661.684
            difficulty: 32.093
            level: 0.031
            effort: 53328.457
            time: 2962.692
            bugs: 0.472
          loc:
            sloc: 57
            ploc: 42
            lloc: 33
            cloc: 8
            blank: 7
            sloc_average: 57
            ploc_average: 42
            lloc_average: 33
            cloc_average: 8
            blank_average: 7
            sloc_min: 57
            sloc_max: 57
            cloc_min: 8
            cloc_max: 8
            ploc_min: 42
            ploc_max: 42
            lloc_min: 33
            lloc_max: 33
            blank_min: 7
            blank_max: 7
          nom:
            functions: 1
            closures: 0
            functions_average: 1
            closures_average: 0
            total: 1
            average: 1
            functions_min: 1
            functions_max: 1
            closures_min: 0
            closures_max: 0
          mi:
            mi_original: 64.412
            mi_sei: 45.762
            mi_visual_studio: 37.668
          abc:
            assignments: 0
            branches: 0
            conditions: 0
            magnitude: 0
            assignments_average: 0
            branches_average: 0
            conditions_average: 0
            assignments_min: 0
            assignments_max: 0
            branches_min: 0
            branches_max: 0
            conditions_min: 0
            conditions_max: 0
    metrics:
      nargs:
        total_functions: 14
        total_closures: 0
        average_functions: 1.556
        average_closures: 0
        total: 14
        average: 1.556
        functions_min: 0
        functions_max: 4
        closures_min: 0
        closures_max: 0
      nexits:
        sum: 10
        average: 1.111
        min: 0
        max: 5
      cognitive:
        sum: 70
        average: 7.778
        min: 0
        max: 37
      cyclomatic:
        sum: 58
        average: 5.8
        min: 1
        max: 25
      halstead:
        n1: 33
        N1: 858
        n2: 181
        N2: 892
        length: 1750
        estimated_program_length: 1523.937
        purity_ratio: 0.871
        vocabulary: 214
        volume: 13547.567
        difficulty: 81.315
        level: 0.012
        effort: 1101619.306
        time: 61201.073
        bugs: 3.555
      loc:
        sloc: 332
        ploc: 274
        lloc: 167
        cloc: 26
        blank: 33
        sloc_average: 33.2
        ploc_average: 27.4
        lloc_average: 16.7
        cloc_average: 2.6
        blank_average: 3.3
        sloc_min: 7
        sloc_max: 147
        cloc_min: 0
        cloc_max: 10
        ploc_min: 7
        ploc_max: 129
        lloc_min: 3
        lloc_max: 75
        blank_min: 0
        blank_max: 8
      nom:
        functions: 9
        closures: 0
        functions_average: 0.9
        closures_average: 0
        total: 9
        average: 0.9
        functions_min: 0
        functions_max: 1
        closures_min: 0
        closures_max: 0
      mi:
        mi_original: 14.144
        mi_sei: -28.385
        mi_visual_studio: 8.271
      abc:
        assignments: 0
        branches: 0
        conditions: 0
        magnitude: 0
        assignments_average: 0
        branches_average: 0
        conditions_average: 0
        assignments_min: 0
        assignments_max: 0
        branches_min: 0
        branches_max: 0
        conditions_min: 0
        conditions_max: 0
metrics:
  nargs:
    total_functions: 15
    total_closures: 0
    average_functions: 1.5
    average_closures: 0
    total: 15
    average: 1.5
    functions_min: 0
    functions_max: 4
    closures_min: 0
    closures_max: 0
  nexits:
    sum: 10
    average: 1
    min: 0
    max: 5
  cognitive:
    sum: 84
    average: 8.4
    min: 0
    max: 37
  cyclomatic:
    sum: 75
    average: 5.769
    min: 1
    max: 25
  halstead:
    n1: 38
    N1: 970
    n2: 232
    N2: 1028
    length: 1998
    estimated_program_length: 2022.473
    purity_ratio: 1.012
    vocabulary: 270
    volume: 16137.478
    difficulty: 84.19
    level: 0.012
    effort: 1358608.671
    time: 75478.26
    bugs: 4.089
  loc:
    sloc: 378
    ploc: 301
    lloc: 190
    cloc: 40
    blank: 38
    sloc_average: 29.077
    ploc_average: 23.154
    lloc_average: 14.615
    cloc_average: 3.077
    blank_average: 2.923
    sloc_min: 24
    sloc_max: 332
    cloc_min: 0
    cloc_max: 26
    ploc_min: 24
    ploc_max: 274
    lloc_min: 21
    lloc_max: 167
    blank_min: 0
    blank_max: 33
  nom:
    functions: 10
    closures: 0
    functions_average: 0.769
    closures_average: 0
    total: 10
    average: 0.769
    functions_min: 0
    functions_max: 1
    closures_min: 0
    closures_max: 0
  mi:
    mi_original: 7.222
    mi_sei: -33.5
    mi_visual_studio: 4.224
  abc:
    assignments: 0
    branches: 0
    conditions: 0
    magnitude: 0
    assignments_average: 0
    branches_average: 0
    conditions_average: 0
    assignments_min: 0
    assignments_max: 0
    branches_min: 0
    branches_max: 0
    conditions_min: 0
    conditions_max: 0

