---
source: tests/common/mod.rs
expression: funcspace_struct
---
name: "[filepath]"
start_line: 1
end_line: 24
kind: unit
spaces:
  - name: PDFObject
    start_line: 16
    end_line: 22
    kind: class
    spaces:
      - name: constructor
        start_line: 17
        end_line: 21
        kind: function
        spaces: []
        metrics:
          nargs:
            total_functions: 1
            total_closures: 0
            average_functions: 1
            average_closures: 0
            total: 1
            average: 1
            functions_min: 1
            functions_max: 1
            closures_min: 0
            closures_max: 0
          nexits:
            sum: 0
            average: 0
            min: 0
            max: 0
          cognitive:
            sum: 2
            average: 2
            min: 2
            max: 2
          cyclomatic:
            sum: 3
            average: 3
            min: 3
            max: 3
          halstead:
            n1: 6
            N1: 17
            n2: 17
            N2: 23
            length: 40
            estimated_program_length: 84.997
            purity_ratio: 2.125
            vocabulary: 23
            volume: 180.942
            difficulty: 4.059
            level: 0.246
            effort: 734.414
            time: 40.801
            bugs: 0.027
          loc:
            sloc: 5
            ploc: 5
            lloc: 4
            cloc: 0
            blank: 0
            sloc_average: 5
            ploc_average: 5
            lloc_average: 4
            cloc_average: 0
            blank_average: 0
            sloc_min: 5
            sloc_max: 5
            cloc_min: 0
            cloc_max: 0
            ploc_min: 5
            ploc_max: 5
            lloc_min: 4
            lloc_max: 4
            blank_min: 0
            blank_max: 0
          nom:
            functions: 1
            closures: 0
            functions_average: 1
            closures_average: 0
            total: 1
            average: 1
            functions_min: 1
            functions_max: 1
            closures_min: 0
            closures_max: 0
          mi:
            mi_original: 117.207
            mi_sei: 93.698
            mi_visual_studio: 68.542
          abc:
            assignments: 0
            branches: 0
            conditions: 0
            magnitude: 0
            assignments_average: 0
            branches_average: 0
            conditions_average: 0
            assignments_min: 0
            assignments_max: 0
            branches_min: 0
            branches_max: 0
            conditions_min: 0
            conditions_max: 0
    metrics:
      nargs:
        total_functions: 1
        total_closures: 0
        average_functions: 1
        average_closures: 0
        total: 1
        average: 1
        functions_min: 0
        functions_max: 1
        closures_min: 0
        closures_max: 0
      nexits:
        sum: 0
        average: 0
        min: 0
        max: 0
      cognitive:
        sum: 2
        average: 2
        min: 0
        max: 2
      cyclomatic:
        sum: 4
        average: 2
        min: 1
        max: 3
      halstead:
        n1: 6
        N1: 18
        n2: 18
        N2: 24
        length: 42
        estimated_program_length: 90.568
        purity_ratio: 2.156
        vocabulary: 24
        volume: 192.568
        difficulty: 4
        level: 0.25
        effort: 770.274
        time: 42.793
        bugs: 0.028
      loc:
        sloc: 7
        ploc: 7
        lloc: 4
        cloc: 0
        blank: 0
        sloc_average: 3.5
        ploc_average: 3.5
        lloc_average: 2
        cloc_average: 0
        blank_average: 0
        sloc_min: 5
        sloc_max: 5
        cloc_min: 0
        cloc_max: 0
        ploc_min: 5
        ploc_max: 5
        lloc_min: 4
        lloc_max: 4
        blank_min: 0
        blank_max: 0
      nom:
        functions: 1
        closures: 0
        functions_average: 0.5
        closures_average: 0
        total: 1
        average: 0.5
        functions_min: 0
        functions_max: 1
        closures_min: 0
        closures_max: 0
      mi:
        mi_original: 111.202
        mi_sei: 85.137
        mi_visual_studio: 65.03
      abc:
        assignments: 0
        branches: 0
        conditions: 0
        magnitude: 0
        assignments_average: 0
        branches_average: 0
        conditions_average: 0
        assignments_min: 0
        assignments_max: 0
        branches_min: 0
        branches_max: 0
        conditions_min: 0
        conditions_max: 0
metrics:
  nargs:
    total_functions: 1
    total_closures: 0
    average_functions: 1
    average_closures: 0
    total: 1
    average: 1
    functions_min: 0
    functions_max: 1
    closures_min: 0
    closures_max: 0
  nexits:
    sum: 0
    average: 0
    min: 0
    max: 0
  cognitive:
    sum: 2
    average: 2
    min: 0
    max: 2
  cyclomatic:
    sum: 5
    average: 1.667
    min: 1
    max: 3
  halstead:
    n1: 7
    N1: 21
    n2: 18
    N2: 25
    length: 46
    estimated_program_length: 94.71
    purity_ratio: 2.059
    vocabulary: 25
    volume: 213.617
    difficulty: 4.861
    level: 0.206
    effort: 1038.418
    time: 57.69
    bugs: 0.034
  loc:
    sloc: 24
    ploc: 8
    lloc: 5
    cloc: 14
    blank: 2
    sloc_average: 8
    ploc_average: 2.667
    lloc_average: 1.667
    cloc_average: 4.667
    blank_average: 0.667
    sloc_min: 7
    sloc_max: 7
    cloc_min: 0
    cloc_max: 0
    ploc_min: 7
    ploc_max: 7
    lloc_min: 4
    lloc_max: 4
    blank_min: 0
    blank_max: 0
  nom:
    functions: 1
    closures: 0
    functions_average: 0.333
    closures_average: 0
    total: 1
    average: 0.333
    functions_min: 0
    functions_max: 1
    closures_min: 0
    closures_max: 0
  mi:
    mi_original: 90.472
    mi_sei: 101.623
    mi_visual_studio: 52.907
  abc:
    assignments: 0
    branches: 0
    conditions: 0
    magnitude: 0
    assignments_average: 0
    branches_average: 0
    conditions_average: 0
    assignments_min: 0
    assignments_max: 0
    branches_min: 0
    branches_max: 0
    conditions_min: 0
    conditions_max: 0

