---
source: tests/common/mod.rs
expression: funcspace_struct
---
{
  "name": null,
  "start_line": 1,
  "end_line": 429,
  "kind": "unit",
  "spaces": [
    {
      "name": "readCharset",
      "start_line": 33,
      "end_line": 61,
      "kind": "function",
      "spaces": [],
      "metrics": {
        "nargs": {
          "total_functions": 2.0,
          "total_closures": 0.0,
          "average_functions": 2.0,
          "average_closures": 0.0,
          "total": 2.0,
          "average": 2.0,
          "functions_min": 2.0,
          "functions_max": 2.0,
          "closures_min": 0.0,
          "closures_max": 0.0
        },
        "nexits": {
          "sum": 1.0,
          "average": 1.0,
          "min": 1.0,
          "max": 1.0
        },
        "cognitive": {
          "sum": 10.0,
          "average": 10.0,
          "min": 10.0,
          "max": 10.0
        },
        "cyclomatic": {
          "sum": 6.0,
          "average": 6.0,
          "min": 6.0,
          "max": 6.0
        },
        "halstead": {
          "n1": 23.0,
          "N1": 110.0,
          "n2": 23.0,
          "N2": 80.0,
          "length": 190.0,
          "estimated_program_length": 208.0838499786226,
          "purity_ratio": 1.0951781577822242,
          "vocabulary": 46.0,
          "volume": 1049.4767716508325,
          "difficulty": 40.0,
          "level": 0.025,
          "effort": 41979.0708660333,
          "time": 2332.1706036685164,
          "bugs": 0.4026248968941286
        },
        "loc": {
          "sloc": 29.0,
          "ploc": 26.0,
          "lloc": 25.0,
          "cloc": 0.0,
          "blank": 3.0,
          "sloc_average": 29.0,
          "ploc_average": 26.0,
          "lloc_average": 25.0,
          "cloc_average": 0.0,
          "blank_average": 3.0,
          "sloc_min": 29.0,
          "sloc_max": 29.0,
          "cloc_min": 0.0,
          "cloc_max": 0.0,
          "ploc_min": 26.0,
          "ploc_max": 26.0,
          "lloc_min": 25.0,
          "lloc_max": 25.0,
          "blank_min": 3.0,
          "blank_max": 3.0
        },
        "nom": {
          "functions": 1.0,
          "closures": 0.0,
          "functions_average": 1.0,
          "closures_average": 0.0,
          "total": 1.0,
          "average": 1.0,
          "functions_min": 1.0,
          "functions_max": 1.0,
          "closures_min": 0.0,
          "closures_max": 0.0
        },
        "mi": {
          "mi_original": 78.89836312177616,
          "mi_sei": 38.73634437445716,
          "mi_visual_studio": 46.13939363846559
        },
        "abc": {
          "assignments": 0.0,
          "branches": 0.0,
          "conditions": 0.0,
          "magnitude": 0.0,
          "assignments_average": 0.0,
          "branches_average": 0.0,
          "conditions_average": 0.0,
          "assignments_min": 0.0,
          "assignments_max": 0.0,
          "branches_min": 0.0,
          "branches_max": 0.0,
          "conditions_min": 0.0,
          "conditions_max": 0.0
        }
      }
    },
    {
      "name": "readCharstringEncoding",
      "start_line": 68,
      "end_line": 112,
      "kind": "function",
      "spaces": [],
      "metrics": {
        "nargs": {
          "total_functions": 1.0,
          "total_closures": 0.0,
          "average_functions": 1.0,
          "average_closures": 0.0,
          "total": 1.0,
          "average": 1.0,
          "functions_min": 1.0,
          "functions_max": 1.0,
          "closures_min": 0.0,
          "closures_max": 0.0
        },
        "nexits": {
          "sum": 2.0,
          "average": 2.0,
          "min": 2.0,
          "max": 2.0
        },
        "cognitive": {
          "sum": 15.0,
          "average": 15.0,
          "min": 15.0,
          "max": 15.0
        },
        "cyclomatic": {
          "sum": 14.0,
          "average": 14.0,
          "min": 14.0,
          "max": 14.0
        },
        "halstead": {
          "n1": 24.0,
          "N1": 167.0,
          "n2": 33.0,
          "N2": 104.0,
          "length": 271.0,
          "estimated_program_length": 276.5041059561367,
          "purity_ratio": 1.0203103540816851,
          "vocabulary": 57.0,
          "volume": 1580.7131938386449,
          "difficulty": 37.81818181818182,
          "level": 0.026442307692307692,
          "effort": 59779.698966988755,
          "time": 3321.094387054931,
          "bugs": 0.5096216791016617
        },
        "loc": {
          "sloc": 45.0,
          "ploc": 40.0,
          "lloc": 45.0,
          "cloc": 2.0,
          "blank": 5.0,
          "sloc_average": 45.0,
          "ploc_average": 40.0,
          "lloc_average": 45.0,
          "cloc_average": 2.0,
          "blank_average": 5.0,
          "sloc_min": 45.0,
          "sloc_max": 45.0,
          "cloc_min": 2.0,
          "cloc_max": 2.0,
          "ploc_min": 40.0,
          "ploc_max": 40.0,
          "lloc_min": 45.0,
          "lloc_max": 45.0,
          "blank_min": 5.0,
          "blank_max": 5.0
        },
        "nom": {
          "functions": 1.0,
          "closures": 0.0,
          "functions_average": 1.0,
          "closures_average": 0.0,
          "total": 1.0,
          "average": 1.0,
          "functions_min": 1.0,
          "functions_max": 1.0,
          "closures_min": 0.0,
          "closures_max": 0.0
        },
        "mi": {
          "mi_original": 67.81078431977785,
          "mi_sei": 39.59607441272025,
          "mi_visual_studio": 39.655429426770674
        },
        "abc": {
          "assignments": 0.0,
          "branches": 0.0,
          "conditions": 0.0,
          "magnitude": 0.0,
          "assignments_average": 0.0,
          "branches_average": 0.0,
          "conditions_average": 0.0,
          "assignments_min": 0.0,
          "assignments_max": 0.0,
          "branches_min": 0.0,
          "branches_max": 0.0,
          "conditions_min": 0.0,
          "conditions_max": 0.0
        }
      }
    },
    {
      "name": "readFontDictData",
      "start_line": 119,
      "end_line": 186,
      "kind": "function",
      "spaces": [],
      "metrics": {
        "nargs": {
          "total_functions": 2.0,
          "total_closures": 0.0,
          "average_functions": 2.0,
          "average_closures": 0.0,
          "total": 2.0,
          "average": 2.0,
          "functions_min": 2.0,
          "functions_max": 2.0,
          "closures_min": 0.0,
          "closures_max": 0.0
        },
        "nexits": {
          "sum": 1.0,
          "average": 1.0,
          "min": 1.0,
          "max": 1.0
        },
        "cognitive": {
          "sum": 23.0,
          "average": 23.0,
          "min": 23.0,
          "max": 23.0
        },
        "cyclomatic": {
          "sum": 19.0,
          "average": 19.0,
          "min": 19.0,
          "max": 19.0
        },
        "halstead": {
          "n1": 34.0,
          "N1": 224.0,
          "n2": 55.0,
          "N2": 137.0,
          "length": 361.0,
          "estimated_program_length": 490.94852084636784,
          "purity_ratio": 1.3599682017904926,
          "vocabulary": 89.0,
          "volume": 2337.7397685788696,
          "difficulty": 42.345454545454544,
          "level": 0.023615285530270504,
          "effort": 98992.65310945795,
          "time": 5499.591839414331,
          "bugs": 0.7133139562881526
        },
        "loc": {
          "sloc": 68.0,
          "ploc": 63.0,
          "lloc": 53.0,
          "cloc": 0.0,
          "blank": 5.0,
          "sloc_average": 68.0,
          "ploc_average": 63.0,
          "lloc_average": 53.0,
          "cloc_average": 0.0,
          "blank_average": 5.0,
          "sloc_min": 68.0,
          "sloc_max": 68.0,
          "cloc_min": 0.0,
          "cloc_max": 0.0,
          "ploc_min": 63.0,
          "ploc_max": 63.0,
          "lloc_min": 53.0,
          "lloc_max": 53.0,
          "blank_min": 5.0,
          "blank_max": 5.0
        },
        "nom": {
          "functions": 1.0,
          "closures": 0.0,
          "functions_average": 1.0,
          "closures_average": 0.0,
          "total": 1.0,
          "average": 1.0,
          "functions_min": 1.0,
          "functions_max": 1.0,
          "closures_min": 0.0,
          "closures_max": 0.0
        },
        "mi": {
          "mi_original": 57.93788805653041,
          "mi_sei": 9.820429115408388,
          "mi_visual_studio": 33.881805881011935
        },
        "abc": {
          "assignments": 0.0,
          "branches": 0.0,
          "conditions": 0.0,
          "magnitude": 0.0,
          "assignments_average": 0.0,
          "branches_average": 0.0,
          "conditions_average": 0.0,
          "assignments_min": 0.0,
          "assignments_max": 0.0,
          "branches_min": 0.0,
          "branches_max": 0.0,
          "conditions_min": 0.0,
          "conditions_max": 0.0
        }
      }
    },
    {
      "name": "readFontIndexData",
      "start_line": 201,
      "end_line": 248,
      "kind": "function",
      "spaces": [
        {
          "name": "getNextOffset",
          "start_line": 205,
          "end_line": 221,
          "kind": "function",
          "spaces": [],
          "metrics": {
            "nargs": {
              "total_functions": 0.0,
              "total_closures": 0.0,
              "average_functions": 0.0,
              "average_closures": 0.0,
              "total": 0.0,
              "average": 0.0,
              "functions_min": 0.0,
              "functions_max": 0.0,
              "closures_min": 0.0,
              "closures_max": 0.0
            },
            "nexits": {
              "sum": 5.0,
              "average": 5.0,
              "min": 5.0,
              "max": 5.0
            },
            "cognitive": {
              "sum": 2.0,
              "average": 2.0,
              "min": 2.0,
              "max": 2.0
            },
            "cyclomatic": {
              "sum": 6.0,
              "average": 6.0,
              "min": 6.0,
              "max": 6.0
            },
            "halstead": {
              "n1": 14.0,
              "N1": 63.0,
              "n2": 15.0,
              "N2": 47.0,
              "length": 110.0,
              "estimated_program_length": 111.90632784293425,
              "purity_ratio": 1.017330253117584,
              "vocabulary": 29.0,
              "volume": 534.3779094640329,
              "difficulty": 21.933333333333334,
              "level": 0.04559270516717325,
              "effort": 11720.688814244455,
              "time": 651.1493785691364,
              "bugs": 0.17199434538977085
            },
            "loc": {
              "sloc": 17.0,
              "ploc": 17.0,
              "lloc": 8.0,
              "cloc": 0.0,
              "blank": 0.0,
              "sloc_average": 17.0,
              "ploc_average": 17.0,
              "lloc_average": 8.0,
              "cloc_average": 0.0,
              "blank_average": 0.0,
              "sloc_min": 17.0,
              "sloc_max": 17.0,
              "cloc_min": 0.0,
              "cloc_max": 0.0,
              "ploc_min": 17.0,
              "ploc_max": 17.0,
              "lloc_min": 8.0,
              "lloc_max": 8.0,
              "blank_min": 0.0,
              "blank_max": 0.0
            },
            "nom": {
              "functions": 1.0,
              "closures": 0.0,
              "functions_average": 1.0,
              "closures_average": 0.0,
              "total": 1.0,
              "average": 1.0,
              "functions_min": 1.0,
              "functions_max": 1.0,
              "closures_min": 0.0,
              "closures_max": 0.0
            },
            "mi": {
              "mi_original": 91.06020674799555,
              "mi_sei": 56.28217586207094,
              "mi_visual_studio": 53.251582893564645
            },
            "abc": {
              "assignments": 0.0,
              "branches": 0.0,
              "conditions": 0.0,
              "magnitude": 0.0,
              "assignments_average": 0.0,
              "branches_average": 0.0,
              "conditions_average": 0.0,
              "assignments_min": 0.0,
              "assignments_max": 0.0,
              "branches_min": 0.0,
              "branches_max": 0.0,
              "conditions_min": 0.0,
              "conditions_max": 0.0
            }
          }
        }
      ],
      "metrics": {
        "nargs": {
          "total_functions": 2.0,
          "total_closures": 0.0,
          "average_functions": 1.0,
          "average_closures": 0.0,
          "total": 2.0,
          "average": 1.0,
          "functions_min": 0.0,
          "functions_max": 2.0,
          "closures_min": 0.0,
          "closures_max": 0.0
        },
        "nexits": {
          "sum": 6.0,
          "average": 3.0,
          "min": 1.0,
          "max": 5.0
        },
        "cognitive": {
          "sum": 9.0,
          "average": 4.5,
          "min": 2.0,
          "max": 7.0
        },
        "cyclomatic": {
          "sum": 11.0,
          "average": 5.5,
          "min": 5.0,
          "max": 6.0
        },
        "halstead": {
          "n1": 23.0,
          "N1": 167.0,
          "n2": 39.0,
          "N2": 128.0,
          "length": 295.0,
          "estimated_program_length": 310.172611524939,
          "purity_ratio": 1.0514325814404712,
          "vocabulary": 62.0,
          "volume": 1756.4879115641281,
          "difficulty": 37.743589743589745,
          "level": 0.026494565217391304,
          "effort": 66296.1591236512,
          "time": 3683.119951313956,
          "bugs": 0.5460146861802223
        },
        "loc": {
          "sloc": 48.0,
          "ploc": 41.0,
          "lloc": 26.0,
          "cloc": 1.0,
          "blank": 6.0,
          "sloc_average": 24.0,
          "ploc_average": 20.5,
          "lloc_average": 13.0,
          "cloc_average": 0.5,
          "blank_average": 3.0,
          "sloc_min": 17.0,
          "sloc_max": 17.0,
          "cloc_min": 0.0,
          "cloc_max": 0.0,
          "ploc_min": 17.0,
          "ploc_max": 17.0,
          "lloc_min": 8.0,
          "lloc_max": 8.0,
          "blank_min": 0.0,
          "blank_max": 0.0
        },
        "nom": {
          "functions": 2.0,
          "closures": 0.0,
          "functions_average": 1.0,
          "closures_average": 0.0,
          "total": 2.0,
          "average": 1.0,
          "functions_min": 1.0,
          "functions_max": 1.0,
          "closures_min": 0.0,
          "closures_max": 0.0
        },
        "mi": {
          "mi_original": 66.90697135754533,
          "mi_sei": 33.0329252749533,
          "mi_visual_studio": 39.12688383482183
        },
        "abc": {
          "assignments": 0.0,
          "branches": 0.0,
          "conditions": 0.0,
          "magnitude": 0.0,
          "assignments_average": 0.0,
          "branches_average": 0.0,
          "conditions_average": 0.0,
          "assignments_min": 0.0,
          "assignments_max": 0.0,
          "branches_min": 0.0,
          "branches_max": 0.0,
          "conditions_min": 0.0,
          "conditions_max": 0.0
        }
      }
    },
    {
      "name": "type2Parser",
      "start_line": 250,
      "end_line": 387,
      "kind": "function",
      "spaces": [
        {
          "name": "dump",
          "start_line": 263,
          "end_line": 267,
          "kind": "function",
          "spaces": [],
          "metrics": {
            "nargs": {
              "total_functions": 1.0,
              "total_closures": 0.0,
              "average_functions": 1.0,
              "average_closures": 0.0,
              "total": 1.0,
              "average": 1.0,
              "functions_min": 1.0,
              "functions_max": 1.0,
              "closures_min": 0.0,
              "closures_max": 0.0
            },
            "nexits": {
              "sum": 0.0,
              "average": 0.0,
              "min": 0.0,
              "max": 0.0
            },
            "cognitive": {
              "sum": 1.0,
              "average": 1.0,
              "min": 1.0,
              "max": 1.0
            },
            "cyclomatic": {
              "sum": 2.0,
              "average": 2.0,
              "min": 2.0,
              "max": 2.0
            },
            "halstead": {
              "n1": 6.0,
              "N1": 9.0,
              "n2": 6.0,
              "N2": 7.0,
              "length": 16.0,
              "estimated_program_length": 31.019550008653873,
              "purity_ratio": 1.938721875540867,
              "vocabulary": 12.0,
              "volume": 57.3594000115385,
              "difficulty": 3.5,
              "level": 0.2857142857142857,
              "effort": 200.75790004038475,
              "time": 11.153216668910265,
              "bugs": 0.011428621282029667
            },
            "loc": {
              "sloc": 5.0,
              "ploc": 5.0,
              "lloc": 4.0,
              "cloc": 0.0,
              "blank": 0.0,
              "sloc_average": 5.0,
              "ploc_average": 5.0,
              "lloc_average": 4.0,
              "cloc_average": 0.0,
              "blank_average": 0.0,
              "sloc_min": 5.0,
              "sloc_max": 5.0,
              "cloc_min": 0.0,
              "cloc_max": 0.0,
              "ploc_min": 5.0,
              "ploc_max": 5.0,
              "lloc_min": 4.0,
              "lloc_max": 4.0,
              "blank_min": 0.0,
              "blank_max": 0.0
            },
            "nom": {
              "functions": 1.0,
              "closures": 0.0,
              "functions_average": 1.0,
              "closures_average": 0.0,
              "total": 1.0,
              "average": 1.0,
              "functions_min": 1.0,
              "functions_max": 1.0,
              "closures_min": 0.0,
              "closures_max": 0.0
            },
            "mi": {
              "mi_original": 123.41055479039636,
              "mi_sei": 102.54658311625673,
              "mi_visual_studio": 72.16991508210313
            },
            "abc": {
              "assignments": 0.0,
              "branches": 0.0,
              "conditions": 0.0,
              "magnitude": 0.0,
              "assignments_average": 0.0,
              "branches_average": 0.0,
              "conditions_average": 0.0,
              "assignments_min": 0.0,
              "assignments_max": 0.0,
              "branches_min": 0.0,
              "branches_max": 0.0,
              "conditions_min": 0.0,
              "conditions_max": 0.0
            }
          }
        },
        {
          "name": "parseAsToken",
          "start_line": 269,
          "end_line": 309,
          "kind": "function",
          "spaces": [],
          "metrics": {
            "nargs": {
              "total_functions": 2.0,
              "total_closures": 0.0,
              "average_functions": 2.0,
              "average_closures": 0.0,
              "total": 2.0,
              "average": 2.0,
              "functions_min": 2.0,
              "functions_max": 2.0,
              "closures_min": 0.0,
              "closures_max": 0.0
            },
            "nexits": {
              "sum": 0.0,
              "average": 0.0,
              "min": 0.0,
              "max": 0.0
            },
            "cognitive": {
              "sum": 18.0,
              "average": 18.0,
              "min": 18.0,
              "max": 18.0
            },
            "cyclomatic": {
              "sum": 10.0,
              "average": 10.0,
              "min": 10.0,
              "max": 10.0
            },
            "halstead": {
              "n1": 21.0,
              "N1": 139.0,
              "n2": 36.0,
              "N2": 116.0,
              "length": 255.0,
              "estimated_program_length": 278.3559659302772,
              "purity_ratio": 1.091592023255989,
              "vocabulary": 57.0,
              "volume": 1487.386953612009,
              "difficulty": 33.833333333333336,
              "level": 0.029556650246305417,
              "effort": 50323.2585972063,
              "time": 2795.7365887336837,
              "bugs": 0.4543507495447204
            },
            "loc": {
              "sloc": 41.0,
              "ploc": 40.0,
              "lloc": 27.0,
              "cloc": 0.0,
              "blank": 1.0,
              "sloc_average": 41.0,
              "ploc_average": 40.0,
              "lloc_average": 27.0,
              "cloc_average": 0.0,
              "blank_average": 1.0,
              "sloc_min": 41.0,
              "sloc_max": 41.0,
              "cloc_min": 0.0,
              "cloc_max": 0.0,
              "ploc_min": 40.0,
              "ploc_max": 40.0,
              "lloc_min": 27.0,
              "lloc_max": 27.0,
              "blank_min": 1.0,
              "blank_max": 1.0
            },
            "nom": {
              "functions": 1.0,
              "closures": 0.0,
              "functions_average": 1.0,
              "closures_average": 0.0,
              "total": 1.0,
              "average": 1.0,
              "functions_min": 1.0,
              "functions_max": 1.0,
              "closures_min": 0.0,
              "closures_max": 0.0
            },
            "mi": {
              "mi_original": 70.55529660719785,
              "mi_sei": 27.107123125686158,
              "mi_visual_studio": 41.26040737263032
            },
            "abc": {
              "assignments": 0.0,
              "branches": 0.0,
              "conditions": 0.0,
              "magnitude": 0.0,
              "assignments_average": 0.0,
              "branches_average": 0.0,
              "conditions_average": 0.0,
              "assignments_min": 0.0,
              "assignments_max": 0.0,
              "branches_min": 0.0,
              "branches_max": 0.0,
              "conditions_min": 0.0,
              "conditions_max": 0.0
            }
          }
        },
        {
          "name": "type2ParserParse",
          "start_line": 311,
          "end_line": 386,
          "kind": "function",
          "spaces": [
            {
              "name": "<anonymous>",
              "start_line": 363,
              "end_line": 365,
              "kind": "function",
              "spaces": [],
              "metrics": {
                "nargs": {
                  "total_functions": 0.0,
                  "total_closures": 2.0,
                  "average_functions": 0.0,
                  "average_closures": 2.0,
                  "total": 2.0,
                  "average": 2.0,
                  "functions_min": 0.0,
                  "functions_max": 0.0,
                  "closures_min": 2.0,
                  "closures_max": 2.0
                },
                "nexits": {
                  "sum": 0.0,
                  "average": 0.0,
                  "min": 0.0,
                  "max": 0.0
                },
                "cognitive": {
                  "sum": 0.0,
                  "average": 0.0,
                  "min": 0.0,
                  "max": 0.0
                },
                "cyclomatic": {
                  "sum": 1.0,
                  "average": 1.0,
                  "min": 1.0,
                  "max": 1.0
                },
                "halstead": {
                  "n1": 7.0,
                  "N1": 9.0,
                  "n2": 4.0,
                  "N2": 6.0,
                  "length": 15.0,
                  "estimated_program_length": 27.651484454403228,
                  "purity_ratio": 1.8434322969602153,
                  "vocabulary": 11.0,
                  "volume": 51.89147427955946,
                  "difficulty": 5.25,
                  "level": 0.19047619047619047,
                  "effort": 272.43023996768716,
                  "time": 15.135013331538175,
                  "bugs": 0.01400819850161732
                },
                "loc": {
                  "sloc": 3.0,
                  "ploc": 3.0,
                  "lloc": 2.0,
                  "cloc": 0.0,
                  "blank": 0.0,
                  "sloc_average": 3.0,
                  "ploc_average": 3.0,
                  "lloc_average": 2.0,
                  "cloc_average": 0.0,
                  "blank_average": 0.0,
                  "sloc_min": 3.0,
                  "sloc_max": 3.0,
                  "cloc_min": 0.0,
                  "cloc_max": 0.0,
                  "ploc_min": 3.0,
                  "ploc_max": 3.0,
                  "lloc_min": 2.0,
                  "lloc_max": 2.0,
                  "blank_min": 0.0,
                  "blank_max": 0.0
                },
                "nom": {
                  "functions": 0.0,
                  "closures": 1.0,
                  "functions_average": 0.0,
                  "closures_average": 1.0,
                  "total": 1.0,
                  "average": 1.0,
                  "functions_min": 0.0,
                  "functions_max": 0.0,
                  "closures_min": 1.0,
                  "closures_max": 1.0
                },
                "mi": {
                  "mi_original": 132.43687749961728,
                  "mi_sei": 115.46699426690873,
                  "mi_visual_studio": 77.4484663740452
                },
                "abc": {
                  "assignments": 0.0,
                  "branches": 0.0,
                  "conditions": 0.0,
                  "magnitude": 0.0,
                  "assignments_average": 0.0,
                  "branches_average": 0.0,
                  "conditions_average": 0.0,
                  "assignments_min": 0.0,
                  "assignments_max": 0.0,
                  "branches_min": 0.0,
                  "branches_max": 0.0,
                  "conditions_min": 0.0,
                  "conditions_max": 0.0
                }
              }
            }
          ],
          "metrics": {
            "nargs": {
              "total_functions": 1.0,
              "total_closures": 2.0,
              "average_functions": 1.0,
              "average_closures": 2.0,
              "total": 3.0,
              "average": 1.5,
              "functions_min": 0.0,
              "functions_max": 1.0,
              "closures_min": 0.0,
              "closures_max": 2.0
            },
            "nexits": {
              "sum": 0.0,
              "average": 0.0,
              "min": 0.0,
              "max": 0.0
            },
            "cognitive": {
              "sum": 7.0,
              "average": 3.5,
              "min": 0.0,
              "max": 7.0
            },
            "cyclomatic": {
              "sum": 8.0,
              "average": 4.0,
              "min": 1.0,
              "max": 7.0
            },
            "halstead": {
              "n1": 19.0,
              "N1": 215.0,
              "n2": 77.0,
              "N2": 195.0,
              "length": 410.0,
              "estimated_program_length": 563.2531863889355,
              "purity_ratio": 1.3737882594852087,
              "vocabulary": 96.0,
              "volume": 2699.834625295674,
              "difficulty": 24.058441558441558,
              "level": 0.04156545209176788,
              "effort": 64953.81355013293,
              "time": 3608.5451972296073,
              "bugs": 0.5386192218905377
            },
            "loc": {
              "sloc": 76.0,
              "ploc": 55.0,
              "lloc": 51.0,
              "cloc": 10.0,
              "blank": 11.0,
              "sloc_average": 38.0,
              "ploc_average": 27.5,
              "lloc_average": 25.5,
              "cloc_average": 5.0,
              "blank_average": 5.5,
              "sloc_min": 3.0,
              "sloc_max": 3.0,
              "cloc_min": 0.0,
              "cloc_max": 0.0,
              "ploc_min": 3.0,
              "ploc_max": 3.0,
              "lloc_min": 2.0,
              "lloc_max": 2.0,
              "blank_min": 0.0,
              "blank_max": 0.0
            },
            "nom": {
              "functions": 1.0,
              "closures": 1.0,
              "functions_average": 0.5,
              "closures_average": 0.5,
              "total": 2.0,
              "average": 1.0,
              "functions_min": 0.0,
              "functions_max": 1.0,
              "closures_min": 0.0,
              "closures_max": 1.0
            },
            "mi": {
              "mi_original": 57.91720172618582,
              "mi_sei": 35.312496230999045,
              "mi_visual_studio": 33.869708611804576
            },
            "abc": {
              "assignments": 0.0,
              "branches": 0.0,
              "conditions": 0.0,
              "magnitude": 0.0,
              "assignments_average": 0.0,
              "branches_average": 0.0,
              "conditions_average": 0.0,
              "assignments_min": 0.0,
              "assignments_max": 0.0,
              "branches_min": 0.0,
              "branches_max": 0.0,
              "conditions_min": 0.0,
              "conditions_max": 0.0
            }
          }
        }
      ],
      "metrics": {
        "nargs": {
          "total_functions": 5.0,
          "total_closures": 2.0,
          "average_functions": 1.25,
          "average_closures": 2.0,
          "total": 7.0,
          "average": 1.4,
          "functions_min": 0.0,
          "functions_max": 2.0,
          "closures_min": 0.0,
          "closures_max": 2.0
        },
        "nexits": {
          "sum": 0.0,
          "average": 0.0,
          "min": 0.0,
          "max": 0.0
        },
        "cognitive": {
          "sum": 27.0,
          "average": 5.4,
          "min": 0.0,
          "max": 18.0
        },
        "cyclomatic": {
          "sum": 22.0,
          "average": 4.4,
          "min": 1.0,
          "max": 10.0
        },
        "halstead": {
          "n1": 26.0,
          "N1": 408.0,
          "n2": 138.0,
          "N2": 362.0,
          "length": 770.0,
          "estimated_program_length": 1103.1878077070558,
          "purity_ratio": 1.432711438580592,
          "vocabulary": 164.0,
          "volume": 5665.315043555925,
          "difficulty": 34.10144927536232,
          "level": 0.029324266893327667,
          "effort": 193195.45358676944,
          "time": 10733.080754820525,
          "bugs": 1.113978169223552
        },
        "loc": {
          "sloc": 138.0,
          "ploc": 110.0,
          "lloc": 89.0,
          "cloc": 11.0,
          "blank": 17.0,
          "sloc_average": 27.6,
          "ploc_average": 22.0,
          "lloc_average": 17.8,
          "cloc_average": 2.2,
          "blank_average": 3.4,
          "sloc_min": 5.0,
          "sloc_max": 76.0,
          "cloc_min": 0.0,
          "cloc_max": 10.0,
          "ploc_min": 5.0,
          "ploc_max": 55.0,
          "lloc_min": 4.0,
          "lloc_max": 51.0,
          "blank_min": 0.0,
          "blank_max": 11.0
        },
        "nom": {
          "functions": 4.0,
          "closures": 1.0,
          "functions_average": 0.8,
          "closures_average": 0.2,
          "total": 5.0,
          "average": 1.0,
          "functions_min": 0.0,
          "functions_max": 1.0,
          "closures_min": 0.0,
          "closures_max": 1.0
        },
        "mi": {
          "mi_original": 41.17947782264454,
          "mi_sei": 7.127150834115476,
          "mi_visual_studio": 24.0815659781547
        },
        "abc": {
          "assignments": 0.0,
          "branches": 0.0,
          "conditions": 0.0,
          "magnitude": 0.0,
          "assignments_average": 0.0,
          "branches_average": 0.0,
          "conditions_average": 0.0,
          "assignments_min": 0.0,
          "assignments_max": 0.0,
          "branches_min": 0.0,
          "branches_max": 0.0,
          "conditions_min": 0.0,
          "conditions_max": 0.0
        }
      }
    },
    {
      "name": "writeToFile",
      "start_line": 409,
      "end_line": 429,
      "kind": "function",
      "spaces": [],
      "metrics": {
        "nargs": {
          "total_functions": 2.0,
          "total_closures": 0.0,
          "average_functions": 2.0,
          "average_closures": 0.0,
          "total": 2.0,
          "average": 2.0,
          "functions_min": 2.0,
          "functions_max": 2.0,
          "closures_min": 0.0,
          "closures_max": 0.0
        },
        "nexits": {
          "sum": 1.0,
          "average": 1.0,
          "min": 1.0,
          "max": 1.0
        },
        "cognitive": {
          "sum": 1.0,
          "average": 1.0,
          "min": 1.0,
          "max": 1.0
        },
        "cyclomatic": {
          "sum": 2.0,
          "average": 2.0,
          "min": 2.0,
          "max": 2.0
        },
        "halstead": {
          "n1": 14.0,
          "N1": 67.0,
          "n2": 53.0,
          "N2": 72.0,
          "length": 139.0,
          "estimated_program_length": 356.882753000656,
          "purity_ratio": 2.567501820148604,
          "vocabulary": 67.0,
          "volume": 843.1863974736303,
          "difficulty": 9.50943396226415,
          "level": 0.10515873015873016,
          "effort": 8018.2253646549,
          "time": 445.45696470305,
          "bugs": 0.13353576057300803
        },
        "loc": {
          "sloc": 21.0,
          "ploc": 18.0,
          "lloc": 10.0,
          "cloc": 0.0,
          "blank": 3.0,
          "sloc_average": 21.0,
          "ploc_average": 18.0,
          "lloc_average": 10.0,
          "cloc_average": 0.0,
          "blank_average": 3.0,
          "sloc_min": 21.0,
          "sloc_max": 21.0,
          "cloc_min": 0.0,
          "cloc_max": 0.0,
          "ploc_min": 18.0,
          "ploc_max": 18.0,
          "lloc_min": 10.0,
          "lloc_max": 10.0,
          "blank_min": 3.0,
          "blank_max": 3.0
        },
        "nom": {
          "functions": 1.0,
          "closures": 0.0,
          "functions_average": 1.0,
          "closures_average": 0.0,
          "total": 1.0,
          "average": 1.0,
          "functions_min": 1.0,
          "functions_max": 1.0,
          "closures_min": 0.0,
          "closures_max": 0.0
        },
        "mi": {
          "mi_original": 86.18535867161208,
          "mi_sei": 48.84197727956757,
          "mi_visual_studio": 50.40079454480239
        },
        "abc": {
          "assignments": 0.0,
          "branches": 0.0,
          "conditions": 0.0,
          "magnitude": 0.0,
          "assignments_average": 0.0,
          "branches_average": 0.0,
          "conditions_average": 0.0,
          "assignments_min": 0.0,
          "assignments_max": 0.0,
          "branches_min": 0.0,
          "branches_max": 0.0,
          "conditions_min": 0.0,
          "conditions_max": 0.0
        }
      }
    }
  ],
  "metrics": {
    "nargs": {
      "total_functions": 14.0,
      "total_closures": 2.0,
      "average_functions": 1.4,
      "average_closures": 2.0,
      "total": 16.0,
      "average": 1.4545454545454546,
      "functions_min": 0.0,
      "functions_max": 2.0,
      "closures_min": 0.0,
      "closures_max": 2.0
    },
    "nexits": {
      "sum": 11.0,
      "average": 1.0,
      "min": 0.0,
      "max": 5.0
    },
    "cognitive": {
      "sum": 85.0,
      "average": 7.7272727272727275,
      "min": 0.0,
      "max": 23.0
    },
    "cyclomatic": {
      "sum": 75.0,
      "average": 6.25,
      "min": 1.0,
      "max": 19.0
    },
    "halstead": {
      "n1": 39.0,
      "N1": 1147.0,
      "n2": 263.0,
      "N2": 885.0,
      "length": 2032.0,
      "estimated_program_length": 2320.366380719503,
      "purity_ratio": 1.1419125889367634,
      "vocabulary": 302.0,
      "volume": 16740.43843030856,
      "difficulty": 65.61787072243347,
      "level": 0.015239750832971171,
      "effort": 1098471.924756844,
      "time": 61026.218042046894,
      "bugs": 3.548717157647465
    },
    "loc": {
      "sloc": 429.0,
      "ploc": 299.0,
      "lloc": 249.0,
      "cloc": 83.0,
      "blank": 49.0,
      "sloc_average": 35.75,
      "ploc_average": 24.916666666666668,
      "lloc_average": 20.75,
      "cloc_average": 6.916666666666667,
      "blank_average": 4.083333333333333,
      "sloc_min": 21.0,
      "sloc_max": 138.0,
      "cloc_min": 0.0,
      "cloc_max": 11.0,
      "ploc_min": 18.0,
      "ploc_max": 110.0,
      "lloc_min": 10.0,
      "lloc_max": 89.0,
      "blank_min": 3.0,
      "blank_max": 17.0
    },
    "nom": {
      "functions": 10.0,
      "closures": 1.0,
      "functions_average": 0.8333333333333334,
      "closures_average": 0.08333333333333333,
      "total": 11.0,
      "average": 0.9166666666666666,
      "functions_min": 0.0,
      "functions_max": 1.0,
      "closures_min": 0.0,
      "closures_max": 1.0
    },
    "mi": {
      "mi_original": 4.981368735107736,
      "mi_sei": -29.38286966427593,
      "mi_visual_studio": 2.913081131641951
    },
    "abc": {
      "assignments": 0.0,
      "branches": 0.0,
      "conditions": 0.0,
      "magnitude": 0.0,
      "assignments_average": 0.0,
      "branches_average": 0.0,
      "conditions_average": 0.0,
      "assignments_min": 0.0,
      "assignments_max": 0.0,
      "branches_min": 0.0,
      "branches_max": 0.0,
      "conditions_min": 0.0,
      "conditions_max": 0.0
    }
  }
}
