---
source: tests/test.rs
expression: funcspace_struct
---
FuncSpace {
    name: None,
    start_line: 1,
    end_line: 76,
    kind: Unit,
    spaces: [
        FuncSpace {
            name: Some(
                "checkDOMMatrix",
            ),
            start_line: 20,
            end_line: 25,
            kind: Function,
            spaces: [],
            metrics: CodeMetrics {
                nargs: Stats {
                    fn_nargs: 0,
                    closure_nargs: 0,
                    fn_nargs_sum: 0,
                    closure_nargs_sum: 0,
                    fn_nargs_min: 0,
                    closure_nargs_min: 0,
                    fn_nargs_max: 0,
                    closure_nargs_max: 0,
                    total_functions: 1,
                    total_closures: 0,
                },
                nexits: Stats {
                    exit: 1,
                    exit_sum: 1,
                    total_space_functions: 1,
                    exit_min: 1,
                    exit_max: 1,
                },
                cognitive: Stats {
                    structural: 2,
                    structural_sum: 2,
                    structural_min: 2,
                    structural_max: 2,
                    nesting: 0,
                    total_space_functions: 1,
                    boolean_seq: BoolSequence {
                        boolean_op: None,
                    },
                },
                cyclomatic: Stats {
                    cyclomatic_sum: 3.000,
                    cyclomatic: 3.000,
                    n: 1,
                    cyclomatic_max: 3.000,
                    cyclomatic_min: 3.000,
                },
                halstead: Stats {
                    u_operators: 11,
                    operators: 17,
                    u_operands: 8,
                    operands: 12,
                },
                loc: Stats {
                    sloc: Sloc {
                        start: 19,
                        end: 24,
                        unit: fal,
                        sloc_min: 6,
                        sloc_max: 6,
                    },
                    ploc: Ploc {
                        lines: {
                            24,
                            21,
                            23,
                            20,
                            22,
                            19,
                        },
                        ploc_min: 6,
                        ploc_max: 6,
                    },
                    cloc: Cloc {
                        only_comment_lines: 0,
                        code_comment_lines: 0,
                        comment_line_end: None,
                        cloc_min: 0,
                        cloc_max: 0,
                    },
                    lloc: Lloc {
                        logical_lines: 5,
                        lloc_min: 5,
                        lloc_max: 5,
                    },
                    space_count: 1,
                    blank_min: 0,
                    blank_max: 0,
                },
                nom: Stats {
                    functions: 1,
                    closures: 0,
                    functions_sum: 1,
                    closures_sum: 0,
                    functions_min: 1,
                    functions_max: 1,
                    closures_min: 0,
                    closures_max: 0,
                    space_count: 1,
                },
                mi: Stats {
                    halstead_length: 29.000,
                    halstead_vocabulary: 19.000,
                    halstead_volume: 123.190,
                    cyclomatic: 3.000,
                    sloc: 6.000,
                    comments_percentage: 0.000,
                },
                abc: Stats {
                    assignments: 0.000,
                    assignments_sum: 0.000,
                    assignments_min: 0.000,
                    assignments_max: 0.000,
                    branches: 0.000,
                    branches_sum: 0.000,
                    branches_min: 0.000,
                    branches_max: 0.000,
                    conditions: 0.000,
                    conditions_sum: 0.000,
                    conditions_min: 0.000,
                    conditions_max: 0.000,
                    space_count: 1,
                    declaration: [],
                },
                wmc: Stats {
                    cyclomatic: 0.000,
                    class_wmc: 0.000,
                    interface_wmc: 0.000,
                    class_wmc_sum: 0.000,
                    interface_wmc_sum: 0.000,
                    space_kind: Unknown,
                },
                npm: Stats {
                    class_npm: 0,
                    interface_npm: 0,
                    class_nm: 0,
                    interface_nm: 0,
                    class_npm_sum: 0,
                    interface_npm_sum: 0,
                    class_nm_sum: 0,
                    interface_nm_sum: 0,
                    is_class_space: fal,
                },
                npa: Stats {
                    class_npa: 0,
                    interface_npa: 0,
                    class_na: 0,
                    interface_na: 0,
                    class_npa_sum: 0,
                    interface_npa_sum: 0,
                    class_na_sum: 0,
                    interface_na_sum: 0,
                    is_class_space: fal,
                },
            },
        },
        FuncSpace {
            name: Some(
                "checkPath2D",
            ),
            start_line: 28,
            end_line: 37,
            kind: Function,
            spaces: [],
            metrics: CodeMetrics {
                nargs: Stats {
                    fn_nargs: 0,
                    closure_nargs: 0,
                    fn_nargs_sum: 0,
                    closure_nargs_sum: 0,
                    fn_nargs_min: 0,
                    closure_nargs_min: 0,
                    fn_nargs_max: 0,
                    closure_nargs_max: 0,
                    total_functions: 1,
                    total_closures: 0,
                },
                nexits: Stats {
                    exit: 1,
                    exit_sum: 1,
                    total_space_functions: 1,
                    exit_min: 1,
                    exit_max: 1,
                },
                cognitive: Stats {
                    structural: 2,
                    structural_sum: 2,
                    structural_min: 2,
                    structural_max: 2,
                    nesting: 0,
                    total_space_functions: 1,
                    boolean_seq: BoolSequence {
                        boolean_op: None,
                    },
                },
                cyclomatic: Stats {
                    cyclomatic_sum: 3.000,
                    cyclomatic: 3.000,
                    n: 1,
                    cyclomatic_max: 3.000,
                    cyclomatic_min: 3.000,
                },
                halstead: Stats {
                    u_operators: 12,
                    operators: 27,
                    u_operands: 11,
                    operands: 15,
                },
                loc: Stats {
                    sloc: Sloc {
                        start: 27,
                        end: 36,
                        unit: fal,
                        sloc_min: 10,
                        sloc_max: 10,
                    },
                    ploc: Ploc {
                        lines: {
                            32,
                            29,
                            36,
                            30,
                            27,
                            34,
                            31,
                            28,
                            35,
                        },
                        ploc_min: 9,
                        ploc_max: 9,
                    },
                    cloc: Cloc {
                        only_comment_lines: 0,
                        code_comment_lines: 0,
                        comment_line_end: None,
                        cloc_min: 0,
                        cloc_max: 0,
                    },
                    lloc: Lloc {
                        logical_lines: 6,
                        lloc_min: 6,
                        lloc_max: 6,
                    },
                    space_count: 1,
                    blank_min: 1,
                    blank_max: 1,
                },
                nom: Stats {
                    functions: 1,
                    closures: 0,
                    functions_sum: 1,
                    closures_sum: 0,
                    functions_min: 1,
                    functions_max: 1,
                    closures_min: 0,
                    closures_max: 0,
                    space_count: 1,
                },
                mi: Stats {
                    halstead_length: 42.000,
                    halstead_vocabulary: 23.000,
                    halstead_volume: 189.990,
                    cyclomatic: 3.000,
                    sloc: 10.000,
                    comments_percentage: 0.000,
                },
                abc: Stats {
                    assignments: 0.000,
                    assignments_sum: 0.000,
                    assignments_min: 0.000,
                    assignments_max: 0.000,
                    branches: 0.000,
                    branches_sum: 0.000,
                    branches_min: 0.000,
                    branches_max: 0.000,
                    conditions: 0.000,
                    conditions_sum: 0.000,
                    conditions_min: 0.000,
                    conditions_max: 0.000,
                    space_count: 1,
                    declaration: [],
                },
                wmc: Stats {
                    cyclomatic: 0.000,
                    class_wmc: 0.000,
                    interface_wmc: 0.000,
                    class_wmc_sum: 0.000,
                    interface_wmc_sum: 0.000,
                    space_kind: Unknown,
                },
                npm: Stats {
                    class_npm: 0,
                    interface_npm: 0,
                    class_nm: 0,
                    interface_nm: 0,
                    class_npm_sum: 0,
                    interface_npm_sum: 0,
                    class_nm_sum: 0,
                    interface_nm_sum: 0,
                    is_class_space: fal,
                },
                npa: Stats {
                    class_npa: 0,
                    interface_npa: 0,
                    class_na: 0,
                    interface_na: 0,
                    class_npa_sum: 0,
                    interface_npa_sum: 0,
                    class_na_sum: 0,
                    interface_na_sum: 0,
                    is_class_space: fal,
                },
            },
        },
        FuncSpace {
            name: Some(
                "checkReadableStream",
            ),
            start_line: 40,
            end_line: 47,
            kind: Function,
            spaces: [],
            metrics: CodeMetrics {
                nargs: Stats {
                    fn_nargs: 0,
                    closure_nargs: 0,
                    fn_nargs_sum: 0,
                    closure_nargs_sum: 0,
                    fn_nargs_min: 0,
                    closure_nargs_min: 0,
                    fn_nargs_max: 0,
                    closure_nargs_max: 0,
                    total_functions: 1,
                    total_closures: 0,
                },
                nexits: Stats {
                    exit: 1,
                    exit_sum: 1,
                    total_space_functions: 1,
                    exit_min: 1,
                    exit_max: 1,
                },
                cognitive: Stats {
                    structural: 2,
                    structural_sum: 2,
                    structural_min: 2,
                    structural_max: 2,
                    nesting: 0,
                    total_space_functions: 1,
                    boolean_seq: BoolSequence {
                        boolean_op: None,
                    },
                },
                cyclomatic: Stats {
                    cyclomatic_sum: 3.000,
                    cyclomatic: 3.000,
                    n: 1,
                    cyclomatic_max: 3.000,
                    cyclomatic_min: 3.000,
                },
                halstead: Stats {
                    u_operators: 11,
                    operators: 17,
                    u_operands: 8,
                    operands: 12,
                },
                loc: Stats {
                    sloc: Sloc {
                        start: 39,
                        end: 46,
                        unit: fal,
                        sloc_min: 8,
                        sloc_max: 8,
                    },
                    ploc: Ploc {
                        lines: {
                            45,
                            42,
                            39,
                            46,
                            43,
                            40,
                            44,
                            41,
                        },
                        ploc_min: 8,
                        ploc_max: 8,
                    },
                    cloc: Cloc {
                        only_comment_lines: 0,
                        code_comment_lines: 0,
                        comment_line_end: None,
                        cloc_min: 0,
                        cloc_max: 0,
                    },
                    lloc: Lloc {
                        logical_lines: 5,
                        lloc_min: 5,
                        lloc_max: 5,
                    },
                    space_count: 1,
                    blank_min: 0,
                    blank_max: 0,
                },
                nom: Stats {
                    functions: 1,
                    closures: 0,
                    functions_sum: 1,
                    closures_sum: 0,
                    functions_min: 1,
                    functions_max: 1,
                    closures_min: 0,
                    closures_max: 0,
                    space_count: 1,
                },
                mi: Stats {
                    halstead_length: 29.000,
                    halstead_vocabulary: 19.000,
                    halstead_volume: 123.190,
                    cyclomatic: 3.000,
                    sloc: 8.000,
                    comments_percentage: 0.000,
                },
                abc: Stats {
                    assignments: 0.000,
                    assignments_sum: 0.000,
                    assignments_min: 0.000,
                    assignments_max: 0.000,
                    branches: 0.000,
                    branches_sum: 0.000,
                    branches_min: 0.000,
                    branches_max: 0.000,
                    conditions: 0.000,
                    conditions_sum: 0.000,
                    conditions_min: 0.000,
                    conditions_max: 0.000,
                    space_count: 1,
                    declaration: [],
                },
                wmc: Stats {
                    cyclomatic: 0.000,
                    class_wmc: 0.000,
                    interface_wmc: 0.000,
                    class_wmc_sum: 0.000,
                    interface_wmc_sum: 0.000,
                    space_kind: Unknown,
                },
                npm: Stats {
                    class_npm: 0,
                    interface_npm: 0,
                    class_nm: 0,
                    interface_nm: 0,
                    class_npm_sum: 0,
                    interface_npm_sum: 0,
                    class_nm_sum: 0,
                    interface_nm_sum: 0,
                    is_class_space: fal,
                },
                npa: Stats {
                    class_npa: 0,
                    interface_npa: 0,
                    class_na: 0,
                    interface_na: 0,
                    class_npa_sum: 0,
                    interface_npa_sum: 0,
                    class_na_sum: 0,
                    interface_na_sum: 0,
                    is_class_space: fal,
                },
            },
        },
        FuncSpace {
            name: Some(
                "checkArrayAt",
            ),
            start_line: 50,
            end_line: 55,
            kind: Function,
            spaces: [],
            metrics: CodeMetrics {
                nargs: Stats {
                    fn_nargs: 0,
                    closure_nargs: 0,
                    fn_nargs_sum: 0,
                    closure_nargs_sum: 0,
                    fn_nargs_min: 0,
                    closure_nargs_min: 0,
                    fn_nargs_max: 0,
                    closure_nargs_max: 0,
                    total_functions: 1,
                    total_closures: 0,
                },
                nexits: Stats {
                    exit: 1,
                    exit_sum: 1,
                    total_space_functions: 1,
                    exit_min: 1,
                    exit_max: 1,
                },
                cognitive: Stats {
                    structural: 1,
                    structural_sum: 1,
                    structural_min: 1,
                    structural_max: 1,
                    nesting: 0,
                    total_space_functions: 1,
                    boolean_seq: BoolSequence {
                        boolean_op: None,
                    },
                },
                cyclomatic: Stats {
                    cyclomatic_sum: 2.000,
                    cyclomatic: 2.000,
                    n: 1,
                    cyclomatic_max: 2.000,
                    cyclomatic_min: 2.000,
                },
                halstead: Stats {
                    u_operators: 8,
                    operators: 13,
                    u_operands: 8,
                    operands: 8,
                },
                loc: Stats {
                    sloc: Sloc {
                        start: 49,
                        end: 54,
                        unit: fal,
                        sloc_min: 6,
                        sloc_max: 6,
                    },
                    ploc: Ploc {
                        lines: {
                            53,
                            50,
                            52,
                            49,
                            54,
                            51,
                        },
                        ploc_min: 6,
                        ploc_max: 6,
                    },
                    cloc: Cloc {
                        only_comment_lines: 0,
                        code_comment_lines: 0,
                        comment_line_end: None,
                        cloc_min: 0,
                        cloc_max: 0,
                    },
                    lloc: Lloc {
                        logical_lines: 5,
                        lloc_min: 5,
                        lloc_max: 5,
                    },
                    space_count: 1,
                    blank_min: 0,
                    blank_max: 0,
                },
                nom: Stats {
                    functions: 1,
                    closures: 0,
                    functions_sum: 1,
                    closures_sum: 0,
                    functions_min: 1,
                    functions_max: 1,
                    closures_min: 0,
                    closures_max: 0,
                    space_count: 1,
                },
                mi: Stats {
                    halstead_length: 21.000,
                    halstead_vocabulary: 16.000,
                    halstead_volume: 84.000,
                    cyclomatic: 2.000,
                    sloc: 6.000,
                    comments_percentage: 0.000,
                },
                abc: Stats {
                    assignments: 0.000,
                    assignments_sum: 0.000,
                    assignments_min: 0.000,
                    assignments_max: 0.000,
                    branches: 0.000,
                    branches_sum: 0.000,
                    branches_min: 0.000,
                    branches_max: 0.000,
                    conditions: 0.000,
                    conditions_sum: 0.000,
                    conditions_min: 0.000,
                    conditions_max: 0.000,
                    space_count: 1,
                    declaration: [],
                },
                wmc: Stats {
                    cyclomatic: 0.000,
                    class_wmc: 0.000,
                    interface_wmc: 0.000,
                    class_wmc_sum: 0.000,
                    interface_wmc_sum: 0.000,
                    space_kind: Unknown,
                },
                npm: Stats {
                    class_npm: 0,
                    interface_npm: 0,
                    class_nm: 0,
                    interface_nm: 0,
                    class_npm_sum: 0,
                    interface_npm_sum: 0,
                    class_nm_sum: 0,
                    interface_nm_sum: 0,
                    is_class_space: fal,
                },
                npa: Stats {
                    class_npa: 0,
                    interface_npa: 0,
                    class_na: 0,
                    interface_na: 0,
                    class_npa_sum: 0,
                    interface_npa_sum: 0,
                    class_na_sum: 0,
                    interface_na_sum: 0,
                    is_class_space: fal,
                },
            },
        },
        FuncSpace {
            name: Some(
                "checkTypedArrayAt",
            ),
            start_line: 58,
            end_line: 63,
            kind: Function,
            spaces: [],
            metrics: CodeMetrics {
                nargs: Stats {
                    fn_nargs: 0,
                    closure_nargs: 0,
                    fn_nargs_sum: 0,
                    closure_nargs_sum: 0,
                    fn_nargs_min: 0,
                    closure_nargs_min: 0,
                    fn_nargs_max: 0,
                    closure_nargs_max: 0,
                    total_functions: 1,
                    total_closures: 0,
                },
                nexits: Stats {
                    exit: 1,
                    exit_sum: 1,
                    total_space_functions: 1,
                    exit_min: 1,
                    exit_max: 1,
                },
                cognitive: Stats {
                    structural: 1,
                    structural_sum: 1,
                    structural_min: 1,
                    structural_max: 1,
                    nesting: 0,
                    total_space_functions: 1,
                    boolean_seq: BoolSequence {
                        boolean_op: None,
                    },
                },
                cyclomatic: Stats {
                    cyclomatic_sum: 2.000,
                    cyclomatic: 2.000,
                    n: 1,
                    cyclomatic_max: 2.000,
                    cyclomatic_min: 2.000,
                },
                halstead: Stats {
                    u_operators: 8,
                    operators: 13,
                    u_operands: 8,
                    operands: 8,
                },
                loc: Stats {
                    sloc: Sloc {
                        start: 57,
                        end: 62,
                        unit: fal,
                        sloc_min: 6,
                        sloc_max: 6,
                    },
                    ploc: Ploc {
                        lines: {
                            61,
                            58,
                            60,
                            57,
                            62,
                            59,
                        },
                        ploc_min: 6,
                        ploc_max: 6,
                    },
                    cloc: Cloc {
                        only_comment_lines: 0,
                        code_comment_lines: 0,
                        comment_line_end: None,
                        cloc_min: 0,
                        cloc_max: 0,
                    },
                    lloc: Lloc {
                        logical_lines: 5,
                        lloc_min: 5,
                        lloc_max: 5,
                    },
                    space_count: 1,
                    blank_min: 0,
                    blank_max: 0,
                },
                nom: Stats {
                    functions: 1,
                    closures: 0,
                    functions_sum: 1,
                    closures_sum: 0,
                    functions_min: 1,
                    functions_max: 1,
                    closures_min: 0,
                    closures_max: 0,
                    space_count: 1,
                },
                mi: Stats {
                    halstead_length: 21.000,
                    halstead_vocabulary: 16.000,
                    halstead_volume: 84.000,
                    cyclomatic: 2.000,
                    sloc: 6.000,
                    comments_percentage: 0.000,
                },
                abc: Stats {
                    assignments: 0.000,
                    assignments_sum: 0.000,
                    assignments_min: 0.000,
                    assignments_max: 0.000,
                    branches: 0.000,
                    branches_sum: 0.000,
                    branches_min: 0.000,
                    branches_max: 0.000,
                    conditions: 0.000,
                    conditions_sum: 0.000,
                    conditions_min: 0.000,
                    conditions_max: 0.000,
                    space_count: 1,
                    declaration: [],
                },
                wmc: Stats {
                    cyclomatic: 0.000,
                    class_wmc: 0.000,
                    interface_wmc: 0.000,
                    class_wmc_sum: 0.000,
                    interface_wmc_sum: 0.000,
                    space_kind: Unknown,
                },
                npm: Stats {
                    class_npm: 0,
                    interface_npm: 0,
                    class_nm: 0,
                    interface_nm: 0,
                    class_npm_sum: 0,
                    interface_npm_sum: 0,
                    class_nm_sum: 0,
                    interface_nm_sum: 0,
                    is_class_space: fal,
                },
                npa: Stats {
                    class_npa: 0,
                    interface_npa: 0,
                    class_na: 0,
                    interface_na: 0,
                    class_npa_sum: 0,
                    interface_npa_sum: 0,
                    class_na_sum: 0,
                    interface_na_sum: 0,
                    is_class_space: fal,
                },
            },
        },
        FuncSpace {
            name: Some(
                "checkStructuredClone",
            ),
            start_line: 66,
            end_line: 76,
            kind: Function,
            spaces: [],
            metrics: CodeMetrics {
                nargs: Stats {
                    fn_nargs: 0,
                    closure_nargs: 0,
                    fn_nargs_sum: 0,
                    closure_nargs_sum: 0,
                    fn_nargs_min: 0,
                    closure_nargs_min: 0,
                    fn_nargs_max: 0,
                    closure_nargs_max: 0,
                    total_functions: 1,
                    total_closures: 0,
                },
                nexits: Stats {
                    exit: 2,
                    exit_sum: 2,
                    total_space_functions: 1,
                    exit_min: 2,
                    exit_max: 2,
                },
                cognitive: Stats {
                    structural: 3,
                    structural_sum: 3,
                    structural_min: 3,
                    structural_max: 3,
                    nesting: 0,
                    total_space_functions: 1,
                    boolean_seq: BoolSequence {
                        boolean_op: None,
                    },
                },
                cyclomatic: Stats {
                    cyclomatic_sum: 4.000,
                    cyclomatic: 4.000,
                    n: 1,
                    cyclomatic_max: 4.000,
                    cyclomatic_min: 4.000,
                },
                halstead: Stats {
                    u_operators: 10,
                    operators: 21,
                    u_operands: 12,
                    operands: 13,
                },
                loc: Stats {
                    sloc: Sloc {
                        start: 65,
                        end: 75,
                        unit: fal,
                        sloc_min: 11,
                        sloc_max: 11,
                    },
                    ploc: Ploc {
                        lines: {
                            74,
                            71,
                            65,
                            75,
                            72,
                            69,
                            66,
                            73,
                            70,
                        },
                        ploc_min: 9,
                        ploc_max: 9,
                    },
                    cloc: Cloc {
                        only_comment_lines: 2,
                        code_comment_lines: 0,
                        comment_line_end: Some(
                            68,
                        ),
                        cloc_min: 2,
                        cloc_max: 2,
                    },
                    lloc: Lloc {
                        logical_lines: 8,
                        lloc_min: 8,
                        lloc_max: 8,
                    },
                    space_count: 1,
                    blank_min: 0,
                    blank_max: 0,
                },
                nom: Stats {
                    functions: 1,
                    closures: 0,
                    functions_sum: 1,
                    closures_sum: 0,
                    functions_min: 1,
                    functions_max: 1,
                    closures_min: 0,
                    closures_max: 0,
                    space_count: 1,
                },
                mi: Stats {
                    halstead_length: 34.000,
                    halstead_vocabulary: 22.000,
                    halstead_volume: 151.621,
                    cyclomatic: 4.000,
                    sloc: 11.000,
                    comments_percentage: 0.182,
                },
                abc: Stats {
                    assignments: 0.000,
                    assignments_sum: 0.000,
                    assignments_min: 0.000,
                    assignments_max: 0.000,
                    branches: 0.000,
                    branches_sum: 0.000,
                    branches_min: 0.000,
                    branches_max: 0.000,
                    conditions: 0.000,
                    conditions_sum: 0.000,
                    conditions_min: 0.000,
                    conditions_max: 0.000,
                    space_count: 1,
                    declaration: [],
                },
                wmc: Stats {
                    cyclomatic: 0.000,
                    class_wmc: 0.000,
                    interface_wmc: 0.000,
                    class_wmc_sum: 0.000,
                    interface_wmc_sum: 0.000,
                    space_kind: Unknown,
                },
                npm: Stats {
                    class_npm: 0,
                    interface_npm: 0,
                    class_nm: 0,
                    interface_nm: 0,
                    class_npm_sum: 0,
                    interface_npm_sum: 0,
                    class_nm_sum: 0,
                    interface_nm_sum: 0,
                    is_class_space: fal,
                },
                npa: Stats {
                    class_npa: 0,
                    interface_npa: 0,
                    class_na: 0,
                    interface_na: 0,
                    class_npa_sum: 0,
                    interface_npa_sum: 0,
                    class_na_sum: 0,
                    interface_na_sum: 0,
                    is_class_space: fal,
                },
            },
        },
    ],
    metrics: CodeMetrics {
        nargs: Stats {
            fn_nargs: 0,
            closure_nargs: 0,
            fn_nargs_sum: 0,
            closure_nargs_sum: 0,
            fn_nargs_min: 0,
            closure_nargs_min: 0,
            fn_nargs_max: 0,
            closure_nargs_max: 0,
            total_functions: 6,
            total_closures: 0,
        },
        nexits: Stats {
            exit: 0,
            exit_sum: 7,
            total_space_functions: 6,
            exit_min: 0,
            exit_max: 2,
        },
        cognitive: Stats {
            structural: 0,
            structural_sum: 11,
            structural_min: 0,
            structural_max: 3,
            nesting: 0,
            total_space_functions: 6,
            boolean_seq: BoolSequence {
                boolean_op: None,
            },
        },
        cyclomatic: Stats {
            cyclomatic_sum: 18.000,
            cyclomatic: 1.000,
            n: 7,
            cyclomatic_max: 4.000,
            cyclomatic_min: 1.000,
        },
        halstead: Stats {
            u_operators: 16,
            operators: 130,
            u_operands: 44,
            operands: 70,
        },
        loc: Stats {
            sloc: Sloc {
                start: 0,
                end: 76,
                unit: tru,
                sloc_min: 6,
                sloc_max: 11,
            },
            ploc: Ploc {
                lines: {
                    61,
                    58,
                    52,
                    49,
                    46,
                    43,
                    40,
                    34,
                    31,
                    28,
                    22,
                    19,
                    16,
                    74,
                    71,
                    65,
                    62,
                    59,
                    53,
                    50,
                    44,
                    41,
                    35,
                    32,
                    29,
                    23,
                    20,
                    75,
                    72,
                    69,
                    66,
                    60,
                    57,
                    54,
                    51,
                    45,
                    42,
                    39,
                    36,
                    30,
                    27,
                    24,
                    21,
                    73,
                    70,
                },
                ploc_min: 6,
                ploc_max: 9,
            },
            cloc: Cloc {
                only_comment_lines: 23,
                code_comment_lines: 0,
                comment_line_end: Some(
                    64,
                ),
                cloc_min: 0,
                cloc_max: 2,
            },
            lloc: Lloc {
                logical_lines: 41,
                lloc_min: 5,
                lloc_max: 8,
            },
            space_count: 7,
            blank_min: 0,
            blank_max: 1,
        },
        nom: Stats {
            functions: 0,
            closures: 0,
            functions_sum: 6,
            closures_sum: 0,
            functions_min: 0,
            functions_max: 1,
            closures_min: 0,
            closures_max: 0,
            space_count: 7,
        },
        mi: Stats {
            halstead_length: 200.000,
            halstead_vocabulary: 60.000,
            halstead_volume: 1181.378,
            cyclomatic: 18.000,
            sloc: 76.000,
            comments_percentage: 0.303,
        },
        abc: Stats {
            assignments: 0.000,
            assignments_sum: 0.000,
            assignments_min: 0.000,
            assignments_max: 0.000,
            branches: 0.000,
            branches_sum: 0.000,
            branches_min: 0.000,
            branches_max: 0.000,
            conditions: 0.000,
            conditions_sum: 0.000,
            conditions_min: 0.000,
            conditions_max: 0.000,
            space_count: 7,
            declaration: [],
        },
        wmc: Stats {
            cyclomatic: 0.000,
            class_wmc: 0.000,
            interface_wmc: 0.000,
            class_wmc_sum: 0.000,
            interface_wmc_sum: 0.000,
            space_kind: Unknown,
        },
        npm: Stats {
            class_npm: 0,
            interface_npm: 0,
            class_nm: 0,
            interface_nm: 0,
            class_npm_sum: 0,
            interface_npm_sum: 0,
            class_nm_sum: 0,
            interface_nm_sum: 0,
            is_class_space: fal,
        },
        npa: Stats {
            class_npa: 0,
            interface_npa: 0,
            class_na: 0,
            interface_na: 0,
            class_npa_sum: 0,
            interface_npa_sum: 0,
            class_na_sum: 0,
            interface_na_sum: 0,
            is_class_space: fal,
        },
    },
}
