---
source: tests/common/mod.rs
expression: funcspace_struct
---
name: "[filepath]"
start_line: 1
end_line: 61
kind: unit
spaces:
  - name: "<anonymous>"
    start_line: 8
    end_line: 61
    kind: function
    spaces:
      - name: "<anonymous>"
        start_line: 18
        end_line: 60
        kind: function
        spaces:
          - name: "<anonymous>"
            start_line: 19
            end_line: 36
            kind: function
            spaces: []
            metrics:
              nargs:
                total_functions: 0
                total_closures: 0
                average_functions: 0
                average_closures: 0
                total: 0
                average: 0
                functions_min: 0
                functions_max: 0
                closures_min: 0
                closures_max: 0
              nexits:
                sum: 0
                average: 0
                min: 0
                max: 0
              cognitive:
                sum: 0
                average: 0
                min: 0
                max: 0
              cyclomatic:
                sum: 1
                average: 1
                min: 1
                max: 1
              halstead:
                n1: 15
                N1: 52
                n2: 27
                N2: 33
                length: 85
                estimated_program_length: 186.985
                purity_ratio: 2.2
                vocabulary: 42
                volume: 458.347
                difficulty: 9.167
                level: 0.109
                effort: 4201.514
                time: 233.417
                bugs: 0.087
              loc:
                sloc: 18
                ploc: 17
                lloc: 3
                cloc: 0
                blank: 1
                sloc_average: 18
                ploc_average: 17
                lloc_average: 3
                cloc_average: 0
                blank_average: 1
                sloc_min: 18
                sloc_max: 18
                cloc_min: 0
                cloc_max: 0
                ploc_min: 17
                ploc_max: 17
                lloc_min: 3
                lloc_max: 3
                blank_min: 1
                blank_max: 1
              nom:
                functions: 0
                closures: 1
                functions_average: 0
                closures_average: 1
                total: 1
                average: 1
                functions_min: 0
                functions_max: 0
                closures_min: 1
                closures_max: 1
              mi:
                mi_original: 92.082
                mi_sei: 57.248
                mi_visual_studio: 53.849
              abc:
                assignments: 0
                branches: 0
                conditions: 0
                magnitude: 0
                assignments_average: 0
                branches_average: 0
                conditions_average: 0
                assignments_min: 0
                assignments_max: 0
                branches_min: 0
                branches_max: 0
                conditions_min: 0
                conditions_max: 0
          - name: "<anonymous>"
            start_line: 38
            end_line: 59
            kind: function
            spaces: []
            metrics:
              nargs:
                total_functions: 0
                total_closures: 0
                average_functions: 0
                average_closures: 0
                total: 0
                average: 0
                functions_min: 0
                functions_max: 0
                closures_min: 0
                closures_max: 0
              nexits:
                sum: 0
                average: 0
                min: 0
                max: 0
              cognitive:
                sum: 0
                average: 0
                min: 0
                max: 0
              cyclomatic:
                sum: 1
                average: 1
                min: 1
                max: 1
              halstead:
                n1: 15
                N1: 64
                n2: 36
                N2: 42
                length: 106
                estimated_program_length: 244.721
                purity_ratio: 2.309
                vocabulary: 51
                volume: 601.277
                difficulty: 8.75
                level: 0.114
                effort: 5261.175
                time: 292.287
                bugs: 0.101
              loc:
                sloc: 22
                ploc: 21
                lloc: 3
                cloc: 0
                blank: 1
                sloc_average: 22
                ploc_average: 21
                lloc_average: 3
                cloc_average: 0
                blank_average: 1
                sloc_min: 22
                sloc_max: 22
                cloc_min: 0
                cloc_max: 0
                ploc_min: 21
                ploc_max: 21
                lloc_min: 3
                lloc_max: 3
                blank_min: 1
                blank_max: 1
              nom:
                functions: 0
                closures: 1
                functions_average: 0
                closures_average: 1
                total: 1
                average: 1
                functions_min: 0
                functions_max: 0
                closures_min: 1
                closures_max: 1
              mi:
                mi_original: 87.42
                mi_sei: 50.521
                mi_visual_studio: 51.123
              abc:
                assignments: 0
                branches: 0
                conditions: 0
                magnitude: 0
                assignments_average: 0
                branches_average: 0
                conditions_average: 0
                assignments_min: 0
                assignments_max: 0
                branches_min: 0
                branches_max: 0
                conditions_min: 0
                conditions_max: 0
        metrics:
          nargs:
            total_functions: 0
            total_closures: 0
            average_functions: 0
            average_closures: 0
            total: 0
            average: 0
            functions_min: 0
            functions_max: 0
            closures_min: 0
            closures_max: 0
          nexits:
            sum: 0
            average: 0
            min: 0
            max: 0
          cognitive:
            sum: 0
            average: 0
            min: 0
            max: 0
          cyclomatic:
            sum: 3
            average: 1
            min: 1
            max: 1
          halstead:
            n1: 15
            N1: 126
            n2: 41
            N2: 79
            length: 205
            estimated_program_length: 278.263
            purity_ratio: 1.357
            vocabulary: 56
            volume: 1190.508
            difficulty: 14.451
            level: 0.069
            effort: 17204.289
            time: 955.794
            bugs: 0.222
          loc:
            sloc: 43
            ploc: 40
            lloc: 9
            cloc: 0
            blank: 3
            sloc_average: 14.333
            ploc_average: 13.333
            lloc_average: 3
            cloc_average: 0
            blank_average: 1
            sloc_min: 18
            sloc_max: 22
            cloc_min: 0
            cloc_max: 0
            ploc_min: 17
            ploc_max: 21
            lloc_min: 3
            lloc_max: 3
            blank_min: 1
            blank_max: 1
          nom:
            functions: 0
            closures: 3
            functions_average: 0
            closures_average: 1
            total: 3
            average: 1
            functions_min: 0
            functions_max: 0
            closures_min: 1
            closures_max: 1
          mi:
            mi_original: 72.551
            mi_sei: 29.274
            mi_visual_studio: 42.428
          abc:
            assignments: 0
            branches: 0
            conditions: 0
            magnitude: 0
            assignments_average: 0
            branches_average: 0
            conditions_average: 0
            assignments_min: 0
            assignments_max: 0
            branches_min: 0
            branches_max: 0
            conditions_min: 0
            conditions_max: 0
    metrics:
      nargs:
        total_functions: 0
        total_closures: 0
        average_functions: 0
        average_closures: 0
        total: 0
        average: 0
        functions_min: 0
        functions_max: 0
        closures_min: 0
        closures_max: 0
      nexits:
        sum: 0
        average: 0
        min: 0
        max: 0
      cognitive:
        sum: 0
        average: 0
        min: 0
        max: 0
      cyclomatic:
        sum: 4
        average: 1
        min: 1
        max: 1
      halstead:
        n1: 15
        N1: 141
        n2: 46
        N2: 87
        length: 228
        estimated_program_length: 312.687
        purity_ratio: 1.371
        vocabulary: 61
        volume: 1352.208
        difficulty: 14.185
        level: 0.07
        effort: 19180.778
        time: 1065.599
        bugs: 0.239
      loc:
        sloc: 54
        ploc: 48
        lloc: 11
        cloc: 2
        blank: 4
        sloc_average: 13.5
        ploc_average: 12
        lloc_average: 2.75
        cloc_average: 0.5
        blank_average: 1
        sloc_min: 43
        sloc_max: 43
        cloc_min: 0
        cloc_max: 0
        ploc_min: 40
        ploc_max: 40
        lloc_min: 9
        lloc_max: 9
        blank_min: 3
        blank_max: 3
      nom:
        functions: 0
        closures: 4
        functions_average: 0
        closures_average: 1
        total: 4
        average: 1
        functions_min: 0
        functions_max: 0
        closures_min: 1
        closures_max: 1
      mi:
        mi_original: 67.969
        mi_sei: 37.452
        mi_visual_studio: 39.748
      abc:
        assignments: 0
        branches: 0
        conditions: 0
        magnitude: 0
        assignments_average: 0
        branches_average: 0
        conditions_average: 0
        assignments_min: 0
        assignments_max: 0
        branches_min: 0
        branches_max: 0
        conditions_min: 0
        conditions_max: 0
metrics:
  nargs:
    total_functions: 0
    total_closures: 0
    average_functions: 0
    average_closures: 0
    total: 0
    average: 0
    functions_min: 0
    functions_max: 0
    closures_min: 0
    closures_max: 0
  nexits:
    sum: 0
    average: 0
    min: 0
    max: 0
  cognitive:
    sum: 0
    average: 0
    min: 0
    max: 0
  cyclomatic:
    sum: 5
    average: 1
    min: 1
    max: 1
  halstead:
    n1: 17
    N1: 170
    n2: 53
    N2: 103
    length: 273
    estimated_program_length: 373.067
    purity_ratio: 1.367
    vocabulary: 70
    volume: 1673.294
    difficulty: 16.519
    level: 0.061
    effort: 27640.927
    time: 1535.607
    bugs: 0.305
  loc:
    sloc: 61
    ploc: 54
    lloc: 18
    cloc: 2
    blank: 5
    sloc_average: 12.2
    ploc_average: 10.8
    lloc_average: 3.6
    cloc_average: 0.4
    blank_average: 1
    sloc_min: 54
    sloc_max: 54
    cloc_min: 2
    cloc_max: 2
    ploc_min: 48
    ploc_max: 48
    lloc_min: 11
    lloc_max: 11
    blank_min: 4
    blank_max: 4
  nom:
    functions: 0
    closures: 4
    functions_average: 0
    closures_average: 0.8
    total: 4
    average: 0.8
    functions_min: 0
    functions_max: 0
    closures_min: 0
    closures_max: 1
  mi:
    mi_original: 64.657
    mi_sei: 31.93
    mi_visual_studio: 37.811
  abc:
    assignments: 0
    branches: 0
    conditions: 0
    magnitude: 0
    assignments_average: 0
    branches_average: 0
    conditions_average: 0
    assignments_min: 0
    assignments_max: 0
    branches_min: 0
    branches_max: 0
    conditions_min: 0
    conditions_max: 0

