---
source: tests/common/mod.rs
expression: funcspace_struct
---
name: "[filepath]"
start_line: 1
end_line: 202
kind: unit
spaces:
  - name: "Container<'a>"
    start_line: 61
    end_line: 121
    kind: impl
    spaces:
      - name: from_ast
        start_line: 63
        end_line: 120
        kind: function
        spaces: []
        metrics:
          nargs:
            total_functions: 3
            total_closures: 0
            average_functions: 3
            average_closures: 0
            total: 3
            average: 3
            functions_min: 3
            functions_max: 3
            closures_min: 0
            closures_max: 0
          nexits:
            sum: 2
            average: 2
            min: 2
            max: 2
          cognitive:
            sum: 17
            average: 17
            min: 17
            max: 17
          cyclomatic:
            sum: 12
            average: 12
            min: 12
            max: 12
          halstead:
            n1: 18
            N1: 149
            n2: 29
            N2: 91
            length: 240
            estimated_program_length: 215.94
            purity_ratio: 0.9
            vocabulary: 47
            volume: 1333.101
            difficulty: 28.241
            level: 0.035
            effort: 37648.62
            time: 2091.59
            bugs: 0.374
          loc:
            sloc: 58
            ploc: 54
            lloc: 23
            cloc: 0
            blank: 4
            sloc_average: 58
            ploc_average: 54
            lloc_average: 23
            cloc_average: 0
            blank_average: 4
            sloc_min: 58
            sloc_max: 58
            cloc_min: 0
            cloc_max: 0
            ploc_min: 54
            ploc_max: 54
            lloc_min: 23
            lloc_max: 23
            blank_min: 4
            blank_max: 4
          nom:
            functions: 1
            closures: 0
            functions_average: 1
            closures_average: 0
            total: 1
            average: 1
            functions_min: 1
            functions_max: 1
            closures_min: 0
            closures_max: 0
          mi:
            mi_original: 65.045
            mi_sei: 19.362
            mi_visual_studio: 38.038
          abc:
            assignments: 0
            branches: 0
            conditions: 0
            magnitude: 0
            assignments_average: 0
            branches_average: 0
            conditions_average: 0
            assignments_min: 0
            assignments_max: 0
            branches_min: 0
            branches_max: 0
            conditions_min: 0
            conditions_max: 0
    metrics:
      nargs:
        total_functions: 3
        total_closures: 0
        average_functions: 3
        average_closures: 0
        total: 3
        average: 3
        functions_min: 0
        functions_max: 3
        closures_min: 0
        closures_max: 0
      nexits:
        sum: 2
        average: 2
        min: 0
        max: 2
      cognitive:
        sum: 17
        average: 17
        min: 0
        max: 17
      cyclomatic:
        sum: 13
        average: 6.5
        min: 1
        max: 12
      halstead:
        n1: 18
        N1: 154
        n2: 29
        N2: 93
        length: 247
        estimated_program_length: 215.94
        purity_ratio: 0.874
        vocabulary: 47
        volume: 1371.983
        difficulty: 28.862
        level: 0.035
        effort: 39598.281
        time: 2199.904
        bugs: 0.387
      loc:
        sloc: 61
        ploc: 56
        lloc: 23
        cloc: 1
        blank: 4
        sloc_average: 30.5
        ploc_average: 28
        lloc_average: 11.5
        cloc_average: 0.5
        blank_average: 2
        sloc_min: 58
        sloc_max: 58
        cloc_min: 0
        cloc_max: 0
        ploc_min: 54
        ploc_max: 54
        lloc_min: 23
        lloc_max: 23
        blank_min: 4
        blank_max: 4
      nom:
        functions: 1
        closures: 0
        functions_average: 0.5
        closures_average: 0
        total: 1
        average: 0.5
        functions_min: 0
        functions_max: 1
        closures_min: 0
        closures_max: 0
      mi:
        mi_original: 63.849
        mi_sei: 27.59
        mi_visual_studio: 37.339
      abc:
        assignments: 0
        branches: 0
        conditions: 0
        magnitude: 0
        assignments_average: 0
        branches_average: 0
        conditions_average: 0
        assignments_min: 0
        assignments_max: 0
        branches_min: 0
        branches_max: 0
        conditions_min: 0
        conditions_max: 0
  - name: "Data<'a>"
    start_line: 123
    end_line: 136
    kind: impl
    spaces:
      - name: all_fields
        start_line: 124
        end_line: 131
        kind: function
        spaces:
          - name: "<anonymous>"
            start_line: 127
            end_line: 127
            kind: function
            spaces: []
            metrics:
              nargs:
                total_functions: 0
                total_closures: 1
                average_functions: 0
                average_closures: 1
                total: 1
                average: 1
                functions_min: 0
                functions_max: 0
                closures_min: 1
                closures_max: 1
              nexits:
                sum: 0
                average: 0
                min: 0
                max: 0
              cognitive:
                sum: 0
                average: 0
                min: 0
                max: 0
              cyclomatic:
                sum: 1
                average: 1
                min: 1
                max: 1
              halstead:
                n1: 3
                N1: 5
                n2: 1
                N2: 2
                length: 7
                estimated_program_length: 4.755
                purity_ratio: 0.679
                vocabulary: 4
                volume: 14
                difficulty: 3
                level: 0.333
                effort: 42
                time: 2.333
                bugs: 0.004
              loc:
                sloc: 1
                ploc: 1
                lloc: 0
                cloc: 0
                blank: 0
                sloc_average: 1
                ploc_average: 1
                lloc_average: 0
                cloc_average: 0
                blank_average: 0
                sloc_min: 1
                sloc_max: 1
                cloc_min: 0
                cloc_max: 0
                ploc_min: 1
                ploc_max: 1
                lloc_min: 0
                lloc_max: 0
                blank_min: 0
                blank_max: 0
              nom:
                functions: 0
                closures: 1
                functions_average: 0
                closures_average: 1
                total: 1
                average: 1
                functions_min: 0
                functions_max: 0
                closures_min: 1
                closures_max: 1
              mi:
                mi_original: 157.047
                mi_sei: 150.972
                mi_visual_studio: 91.84
              abc:
                assignments: 0
                branches: 0
                conditions: 0
                magnitude: 0
                assignments_average: 0
                branches_average: 0
                conditions_average: 0
                assignments_min: 0
                assignments_max: 0
                branches_min: 0
                branches_max: 0
                conditions_min: 0
                conditions_max: 0
        metrics:
          nargs:
            total_functions: 1
            total_closures: 1
            average_functions: 1
            average_closures: 1
            total: 2
            average: 1
            functions_min: 0
            functions_max: 1
            closures_min: 0
            closures_max: 1
          nexits:
            sum: 1
            average: 0.5
            min: 0
            max: 1
          cognitive:
            sum: 1
            average: 0.5
            min: 0
            max: 1
          cyclomatic:
            sum: 4
            average: 2
            min: 1
            max: 3
          halstead:
            n1: 14
            N1: 36
            n2: 12
            N2: 22
            length: 58
            estimated_program_length: 96.323
            purity_ratio: 1.661
            vocabulary: 26
            volume: 272.626
            difficulty: 12.833
            level: 0.078
            effort: 3498.694
            time: 194.372
            bugs: 0.077
          loc:
            sloc: 8
            ploc: 8
            lloc: 1
            cloc: 0
            blank: 0
            sloc_average: 4
            ploc_average: 4
            lloc_average: 0.5
            cloc_average: 0
            blank_average: 0
            sloc_min: 1
            sloc_max: 1
            cloc_min: 0
            cloc_max: 0
            ploc_min: 1
            ploc_max: 1
            lloc_min: 0
            lloc_max: 0
            blank_min: 0
            blank_max: 0
          nom:
            functions: 1
            closures: 1
            functions_average: 0.5
            closures_average: 0.5
            total: 2
            average: 1
            functions_min: 0
            functions_max: 1
            closures_min: 0
            closures_max: 1
          mi:
            mi_original: 107.231
            mi_sei: 79.408
            mi_visual_studio: 62.708
          abc:
            assignments: 0
            branches: 0
            conditions: 0
            magnitude: 0
            assignments_average: 0
            branches_average: 0
            conditions_average: 0
            assignments_min: 0
            assignments_max: 0
            branches_min: 0
            branches_max: 0
            conditions_min: 0
            conditions_max: 0
      - name: has_getter
        start_line: 133
        end_line: 135
        kind: function
        spaces:
          - name: "<anonymous>"
            start_line: 134
            end_line: 134
            kind: function
            spaces: []
            metrics:
              nargs:
                total_functions: 0
                total_closures: 1
                average_functions: 0
                average_closures: 1
                total: 1
                average: 1
                functions_min: 0
                functions_max: 0
                closures_min: 1
                closures_max: 1
              nexits:
                sum: 0
                average: 0
                min: 0
                max: 0
              cognitive:
                sum: 0
                average: 0
                min: 0
                max: 0
              cyclomatic:
                sum: 1
                average: 1
                min: 1
                max: 1
              halstead:
                n1: 3
                N1: 7
                n2: 1
                N2: 2
                length: 9
                estimated_program_length: 4.755
                purity_ratio: 0.528
                vocabulary: 4
                volume: 18
                difficulty: 3
                level: 0.333
                effort: 54
                time: 3
                bugs: 0.005
              loc:
                sloc: 1
                ploc: 1
                lloc: 0
                cloc: 0
                blank: 0
                sloc_average: 1
                ploc_average: 1
                lloc_average: 0
                cloc_average: 0
                blank_average: 0
                sloc_min: 1
                sloc_max: 1
                cloc_min: 0
                cloc_max: 0
                ploc_min: 1
                ploc_max: 1
                lloc_min: 0
                lloc_max: 0
                blank_min: 0
                blank_max: 0
              nom:
                functions: 0
                closures: 1
                functions_average: 0
                closures_average: 1
                total: 1
                average: 1
                functions_min: 0
                functions_max: 0
                closures_min: 1
                closures_max: 1
              mi:
                mi_original: 155.74
                mi_sei: 149.086
                mi_visual_studio: 91.076
              abc:
                assignments: 0
                branches: 0
                conditions: 0
                magnitude: 0
                assignments_average: 0
                branches_average: 0
                conditions_average: 0
                assignments_min: 0
                assignments_max: 0
                branches_min: 0
                branches_max: 0
                conditions_min: 0
                conditions_max: 0
        metrics:
          nargs:
            total_functions: 1
            total_closures: 1
            average_functions: 1
            average_closures: 1
            total: 2
            average: 1
            functions_min: 0
            functions_max: 1
            closures_min: 0
            closures_max: 1
          nexits:
            sum: 1
            average: 0.5
            min: 0
            max: 1
          cognitive:
            sum: 0
            average: 0
            min: 0
            max: 0
          cyclomatic:
            sum: 2
            average: 1
            min: 1
            max: 1
          halstead:
            n1: 8
            N1: 17
            n2: 3
            N2: 5
            length: 22
            estimated_program_length: 28.755
            purity_ratio: 1.307
            vocabulary: 11
            volume: 76.107
            difficulty: 6.667
            level: 0.15
            effort: 507.383
            time: 28.188
            bugs: 0.021
          loc:
            sloc: 3
            ploc: 3
            lloc: 0
            cloc: 0
            blank: 0
            sloc_average: 1.5
            ploc_average: 1.5
            lloc_average: 0
            cloc_average: 0
            blank_average: 0
            sloc_min: 1
            sloc_max: 1
            cloc_min: 0
            cloc_max: 0
            ploc_min: 1
            ploc_max: 1
            lloc_min: 0
            lloc_max: 0
            blank_min: 0
            blank_max: 0
          nom:
            functions: 1
            closures: 1
            functions_average: 0.5
            closures_average: 0.5
            total: 2
            average: 1
            functions_min: 0
            functions_max: 1
            closures_min: 0
            closures_max: 1
          mi:
            mi_original: 130.215
            mi_sei: 112.364
            mi_visual_studio: 76.149
          abc:
            assignments: 0
            branches: 0
            conditions: 0
            magnitude: 0
            assignments_average: 0
            branches_average: 0
            conditions_average: 0
            assignments_min: 0
            assignments_max: 0
            branches_min: 0
            branches_max: 0
            conditions_min: 0
            conditions_max: 0
    metrics:
      nargs:
        total_functions: 2
        total_closures: 2
        average_functions: 1
        average_closures: 1
        total: 4
        average: 1
        functions_min: 0
        functions_max: 1
        closures_min: 0
        closures_max: 1
      nexits:
        sum: 2
        average: 0.5
        min: 0
        max: 1
      cognitive:
        sum: 1
        average: 0.25
        min: 0
        max: 1
      cyclomatic:
        sum: 7
        average: 1.4
        min: 1
        max: 3
      halstead:
        n1: 15
        N1: 58
        n2: 14
        N2: 29
        length: 87
        estimated_program_length: 111.906
        purity_ratio: 1.286
        vocabulary: 29
        volume: 422.644
        difficulty: 15.536
        level: 0.064
        effort: 6566.082
        time: 364.782
        bugs: 0.117
      loc:
        sloc: 14
        ploc: 13
        lloc: 1
        cloc: 0
        blank: 1
        sloc_average: 2.8
        ploc_average: 2.6
        lloc_average: 0.2
        cloc_average: 0
        blank_average: 0.2
        sloc_min: 3
        sloc_max: 8
        cloc_min: 0
        cloc_max: 0
        ploc_min: 3
        ploc_max: 8
        lloc_min: 0
        lloc_max: 1
        blank_min: 0
        blank_max: 0
      nom:
        functions: 2
        closures: 2
        functions_average: 0.4
        closures_average: 0.4
        total: 4
        average: 0.8
        functions_min: 0
        functions_max: 1
        closures_min: 0
        closures_max: 1
      mi:
        mi_original: 95.195
        mi_sei: 62.35
        mi_visual_studio: 55.67
      abc:
        assignments: 0
        branches: 0
        conditions: 0
        magnitude: 0
        assignments_average: 0
        branches_average: 0
        conditions_average: 0
        assignments_min: 0
        assignments_max: 0
        branches_min: 0
        branches_max: 0
        conditions_min: 0
        conditions_max: 0
  - name: enum_from_ast
    start_line: 138
    end_line: 158
    kind: function
    spaces:
      - name: "<anonymous>"
        start_line: 145
        end_line: 156
        kind: function
        spaces: []
        metrics:
          nargs:
            total_functions: 0
            total_closures: 1
            average_functions: 0
            average_closures: 1
            total: 1
            average: 1
            functions_min: 0
            functions_max: 0
            closures_min: 1
            closures_max: 1
          nexits:
            sum: 0
            average: 0
            min: 0
            max: 0
          cognitive:
            sum: 0
            average: 0
            min: 0
            max: 0
          cyclomatic:
            sum: 1
            average: 1
            min: 1
            max: 1
          halstead:
            n1: 9
            N1: 30
            n2: 11
            N2: 20
            length: 50
            estimated_program_length: 66.583
            purity_ratio: 1.332
            vocabulary: 20
            volume: 216.096
            difficulty: 8.182
            level: 0.122
            effort: 1768.061
            time: 98.226
            bugs: 0.049
          loc:
            sloc: 12
            ploc: 12
            lloc: 2
            cloc: 0
            blank: 0
            sloc_average: 12
            ploc_average: 12
            lloc_average: 2
            cloc_average: 0
            blank_average: 0
            sloc_min: 12
            sloc_max: 12
            cloc_min: 0
            cloc_max: 0
            ploc_min: 12
            ploc_max: 12
            lloc_min: 2
            lloc_max: 2
            blank_min: 0
            blank_max: 0
          nom:
            functions: 0
            closures: 1
            functions_average: 0
            closures_average: 1
            total: 1
            average: 1
            functions_min: 0
            functions_max: 0
            closures_min: 1
            closures_max: 1
          mi:
            mi_original: 102.561
            mi_sei: 72.365
            mi_visual_studio: 59.977
          abc:
            assignments: 0
            branches: 0
            conditions: 0
            magnitude: 0
            assignments_average: 0
            branches_average: 0
            conditions_average: 0
            assignments_min: 0
            assignments_max: 0
            branches_min: 0
            branches_max: 0
            conditions_min: 0
            conditions_max: 0
    metrics:
      nargs:
        total_functions: 3
        total_closures: 1
        average_functions: 3
        average_closures: 1
        total: 4
        average: 2
        functions_min: 0
        functions_max: 3
        closures_min: 0
        closures_max: 1
      nexits:
        sum: 1
        average: 0.5
        min: 0
        max: 1
      cognitive:
        sum: 0
        average: 0
        min: 0
        max: 0
      cyclomatic:
        sum: 2
        average: 1
        min: 1
        max: 1
      halstead:
        n1: 15
        N1: 57
        n2: 16
        N2: 31
        length: 88
        estimated_program_length: 122.603
        purity_ratio: 1.393
        vocabulary: 31
        volume: 435.969
        difficulty: 14.531
        level: 0.069
        effort: 6335.179
        time: 351.954
        bugs: 0.114
      loc:
        sloc: 21
        ploc: 21
        lloc: 2
        cloc: 0
        blank: 0
        sloc_average: 10.5
        ploc_average: 10.5
        lloc_average: 1
        cloc_average: 0
        blank_average: 0
        sloc_min: 12
        sloc_max: 12
        cloc_min: 0
        cloc_max: 0
        ploc_min: 12
        ploc_max: 12
        lloc_min: 2
        lloc_max: 2
        blank_min: 0
        blank_max: 0
      nom:
        functions: 1
        closures: 1
        functions_average: 0.5
        closures_average: 0.5
        total: 2
        average: 1
        functions_min: 0
        functions_max: 1
        closures_min: 0
        closures_max: 1
      mi:
        mi_original: 89.615
        mi_sei: 53.79
        mi_visual_studio: 52.407
      abc:
        assignments: 0
        branches: 0
        conditions: 0
        magnitude: 0
        assignments_average: 0
        branches_average: 0
        conditions_average: 0
        assignments_min: 0
        assignments_max: 0
        branches_min: 0
        branches_max: 0
        conditions_min: 0
        conditions_max: 0
  - name: struct_from_ast
    start_line: 160
    end_line: 181
    kind: function
    spaces: []
    metrics:
      nargs:
        total_functions: 4
        total_closures: 0
        average_functions: 4
        average_closures: 0
        total: 4
        average: 4
        functions_min: 4
        functions_max: 4
        closures_min: 0
        closures_max: 0
      nexits:
        sum: 1
        average: 1
        min: 1
        max: 1
      cognitive:
        sum: 1
        average: 1
        min: 1
        max: 1
      cyclomatic:
        sum: 6
        average: 6
        min: 6
        max: 6
      halstead:
        n1: 13
        N1: 70
        n2: 20
        N2: 54
        length: 124
        estimated_program_length: 134.544
        purity_ratio: 1.085
        vocabulary: 33
        volume: 625.505
        difficulty: 17.55
        level: 0.057
        effort: 10977.61
        time: 609.867
        bugs: 0.165
      loc:
        sloc: 22
        ploc: 22
        lloc: 1
        cloc: 0
        blank: 0
        sloc_average: 22
        ploc_average: 22
        lloc_average: 1
        cloc_average: 0
        blank_average: 0
        sloc_min: 22
        sloc_max: 22
        cloc_min: 0
        cloc_max: 0
        ploc_min: 22
        ploc_max: 22
        lloc_min: 1
        lloc_max: 1
        blank_min: 0
        blank_max: 0
      nom:
        functions: 1
        closures: 0
        functions_average: 1
        closures_average: 0
        total: 1
        average: 1
        functions_min: 1
        functions_max: 1
        closures_min: 0
        closures_max: 0
      mi:
        mi_original: 86.065
        mi_sei: 49.075
        mi_visual_studio: 50.33
      abc:
        assignments: 0
        branches: 0
        conditions: 0
        magnitude: 0
        assignments_average: 0
        branches_average: 0
        conditions_average: 0
        assignments_min: 0
        assignments_max: 0
        branches_min: 0
        branches_max: 0
        conditions_min: 0
        conditions_max: 0
  - name: fields_from_ast
    start_line: 183
    end_line: 202
    kind: function
    spaces:
      - name: "<anonymous>"
        start_line: 192
        end_line: 200
        kind: function
        spaces: []
        metrics:
          nargs:
            total_functions: 0
            total_closures: 1
            average_functions: 0
            average_closures: 1
            total: 1
            average: 1
            functions_min: 0
            functions_max: 0
            closures_min: 1
            closures_max: 1
          nexits:
            sum: 0
            average: 0
            min: 0
            max: 0
          cognitive:
            sum: 2
            average: 2
            min: 2
            max: 2
          cyclomatic:
            sum: 3
            average: 3
            min: 3
            max: 3
          halstead:
            n1: 8
            N1: 31
            n2: 15
            N2: 24
            length: 55
            estimated_program_length: 82.603
            purity_ratio: 1.502
            vocabulary: 23
            volume: 248.796
            difficulty: 6.4
            level: 0.156
            effort: 1592.294
            time: 88.461
            bugs: 0.045
          loc:
            sloc: 9
            ploc: 9
            lloc: 0
            cloc: 0
            blank: 0
            sloc_average: 9
            ploc_average: 9
            lloc_average: 0
            cloc_average: 0
            blank_average: 0
            sloc_min: 9
            sloc_max: 9
            cloc_min: 0
            cloc_max: 0
            ploc_min: 9
            ploc_max: 9
            lloc_min: 0
            lloc_max: 0
            blank_min: 0
            blank_max: 0
          nom:
            functions: 0
            closures: 1
            functions_average: 0
            closures_average: 1
            total: 1
            average: 1
            functions_min: 0
            functions_max: 0
            closures_min: 1
            closures_max: 1
          mi:
            mi_original: 106.028
            mi_sei: 77.571
            mi_visual_studio: 62.005
          abc:
            assignments: 0
            branches: 0
            conditions: 0
            magnitude: 0
            assignments_average: 0
            branches_average: 0
            conditions_average: 0
            assignments_min: 0
            assignments_max: 0
            branches_min: 0
            branches_max: 0
            conditions_min: 0
            conditions_max: 0
    metrics:
      nargs:
        total_functions: 4
        total_closures: 1
        average_functions: 4
        average_closures: 1
        total: 5
        average: 2.5
        functions_min: 0
        functions_max: 4
        closures_min: 0
        closures_max: 1
      nexits:
        sum: 1
        average: 0.5
        min: 0
        max: 1
      cognitive:
        sum: 2
        average: 1
        min: 0
        max: 2
      cyclomatic:
        sum: 4
        average: 2
        min: 1
        max: 3
      halstead:
        n1: 14
        N1: 64
        n2: 19
        N2: 37
        length: 101
        estimated_program_length: 134.014
        purity_ratio: 1.327
        vocabulary: 33
        volume: 509.484
        difficulty: 13.632
        level: 0.073
        effort: 6945.069
        time: 385.837
        bugs: 0.121
      loc:
        sloc: 20
        ploc: 20
        lloc: 0
        cloc: 0
        blank: 0
        sloc_average: 10
        ploc_average: 10
        lloc_average: 0
        cloc_average: 0
        blank_average: 0
        sloc_min: 9
        sloc_max: 9
        cloc_min: 0
        cloc_max: 0
        ploc_min: 9
        ploc_max: 9
        lloc_min: 0
        lloc_max: 0
        blank_min: 0
        blank_max: 0
      nom:
        functions: 1
        closures: 1
        functions_average: 0.5
        closures_average: 0.5
        total: 2
        average: 1
        functions_min: 0
        functions_max: 1
        closures_min: 0
        closures_max: 1
      mi:
        mi_original: 89.135
        mi_sei: 53.302
        mi_visual_studio: 52.126
      abc:
        assignments: 0
        branches: 0
        conditions: 0
        magnitude: 0
        assignments_average: 0
        branches_average: 0
        conditions_average: 0
        assignments_min: 0
        assignments_max: 0
        branches_min: 0
        branches_max: 0
        conditions_min: 0
        conditions_max: 0
metrics:
  nargs:
    total_functions: 16
    total_closures: 4
    average_functions: 2.667
    average_closures: 1
    total: 20
    average: 2
    functions_min: 0
    functions_max: 4
    closures_min: 0
    closures_max: 1
  nexits:
    sum: 7
    average: 0.7
    min: 0
    max: 2
  cognitive:
    sum: 21
    average: 2.1
    min: 0
    max: 17
  cyclomatic:
    sum: 33
    average: 2.538
    min: 1
    max: 12
  halstead:
    n1: 24
    N1: 467
    n2: 59
    N2: 288
    length: 755
    estimated_program_length: 457.115
    purity_ratio: 0.605
    vocabulary: 83
    volume: 4813.155
    difficulty: 58.576
    level: 0.017
    effort: 281936.659
    time: 15663.148
    bugs: 1.433
  loc:
    sloc: 202
    ploc: 168
    lloc: 27
    cloc: 18
    blank: 16
    sloc_average: 15.538
    ploc_average: 12.923
    lloc_average: 2.077
    cloc_average: 1.385
    blank_average: 1.231
    sloc_min: 14
    sloc_max: 61
    cloc_min: 0
    cloc_max: 1
    ploc_min: 13
    ploc_max: 56
    lloc_min: 0
    lloc_max: 23
    blank_min: 0
    blank_max: 4
  nom:
    functions: 6
    closures: 4
    functions_average: 0.462
    closures_average: 0.308
    total: 10
    average: 0.769
    functions_min: 0
    functions_max: 1
    closures_min: 0
    closures_max: 1
  mi:
    mi_original: 33.325
    mi_sei: -1.956
    mi_visual_studio: 19.488
  abc:
    assignments: 0
    branches: 0
    conditions: 0
    magnitude: 0
    assignments_average: 0
    branches_average: 0
    conditions_average: 0
    assignments_min: 0
    assignments_max: 0
    branches_min: 0
    branches_max: 0
    conditions_min: 0
    conditions_max: 0

