---
source: tests/common/mod.rs
expression: funcspace_struct
---
{
  "name": null,
  "start_line": 1,
  "end_line": 16,
  "kind": "unit",
  "spaces": [
    {
      "name": "respan",
      "start_line": 3,
      "end_line": 8,
      "kind": "function",
      "spaces": [
        {
          "name": "<anonymous>",
          "start_line": 6,
          "end_line": 6,
          "kind": "function",
          "spaces": [],
          "metrics": {
            "nargs": {
              "total_functions": 0.0,
              "total_closures": 1.0,
              "average_functions": 0.0,
              "average_closures": 1.0,
              "total": 1.0,
              "average": 1.0,
              "functions_min": 0.0,
              "functions_max": 0.0,
              "closures_min": 1.0,
              "closures_max": 1.0
            },
            "nexits": {
              "sum": 0.0,
              "average": 0.0,
              "min": 0.0,
              "max": 0.0
            },
            "cognitive": {
              "sum": 0.0,
              "average": 0.0,
              "min": 0.0,
              "max": 0.0
            },
            "cyclomatic": {
              "sum": 1.0,
              "average": 1.0,
              "min": 1.0,
              "max": 1.0
            },
            "halstead": {
              "n1": 3.0,
              "N1": 4.0,
              "n2": 3.0,
              "N2": 4.0,
              "length": 8.0,
              "estimated_program_length": 9.509775004326936,
              "purity_ratio": 1.188721875540867,
              "vocabulary": 6.0,
              "volume": 20.67970000576925,
              "difficulty": 2.0,
              "level": 0.5,
              "effort": 41.3594000115385,
              "time": 2.2977444450854723,
              "bugs": 0.003986528732566614
            },
            "loc": {
              "sloc": 1.0,
              "ploc": 1.0,
              "lloc": 0.0,
              "cloc": 0.0,
              "blank": 0.0,
              "sloc_average": 1.0,
              "ploc_average": 1.0,
              "lloc_average": 0.0,
              "cloc_average": 0.0,
              "blank_average": 0.0,
              "sloc_min": 1.0,
              "sloc_max": 1.0,
              "cloc_min": 0.0,
              "cloc_max": 0.0,
              "ploc_min": 1.0,
              "ploc_max": 1.0,
              "lloc_min": 0.0,
              "lloc_max": 0.0,
              "blank_min": 0.0,
              "blank_max": 0.0
            },
            "nom": {
              "functions": 0.0,
              "closures": 1.0,
              "functions_average": 0.0,
              "closures_average": 1.0,
              "total": 1.0,
              "average": 1.0,
              "functions_min": 0.0,
              "functions_max": 0.0,
              "closures_min": 1.0,
              "closures_max": 1.0
            },
            "mi": {
              "mi_original": 155.01840677617037,
              "mi_sei": 148.0452545698808,
              "mi_visual_studio": 90.65403905039203
            },
            "abc": {
              "assignments": 0.0,
              "branches": 0.0,
              "conditions": 0.0,
              "magnitude": 0.0,
              "assignments_average": 0.0,
              "branches_average": 0.0,
              "conditions_average": 0.0,
              "assignments_min": 0.0,
              "assignments_max": 0.0,
              "branches_min": 0.0,
              "branches_max": 0.0,
              "conditions_min": 0.0,
              "conditions_max": 0.0
            }
          }
        }
      ],
      "metrics": {
        "nargs": {
          "total_functions": 2.0,
          "total_closures": 1.0,
          "average_functions": 2.0,
          "average_closures": 1.0,
          "total": 3.0,
          "average": 1.5,
          "functions_min": 0.0,
          "functions_max": 2.0,
          "closures_min": 0.0,
          "closures_max": 1.0
        },
        "nexits": {
          "sum": 1.0,
          "average": 0.5,
          "min": 0.0,
          "max": 1.0
        },
        "cognitive": {
          "sum": 0.0,
          "average": 0.0,
          "min": 0.0,
          "max": 0.0
        },
        "cyclomatic": {
          "sum": 2.0,
          "average": 1.0,
          "min": 1.0,
          "max": 1.0
        },
        "halstead": {
          "n1": 7.0,
          "N1": 16.0,
          "n2": 5.0,
          "N2": 8.0,
          "length": 24.0,
          "estimated_program_length": 31.26112492884004,
          "purity_ratio": 1.3025468720350017,
          "vocabulary": 12.0,
          "volume": 86.03910001730775,
          "difficulty": 5.6,
          "level": 0.17857142857142858,
          "effort": 481.8189600969233,
          "time": 26.76772000538463,
          "bugs": 0.020486511063956787
        },
        "loc": {
          "sloc": 6.0,
          "ploc": 6.0,
          "lloc": 0.0,
          "cloc": 0.0,
          "blank": 0.0,
          "sloc_average": 3.0,
          "ploc_average": 3.0,
          "lloc_average": 0.0,
          "cloc_average": 0.0,
          "blank_average": 0.0,
          "sloc_min": 1.0,
          "sloc_max": 1.0,
          "cloc_min": 0.0,
          "cloc_max": 0.0,
          "ploc_min": 1.0,
          "ploc_max": 1.0,
          "lloc_min": 0.0,
          "lloc_max": 0.0,
          "blank_min": 0.0,
          "blank_max": 0.0
        },
        "nom": {
          "functions": 1.0,
          "closures": 1.0,
          "functions_average": 0.5,
          "closures_average": 0.5,
          "total": 2.0,
          "average": 1.0,
          "functions_min": 0.0,
          "functions_max": 1.0,
          "closures_min": 0.0,
          "closures_max": 1.0
        },
        "mi": {
          "mi_original": 118.34852700817183,
          "mi_sei": 95.24362073799924,
          "mi_visual_studio": 69.20966491705954
        },
        "abc": {
          "assignments": 0.0,
          "branches": 0.0,
          "conditions": 0.0,
          "magnitude": 0.0,
          "assignments_average": 0.0,
          "branches_average": 0.0,
          "conditions_average": 0.0,
          "assignments_min": 0.0,
          "assignments_max": 0.0,
          "branches_min": 0.0,
          "branches_max": 0.0,
          "conditions_min": 0.0,
          "conditions_max": 0.0
        }
      }
    },
    {
      "name": "respan_token",
      "start_line": 10,
      "end_line": 16,
      "kind": "function",
      "spaces": [],
      "metrics": {
        "nargs": {
          "total_functions": 2.0,
          "total_closures": 0.0,
          "average_functions": 2.0,
          "average_closures": 0.0,
          "total": 2.0,
          "average": 2.0,
          "functions_min": 2.0,
          "functions_max": 2.0,
          "closures_min": 0.0,
          "closures_max": 0.0
        },
        "nexits": {
          "sum": 1.0,
          "average": 1.0,
          "min": 1.0,
          "max": 1.0
        },
        "cognitive": {
          "sum": 1.0,
          "average": 1.0,
          "min": 1.0,
          "max": 1.0
        },
        "cyclomatic": {
          "sum": 2.0,
          "average": 2.0,
          "min": 2.0,
          "max": 2.0
        },
        "halstead": {
          "n1": 13.0,
          "N1": 27.0,
          "n2": 8.0,
          "N2": 17.0,
          "length": 44.0,
          "estimated_program_length": 72.10571633583419,
          "purity_ratio": 1.638766280359868,
          "vocabulary": 21.0,
          "volume": 193.26196660226546,
          "difficulty": 13.8125,
          "level": 0.07239819004524888,
          "effort": 2669.430913693792,
          "time": 148.3017174274329,
          "bugs": 0.06414427029848879
        },
        "loc": {
          "sloc": 7.0,
          "ploc": 7.0,
          "lloc": 4.0,
          "cloc": 0.0,
          "blank": 0.0,
          "sloc_average": 7.0,
          "ploc_average": 7.0,
          "lloc_average": 4.0,
          "cloc_average": 0.0,
          "blank_average": 0.0,
          "sloc_min": 7.0,
          "sloc_max": 7.0,
          "cloc_min": 0.0,
          "cloc_max": 0.0,
          "ploc_min": 7.0,
          "ploc_max": 7.0,
          "lloc_min": 4.0,
          "lloc_max": 4.0,
          "blank_min": 0.0,
          "blank_max": 0.0
        },
        "nom": {
          "functions": 1.0,
          "closures": 0.0,
          "functions_average": 1.0,
          "closures_average": 0.0,
          "total": 1.0,
          "average": 1.0,
          "functions_min": 1.0,
          "functions_max": 1.0,
          "closures_min": 0.0,
          "closures_max": 0.0
        },
        "mi": {
          "mi_original": 111.64321322131238,
          "mi_sei": 85.56989779009271,
          "mi_visual_studio": 65.2884287843932
        },
        "abc": {
          "assignments": 0.0,
          "branches": 0.0,
          "conditions": 0.0,
          "magnitude": 0.0,
          "assignments_average": 0.0,
          "branches_average": 0.0,
          "conditions_average": 0.0,
          "assignments_min": 0.0,
          "assignments_max": 0.0,
          "branches_min": 0.0,
          "branches_max": 0.0,
          "conditions_min": 0.0,
          "conditions_max": 0.0
        }
      }
    }
  ],
  "metrics": {
    "nargs": {
      "total_functions": 4.0,
      "total_closures": 1.0,
      "average_functions": 2.0,
      "average_closures": 1.0,
      "total": 5.0,
      "average": 1.6666666666666667,
      "functions_min": 0.0,
      "functions_max": 2.0,
      "closures_min": 0.0,
      "closures_max": 1.0
    },
    "nexits": {
      "sum": 2.0,
      "average": 0.6666666666666666,
      "min": 0.0,
      "max": 1.0
    },
    "cognitive": {
      "sum": 1.0,
      "average": 0.3333333333333333,
      "min": 0.0,
      "max": 1.0
    },
    "cyclomatic": {
      "sum": 5.0,
      "average": 1.25,
      "min": 1.0,
      "max": 2.0
    },
    "halstead": {
      "n1": 14.0,
      "N1": 48.0,
      "n2": 12.0,
      "N2": 30.0,
      "length": 78.0,
      "estimated_program_length": 96.32251891746033,
      "purity_ratio": 1.2349040886853888,
      "vocabulary": 26.0,
      "volume": 366.63429801500513,
      "difficulty": 17.5,
      "level": 0.05714285714285714,
      "effort": 6416.10021526259,
      "time": 356.45001195903274,
      "bugs": 0.11509580755242992
    },
    "loc": {
      "sloc": 16.0,
      "ploc": 14.0,
      "lloc": 4.0,
      "cloc": 0.0,
      "blank": 2.0,
      "sloc_average": 4.0,
      "ploc_average": 3.5,
      "lloc_average": 1.0,
      "cloc_average": 0.0,
      "blank_average": 0.5,
      "sloc_min": 6.0,
      "sloc_max": 7.0,
      "cloc_min": 0.0,
      "cloc_max": 0.0,
      "ploc_min": 6.0,
      "ploc_max": 7.0,
      "lloc_min": 0.0,
      "lloc_max": 4.0,
      "blank_min": 0.0,
      "blank_max": 0.0
    },
    "nom": {
      "functions": 2.0,
      "closures": 1.0,
      "functions_average": 0.5,
      "closures_average": 0.25,
      "total": 3.0,
      "average": 0.75,
      "functions_min": 0.0,
      "functions_max": 1.0,
      "closures_min": 0.0,
      "closures_max": 1.0
    },
    "mi": {
      "mi_original": 94.23136528169583,
      "mi_sei": 60.75537069310859,
      "mi_visual_studio": 55.10606156824318
    },
    "abc": {
      "assignments": 0.0,
      "branches": 0.0,
      "conditions": 0.0,
      "magnitude": 0.0,
      "assignments_average": 0.0,
      "branches_average": 0.0,
      "conditions_average": 0.0,
      "assignments_min": 0.0,
      "assignments_max": 0.0,
      "branches_min": 0.0,
      "branches_max": 0.0,
      "conditions_min": 0.0,
      "conditions_max": 0.0
    }
  }
}
