---
source: tests/common/mod.rs
expression: funcspace_struct
---
name: "[filepath]"
start_line: 1
end_line: 127
kind: unit
spaces:
  - name: AnnotationEditorLayerBuilder
    start_line: 37
    end_line: 125
    kind: class
    spaces:
      - name: constructor
        start_line: 43
        end_line: 52
        kind: function
        spaces: []
        metrics:
          nargs:
            total_functions: 1
            total_closures: 0
            average_functions: 1
            average_closures: 0
            total: 1
            average: 1
            functions_min: 1
            functions_max: 1
            closures_min: 0
            closures_max: 0
          nexits:
            sum: 0
            average: 0
            min: 0
            max: 0
          cognitive:
            sum: 1
            average: 1
            min: 1
            max: 1
          cyclomatic:
            sum: 2
            average: 2
            min: 2
            max: 2
          halstead:
            n1: 6
            N1: 32
            n2: 27
            N2: 44
            length: 76
            estimated_program_length: 143.892
            purity_ratio: 1.893
            vocabulary: 33
            volume: 383.374
            difficulty: 4.889
            level: 0.205
            effort: 1874.273
            time: 104.126
            bugs: 0.051
          loc:
            sloc: 10
            ploc: 10
            lloc: 9
            cloc: 0
            blank: 0
            sloc_average: 10
            ploc_average: 10
            lloc_average: 9
            cloc_average: 0
            blank_average: 0
            sloc_min: 10
            sloc_max: 10
            cloc_min: 0
            cloc_max: 0
            ploc_min: 10
            ploc_max: 10
            lloc_min: 9
            lloc_max: 9
            blank_min: 0
            blank_max: 0
          nom:
            functions: 1
            closures: 0
            functions_average: 1
            closures_average: 0
            total: 1
            average: 1
            functions_min: 1
            functions_max: 1
            closures_min: 0
            closures_max: 0
          mi:
            mi_original: 102.303
            mi_sei: 72.095
            mi_visual_studio: 59.826
          abc:
            assignments: 0
            branches: 0
            conditions: 0
            magnitude: 0
            assignments_average: 0
            branches_average: 0
            conditions_average: 0
            assignments_min: 0
            assignments_max: 0
            branches_min: 0
            branches_max: 0
            conditions_min: 0
            conditions_max: 0
      - name: render
        start_line: 58
        end_line: 99
        kind: function
        spaces: []
        metrics:
          nargs:
            total_functions: 2
            total_closures: 0
            average_functions: 2
            average_closures: 0
            total: 2
            average: 2
            functions_min: 2
            functions_max: 2
            closures_min: 0
            closures_max: 0
          nexits:
            sum: 3
            average: 3
            min: 3
            max: 3
          cognitive:
            sum: 3
            average: 3
            min: 3
            max: 3
          cyclomatic:
            sum: 4
            average: 4
            min: 4
            max: 4
          halstead:
            n1: 14
            N1: 100
            n2: 53
            N2: 92
            length: 192
            estimated_program_length: 356.883
            purity_ratio: 1.859
            vocabulary: 67
            volume: 1164.689
            difficulty: 12.151
            level: 0.082
            effort: 14152.072
            time: 786.226
            bugs: 0.195
          loc:
            sloc: 42
            ploc: 35
            lloc: 19
            cloc: 1
            blank: 6
            sloc_average: 42
            ploc_average: 35
            lloc_average: 19
            cloc_average: 1
            blank_average: 6
            sloc_min: 42
            sloc_max: 42
            cloc_min: 1
            cloc_max: 1
            ploc_min: 35
            ploc_max: 35
            lloc_min: 19
            lloc_max: 19
            blank_min: 6
            blank_max: 6
          nom:
            functions: 1
            closures: 0
            functions_average: 1
            closures_average: 0
            total: 1
            average: 1
            functions_min: 1
            functions_max: 1
            closures_min: 0
            closures_max: 0
          mi:
            mi_original: 72.817
            mi_sei: 41.597
            mi_visual_studio: 42.583
          abc:
            assignments: 0
            branches: 0
            conditions: 0
            magnitude: 0
            assignments_average: 0
            branches_average: 0
            conditions_average: 0
            assignments_min: 0
            assignments_max: 0
            branches_min: 0
            branches_max: 0
            conditions_min: 0
            conditions_max: 0
      - name: cancel
        start_line: 101
        end_line: 110
        kind: function
        spaces: []
        metrics:
          nargs:
            total_functions: 0
            total_closures: 0
            average_functions: 0
            average_closures: 0
            total: 0
            average: 0
            functions_min: 0
            functions_max: 0
            closures_min: 0
            closures_max: 0
          nexits:
            sum: 1
            average: 1
            min: 1
            max: 1
          cognitive:
            sum: 1
            average: 1
            min: 1
            max: 1
          cyclomatic:
            sum: 2
            average: 2
            min: 2
            max: 2
          halstead:
            n1: 8
            N1: 23
            n2: 16
            N2: 22
            length: 45
            estimated_program_length: 88
            purity_ratio: 1.956
            vocabulary: 24
            volume: 206.323
            difficulty: 5.5
            level: 0.182
            effort: 1134.778
            time: 63.043
            bugs: 0.036
          loc:
            sloc: 10
            ploc: 9
            lloc: 8
            cloc: 0
            blank: 1
            sloc_average: 10
            ploc_average: 9
            lloc_average: 8
            cloc_average: 0
            blank_average: 1
            sloc_min: 10
            sloc_max: 10
            cloc_min: 0
            cloc_max: 0
            ploc_min: 9
            ploc_max: 9
            lloc_min: 8
            lloc_max: 8
            blank_min: 1
            blank_max: 1
          nom:
            functions: 1
            closures: 0
            functions_average: 1
            closures_average: 0
            total: 1
            average: 1
            functions_min: 1
            functions_max: 1
            closures_min: 0
            closures_max: 0
          mi:
            mi_original: 105.525
            mi_sei: 76.743
            mi_visual_studio: 61.711
          abc:
            assignments: 0
            branches: 0
            conditions: 0
            magnitude: 0
            assignments_average: 0
            branches_average: 0
            conditions_average: 0
            assignments_min: 0
            assignments_max: 0
            branches_min: 0
            branches_max: 0
            conditions_min: 0
            conditions_max: 0
      - name: hide
        start_line: 112
        end_line: 117
        kind: function
        spaces: []
        metrics:
          nargs:
            total_functions: 0
            total_closures: 0
            average_functions: 0
            average_closures: 0
            total: 0
            average: 0
            functions_min: 0
            functions_max: 0
            closures_min: 0
            closures_max: 0
          nexits:
            sum: 1
            average: 1
            min: 1
            max: 1
          cognitive:
            sum: 1
            average: 1
            min: 1
            max: 1
          cyclomatic:
            sum: 2
            average: 2
            min: 2
            max: 2
          halstead:
            n1: 8
            N1: 13
            n2: 7
            N2: 10
            length: 23
            estimated_program_length: 43.651
            purity_ratio: 1.898
            vocabulary: 15
            volume: 89.858
            difficulty: 5.714
            level: 0.175
            effort: 513.477
            time: 28.527
            bugs: 0.021
          loc:
            sloc: 6
            ploc: 6
            lloc: 5
            cloc: 0
            blank: 0
            sloc_average: 6
            ploc_average: 6
            lloc_average: 5
            cloc_average: 0
            blank_average: 0
            sloc_min: 6
            sloc_max: 6
            cloc_min: 0
            cloc_max: 0
            ploc_min: 6
            ploc_max: 6
            lloc_min: 5
            lloc_max: 5
            blank_min: 0
            blank_max: 0
          nom:
            functions: 1
            closures: 0
            functions_average: 1
            closures_average: 0
            total: 1
            average: 1
            functions_min: 1
            functions_max: 1
            closures_min: 0
            closures_max: 0
          mi:
            mi_original: 118.123
            mi_sei: 94.918
            mi_visual_studio: 69.078
          abc:
            assignments: 0
            branches: 0
            conditions: 0
            magnitude: 0
            assignments_average: 0
            branches_average: 0
            conditions_average: 0
            assignments_min: 0
            assignments_max: 0
            branches_min: 0
            branches_max: 0
            conditions_min: 0
            conditions_max: 0
      - name: show
        start_line: 119
        end_line: 124
        kind: function
        spaces: []
        metrics:
          nargs:
            total_functions: 0
            total_closures: 0
            average_functions: 0
            average_closures: 0
            total: 0
            average: 0
            functions_min: 0
            functions_max: 0
            closures_min: 0
            closures_max: 0
          nexits:
            sum: 1
            average: 1
            min: 1
            max: 1
          cognitive:
            sum: 2
            average: 2
            min: 2
            max: 2
          cyclomatic:
            sum: 3
            average: 3
            min: 3
            max: 3
          halstead:
            n1: 9
            N1: 16
            n2: 11
            N2: 15
            length: 31
            estimated_program_length: 66.583
            purity_ratio: 2.148
            vocabulary: 20
            volume: 133.98
            difficulty: 6.136
            level: 0.163
            effort: 822.149
            time: 45.675
            bugs: 0.029
          loc:
            sloc: 6
            ploc: 6
            lloc: 5
            cloc: 0
            blank: 0
            sloc_average: 6
            ploc_average: 6
            lloc_average: 5
            cloc_average: 0
            blank_average: 0
            sloc_min: 6
            sloc_max: 6
            cloc_min: 0
            cloc_max: 0
            ploc_min: 6
            ploc_max: 6
            lloc_min: 5
            lloc_max: 5
            blank_min: 0
            blank_max: 0
          nom:
            functions: 1
            closures: 0
            functions_average: 1
            closures_average: 0
            total: 1
            average: 1
            functions_min: 1
            functions_max: 1
            closures_min: 0
            closures_max: 0
          mi:
            mi_original: 115.816
            mi_sei: 91.691
            mi_visual_studio: 67.728
          abc:
            assignments: 0
            branches: 0
            conditions: 0
            magnitude: 0
            assignments_average: 0
            branches_average: 0
            conditions_average: 0
            assignments_min: 0
            assignments_max: 0
            branches_min: 0
            branches_max: 0
            conditions_min: 0
            conditions_max: 0
    metrics:
      nargs:
        total_functions: 3
        total_closures: 0
        average_functions: 0.6
        average_closures: 0
        total: 3
        average: 0.6
        functions_min: 0
        functions_max: 2
        closures_min: 0
        closures_max: 0
      nexits:
        sum: 6
        average: 1.2
        min: 0
        max: 3
      cognitive:
        sum: 8
        average: 1.6
        min: 0
        max: 3
      cyclomatic:
        sum: 14
        average: 2.333
        min: 1
        max: 4
      halstead:
        n1: 16
        N1: 186
        n2: 72
        N2: 184
        length: 370
        estimated_program_length: 508.235
        purity_ratio: 1.374
        vocabulary: 88
        volume: 2389.99
        difficulty: 20.444
        level: 0.049
        effort: 48862.012
        time: 2714.556
        bugs: 0.446
      loc:
        sloc: 89
        ploc: 69
        lloc: 46
        cloc: 8
        blank: 12
        sloc_average: 14.833
        ploc_average: 11.5
        lloc_average: 7.667
        cloc_average: 1.333
        blank_average: 2
        sloc_min: 6
        sloc_max: 42
        cloc_min: 0
        cloc_max: 1
        ploc_min: 6
        ploc_max: 35
        lloc_min: 5
        lloc_max: 19
        blank_min: 0
        blank_max: 6
      nom:
        functions: 5
        closures: 0
        functions_average: 0.833
        closures_average: 0
        total: 5
        average: 0.833
        functions_min: 0
        functions_max: 1
        closures_min: 0
        closures_max: 0
      mi:
        mi_original: 54.613
        mi_sei: 26.912
        mi_visual_studio: 31.937
      abc:
        assignments: 0
        branches: 0
        conditions: 0
        magnitude: 0
        assignments_average: 0
        branches_average: 0
        conditions_average: 0
        assignments_min: 0
        assignments_max: 0
        branches_min: 0
        branches_max: 0
        conditions_min: 0
        conditions_max: 0
metrics:
  nargs:
    total_functions: 3
    total_closures: 0
    average_functions: 0.6
    average_closures: 0
    total: 3
    average: 0.6
    functions_min: 0
    functions_max: 2
    closures_min: 0
    closures_max: 0
  nexits:
    sum: 6
    average: 1.2
    min: 0
    max: 3
  cognitive:
    sum: 8
    average: 1.6
    min: 0
    max: 3
  cyclomatic:
    sum: 15
    average: 2.143
    min: 1
    max: 4
  halstead:
    n1: 19
    N1: 197
    n2: 74
    N2: 189
    length: 386
    estimated_program_length: 540.21
    purity_ratio: 1.4
    vocabulary: 93
    volume: 2524.115
    difficulty: 24.264
    level: 0.041
    effort: 61243.906
    time: 3402.439
    bugs: 0.518
  loc:
    sloc: 127
    ploc: 72
    lloc: 49
    cloc: 38
    blank: 17
    sloc_average: 18.143
    ploc_average: 10.286
    lloc_average: 7
    cloc_average: 5.429
    blank_average: 2.429
    sloc_min: 89
    sloc_max: 89
    cloc_min: 8
    cloc_max: 8
    ploc_min: 69
    ploc_max: 69
    lloc_min: 46
    lloc_max: 46
    blank_min: 12
    blank_max: 12
  nom:
    functions: 5
    closures: 0
    functions_average: 0.714
    closures_average: 0
    total: 5
    average: 0.714
    functions_min: 0
    functions_max: 1
    closures_min: 0
    closures_max: 0
  mi:
    mi_original: 48.339
    mi_sei: 33.044
    mi_visual_studio: 28.269
  abc:
    assignments: 0
    branches: 0
    conditions: 0
    magnitude: 0
    assignments_average: 0
    branches_average: 0
    conditions_average: 0
    assignments_min: 0
    assignments_max: 0
    branches_min: 0
    branches_max: 0
    conditions_min: 0
    conditions_max: 0

