---
source: tests/common/mod.rs
expression: funcspace_struct
---
name: "[filepath]"
start_line: 1
end_line: 300
kind: unit
spaces:
  - name: TextHighlighter
    start_line: 31
    end_line: 298
    kind: class
    spaces:
      - name: constructor
        start_line: 35
        end_line: 44
        kind: function
        spaces: []
        metrics:
          nargs:
            total_functions: 1
            total_closures: 0
            average_functions: 1
            average_closures: 0
            total: 1
            average: 1
            functions_min: 1
            functions_max: 1
            closures_min: 0
            closures_max: 0
          nexits:
            sum: 0
            average: 0
            min: 0
            max: 0
          cognitive:
            sum: 0
            average: 0
            min: 0
            max: 0
          cyclomatic:
            sum: 1
            average: 1
            min: 1
            max: 1
          halstead:
            n1: 7
            N1: 30
            n2: 21
            N2: 32
            length: 62
            estimated_program_length: 111.89
            purity_ratio: 1.805
            vocabulary: 28
            volume: 298.056
            difficulty: 5.333
            level: 0.188
            effort: 1589.632
            time: 88.313
            bugs: 0.045
          loc:
            sloc: 10
            ploc: 10
            lloc: 9
            cloc: 0
            blank: 0
            sloc_average: 10
            ploc_average: 10
            lloc_average: 9
            cloc_average: 0
            blank_average: 0
            sloc_min: 10
            sloc_max: 10
            cloc_min: 0
            cloc_max: 0
            ploc_min: 10
            ploc_max: 10
            lloc_min: 9
            lloc_max: 9
            blank_min: 0
            blank_max: 0
          nom:
            functions: 1
            closures: 0
            functions_average: 1
            closures_average: 0
            total: 1
            average: 1
            functions_min: 1
            functions_max: 1
            closures_min: 0
            closures_max: 0
          mi:
            mi_original: 103.842
            mi_sei: 74.214
            mi_visual_studio: 60.726
          abc:
            assignments: 0
            branches: 0
            conditions: 0
            magnitude: 0
            assignments_average: 0
            branches_average: 0
            conditions_average: 0
            assignments_min: 0
            assignments_max: 0
            branches_min: 0
            branches_max: 0
            conditions_min: 0
            conditions_max: 0
      - name: setTextMapping
        start_line: 55
        end_line: 58
        kind: function
        spaces: []
        metrics:
          nargs:
            total_functions: 2
            total_closures: 0
            average_functions: 2
            average_closures: 0
            total: 2
            average: 2
            functions_min: 2
            functions_max: 2
            closures_min: 0
            closures_max: 0
          nexits:
            sum: 0
            average: 0
            min: 0
            max: 0
          cognitive:
            sum: 0
            average: 0
            min: 0
            max: 0
          cyclomatic:
            sum: 1
            average: 1
            min: 1
            max: 1
          halstead:
            n1: 6
            N1: 9
            n2: 8
            N2: 11
            length: 20
            estimated_program_length: 39.51
            purity_ratio: 1.975
            vocabulary: 14
            volume: 76.147
            difficulty: 4.125
            level: 0.242
            effort: 314.107
            time: 17.45
            bugs: 0.015
          loc:
            sloc: 4
            ploc: 4
            lloc: 3
            cloc: 0
            blank: 0
            sloc_average: 4
            ploc_average: 4
            lloc_average: 3
            cloc_average: 0
            blank_average: 0
            sloc_min: 4
            sloc_max: 4
            cloc_min: 0
            cloc_max: 0
            ploc_min: 4
            ploc_max: 4
            lloc_min: 3
            lloc_max: 3
            blank_min: 0
            blank_max: 0
          nom:
            functions: 1
            closures: 0
            functions_average: 1
            closures_average: 0
            total: 1
            average: 1
            functions_min: 1
            functions_max: 1
            closures_min: 0
            closures_max: 0
          mi:
            mi_original: 125.782
            mi_sei: 105.866
            mi_visual_studio: 73.557
          abc:
            assignments: 0
            branches: 0
            conditions: 0
            magnitude: 0
            assignments_average: 0
            branches_average: 0
            conditions_average: 0
            assignments_min: 0
            assignments_max: 0
            branches_min: 0
            branches_max: 0
            conditions_min: 0
            conditions_max: 0
      - name: enable
        start_line: 64
        end_line: 84
        kind: function
        spaces:
          - name: "<anonymous>"
            start_line: 73
            end_line: 77
            kind: function
            spaces: []
            metrics:
              nargs:
                total_functions: 0
                total_closures: 0
                average_functions: 0
                average_closures: 0
                total: 0
                average: 0
                functions_min: 0
                functions_max: 0
                closures_min: 0
                closures_max: 0
              nexits:
                sum: 0
                average: 0
                min: 0
                max: 0
              cognitive:
                sum: 4
                average: 4
                min: 4
                max: 4
              cyclomatic:
                sum: 3
                average: 3
                min: 3
                max: 3
              halstead:
                n1: 8
                N1: 14
                n2: 9
                N2: 14
                length: 28
                estimated_program_length: 52.529
                purity_ratio: 1.876
                vocabulary: 17
                volume: 114.449
                difficulty: 6.222
                level: 0.161
                effort: 712.127
                time: 39.563
                bugs: 0.027
              loc:
                sloc: 5
                ploc: 5
                lloc: 4
                cloc: 0
                blank: 0
                sloc_average: 5
                ploc_average: 5
                lloc_average: 4
                cloc_average: 0
                blank_average: 0
                sloc_min: 5
                sloc_max: 5
                cloc_min: 0
                cloc_max: 0
                ploc_min: 5
                ploc_max: 5
                lloc_min: 4
                lloc_max: 4
                blank_min: 0
                blank_max: 0
              nom:
                functions: 1
                closures: 0
                functions_average: 1
                closures_average: 0
                total: 1
                average: 1
                functions_min: 1
                functions_max: 1
                closures_min: 0
                closures_max: 0
              mi:
                mi_original: 119.588
                mi_sei: 97.134
                mi_visual_studio: 69.935
              abc:
                assignments: 0
                branches: 0
                conditions: 0
                magnitude: 0
                assignments_average: 0
                branches_average: 0
                conditions_average: 0
                assignments_min: 0
                assignments_max: 0
                branches_min: 0
                branches_max: 0
                conditions_min: 0
                conditions_max: 0
        metrics:
          nargs:
            total_functions: 0
            total_closures: 0
            average_functions: 0
            average_closures: 0
            total: 0
            average: 0
            functions_min: 0
            functions_max: 0
            closures_min: 0
            closures_max: 0
          nexits:
            sum: 0
            average: 0
            min: 0
            max: 0
          cognitive:
            sum: 8
            average: 4
            min: 4
            max: 4
          cyclomatic:
            sum: 8
            average: 4
            min: 3
            max: 5
          halstead:
            n1: 13
            N1: 56
            n2: 27
            N2: 50
            length: 106
            estimated_program_length: 176.488
            purity_ratio: 1.665
            vocabulary: 40
            volume: 564.124
            difficulty: 12.037
            level: 0.083
            effort: 6790.386
            time: 377.244
            bugs: 0.12
          loc:
            sloc: 21
            ploc: 21
            lloc: 17
            cloc: 0
            blank: 0
            sloc_average: 10.5
            ploc_average: 10.5
            lloc_average: 8.5
            cloc_average: 0
            blank_average: 0
            sloc_min: 5
            sloc_max: 5
            cloc_min: 0
            cloc_max: 0
            ploc_min: 5
            ploc_max: 5
            lloc_min: 4
            lloc_max: 4
            blank_min: 0
            blank_max: 0
          nom:
            functions: 2
            closures: 0
            functions_average: 1
            closures_average: 0
            total: 2
            average: 1
            functions_min: 1
            functions_max: 1
            closures_min: 0
            closures_max: 0
          mi:
            mi_original: 86.895
            mi_sei: 50.477
            mi_visual_studio: 50.816
          abc:
            assignments: 0
            branches: 0
            conditions: 0
            magnitude: 0
            assignments_average: 0
            branches_average: 0
            conditions_average: 0
            assignments_min: 0
            assignments_max: 0
            branches_min: 0
            branches_max: 0
            conditions_min: 0
            conditions_max: 0
      - name: disable
        start_line: 86
        end_line: 99
        kind: function
        spaces: []
        metrics:
          nargs:
            total_functions: 0
            total_closures: 0
            average_functions: 0
            average_closures: 0
            total: 0
            average: 0
            functions_min: 0
            functions_max: 0
            closures_min: 0
            closures_max: 0
          nexits:
            sum: 1
            average: 1
            min: 1
            max: 1
          cognitive:
            sum: 2
            average: 2
            min: 2
            max: 2
          cyclomatic:
            sum: 3
            average: 3
            min: 3
            max: 3
          halstead:
            n1: 9
            N1: 28
            n2: 16
            N2: 28
            length: 56
            estimated_program_length: 92.529
            purity_ratio: 1.652
            vocabulary: 25
            volume: 260.056
            difficulty: 7.875
            level: 0.127
            effort: 2047.941
            time: 113.774
            bugs: 0.054
          loc:
            sloc: 14
            ploc: 14
            lloc: 10
            cloc: 1
            blank: 0
            sloc_average: 14
            ploc_average: 14
            lloc_average: 10
            cloc_average: 1
            blank_average: 0
            sloc_min: 14
            sloc_max: 14
            cloc_min: 1
            cloc_max: 1
            ploc_min: 14
            ploc_max: 14
            lloc_min: 10
            lloc_max: 10
            blank_min: 0
            blank_max: 0
          nom:
            functions: 1
            closures: 0
            functions_average: 1
            closures_average: 0
            total: 1
            average: 1
            functions_min: 1
            functions_max: 1
            closures_min: 0
            closures_max: 0
          mi:
            mi_original: 98.641
            mi_sei: 87.028
            mi_visual_studio: 57.685
          abc:
            assignments: 0
            branches: 0
            conditions: 0
            magnitude: 0
            assignments_average: 0
            branches_average: 0
            conditions_average: 0
            assignments_min: 0
            assignments_max: 0
            branches_min: 0
            branches_max: 0
            conditions_min: 0
            conditions_max: 0
      - name: _convertMatches
        start_line: 101
        end_line: 151
        kind: function
        spaces: []
        metrics:
          nargs:
            total_functions: 2
            total_closures: 0
            average_functions: 2
            average_closures: 0
            total: 2
            average: 2
            functions_min: 2
            functions_max: 2
            closures_min: 0
            closures_max: 0
          nexits:
            sum: 2
            average: 2
            min: 2
            max: 2
          cognitive:
            sum: 10
            average: 10
            min: 10
            max: 10
          cyclomatic:
            sum: 8
            average: 8
            min: 8
            max: 8
          halstead:
            n1: 25
            N1: 111
            n2: 29
            N2: 86
            length: 197
            estimated_program_length: 256.978
            purity_ratio: 1.304
            vocabulary: 54
            volume: 1133.713
            difficulty: 37.069
            level: 0.027
            effort: 42025.562
            time: 2334.753
            bugs: 0.403
          loc:
            sloc: 51
            ploc: 37
            lloc: 22
            cloc: 6
            blank: 8
            sloc_average: 51
            ploc_average: 37
            lloc_average: 22
            cloc_average: 6
            blank_average: 8
            sloc_min: 51
            sloc_max: 51
            cloc_min: 6
            cloc_max: 6
            ploc_min: 37
            ploc_max: 37
            lloc_min: 22
            lloc_max: 22
            blank_min: 8
            blank_max: 8
          nom:
            functions: 1
            closures: 0
            functions_average: 1
            closures_average: 0
            total: 1
            average: 1
            functions_min: 1
            functions_max: 1
            closures_min: 0
            closures_max: 0
          mi:
            mi_original: 68.892
            mi_sei: 49.839
            mi_visual_studio: 40.287
          abc:
            assignments: 0
            branches: 0
            conditions: 0
            magnitude: 0
            assignments_average: 0
            branches_average: 0
            conditions_average: 0
            assignments_min: 0
            assignments_max: 0
            branches_min: 0
            branches_max: 0
            conditions_min: 0
            conditions_max: 0
      - name: _renderMatches
        start_line: 153
        end_line: 266
        kind: function
        spaces:
          - name: beginText
            start_line: 170
            end_line: 174
            kind: function
            spaces: []
            metrics:
              nargs:
                total_functions: 2
                total_closures: 0
                average_functions: 2
                average_closures: 0
                total: 2
                average: 2
                functions_min: 2
                functions_max: 2
                closures_min: 0
                closures_max: 0
              nexits:
                sum: 1
                average: 1
                min: 1
                max: 1
              cognitive:
                sum: 0
                average: 0
                min: 0
                max: 0
              cyclomatic:
                sum: 1
                average: 1
                min: 1
                max: 1
              halstead:
                n1: 10
                N1: 19
                n2: 13
                N2: 19
                length: 38
                estimated_program_length: 81.325
                purity_ratio: 2.14
                vocabulary: 23
                volume: 171.895
                difficulty: 7.308
                level: 0.137
                effort: 1256.158
                time: 69.787
                bugs: 0.039
              loc:
                sloc: 5
                ploc: 5
                lloc: 3
                cloc: 0
                blank: 0
                sloc_average: 5
                ploc_average: 5
                lloc_average: 3
                cloc_average: 0
                blank_average: 0
                sloc_min: 5
                sloc_max: 5
                cloc_min: 0
                cloc_max: 0
                ploc_min: 5
                ploc_max: 5
                lloc_min: 3
                lloc_max: 3
                blank_min: 0
                blank_max: 0
              nom:
                functions: 1
                closures: 0
                functions_average: 1
                closures_average: 0
                total: 1
                average: 1
                functions_min: 1
                functions_max: 1
                closures_min: 0
                closures_max: 0
              mi:
                mi_original: 117.933
                mi_sei: 94.543
                mi_visual_studio: 68.967
              abc:
                assignments: 0
                branches: 0
                conditions: 0
                magnitude: 0
                assignments_average: 0
                branches_average: 0
                conditions_average: 0
                assignments_min: 0
                assignments_max: 0
                branches_min: 0
                branches_max: 0
                conditions_min: 0
                conditions_max: 0
          - name: appendTextToDiv
            start_line: 176
            end_line: 199
            kind: function
            spaces: []
            metrics:
              nargs:
                total_functions: 4
                total_closures: 0
                average_functions: 4
                average_closures: 0
                total: 4
                average: 4
                functions_min: 4
                functions_max: 4
                closures_min: 0
                closures_max: 0
              nexits:
                sum: 2
                average: 2
                min: 2
                max: 2
              cognitive:
                sum: 4
                average: 4
                min: 4
                max: 4
              cyclomatic:
                sum: 4
                average: 4
                min: 4
                max: 4
              halstead:
                n1: 15
                N1: 73
                n2: 36
                N2: 75
                length: 148
                estimated_program_length: 244.721
                purity_ratio: 1.654
                vocabulary: 51
                volume: 839.519
                difficulty: 15.625
                level: 0.064
                effort: 13117.484
                time: 728.749
                bugs: 0.185
              loc:
                sloc: 24
                ploc: 24
                lloc: 15
                cloc: 0
                blank: 0
                sloc_average: 24
                ploc_average: 24
                lloc_average: 15
                cloc_average: 0
                blank_average: 0
                sloc_min: 24
                sloc_max: 24
                cloc_min: 0
                cloc_max: 0
                ploc_min: 24
                ploc_max: 24
                lloc_min: 15
                lloc_max: 15
                blank_min: 0
                blank_max: 0
              nom:
                functions: 1
                closures: 0
                functions_average: 1
                closures_average: 0
                total: 1
                average: 1
                functions_min: 1
                functions_max: 1
                closures_min: 0
                closures_max: 0
              mi:
                mi_original: 83.585
                mi_sei: 45.294
                mi_visual_studio: 48.88
              abc:
                assignments: 0
                branches: 0
                conditions: 0
                magnitude: 0
                assignments_average: 0
                branches_average: 0
                conditions_average: 0
                assignments_min: 0
                assignments_max: 0
                branches_min: 0
                branches_max: 0
                conditions_min: 0
                conditions_max: 0
        metrics:
          nargs:
            total_functions: 7
            total_closures: 0
            average_functions: 2.333
            average_closures: 0
            total: 7
            average: 2.333
            functions_min: 1
            functions_max: 4
            closures_min: 0
            closures_max: 0
          nexits:
            sum: 5
            average: 1.667
            min: 1
            max: 2
          cognitive:
            sum: 27
            average: 9
            min: 0
            max: 23
          cyclomatic:
            sum: 19
            average: 6.333
            min: 1
            max: 14
          halstead:
            n1: 25
            N1: 303
            n2: 95
            N2: 278
            length: 581
            estimated_program_length: 740.233
            purity_ratio: 1.274
            vocabulary: 120
            volume: 4012.903
            difficulty: 36.579
            level: 0.027
            effort: 146787.784
            time: 8154.877
            bugs: 0.928
          loc:
            sloc: 114
            ploc: 99
            lloc: 57
            cloc: 6
            blank: 9
            sloc_average: 38
            ploc_average: 33
            lloc_average: 19
            cloc_average: 2
            blank_average: 3
            sloc_min: 5
            sloc_max: 24
            cloc_min: 0
            cloc_max: 0
            ploc_min: 5
            ploc_max: 24
            lloc_min: 3
            lloc_max: 15
            blank_min: 0
            blank_max: 0
          nom:
            functions: 3
            closures: 0
            functions_average: 1
            closures_average: 0
            total: 3
            average: 1
            functions_min: 1
            functions_max: 1
            closures_min: 0
            closures_max: 0
          mi:
            mi_original: 46.758
            mi_sei: 11.09
            mi_visual_studio: 27.344
          abc:
            assignments: 0
            branches: 0
            conditions: 0
            magnitude: 0
            assignments_average: 0
            branches_average: 0
            conditions_average: 0
            assignments_min: 0
            assignments_max: 0
            branches_min: 0
            branches_max: 0
            conditions_min: 0
            conditions_max: 0
      - name: _updateMatches
        start_line: 268
        end_line: 297
        kind: function
        spaces: []
        metrics:
          nargs:
            total_functions: 1
            total_closures: 0
            average_functions: 1
            average_closures: 0
            total: 1
            average: 1
            functions_min: 1
            functions_max: 1
            closures_min: 0
            closures_max: 0
          nexits:
            sum: 2
            average: 2
            min: 2
            max: 2
          cognitive:
            sum: 9
            average: 9
            min: 9
            max: 9
          cyclomatic:
            sum: 9
            average: 9
            min: 9
            max: 9
          halstead:
            n1: 20
            N1: 98
            n2: 43
            N2: 83
            length: 181
            estimated_program_length: 319.768
            purity_ratio: 1.767
            vocabulary: 63
            volume: 1081.888
            difficulty: 19.302
            level: 0.052
            effort: 20882.948
            time: 1160.164
            bugs: 0.253
          loc:
            sloc: 30
            ploc: 24
            lloc: 17
            cloc: 3
            blank: 3
            sloc_average: 30
            ploc_average: 24
            lloc_average: 17
            cloc_average: 3
            blank_average: 3
            sloc_min: 30
            sloc_max: 30
            cloc_min: 3
            cloc_max: 3
            ploc_min: 24
            ploc_max: 24
            lloc_min: 17
            lloc_max: 17
            blank_min: 3
            blank_max: 3
          nom:
            functions: 1
            closures: 0
            functions_average: 1
            closures_average: 0
            total: 1
            average: 1
            functions_min: 1
            functions_max: 1
            closures_min: 0
            closures_max: 0
          mi:
            mi_original: 77.501
            mi_sei: 60.553
            mi_visual_studio: 45.322
          abc:
            assignments: 0
            branches: 0
            conditions: 0
            magnitude: 0
            assignments_average: 0
            branches_average: 0
            conditions_average: 0
            assignments_min: 0
            assignments_max: 0
            branches_min: 0
            branches_max: 0
            conditions_min: 0
            conditions_max: 0
    metrics:
      nargs:
        total_functions: 13
        total_closures: 0
        average_functions: 1.3
        average_closures: 0
        total: 13
        average: 1.3
        functions_min: 0
        functions_max: 4
        closures_min: 0
        closures_max: 0
      nexits:
        sum: 10
        average: 1
        min: 0
        max: 2
      cognitive:
        sum: 56
        average: 5.6
        min: 0
        max: 23
      cyclomatic:
        sum: 50
        average: 4.545
        min: 1
        max: 14
      halstead:
        n1: 33
        N1: 636
        n2: 159
        N2: 569
        length: 1205
        estimated_program_length: 1329.213
        purity_ratio: 1.103
        vocabulary: 192
        volume: 9139.88
        difficulty: 59.047
        level: 0.017
        effort: 539684.035
        time: 29982.446
        bugs: 2.21
      loc:
        sloc: 268
        ploc: 211
        lloc: 135
        cloc: 32
        blank: 26
        sloc_average: 24.364
        ploc_average: 19.182
        lloc_average: 12.273
        cloc_average: 2.909
        blank_average: 2.364
        sloc_min: 4
        sloc_max: 114
        cloc_min: 0
        cloc_max: 6
        ploc_min: 4
        ploc_max: 99
        lloc_min: 3
        lloc_max: 57
        blank_min: 0
        blank_max: 9
      nom:
        functions: 10
        closures: 0
        functions_average: 0.909
        closures_average: 0
        total: 10
        average: 0.909
        functions_min: 0
        functions_max: 1
        closures_min: 0
        closures_max: 0
      mi:
        mi_original: 21.5
        mi_sei: -14.086
        mi_visual_studio: 12.573
      abc:
        assignments: 0
        branches: 0
        conditions: 0
        magnitude: 0
        assignments_average: 0
        branches_average: 0
        conditions_average: 0
        assignments_min: 0
        assignments_max: 0
        branches_min: 0
        branches_max: 0
        conditions_min: 0
        conditions_max: 0
metrics:
  nargs:
    total_functions: 13
    total_closures: 0
    average_functions: 1.3
    average_closures: 0
    total: 13
    average: 1.3
    functions_min: 0
    functions_max: 4
    closures_min: 0
    closures_max: 0
  nexits:
    sum: 10
    average: 1
    min: 0
    max: 2
  cognitive:
    sum: 56
    average: 5.6
    min: 0
    max: 23
  cyclomatic:
    sum: 51
    average: 4.25
    min: 1
    max: 14
  halstead:
    n1: 34
    N1: 639
    n2: 159
    N2: 570
    length: 1209
    estimated_program_length: 1335.722
    purity_ratio: 1.105
    vocabulary: 193
    volume: 9179.281
    difficulty: 60.943
    level: 0.016
    effort: 559416.532
    time: 31078.696
    bugs: 2.263
  loc:
    sloc: 300
    ploc: 212
    lloc: 136
    cloc: 59
    blank: 30
    sloc_average: 25
    ploc_average: 17.667
    lloc_average: 11.333
    cloc_average: 4.917
    blank_average: 2.5
    sloc_min: 268
    sloc_max: 268
    cloc_min: 32
    cloc_max: 32
    ploc_min: 211
    ploc_max: 211
    lloc_min: 135
    lloc_max: 135
    blank_min: 26
    blank_max: 26
  nom:
    functions: 10
    closures: 0
    functions_average: 0.833
    closures_average: 0
    total: 10
    average: 0.833
    functions_min: 0
    functions_max: 1
    closures_min: 0
    closures_max: 0
  mi:
    mi_original: 19.42
    mi_sei: -10.779
    mi_visual_studio: 11.357
  abc:
    assignments: 0
    branches: 0
    conditions: 0
    magnitude: 0
    assignments_average: 0
    branches_average: 0
    conditions_average: 0
    assignments_min: 0
    assignments_max: 0
    branches_min: 0
    branches_max: 0
    conditions_min: 0
    conditions_max: 0

