---
source: tests/common/mod.rs
expression: funcspace_struct
---
name: "[filepath]"
start_line: 1
end_line: 107
kind: unit
spaces:
  - name: ViewHistory
    start_line: 27
    end_line: 105
    kind: class
    spaces:
      - name: constructor
        start_line: 28
        end_line: 56
        kind: function
        spaces:
          - name: "<anonymous>"
            start_line: 32
            end_line: 55
            kind: function
            spaces: []
            metrics:
              nargs:
                total_functions: 0
                total_closures: 0
                average_functions: 0
                average_closures: 0
                total: 0
                average: 0
                functions_min: 0
                functions_max: 0
                closures_min: 0
                closures_max: 0
              nexits:
                sum: 0
                average: 0
                min: 0
                max: 0
              cognitive:
                sum: 16
                average: 16
                min: 16
                max: 16
              cyclomatic:
                sum: 7
                average: 7
                min: 7
                max: 7
              halstead:
                n1: 22
                N1: 85
                n2: 32
                N2: 79
                length: 164
                estimated_program_length: 258.107
                purity_ratio: 1.574
                vocabulary: 54
                volume: 943.802
                difficulty: 27.156
                level: 0.037
                effort: 25630.111
                time: 1423.895
                bugs: 0.29
              loc:
                sloc: 24
                ploc: 23
                lloc: 20
                cloc: 0
                blank: 1
                sloc_average: 24
                ploc_average: 23
                lloc_average: 20
                cloc_average: 0
                blank_average: 1
                sloc_min: 24
                sloc_max: 24
                cloc_min: 0
                cloc_max: 0
                ploc_min: 23
                ploc_max: 23
                lloc_min: 20
                lloc_max: 20
                blank_min: 1
                blank_max: 1
              nom:
                functions: 0
                closures: 1
                functions_average: 0
                closures_average: 1
                total: 1
                average: 1
                functions_min: 0
                functions_max: 0
                closures_min: 1
                closures_max: 1
              mi:
                mi_original: 82.286
                mi_sei: 43.725
                mi_visual_studio: 48.12
              abc:
                assignments: 0
                branches: 0
                conditions: 0
                magnitude: 0
                assignments_average: 0
                branches_average: 0
                conditions_average: 0
                assignments_min: 0
                assignments_max: 0
                branches_min: 0
                branches_max: 0
                conditions_min: 0
                conditions_max: 0
        metrics:
          nargs:
            total_functions: 2
            total_closures: 0
            average_functions: 2
            average_closures: 0
            total: 2
            average: 1
            functions_min: 0
            functions_max: 2
            closures_min: 0
            closures_max: 0
          nexits:
            sum: 0
            average: 0
            min: 0
            max: 0
          cognitive:
            sum: 16
            average: 8
            min: 0
            max: 16
          cyclomatic:
            sum: 8
            average: 4
            min: 1
            max: 7
          halstead:
            n1: 22
            N1: 102
            n2: 40
            N2: 99
            length: 201
            estimated_program_length: 310.985
            purity_ratio: 1.547
            vocabulary: 62
            volume: 1196.793
            difficulty: 27.225
            level: 0.037
            effort: 32582.702
            time: 1810.15
            bugs: 0.34
          loc:
            sloc: 29
            ploc: 27
            lloc: 24
            cloc: 0
            blank: 2
            sloc_average: 14.5
            ploc_average: 13.5
            lloc_average: 12
            cloc_average: 0
            blank_average: 1
            sloc_min: 24
            sloc_max: 24
            cloc_min: 0
            cloc_max: 0
            ploc_min: 23
            ploc_max: 23
            lloc_min: 20
            lloc_max: 20
            blank_min: 1
            blank_max: 1
          nom:
            functions: 1
            closures: 1
            functions_average: 0.5
            closures_average: 0.5
            total: 2
            average: 1
            functions_min: 0
            functions_max: 1
            closures_min: 0
            closures_max: 1
          mi:
            mi_original: 77.755
            mi_sei: 37.291
            mi_visual_studio: 45.471
          abc:
            assignments: 0
            branches: 0
            conditions: 0
            magnitude: 0
            assignments_average: 0
            branches_average: 0
            conditions_average: 0
            assignments_min: 0
            assignments_max: 0
            branches_min: 0
            branches_max: 0
            conditions_min: 0
            conditions_max: 0
      - name: _writeToStorage
        start_line: 58
        end_line: 66
        kind: function
        spaces: []
        metrics:
          nargs:
            total_functions: 0
            total_closures: 0
            average_functions: 0
            average_closures: 0
            total: 0
            average: 0
            functions_min: 0
            functions_max: 0
            closures_min: 0
            closures_max: 0
          nexits:
            sum: 1
            average: 1
            min: 1
            max: 1
          cognitive:
            sum: 2
            average: 2
            min: 2
            max: 2
          cyclomatic:
            sum: 3
            average: 3
            min: 3
            max: 3
          halstead:
            n1: 12
            N1: 26
            n2: 20
            N2: 25
            length: 51
            estimated_program_length: 129.458
            purity_ratio: 2.538
            vocabulary: 32
            volume: 255
            difficulty: 7.5
            level: 0.133
            effort: 1912.5
            time: 106.25
            bugs: 0.051
          loc:
            sloc: 9
            ploc: 8
            lloc: 6
            cloc: 0
            blank: 1
            sloc_average: 9
            ploc_average: 8
            lloc_average: 6
            cloc_average: 0
            blank_average: 1
            sloc_min: 9
            sloc_max: 9
            cloc_min: 0
            cloc_max: 0
            ploc_min: 8
            ploc_max: 8
            lloc_min: 6
            lloc_max: 6
            blank_min: 1
            blank_max: 1
          nom:
            functions: 1
            closures: 0
            functions_average: 1
            closures_average: 0
            total: 1
            average: 1
            functions_min: 1
            functions_max: 1
            closures_min: 0
            closures_max: 0
          mi:
            mi_original: 105.9
            mi_sei: 77.387
            mi_visual_studio: 61.93
          abc:
            assignments: 0
            branches: 0
            conditions: 0
            magnitude: 0
            assignments_average: 0
            branches_average: 0
            conditions_average: 0
            assignments_min: 0
            assignments_max: 0
            branches_min: 0
            branches_max: 0
            conditions_min: 0
            conditions_max: 0
      - name: _readFromStorage
        start_line: 68
        end_line: 73
        kind: function
        spaces: []
        metrics:
          nargs:
            total_functions: 0
            total_closures: 0
            average_functions: 0
            average_closures: 0
            total: 0
            average: 0
            functions_min: 0
            functions_max: 0
            closures_min: 0
            closures_max: 0
          nexits:
            sum: 2
            average: 2
            min: 2
            max: 2
          cognitive:
            sum: 2
            average: 2
            min: 2
            max: 2
          cyclomatic:
            sum: 3
            average: 3
            min: 3
            max: 3
          halstead:
            n1: 9
            N1: 18
            n2: 13
            N2: 16
            length: 34
            estimated_program_length: 76.635
            purity_ratio: 2.254
            vocabulary: 22
            volume: 151.621
            difficulty: 5.538
            level: 0.181
            effort: 839.745
            time: 46.653
            bugs: 0.03
          loc:
            sloc: 6
            ploc: 6
            lloc: 5
            cloc: 0
            blank: 0
            sloc_average: 6
            ploc_average: 6
            lloc_average: 5
            cloc_average: 0
            blank_average: 0
            sloc_min: 6
            sloc_max: 6
            cloc_min: 0
            cloc_max: 0
            ploc_min: 6
            ploc_max: 6
            lloc_min: 5
            lloc_max: 5
            blank_min: 0
            blank_max: 0
          nom:
            functions: 1
            closures: 0
            functions_average: 1
            closures_average: 0
            total: 1
            average: 1
            functions_min: 1
            functions_max: 1
            closures_min: 0
            closures_max: 0
          mi:
            mi_original: 115.172
            mi_sei: 90.763
            mi_visual_studio: 67.352
          abc:
            assignments: 0
            branches: 0
            conditions: 0
            magnitude: 0
            assignments_average: 0
            branches_average: 0
            conditions_average: 0
            assignments_min: 0
            assignments_max: 0
            branches_min: 0
            branches_max: 0
            conditions_min: 0
            conditions_max: 0
      - name: set
        start_line: 75
        end_line: 79
        kind: function
        spaces: []
        metrics:
          nargs:
            total_functions: 2
            total_closures: 0
            average_functions: 2
            average_closures: 0
            total: 2
            average: 2
            functions_min: 2
            functions_max: 2
            closures_min: 0
            closures_max: 0
          nexits:
            sum: 1
            average: 1
            min: 1
            max: 1
          cognitive:
            sum: 0
            average: 0
            min: 0
            max: 0
          cyclomatic:
            sum: 1
            average: 1
            min: 1
            max: 1
          halstead:
            n1: 10
            N1: 15
            n2: 10
            N2: 14
            length: 29
            estimated_program_length: 66.439
            purity_ratio: 2.291
            vocabulary: 20
            volume: 125.336
            difficulty: 7
            level: 0.143
            effort: 877.351
            time: 48.742
            bugs: 0.031
          loc:
            sloc: 5
            ploc: 5
            lloc: 4
            cloc: 0
            blank: 0
            sloc_average: 5
            ploc_average: 5
            lloc_average: 4
            cloc_average: 0
            blank_average: 0
            sloc_min: 5
            sloc_max: 5
            cloc_min: 0
            cloc_max: 0
            ploc_min: 5
            ploc_max: 5
            lloc_min: 4
            lloc_max: 4
            blank_min: 0
            blank_max: 0
          nom:
            functions: 1
            closures: 0
            functions_average: 1
            closures_average: 0
            total: 1
            average: 1
            functions_min: 1
            functions_max: 1
            closures_min: 0
            closures_max: 0
          mi:
            mi_original: 119.576
            mi_sei: 96.913
            mi_visual_studio: 69.927
          abc:
            assignments: 0
            branches: 0
            conditions: 0
            magnitude: 0
            assignments_average: 0
            branches_average: 0
            conditions_average: 0
            assignments_min: 0
            assignments_max: 0
            branches_min: 0
            branches_max: 0
            conditions_min: 0
            conditions_max: 0
      - name: setMultiple
        start_line: 81
        end_line: 87
        kind: function
        spaces: []
        metrics:
          nargs:
            total_functions: 1
            total_closures: 0
            average_functions: 1
            average_closures: 0
            total: 1
            average: 1
            functions_min: 1
            functions_max: 1
            closures_min: 0
            closures_max: 0
          nexits:
            sum: 1
            average: 1
            min: 1
            max: 1
          cognitive:
            sum: 1
            average: 1
            min: 1
            max: 1
          cyclomatic:
            sum: 2
            average: 2
            min: 2
            max: 2
          halstead:
            n1: 12
            N1: 20
            n2: 10
            N2: 16
            length: 36
            estimated_program_length: 76.239
            purity_ratio: 2.118
            vocabulary: 22
            volume: 160.54
            difficulty: 9.6
            level: 0.104
            effort: 1541.18
            time: 85.621
            bugs: 0.044
          loc:
            sloc: 7
            ploc: 7
            lloc: 6
            cloc: 0
            blank: 0
            sloc_average: 7
            ploc_average: 7
            lloc_average: 6
            cloc_average: 0
            blank_average: 0
            sloc_min: 7
            sloc_max: 7
            cloc_min: 0
            cloc_max: 0
            ploc_min: 7
            ploc_max: 7
            lloc_min: 6
            lloc_max: 6
            blank_min: 0
            blank_max: 0
          nom:
            functions: 1
            closures: 0
            functions_average: 1
            closures_average: 0
            total: 1
            average: 1
            functions_min: 1
            functions_max: 1
            closures_min: 0
            closures_max: 0
          mi:
            mi_original: 112.608
            mi_sei: 86.962
            mi_visual_studio: 65.853
          abc:
            assignments: 0
            branches: 0
            conditions: 0
            magnitude: 0
            assignments_average: 0
            branches_average: 0
            conditions_average: 0
            assignments_min: 0
            assignments_max: 0
            branches_min: 0
            branches_max: 0
            conditions_min: 0
            conditions_max: 0
      - name: get
        start_line: 89
        end_line: 93
        kind: function
        spaces: []
        metrics:
          nargs:
            total_functions: 2
            total_closures: 0
            average_functions: 2
            average_closures: 0
            total: 2
            average: 2
            functions_min: 2
            functions_max: 2
            closures_min: 0
            closures_max: 0
          nexits:
            sum: 1
            average: 1
            min: 1
            max: 1
          cognitive:
            sum: 1
            average: 1
            min: 1
            max: 1
          cyclomatic:
            sum: 2
            average: 2
            min: 2
            max: 2
          halstead:
            n1: 14
            N1: 17
            n2: 10
            N2: 15
            length: 32
            estimated_program_length: 86.522
            purity_ratio: 2.704
            vocabulary: 24
            volume: 146.719
            difficulty: 10.5
            level: 0.095
            effort: 1540.547
            time: 85.586
            bugs: 0.044
          loc:
            sloc: 5
            ploc: 5
            lloc: 3
            cloc: 0
            blank: 0
            sloc_average: 5
            ploc_average: 5
            lloc_average: 3
            cloc_average: 0
            blank_average: 0
            sloc_min: 5
            sloc_max: 5
            cloc_min: 0
            cloc_max: 0
            ploc_min: 5
            ploc_max: 5
            lloc_min: 3
            lloc_max: 3
            blank_min: 0
            blank_max: 0
          nom:
            functions: 1
            closures: 0
            functions_average: 1
            closures_average: 0
            total: 1
            average: 1
            functions_min: 1
            functions_max: 1
            closures_min: 0
            closures_max: 0
          mi:
            mi_original: 118.527
            mi_sei: 95.501
            mi_visual_studio: 69.314
          abc:
            assignments: 0
            branches: 0
            conditions: 0
            magnitude: 0
            assignments_average: 0
            branches_average: 0
            conditions_average: 0
            assignments_min: 0
            assignments_max: 0
            branches_min: 0
            branches_max: 0
            conditions_min: 0
            conditions_max: 0
      - name: getMultiple
        start_line: 95
        end_line: 104
        kind: function
        spaces: []
        metrics:
          nargs:
            total_functions: 1
            total_closures: 0
            average_functions: 1
            average_closures: 0
            total: 1
            average: 1
            functions_min: 1
            functions_max: 1
            closures_min: 0
            closures_max: 0
          nexits:
            sum: 1
            average: 1
            min: 1
            max: 1
          cognitive:
            sum: 3
            average: 3
            min: 3
            max: 3
          cyclomatic:
            sum: 3
            average: 3
            min: 3
            max: 3
          halstead:
            n1: 15
            N1: 30
            n2: 15
            N2: 25
            length: 55
            estimated_program_length: 117.207
            purity_ratio: 2.131
            vocabulary: 30
            volume: 269.879
            difficulty: 12.5
            level: 0.08
            effort: 3373.487
            time: 187.416
            bugs: 0.075
          loc:
            sloc: 10
            ploc: 9
            lloc: 6
            cloc: 0
            blank: 1
            sloc_average: 10
            ploc_average: 9
            lloc_average: 6
            cloc_average: 0
            blank_average: 1
            sloc_min: 10
            sloc_max: 10
            cloc_min: 0
            cloc_max: 0
            ploc_min: 9
            ploc_max: 9
            lloc_min: 6
            lloc_max: 6
            blank_min: 1
            blank_max: 1
          nom:
            functions: 1
            closures: 0
            functions_average: 1
            closures_average: 0
            total: 1
            average: 1
            functions_min: 1
            functions_max: 1
            closures_min: 0
            closures_max: 0
          mi:
            mi_original: 103.899
            mi_sei: 74.499
            mi_visual_studio: 60.759
          abc:
            assignments: 0
            branches: 0
            conditions: 0
            magnitude: 0
            assignments_average: 0
            branches_average: 0
            conditions_average: 0
            assignments_min: 0
            assignments_max: 0
            branches_min: 0
            branches_max: 0
            conditions_min: 0
            conditions_max: 0
    metrics:
      nargs:
        total_functions: 8
        total_closures: 0
        average_functions: 1.143
        average_closures: 0
        total: 8
        average: 1
        functions_min: 0
        functions_max: 2
        closures_min: 0
        closures_max: 0
      nexits:
        sum: 7
        average: 0.875
        min: 0
        max: 2
      cognitive:
        sum: 25
        average: 3.125
        min: 0
        max: 16
      cyclomatic:
        sum: 23
        average: 2.556
        min: 1
        max: 7
      halstead:
        n1: 29
        N1: 229
        n2: 74
        N2: 211
        length: 440
        estimated_program_length: 600.381
        purity_ratio: 1.365
        vocabulary: 103
        volume: 2942.06
        difficulty: 41.345
        level: 0.024
        effort: 121638.288
        time: 6757.683
        bugs: 0.818
      loc:
        sloc: 79
        ploc: 69
        lloc: 54
        cloc: 0
        blank: 10
        sloc_average: 8.778
        ploc_average: 7.667
        lloc_average: 6
        cloc_average: 0
        blank_average: 1.111
        sloc_min: 5
        sloc_max: 29
        cloc_min: 0
        cloc_max: 0
        ploc_min: 5
        ploc_max: 27
        lloc_min: 3
        lloc_max: 24
        blank_min: 0
        blank_max: 2
      nom:
        functions: 7
        closures: 1
        functions_average: 0.778
        closures_average: 0.111
        total: 8
        average: 0.889
        functions_min: 0
        functions_max: 1
        closures_min: 0
        closures_max: 1
      mi:
        mi_original: 53.393
        mi_sei: 3.671
        mi_visual_studio: 31.224
      abc:
        assignments: 0
        branches: 0
        conditions: 0
        magnitude: 0
        assignments_average: 0
        branches_average: 0
        conditions_average: 0
        assignments_min: 0
        assignments_max: 0
        branches_min: 0
        branches_max: 0
        conditions_min: 0
        conditions_max: 0
metrics:
  nargs:
    total_functions: 8
    total_closures: 0
    average_functions: 1.143
    average_closures: 0
    total: 8
    average: 1
    functions_min: 0
    functions_max: 2
    closures_min: 0
    closures_max: 0
  nexits:
    sum: 7
    average: 0.875
    min: 0
    max: 2
  cognitive:
    sum: 25
    average: 3.125
    min: 0
    max: 16
  cyclomatic:
    sum: 24
    average: 2.4
    min: 1
    max: 7
  halstead:
    n1: 30
    N1: 235
    n2: 75
    N2: 214
    length: 449
    estimated_program_length: 614.368
    purity_ratio: 1.368
    vocabulary: 105
    volume: 3014.696
    difficulty: 42.8
    level: 0.023
    effort: 129028.999
    time: 7168.278
    bugs: 0.851
  loc:
    sloc: 107
    ploc: 71
    lloc: 55
    cloc: 23
    blank: 13
    sloc_average: 10.7
    ploc_average: 7.1
    lloc_average: 5.5
    cloc_average: 2.3
    blank_average: 1.3
    sloc_min: 79
    sloc_max: 79
    cloc_min: 0
    cloc_max: 0
    ploc_min: 69
    ploc_max: 69
    lloc_min: 54
    lloc_max: 54
    blank_min: 10
    blank_max: 10
  nom:
    functions: 7
    closures: 1
    functions_average: 0.7
    closures_average: 0.1
    total: 8
    average: 0.8
    functions_min: 0
    functions_max: 1
    closures_min: 0
    closures_max: 1
  mi:
    mi_original: 48.122
    mi_sei: 29.071
    mi_visual_studio: 28.141
  abc:
    assignments: 0
    branches: 0
    conditions: 0
    magnitude: 0
    assignments_average: 0
    branches_average: 0
    conditions_average: 0
    assignments_min: 0
    assignments_max: 0
    branches_min: 0
    branches_max: 0
    conditions_min: 0
    conditions_max: 0

