---
source: tests/common/mod.rs
expression: funcspace_struct
---
{
  "name": null,
  "start_line": 1,
  "end_line": 665,
  "kind": "unit",
  "spaces": [
    {
      "name": "kenlm_double_conversion",
      "start_line": 34,
      "end_line": 665,
      "kind": "namespace",
      "spaces": [
        {
          "name": "RoundWeed",
          "start_line": 61,
          "end_line": 166,
          "kind": "function",
          "spaces": [],
          "metrics": {
            "nargs": {
              "total_functions": 7.0,
              "total_closures": 0.0,
              "average_functions": 7.0,
              "average_closures": 0.0,
              "total": 7.0,
              "average": 7.0,
              "functions_min": 7.0,
              "functions_max": 7.0,
              "closures_min": 0.0,
              "closures_max": 0.0
            },
            "nexits": {
              "sum": 2.0,
              "average": 2.0,
              "min": 2.0,
              "max": 2.0
            },
            "cognitive": {
              "sum": 6.0,
              "average": 6.0,
              "min": 6.0,
              "max": 6.0
            },
            "cyclomatic": {
              "sum": 10.0,
              "average": 10.0,
              "min": 10.0,
              "max": 10.0
            },
            "halstead": {
              "n1": 21.0,
              "N1": 79.0,
              "n2": 16.0,
              "N2": 57.0,
              "length": 136.0,
              "estimated_program_length": 156.23866587835397,
              "purity_ratio": 1.148813719693779,
              "vocabulary": 37.0,
              "volume": 708.4856577255372,
              "difficulty": 37.40625,
              "level": 0.026733500417710943,
              "effort": 26501.791634295874,
              "time": 1472.3217574608818,
              "bugs": 0.2962981241620157
            },
            "loc": {
              "sloc": 106.0,
              "ploc": 25.0,
              "lloc": 9.0,
              "cloc": 81.0,
              "blank": 3.0,
              "sloc_average": 106.0,
              "ploc_average": 25.0,
              "lloc_average": 9.0,
              "cloc_average": 81.0,
              "blank_average": 3.0,
              "sloc_min": 106.0,
              "sloc_max": 106.0,
              "cloc_min": 81.0,
              "cloc_max": 81.0,
              "ploc_min": 25.0,
              "ploc_max": 25.0,
              "lloc_min": 9.0,
              "lloc_max": 9.0,
              "blank_min": 3.0,
              "blank_max": 3.0
            },
            "nom": {
              "functions": 1.0,
              "closures": 0.0,
              "functions_average": 1.0,
              "closures_average": 0.0,
              "total": 1.0,
              "average": 1.0,
              "functions_min": 1.0,
              "functions_max": 1.0,
              "closures_min": 0.0,
              "closures_max": 0.0
            },
            "mi": {
              "mi_original": 59.02401163336985,
              "mi_sei": 59.3031393905805,
              "mi_visual_studio": 34.51696586746775
            },
            "abc": {
              "assignments": 0.0,
              "branches": 0.0,
              "conditions": 0.0,
              "magnitude": 0.0,
              "assignments_average": 0.0,
              "branches_average": 0.0,
              "conditions_average": 0.0,
              "assignments_min": 0.0,
              "assignments_max": 0.0,
              "branches_min": 0.0,
              "branches_max": 0.0,
              "conditions_min": 0.0,
              "conditions_max": 0.0
            }
          }
        },
        {
          "name": "RoundWeedCounted",
          "start_line": 181,
          "end_line": 223,
          "kind": "function",
          "spaces": [],
          "metrics": {
            "nargs": {
              "total_functions": 6.0,
              "total_closures": 0.0,
              "average_functions": 6.0,
              "average_closures": 0.0,
              "total": 6.0,
              "average": 6.0,
              "functions_min": 6.0,
              "functions_max": 6.0,
              "closures_min": 0.0,
              "closures_max": 0.0
            },
            "nexits": {
              "sum": 5.0,
              "average": 5.0,
              "min": 5.0,
              "max": 5.0
            },
            "cognitive": {
              "sum": 13.0,
              "average": 13.0,
              "min": 13.0,
              "max": 13.0
            },
            "cyclomatic": {
              "sum": 10.0,
              "average": 10.0,
              "min": 10.0,
              "max": 10.0
            },
            "halstead": {
              "n1": 24.0,
              "N1": 103.0,
              "n2": 16.0,
              "N2": 60.0,
              "length": 163.0,
              "estimated_program_length": 174.03910001730776,
              "purity_ratio": 1.0677245399834832,
              "vocabulary": 40.0,
              "volume": 867.4742794666402,
              "difficulty": 45.0,
              "level": 0.022222222222222223,
              "effort": 39036.34257599881,
              "time": 2168.6856986666007,
              "bugs": 0.3835819468293741
            },
            "loc": {
              "sloc": 43.0,
              "ploc": 27.0,
              "lloc": 19.0,
              "cloc": 16.0,
              "blank": 0.0,
              "sloc_average": 43.0,
              "ploc_average": 27.0,
              "lloc_average": 19.0,
              "cloc_average": 16.0,
              "blank_average": 0.0,
              "sloc_min": 43.0,
              "sloc_max": 43.0,
              "cloc_min": 16.0,
              "cloc_max": 16.0,
              "ploc_min": 27.0,
              "ploc_max": 27.0,
              "lloc_min": 19.0,
              "lloc_max": 19.0,
              "blank_min": 0.0,
              "blank_max": 0.0
            },
            "nom": {
              "functions": 1.0,
              "closures": 0.0,
              "functions_average": 1.0,
              "closures_average": 0.0,
              "total": 1.0,
              "average": 1.0,
              "functions_min": 1.0,
              "functions_max": 1.0,
              "closures_min": 0.0,
              "closures_max": 0.0
            },
            "mi": {
              "mi_original": 72.58751164153563,
              "mi_sei": 70.5638093394715,
              "mi_visual_studio": 42.4488372172723
            },
            "abc": {
              "assignments": 0.0,
              "branches": 0.0,
              "conditions": 0.0,
              "magnitude": 0.0,
              "assignments_average": 0.0,
              "branches_average": 0.0,
              "conditions_average": 0.0,
              "assignments_min": 0.0,
              "assignments_max": 0.0,
              "branches_min": 0.0,
              "branches_max": 0.0,
              "conditions_min": 0.0,
              "conditions_max": 0.0
            }
          }
        },
        {
          "name": "BiggestPowerTen",
          "start_line": 240,
          "end_line": 256,
          "kind": "function",
          "spaces": [],
          "metrics": {
            "nargs": {
              "total_functions": 4.0,
              "total_closures": 0.0,
              "average_functions": 4.0,
              "average_closures": 0.0,
              "total": 4.0,
              "average": 4.0,
              "functions_min": 4.0,
              "functions_max": 4.0,
              "closures_min": 0.0,
              "closures_max": 0.0
            },
            "nexits": {
              "sum": 0.0,
              "average": 0.0,
              "min": 0.0,
              "max": 0.0
            },
            "cognitive": {
              "sum": 1.0,
              "average": 1.0,
              "min": 1.0,
              "max": 1.0
            },
            "cyclomatic": {
              "sum": 2.0,
              "average": 2.0,
              "min": 2.0,
              "max": 2.0
            },
            "halstead": {
              "n1": 15.0,
              "N1": 43.0,
              "n2": 12.0,
              "N2": 25.0,
              "length": 68.0,
              "estimated_program_length": 101.62290894278166,
              "purity_ratio": 1.4944545432762009,
              "vocabulary": 27.0,
              "volume": 323.33235014711585,
              "difficulty": 15.625,
              "level": 0.064,
              "effort": 5052.067971048685,
              "time": 280.67044283603803,
              "bugs": 0.09814274525432738
            },
            "loc": {
              "sloc": 17.0,
              "ploc": 13.0,
              "lloc": 7.0,
              "cloc": 4.0,
              "blank": 0.0,
              "sloc_average": 17.0,
              "ploc_average": 13.0,
              "lloc_average": 7.0,
              "cloc_average": 4.0,
              "blank_average": 0.0,
              "sloc_min": 17.0,
              "sloc_max": 17.0,
              "cloc_min": 4.0,
              "cloc_max": 4.0,
              "ploc_min": 13.0,
              "ploc_max": 13.0,
              "lloc_min": 7.0,
              "lloc_max": 7.0,
              "blank_min": 0.0,
              "blank_max": 0.0
            },
            "nom": {
              "functions": 1.0,
              "closures": 0.0,
              "functions_average": 1.0,
              "closures_average": 0.0,
              "total": 1.0,
              "average": 1.0,
              "functions_min": 1.0,
              "functions_max": 1.0,
              "closures_min": 0.0,
              "closures_max": 0.0
            },
            "mi": {
              "mi_original": 94.59280396766789,
              "mi_sei": 95.1070061249049,
              "mi_visual_studio": 55.31742922085842
            },
            "abc": {
              "assignments": 0.0,
              "branches": 0.0,
              "conditions": 0.0,
              "magnitude": 0.0,
              "assignments_average": 0.0,
              "branches_average": 0.0,
              "conditions_average": 0.0,
              "assignments_min": 0.0,
              "assignments_max": 0.0,
              "branches_min": 0.0,
              "branches_max": 0.0,
              "conditions_min": 0.0,
              "conditions_max": 0.0
            }
          }
        },
        {
          "name": "DigitGen",
          "start_line": 300,
          "end_line": 396,
          "kind": "function",
          "spaces": [],
          "metrics": {
            "nargs": {
              "total_functions": 6.0,
              "total_closures": 0.0,
              "average_functions": 6.0,
              "average_closures": 0.0,
              "total": 6.0,
              "average": 6.0,
              "functions_min": 6.0,
              "functions_max": 6.0,
              "closures_min": 0.0,
              "closures_max": 0.0
            },
            "nexits": {
              "sum": 2.0,
              "average": 2.0,
              "min": 2.0,
              "max": 2.0
            },
            "cognitive": {
              "sum": 7.0,
              "average": 7.0,
              "min": 7.0,
              "max": 7.0
            },
            "cyclomatic": {
              "sum": 7.0,
              "average": 7.0,
              "min": 7.0,
              "max": 7.0
            },
            "halstead": {
              "n1": 32.0,
              "N1": 304.0,
              "n2": 39.0,
              "N2": 192.0,
              "length": 496.0,
              "estimated_program_length": 366.13068653562766,
              "purity_ratio": 0.7381667067250558,
              "vocabulary": 71.0,
              "volume": 3050.274571274322,
              "difficulty": 78.76923076923077,
              "level": 0.0126953125,
              "effort": 240267.78161422355,
              "time": 13348.210089679087,
              "bugs": 1.28827655818431
            },
            "loc": {
              "sloc": 97.0,
              "ploc": 57.0,
              "lloc": 41.0,
              "cloc": 40.0,
              "blank": 1.0,
              "sloc_average": 97.0,
              "ploc_average": 57.0,
              "lloc_average": 41.0,
              "cloc_average": 40.0,
              "blank_average": 1.0,
              "sloc_min": 97.0,
              "sloc_max": 97.0,
              "cloc_min": 40.0,
              "cloc_max": 40.0,
              "ploc_min": 57.0,
              "ploc_max": 57.0,
              "lloc_min": 41.0,
              "lloc_max": 41.0,
              "blank_min": 1.0,
              "blank_max": 1.0
            },
            "nom": {
              "functions": 1.0,
              "closures": 0.0,
              "functions_average": 1.0,
              "closures_average": 0.0,
              "total": 1.0,
              "average": 1.0,
              "functions_min": 1.0,
              "functions_max": 1.0,
              "closures_min": 0.0,
              "closures_max": 0.0
            },
            "mi": {
              "mi_original": 53.56015032587041,
              "mi_sei": 44.216224364365,
              "mi_visual_studio": 31.32172533676632
            },
            "abc": {
              "assignments": 0.0,
              "branches": 0.0,
              "conditions": 0.0,
              "magnitude": 0.0,
              "assignments_average": 0.0,
              "branches_average": 0.0,
              "conditions_average": 0.0,
              "assignments_min": 0.0,
              "assignments_max": 0.0,
              "branches_min": 0.0,
              "branches_max": 0.0,
              "conditions_min": 0.0,
              "conditions_max": 0.0
            }
          }
        },
        {
          "name": "DigitGenCounted",
          "start_line": 428,
          "end_line": 505,
          "kind": "function",
          "spaces": [],
          "metrics": {
            "nargs": {
              "total_functions": 5.0,
              "total_closures": 0.0,
              "average_functions": 5.0,
              "average_closures": 0.0,
              "total": 5.0,
              "average": 5.0,
              "functions_min": 5.0,
              "functions_max": 5.0,
              "closures_min": 0.0,
              "closures_max": 0.0
            },
            "nexits": {
              "sum": 3.0,
              "average": 3.0,
              "min": 3.0,
              "max": 3.0
            },
            "cognitive": {
              "sum": 8.0,
              "average": 8.0,
              "min": 8.0,
              "max": 8.0
            },
            "cyclomatic": {
              "sum": 8.0,
              "average": 8.0,
              "min": 8.0,
              "max": 8.0
            },
            "halstead": {
              "n1": 33.0,
              "N1": 249.0,
              "n2": 35.0,
              "N2": 149.0,
              "length": 398.0,
              "estimated_program_length": 345.98991153190275,
              "purity_ratio": 0.8693213857585497,
              "vocabulary": 68.0,
              "volume": 2422.810210817635,
              "difficulty": 70.24285714285715,
              "level": 0.014236322961155175,
              "effort": 170185.11152271874,
              "time": 9454.728417928818,
              "bugs": 1.023669556324197
            },
            "loc": {
              "sloc": 78.0,
              "ploc": 54.0,
              "lloc": 42.0,
              "cloc": 22.0,
              "blank": 3.0,
              "sloc_average": 78.0,
              "ploc_average": 54.0,
              "lloc_average": 42.0,
              "cloc_average": 22.0,
              "blank_average": 3.0,
              "sloc_min": 78.0,
              "sloc_max": 78.0,
              "cloc_min": 22.0,
              "cloc_max": 22.0,
              "ploc_min": 54.0,
              "ploc_max": 54.0,
              "lloc_min": 42.0,
              "lloc_max": 42.0,
              "blank_min": 3.0,
              "blank_max": 3.0
            },
            "nom": {
              "functions": 1.0,
              "closures": 0.0,
              "functions_average": 1.0,
              "closures_average": 0.0,
              "total": 1.0,
              "average": 1.0,
              "functions_min": 1.0,
              "functions_max": 1.0,
              "closures_min": 0.0,
              "closures_max": 0.0
            },
            "mi": {
              "mi_original": 58.05936338187608,
              "mi_sei": 45.52673503906378,
              "mi_visual_studio": 33.95284408296847
            },
            "abc": {
              "assignments": 0.0,
              "branches": 0.0,
              "conditions": 0.0,
              "magnitude": 0.0,
              "assignments_average": 0.0,
              "branches_average": 0.0,
              "conditions_average": 0.0,
              "assignments_min": 0.0,
              "assignments_max": 0.0,
              "branches_min": 0.0,
              "branches_max": 0.0,
              "conditions_min": 0.0,
              "conditions_max": 0.0
            }
          }
        },
        {
          "name": "Grisu3",
          "start_line": 519,
          "end_line": 583,
          "kind": "function",
          "spaces": [],
          "metrics": {
            "nargs": {
              "total_functions": 5.0,
              "total_closures": 0.0,
              "average_functions": 5.0,
              "average_closures": 0.0,
              "total": 5.0,
              "average": 5.0,
              "functions_min": 5.0,
              "functions_max": 5.0,
              "closures_min": 0.0,
              "closures_max": 0.0
            },
            "nexits": {
              "sum": 1.0,
              "average": 1.0,
              "min": 1.0,
              "max": 1.0
            },
            "cognitive": {
              "sum": 3.0,
              "average": 3.0,
              "min": 3.0,
              "max": 3.0
            },
            "cyclomatic": {
              "sum": 3.0,
              "average": 3.0,
              "min": 3.0,
              "max": 3.0
            },
            "halstead": {
              "n1": 21.0,
              "N1": 155.0,
              "n2": 37.0,
              "N2": 106.0,
              "length": 261.0,
              "estimated_program_length": 284.98844040662516,
              "purity_ratio": 1.091909733358717,
              "vocabulary": 58.0,
              "volume": 1528.9330397282963,
              "difficulty": 30.08108108108108,
              "level": 0.033243486073674756,
              "effort": 45991.95873561064,
              "time": 2555.1088186450356,
              "bugs": 0.4278911944672765
            },
            "loc": {
              "sloc": 65.0,
              "ploc": 40.0,
              "lloc": 22.0,
              "cloc": 25.0,
              "blank": 2.0,
              "sloc_average": 65.0,
              "ploc_average": 40.0,
              "lloc_average": 22.0,
              "cloc_average": 25.0,
              "blank_average": 2.0,
              "sloc_min": 65.0,
              "sloc_max": 65.0,
              "cloc_min": 25.0,
              "cloc_max": 25.0,
              "ploc_min": 40.0,
              "ploc_max": 40.0,
              "lloc_min": 22.0,
              "lloc_max": 22.0,
              "blank_min": 2.0,
              "blank_max": 2.0
            },
            "nom": {
              "functions": 1.0,
              "closures": 0.0,
              "functions_average": 1.0,
              "closures_average": 0.0,
              "total": 1.0,
              "average": 1.0,
              "functions_min": 1.0,
              "functions_max": 1.0,
              "closures_min": 0.0,
              "closures_max": 0.0
            },
            "mi": {
              "mi_original": 64.55683408808089,
              "mi_sei": 58.72204791547879,
              "mi_visual_studio": 37.75253455443327
            },
            "abc": {
              "assignments": 0.0,
              "branches": 0.0,
              "conditions": 0.0,
              "magnitude": 0.0,
              "assignments_average": 0.0,
              "branches_average": 0.0,
              "conditions_average": 0.0,
              "assignments_min": 0.0,
              "assignments_max": 0.0,
              "branches_min": 0.0,
              "branches_max": 0.0,
              "conditions_min": 0.0,
              "conditions_max": 0.0
            }
          }
        },
        {
          "name": "Grisu3Counted",
          "start_line": 591,
          "end_line": 632,
          "kind": "function",
          "spaces": [],
          "metrics": {
            "nargs": {
              "total_functions": 5.0,
              "total_closures": 0.0,
              "average_functions": 5.0,
              "average_closures": 0.0,
              "total": 5.0,
              "average": 5.0,
              "functions_min": 5.0,
              "functions_max": 5.0,
              "closures_min": 0.0,
              "closures_max": 0.0
            },
            "nexits": {
              "sum": 1.0,
              "average": 1.0,
              "min": 1.0,
              "max": 1.0
            },
            "cognitive": {
              "sum": 1.0,
              "average": 1.0,
              "min": 1.0,
              "max": 1.0
            },
            "cyclomatic": {
              "sum": 2.0,
              "average": 2.0,
              "min": 2.0,
              "max": 2.0
            },
            "halstead": {
              "n1": 18.0,
              "N1": 94.0,
              "n2": 26.0,
              "N2": 60.0,
              "length": 154.0,
              "estimated_program_length": 197.27008269763002,
              "purity_ratio": 1.2809745629716234,
              "vocabulary": 44.0,
              "volume": 840.7524692701438,
              "difficulty": 20.76923076923077,
              "level": 0.04814814814814815,
              "effort": 17461.782054072217,
              "time": 970.099003004012,
              "bugs": 0.22435605117543375
            },
            "loc": {
              "sloc": 42.0,
              "ploc": 27.0,
              "lloc": 12.0,
              "cloc": 15.0,
              "blank": 2.0,
              "sloc_average": 42.0,
              "ploc_average": 27.0,
              "lloc_average": 12.0,
              "cloc_average": 15.0,
              "blank_average": 2.0,
              "sloc_min": 42.0,
              "sloc_max": 42.0,
              "cloc_min": 15.0,
              "cloc_max": 15.0,
              "ploc_min": 27.0,
              "ploc_max": 27.0,
              "lloc_min": 12.0,
              "lloc_max": 12.0,
              "blank_min": 2.0,
              "blank_max": 2.0
            },
            "nom": {
              "functions": 1.0,
              "closures": 0.0,
              "functions_average": 1.0,
              "closures_average": 0.0,
              "total": 1.0,
              "average": 1.0,
              "functions_min": 1.0,
              "functions_max": 1.0,
              "closures_min": 0.0,
              "closures_max": 0.0
            },
            "mi": {
              "mi_original": 74.97140628828384,
              "mi_sei": 72.6193667370843,
              "mi_visual_studio": 43.84292765396716
            },
            "abc": {
              "assignments": 0.0,
              "branches": 0.0,
              "conditions": 0.0,
              "magnitude": 0.0,
              "assignments_average": 0.0,
              "branches_average": 0.0,
              "conditions_average": 0.0,
              "assignments_min": 0.0,
              "assignments_max": 0.0,
              "branches_min": 0.0,
              "branches_max": 0.0,
              "conditions_min": 0.0,
              "conditions_max": 0.0
            }
          }
        },
        {
          "name": "FastDtoa",
          "start_line": 635,
          "end_line": 663,
          "kind": "function",
          "spaces": [],
          "metrics": {
            "nargs": {
              "total_functions": 6.0,
              "total_closures": 0.0,
              "average_functions": 6.0,
              "average_closures": 0.0,
              "total": 6.0,
              "average": 6.0,
              "functions_min": 6.0,
              "functions_max": 6.0,
              "closures_min": 0.0,
              "closures_max": 0.0
            },
            "nexits": {
              "sum": 1.0,
              "average": 1.0,
              "min": 1.0,
              "max": 1.0
            },
            "cognitive": {
              "sum": 2.0,
              "average": 2.0,
              "min": 2.0,
              "max": 2.0
            },
            "cyclomatic": {
              "sum": 5.0,
              "average": 5.0,
              "min": 5.0,
              "max": 5.0
            },
            "halstead": {
              "n1": 21.0,
              "N1": 79.0,
              "n2": 22.0,
              "N2": 46.0,
              "length": 125.0,
              "estimated_program_length": 190.3461614883745,
              "purity_ratio": 1.522769291906996,
              "vocabulary": 43.0,
              "volume": 678.2830943377622,
              "difficulty": 21.954545454545453,
              "level": 0.04554865424430642,
              "effort": 14891.397025688142,
              "time": 827.2998347604523,
              "bugs": 0.20176029632266473
            },
            "loc": {
              "sloc": 29.0,
              "ploc": 28.0,
              "lloc": 18.0,
              "cloc": 0.0,
              "blank": 1.0,
              "sloc_average": 29.0,
              "ploc_average": 28.0,
              "lloc_average": 18.0,
              "cloc_average": 0.0,
              "blank_average": 1.0,
              "sloc_min": 29.0,
              "sloc_max": 29.0,
              "cloc_min": 0.0,
              "cloc_max": 0.0,
              "ploc_min": 28.0,
              "ploc_max": 28.0,
              "lloc_min": 18.0,
              "lloc_max": 18.0,
              "blank_min": 1.0,
              "blank_max": 1.0
            },
            "nom": {
              "functions": 1.0,
              "closures": 0.0,
              "functions_average": 1.0,
              "closures_average": 0.0,
              "total": 1.0,
              "average": 1.0,
              "functions_min": 1.0,
              "functions_max": 1.0,
              "closures_min": 0.0,
              "closures_max": 0.0
            },
            "mi": {
              "mi_original": 81.39807088508371,
              "mi_sei": 42.24084050884818,
              "mi_visual_studio": 47.6012110439086
            },
            "abc": {
              "assignments": 0.0,
              "branches": 0.0,
              "conditions": 0.0,
              "magnitude": 0.0,
              "assignments_average": 0.0,
              "branches_average": 0.0,
              "conditions_average": 0.0,
              "assignments_min": 0.0,
              "assignments_max": 0.0,
              "branches_min": 0.0,
              "branches_max": 0.0,
              "conditions_min": 0.0,
              "conditions_max": 0.0
            }
          }
        }
      ],
      "metrics": {
        "nargs": {
          "total_functions": 44.0,
          "total_closures": 0.0,
          "average_functions": 5.5,
          "average_closures": 0.0,
          "total": 44.0,
          "average": 5.5,
          "functions_min": 0.0,
          "functions_max": 7.0,
          "closures_min": 0.0,
          "closures_max": 0.0
        },
        "nexits": {
          "sum": 15.0,
          "average": 1.875,
          "min": 0.0,
          "max": 5.0
        },
        "cognitive": {
          "sum": 41.0,
          "average": 5.125,
          "min": 0.0,
          "max": 13.0
        },
        "cyclomatic": {
          "sum": 48.0,
          "average": 5.333333333333333,
          "min": 1.0,
          "max": 10.0
        },
        "halstead": {
          "n1": 42.0,
          "N1": 1128.0,
          "n2": 101.0,
          "N2": 712.0,
          "length": 1840.0,
          "estimated_program_length": 898.9566915146391,
          "purity_ratio": 0.4885634193014343,
          "vocabulary": 143.0,
          "volume": 13174.163259672236,
          "difficulty": 148.03960396039605,
          "level": 0.0067549491706795075,
          "effort": 1950297.911471478,
          "time": 108349.88397063766,
          "bugs": 5.203306184909677
        },
        "loc": {
          "sloc": 632.0,
          "ploc": 278.0,
          "lloc": 173.0,
          "cloc": 332.0,
          "blank": 31.0,
          "sloc_average": 70.22222222222223,
          "ploc_average": 30.88888888888889,
          "lloc_average": 19.22222222222222,
          "cloc_average": 36.888888888888886,
          "blank_average": 3.4444444444444446,
          "sloc_min": 17.0,
          "sloc_max": 106.0,
          "cloc_min": 0.0,
          "cloc_max": 81.0,
          "ploc_min": 13.0,
          "ploc_max": 57.0,
          "lloc_min": 7.0,
          "lloc_max": 42.0,
          "blank_min": 0.0,
          "blank_max": 3.0
        },
        "nom": {
          "functions": 8.0,
          "closures": 0.0,
          "functions_average": 0.8888888888888888,
          "closures_average": 0.0,
          "total": 8.0,
          "average": 0.8888888888888888,
          "functions_min": 0.0,
          "functions_max": 1.0,
          "closures_min": 0.0,
          "closures_max": 0.0
        },
        "mi": {
          "mi_original": 6.160724934030611,
          "mi_sei": -16.858842086774374,
          "mi_visual_studio": 3.6027631193161467
        },
        "abc": {
          "assignments": 0.0,
          "branches": 0.0,
          "conditions": 0.0,
          "magnitude": 0.0,
          "assignments_average": 0.0,
          "branches_average": 0.0,
          "conditions_average": 0.0,
          "assignments_min": 0.0,
          "assignments_max": 0.0,
          "branches_min": 0.0,
          "branches_max": 0.0,
          "conditions_min": 0.0,
          "conditions_max": 0.0
        }
      }
    }
  ],
  "metrics": {
    "nargs": {
      "total_functions": 44.0,
      "total_closures": 0.0,
      "average_functions": 5.5,
      "average_closures": 0.0,
      "total": 44.0,
      "average": 5.5,
      "functions_min": 0.0,
      "functions_max": 7.0,
      "closures_min": 0.0,
      "closures_max": 0.0
    },
    "nexits": {
      "sum": 15.0,
      "average": 1.875,
      "min": 0.0,
      "max": 5.0
    },
    "cognitive": {
      "sum": 41.0,
      "average": 5.125,
      "min": 0.0,
      "max": 13.0
    },
    "cyclomatic": {
      "sum": 49.0,
      "average": 4.9,
      "min": 1.0,
      "max": 10.0
    },
    "halstead": {
      "n1": 42.0,
      "N1": 1128.0,
      "n2": 105.0,
      "N2": 716.0,
      "length": 1844.0,
      "estimated_program_length": 931.4731111116508,
      "purity_ratio": 0.5051372619911338,
      "vocabulary": 147.0,
      "volume": 13276.195803878256,
      "difficulty": 143.2,
      "level": 0.006983240223463688,
      "effort": 1901151.239115366,
      "time": 105619.513284187,
      "bugs": 5.11552082008411
    },
    "loc": {
      "sloc": 665.0,
      "ploc": 282.0,
      "lloc": 173.0,
      "cloc": 359.0,
      "blank": 34.0,
      "sloc_average": 66.5,
      "ploc_average": 28.2,
      "lloc_average": 17.3,
      "cloc_average": 35.9,
      "blank_average": 3.4,
      "sloc_min": 632.0,
      "sloc_max": 632.0,
      "cloc_min": 332.0,
      "cloc_max": 332.0,
      "ploc_min": 278.0,
      "ploc_max": 278.0,
      "lloc_min": 173.0,
      "lloc_max": 173.0,
      "blank_min": 31.0,
      "blank_max": 31.0
    },
    "nom": {
      "functions": 8.0,
      "closures": 0.0,
      "functions_average": 0.8,
      "closures_average": 0.0,
      "total": 8.0,
      "average": 0.8,
      "functions_min": 0.0,
      "functions_max": 1.0,
      "closures_min": 0.0,
      "closures_max": 0.0
    },
    "mi": {
      "mi_original": 5.066064749879743,
      "mi_sei": -18.007586955424472,
      "mi_visual_studio": 2.962610964841955
    },
    "abc": {
      "assignments": 0.0,
      "branches": 0.0,
      "conditions": 0.0,
      "magnitude": 0.0,
      "assignments_average": 0.0,
      "branches_average": 0.0,
      "conditions_average": 0.0,
      "assignments_min": 0.0,
      "assignments_max": 0.0,
      "branches_min": 0.0,
      "branches_max": 0.0,
      "conditions_min": 0.0,
      "conditions_max": 0.0
    }
  }
}
