---
source: tests/test.rs
expression: funcspace_struct
---
FuncSpace {
    name: Some(
        "./tests/repositories/pdf.js/examples/components/simpleviewer.js",
    ),
    start_line: 1,
    end_line: 102,
    kind: Unit,
    spaces: [
        FuncSpace {
            name: Some(
                "<anonymous>",
            ),
            start_line: 74,
            end_line: 86,
            kind: Function,
            spaces: [],
            metrics: CodeMetrics {
                nargs: Stats {
                    fn_nargs: 0,
                    closure_nargs: 0,
                    fn_nargs_sum: 0,
                    closure_nargs_sum: 0,
                    fn_nargs_min: 0,
                    closure_nargs_min: 0,
                    fn_nargs_max: 0,
                    closure_nargs_max: 0,
                    total_functions: 0,
                    total_closures: 1,
                },
                nexits: Stats {
                    exit: 0,
                    exit_sum: 0,
                    total_space_functions: 1,
                    exit_min: 0,
                    exit_max: 0,
                },
                cognitive: Stats {
                    structural: 4,
                    structural_sum: 4,
                    structural_min: 4,
                    structural_max: 4,
                    nesting: 1,
                    total_space_functions: 1,
                    boolean_seq: BoolSequence {
                        boolean_op: None,
                    },
                },
                cyclomatic: Stats {
                    cyclomatic_sum: 3.0,
                    cyclomatic: 3.0,
                    n: 1,
                    cyclomatic_max: 3.0,
                    cyclomatic_min: 3.0,
                },
                halstead: Stats {
                    u_operators: 12,
                    operators: 31,
                    u_operands: 17,
                    operands: 22,
                },
                loc: Stats {
                    sloc: Sloc {
                        start: 73,
                        end: 85,
                        unit: false,
                        sloc_min: 13,
                        sloc_max: 13,
                    },
                    ploc: Ploc {
                        lines: {
                            80,
                            84,
                            81,
                            78,
                            75,
                            85,
                            82,
                            79,
                            73,
                            83,
                        },
                        ploc_min: 10,
                        ploc_max: 10,
                    },
                    cloc: Cloc {
                        only_comment_lines: 2,
                        code_comment_lines: 0,
                        comment_line_end: Some(
                            77,
                        ),
                        cloc_min: 2,
                        cloc_max: 2,
                    },
                    lloc: Lloc {
                        logical_lines: 9,
                        lloc_min: 9,
                        lloc_max: 9,
                    },
                    space_count: 1,
                    blank_min: 1,
                    blank_max: 1,
                },
                nom: Stats {
                    functions: 0,
                    closures: 1,
                    functions_sum: 0,
                    closures_sum: 1,
                    functions_min: 0,
                    functions_max: 0,
                    closures_min: 1,
                    closures_max: 1,
                    space_count: 1,
                },
                mi: Stats {
                    halstead_length: 53.0,
                    halstead_vocabulary: 29.0,
                    halstead_volume: 257.4729927417613,
                    cyclomatic: 3.0,
                    sloc: 13.0,
                    comments_percentage: 0.15384615384615385,
                },
                abc: Stats {
                    assignments: 0.0,
                    assignments_sum: 0.0,
                    assignments_min: 0.0,
                    assignments_max: 0.0,
                    branches: 0.0,
                    branches_sum: 0.0,
                    branches_min: 0.0,
                    branches_max: 0.0,
                    conditions: 0.0,
                    conditions_sum: 0.0,
                    conditions_min: 0.0,
                    conditions_max: 0.0,
                    space_count: 1,
                    declaration: [],
                },
                wmc: Stats {
                    cyclomatic: 0.0,
                    class_wmc: 0.0,
                    interface_wmc: 0.0,
                    class_wmc_sum: 0.0,
                    interface_wmc_sum: 0.0,
                    space_kind: Unknown,
                },
                npm: Stats {
                    class_npm: 0,
                    interface_npm: 0,
                    class_nm: 0,
                    interface_nm: 0,
                    class_npm_sum: 0,
                    interface_npm_sum: 0,
                    class_nm_sum: 0,
                    interface_nm_sum: 0,
                    is_class_space: false,
                },
                npa: Stats {
                    class_npa: 0,
                    interface_npa: 0,
                    class_na: 0,
                    interface_na: 0,
                    class_npa_sum: 0,
                    interface_npa_sum: 0,
                    class_na_sum: 0,
                    interface_na_sum: 0,
                    is_class_space: false,
                },
            },
        },
        FuncSpace {
            name: Some(
                "<anonymous>",
            ),
            start_line: 95,
            end_line: 102,
            kind: Function,
            spaces: [],
            metrics: CodeMetrics {
                nargs: Stats {
                    fn_nargs: 0,
                    closure_nargs: 0,
                    fn_nargs_sum: 0,
                    closure_nargs_sum: 0,
                    fn_nargs_min: 0,
                    closure_nargs_min: 0,
                    fn_nargs_max: 0,
                    closure_nargs_max: 0,
                    total_functions: 0,
                    total_closures: 1,
                },
                nexits: Stats {
                    exit: 0,
                    exit_sum: 0,
                    total_space_functions: 1,
                    exit_min: 0,
                    exit_max: 0,
                },
                cognitive: Stats {
                    structural: 0,
                    structural_sum: 0,
                    structural_min: 0,
                    structural_max: 0,
                    nesting: 0,
                    total_space_functions: 1,
                    boolean_seq: BoolSequence {
                        boolean_op: None,
                    },
                },
                cyclomatic: Stats {
                    cyclomatic_sum: 1.0,
                    cyclomatic: 1.0,
                    n: 1,
                    cyclomatic_max: 1.0,
                    cyclomatic_min: 1.0,
                },
                halstead: Stats {
                    u_operators: 11,
                    operators: 17,
                    u_operands: 10,
                    operands: 13,
                },
                loc: Stats {
                    sloc: Sloc {
                        start: 94,
                        end: 101,
                        unit: false,
                        sloc_min: 8,
                        sloc_max: 8,
                    },
                    ploc: Ploc {
                        lines: {
                            101,
                            98,
                            95,
                            100,
                            94,
                        },
                        ploc_min: 5,
                        ploc_max: 5,
                    },
                    cloc: Cloc {
                        only_comment_lines: 2,
                        code_comment_lines: 0,
                        comment_line_end: Some(
                            97,
                        ),
                        cloc_min: 2,
                        cloc_max: 2,
                    },
                    lloc: Lloc {
                        logical_lines: 3,
                        lloc_min: 3,
                        lloc_max: 3,
                    },
                    space_count: 1,
                    blank_min: 1,
                    blank_max: 1,
                },
                nom: Stats {
                    functions: 0,
                    closures: 1,
                    functions_sum: 0,
                    closures_sum: 1,
                    functions_min: 0,
                    functions_max: 0,
                    closures_min: 1,
                    closures_max: 1,
                    space_count: 1,
                },
                mi: Stats {
                    halstead_length: 30.0,
                    halstead_vocabulary: 21.0,
                    halstead_volume: 131.76952268336282,
                    cyclomatic: 1.0,
                    sloc: 8.0,
                    comments_percentage: 0.25,
                },
                abc: Stats {
                    assignments: 0.0,
                    assignments_sum: 0.0,
                    assignments_min: 0.0,
                    assignments_max: 0.0,
                    branches: 0.0,
                    branches_sum: 0.0,
                    branches_min: 0.0,
                    branches_max: 0.0,
                    conditions: 0.0,
                    conditions_sum: 0.0,
                    conditions_min: 0.0,
                    conditions_max: 0.0,
                    space_count: 1,
                    declaration: [],
                },
                wmc: Stats {
                    cyclomatic: 0.0,
                    class_wmc: 0.0,
                    interface_wmc: 0.0,
                    class_wmc_sum: 0.0,
                    interface_wmc_sum: 0.0,
                    space_kind: Unknown,
                },
                npm: Stats {
                    class_npm: 0,
                    interface_npm: 0,
                    class_nm: 0,
                    interface_nm: 0,
                    class_npm_sum: 0,
                    interface_npm_sum: 0,
                    class_nm_sum: 0,
                    interface_nm_sum: 0,
                    is_class_space: false,
                },
                npa: Stats {
                    class_npa: 0,
                    interface_npa: 0,
                    class_na: 0,
                    interface_na: 0,
                    class_npa_sum: 0,
                    interface_npa_sum: 0,
                    class_na_sum: 0,
                    interface_na_sum: 0,
                    is_class_space: false,
                },
            },
        },
    ],
    metrics: CodeMetrics {
        nargs: Stats {
            fn_nargs: 0,
            closure_nargs: 0,
            fn_nargs_sum: 0,
            closure_nargs_sum: 0,
            fn_nargs_min: 0,
            closure_nargs_min: 0,
            fn_nargs_max: 0,
            closure_nargs_max: 0,
            total_functions: 0,
            total_closures: 2,
        },
        nexits: Stats {
            exit: 0,
            exit_sum: 0,
            total_space_functions: 2,
            exit_min: 0,
            exit_max: 0,
        },
        cognitive: Stats {
            structural: 2,
            structural_sum: 6,
            structural_min: 0,
            structural_max: 4,
            nesting: 0,
            total_space_functions: 2,
            boolean_seq: BoolSequence {
                boolean_op: None,
            },
        },
        cyclomatic: Stats {
            cyclomatic_sum: 7.0,
            cyclomatic: 3.0,
            n: 3,
            cyclomatic_max: 3.0,
            cyclomatic_min: 1.0,
        },
        halstead: Stats {
            u_operators: 17,
            operators: 164,
            u_operands: 78,
            operands: 123,
        },
        loc: Stats {
            sloc: Sloc {
                start: 0,
                end: 102,
                unit: true,
                sloc_min: 8,
                sloc_max: 13,
            },
            ploc: Ploc {
                lines: {
                    64,
                    88,
                    58,
                    94,
                    52,
                    46,
                    43,
                    37,
                    101,
                    98,
                    92,
                    25,
                    89,
                    19,
                    80,
                    83,
                    95,
                    71,
                    68,
                    65,
                    62,
                    59,
                    53,
                    47,
                    41,
                    32,
                    29,
                    90,
                    93,
                    20,
                    17,
                    84,
                    81,
                    78,
                    69,
                    66,
                    63,
                    60,
                    57,
                    54,
                    51,
                    48,
                    75,
                    39,
                    36,
                    100,
                    30,
                    91,
                    24,
                    85,
                    82,
                    15,
                    79,
                    73,
                    70,
                    67,
                },
                ploc_min: 5,
                ploc_max: 10,
            },
            cloc: Cloc {
                only_comment_lines: 29,
                code_comment_lines: 2,
                comment_line_end: Some(
                    87,
                ),
                cloc_min: 2,
                cloc_max: 2,
            },
            lloc: Lloc {
                logical_lines: 21,
                lloc_min: 3,
                lloc_max: 9,
            },
            space_count: 3,
            blank_min: 1,
            blank_max: 1,
        },
        nom: Stats {
            functions: 0,
            closures: 0,
            functions_sum: 0,
            closures_sum: 2,
            functions_min: 0,
            functions_max: 0,
            closures_min: 0,
            closures_max: 1,
            space_count: 3,
        },
        mi: Stats {
            halstead_length: 287.0,
            halstead_vocabulary: 95.0,
            halstead_volume: 1885.548559590982,
            cyclomatic: 7.0,
            sloc: 102.0,
            comments_percentage: 0.30392156862745096,
        },
        abc: Stats {
            assignments: 0.0,
            assignments_sum: 0.0,
            assignments_min: 0.0,
            assignments_max: 0.0,
            branches: 0.0,
            branches_sum: 0.0,
            branches_min: 0.0,
            branches_max: 0.0,
            conditions: 0.0,
            conditions_sum: 0.0,
            conditions_min: 0.0,
            conditions_max: 0.0,
            space_count: 3,
            declaration: [],
        },
        wmc: Stats {
            cyclomatic: 0.0,
            class_wmc: 0.0,
            interface_wmc: 0.0,
            class_wmc_sum: 0.0,
            interface_wmc_sum: 0.0,
            space_kind: Unknown,
        },
        npm: Stats {
            class_npm: 0,
            interface_npm: 0,
            class_nm: 0,
            interface_nm: 0,
            class_npm_sum: 0,
            interface_npm_sum: 0,
            class_nm_sum: 0,
            interface_nm_sum: 0,
            is_class_space: false,
        },
        npa: Stats {
            class_npa: 0,
            interface_npa: 0,
            class_na: 0,
            interface_na: 0,
            class_npa_sum: 0,
            interface_npa_sum: 0,
            class_na_sum: 0,
            interface_na_sum: 0,
            is_class_space: false,
        },
    },
}
