---
source: tests/common/mod.rs
expression: funcspace_struct
---
name: "[filepath]"
start_line: 1
end_line: 59
kind: unit
spaces:
  - name: runTests
    start_line: 20
    end_line: 57
    kind: function
    spaces:
      - name: jasmineDone
        start_line: 40
        end_line: 40
        kind: function
        spaces: []
        metrics:
          nargs:
            total_functions: 1
            total_closures: 0
            average_functions: 1
            average_closures: 0
            total: 1
            average: 1
            functions_min: 1
            functions_max: 1
            closures_min: 0
            closures_max: 0
          nexits:
            sum: 0
            average: 0
            min: 0
            max: 0
          cognitive:
            sum: 0
            average: 0
            min: 0
            max: 0
          cyclomatic:
            sum: 1
            average: 1
            min: 1
            max: 1
          halstead:
            n1: 2
            N1: 2
            n2: 2
            N2: 2
            length: 4
            estimated_program_length: 4
            purity_ratio: 1
            vocabulary: 4
            volume: 8
            difficulty: 1
            level: 1
            effort: 8
            time: 0.444
            bugs: 0.001
          loc:
            sloc: 1
            ploc: 1
            lloc: 1
            cloc: 0
            blank: 0
            sloc_average: 1
            ploc_average: 1
            lloc_average: 1
            cloc_average: 0
            blank_average: 0
            sloc_min: 1
            sloc_max: 1
            cloc_min: 0
            cloc_max: 0
            ploc_min: 1
            ploc_max: 1
            lloc_min: 1
            lloc_max: 1
            blank_min: 0
            blank_max: 0
          nom:
            functions: 1
            closures: 0
            functions_average: 1
            closures_average: 0
            total: 1
            average: 1
            functions_min: 1
            functions_max: 1
            closures_min: 0
            closures_max: 0
          mi:
            mi_original: 159.957
            mi_sei: 155.17
            mi_visual_studio: 93.542
          abc:
            assignments: 0
            branches: 0
            conditions: 0
            magnitude: 0
            assignments_average: 0
            branches_average: 0
            conditions_average: 0
            assignments_min: 0
            assignments_max: 0
            branches_min: 0
            branches_max: 0
            conditions_min: 0
            conditions_max: 0
      - name: jasmineStarted
        start_line: 41
        end_line: 41
        kind: function
        spaces: []
        metrics:
          nargs:
            total_functions: 1
            total_closures: 0
            average_functions: 1
            average_closures: 0
            total: 1
            average: 1
            functions_min: 1
            functions_max: 1
            closures_min: 0
            closures_max: 0
          nexits:
            sum: 0
            average: 0
            min: 0
            max: 0
          cognitive:
            sum: 0
            average: 0
            min: 0
            max: 0
          cyclomatic:
            sum: 1
            average: 1
            min: 1
            max: 1
          halstead:
            n1: 2
            N1: 2
            n2: 2
            N2: 2
            length: 4
            estimated_program_length: 4
            purity_ratio: 1
            vocabulary: 4
            volume: 8
            difficulty: 1
            level: 1
            effort: 8
            time: 0.444
            bugs: 0.001
          loc:
            sloc: 1
            ploc: 1
            lloc: 1
            cloc: 0
            blank: 0
            sloc_average: 1
            ploc_average: 1
            lloc_average: 1
            cloc_average: 0
            blank_average: 0
            sloc_min: 1
            sloc_max: 1
            cloc_min: 0
            cloc_max: 0
            ploc_min: 1
            ploc_max: 1
            lloc_min: 1
            lloc_max: 1
            blank_min: 0
            blank_max: 0
          nom:
            functions: 1
            closures: 0
            functions_average: 1
            closures_average: 0
            total: 1
            average: 1
            functions_min: 1
            functions_max: 1
            closures_min: 0
            closures_max: 0
          mi:
            mi_original: 159.957
            mi_sei: 155.17
            mi_visual_studio: 93.542
          abc:
            assignments: 0
            branches: 0
            conditions: 0
            magnitude: 0
            assignments_average: 0
            branches_average: 0
            conditions_average: 0
            assignments_min: 0
            assignments_max: 0
            branches_min: 0
            branches_max: 0
            conditions_min: 0
            conditions_max: 0
      - name: specDone
        start_line: 42
        end_line: 50
        kind: function
        spaces: []
        metrics:
          nargs:
            total_functions: 1
            total_closures: 0
            average_functions: 1
            average_closures: 0
            total: 1
            average: 1
            functions_min: 1
            functions_max: 1
            closures_min: 0
            closures_max: 0
          nexits:
            sum: 0
            average: 0
            min: 0
            max: 0
          cognitive:
            sum: 2
            average: 2
            min: 2
            max: 2
          cyclomatic:
            sum: 2
            average: 2
            min: 2
            max: 2
          halstead:
            n1: 8
            N1: 24
            n2: 17
            N2: 26
            length: 50
            estimated_program_length: 93.487
            purity_ratio: 1.87
            vocabulary: 25
            volume: 232.193
            difficulty: 6.118
            level: 0.163
            effort: 1420.474
            time: 78.915
            bugs: 0.042
          loc:
            sloc: 9
            ploc: 9
            lloc: 8
            cloc: 0
            blank: 0
            sloc_average: 9
            ploc_average: 9
            lloc_average: 8
            cloc_average: 0
            blank_average: 0
            sloc_min: 9
            sloc_max: 9
            cloc_min: 0
            cloc_max: 0
            ploc_min: 9
            ploc_max: 9
            lloc_min: 8
            lloc_max: 8
            blank_min: 0
            blank_max: 0
          nom:
            functions: 1
            closures: 0
            functions_average: 1
            closures_average: 0
            total: 1
            average: 1
            functions_min: 1
            functions_max: 1
            closures_min: 0
            closures_max: 0
          mi:
            mi_original: 106.618
            mi_sei: 78.319
            mi_visual_studio: 62.349
          abc:
            assignments: 0
            branches: 0
            conditions: 0
            magnitude: 0
            assignments_average: 0
            branches_average: 0
            conditions_average: 0
            assignments_min: 0
            assignments_max: 0
            branches_min: 0
            branches_max: 0
            conditions_min: 0
            conditions_max: 0
      - name: specStarted
        start_line: 51
        end_line: 51
        kind: function
        spaces: []
        metrics:
          nargs:
            total_functions: 1
            total_closures: 0
            average_functions: 1
            average_closures: 0
            total: 1
            average: 1
            functions_min: 1
            functions_max: 1
            closures_min: 0
            closures_max: 0
          nexits:
            sum: 0
            average: 0
            min: 0
            max: 0
          cognitive:
            sum: 0
            average: 0
            min: 0
            max: 0
          cyclomatic:
            sum: 1
            average: 1
            min: 1
            max: 1
          halstead:
            n1: 2
            N1: 2
            n2: 2
            N2: 2
            length: 4
            estimated_program_length: 4
            purity_ratio: 1
            vocabulary: 4
            volume: 8
            difficulty: 1
            level: 1
            effort: 8
            time: 0.444
            bugs: 0.001
          loc:
            sloc: 1
            ploc: 1
            lloc: 1
            cloc: 0
            blank: 0
            sloc_average: 1
            ploc_average: 1
            lloc_average: 1
            cloc_average: 0
            blank_average: 0
            sloc_min: 1
            sloc_max: 1
            cloc_min: 0
            cloc_max: 0
            ploc_min: 1
            ploc_max: 1
            lloc_min: 1
            lloc_max: 1
            blank_min: 0
            blank_max: 0
          nom:
            functions: 1
            closures: 0
            functions_average: 1
            closures_average: 0
            total: 1
            average: 1
            functions_min: 1
            functions_max: 1
            closures_min: 0
            closures_max: 0
          mi:
            mi_original: 159.957
            mi_sei: 155.17
            mi_visual_studio: 93.542
          abc:
            assignments: 0
            branches: 0
            conditions: 0
            magnitude: 0
            assignments_average: 0
            branches_average: 0
            conditions_average: 0
            assignments_min: 0
            assignments_max: 0
            branches_min: 0
            branches_max: 0
            conditions_min: 0
            conditions_max: 0
      - name: suiteDone
        start_line: 52
        end_line: 52
        kind: function
        spaces: []
        metrics:
          nargs:
            total_functions: 1
            total_closures: 0
            average_functions: 1
            average_closures: 0
            total: 1
            average: 1
            functions_min: 1
            functions_max: 1
            closures_min: 0
            closures_max: 0
          nexits:
            sum: 0
            average: 0
            min: 0
            max: 0
          cognitive:
            sum: 0
            average: 0
            min: 0
            max: 0
          cyclomatic:
            sum: 1
            average: 1
            min: 1
            max: 1
          halstead:
            n1: 2
            N1: 2
            n2: 2
            N2: 2
            length: 4
            estimated_program_length: 4
            purity_ratio: 1
            vocabulary: 4
            volume: 8
            difficulty: 1
            level: 1
            effort: 8
            time: 0.444
            bugs: 0.001
          loc:
            sloc: 1
            ploc: 1
            lloc: 1
            cloc: 0
            blank: 0
            sloc_average: 1
            ploc_average: 1
            lloc_average: 1
            cloc_average: 0
            blank_average: 0
            sloc_min: 1
            sloc_max: 1
            cloc_min: 0
            cloc_max: 0
            ploc_min: 1
            ploc_max: 1
            lloc_min: 1
            lloc_max: 1
            blank_min: 0
            blank_max: 0
          nom:
            functions: 1
            closures: 0
            functions_average: 1
            closures_average: 0
            total: 1
            average: 1
            functions_min: 1
            functions_max: 1
            closures_min: 0
            closures_max: 0
          mi:
            mi_original: 159.957
            mi_sei: 155.17
            mi_visual_studio: 93.542
          abc:
            assignments: 0
            branches: 0
            conditions: 0
            magnitude: 0
            assignments_average: 0
            branches_average: 0
            conditions_average: 0
            assignments_min: 0
            assignments_max: 0
            branches_min: 0
            branches_max: 0
            conditions_min: 0
            conditions_max: 0
      - name: suiteStarted
        start_line: 53
        end_line: 53
        kind: function
        spaces: []
        metrics:
          nargs:
            total_functions: 1
            total_closures: 0
            average_functions: 1
            average_closures: 0
            total: 1
            average: 1
            functions_min: 1
            functions_max: 1
            closures_min: 0
            closures_max: 0
          nexits:
            sum: 0
            average: 0
            min: 0
            max: 0
          cognitive:
            sum: 0
            average: 0
            min: 0
            max: 0
          cyclomatic:
            sum: 1
            average: 1
            min: 1
            max: 1
          halstead:
            n1: 2
            N1: 2
            n2: 2
            N2: 2
            length: 4
            estimated_program_length: 4
            purity_ratio: 1
            vocabulary: 4
            volume: 8
            difficulty: 1
            level: 1
            effort: 8
            time: 0.444
            bugs: 0.001
          loc:
            sloc: 1
            ploc: 1
            lloc: 1
            cloc: 0
            blank: 0
            sloc_average: 1
            ploc_average: 1
            lloc_average: 1
            cloc_average: 0
            blank_average: 0
            sloc_min: 1
            sloc_max: 1
            cloc_min: 0
            cloc_max: 0
            ploc_min: 1
            ploc_max: 1
            lloc_min: 1
            lloc_max: 1
            blank_min: 0
            blank_max: 0
          nom:
            functions: 1
            closures: 0
            functions_average: 1
            closures_average: 0
            total: 1
            average: 1
            functions_min: 1
            functions_max: 1
            closures_min: 0
            closures_max: 0
          mi:
            mi_original: 159.957
            mi_sei: 155.17
            mi_visual_studio: 93.542
          abc:
            assignments: 0
            branches: 0
            conditions: 0
            magnitude: 0
            assignments_average: 0
            branches_average: 0
            conditions_average: 0
            assignments_min: 0
            assignments_max: 0
            branches_min: 0
            branches_max: 0
            conditions_min: 0
            conditions_max: 0
    metrics:
      nargs:
        total_functions: 7
        total_closures: 0
        average_functions: 1
        average_closures: 0
        total: 7
        average: 1
        functions_min: 1
        functions_max: 1
        closures_min: 0
        closures_max: 0
      nexits:
        sum: 1
        average: 0.143
        min: 0
        max: 1
      cognitive:
        sum: 2
        average: 0.286
        min: 0
        max: 2
      cyclomatic:
        sum: 8
        average: 1.143
        min: 1
        max: 2
      halstead:
        n1: 17
        N1: 82
        n2: 50
        N2: 71
        length: 153
        estimated_program_length: 351.68
        purity_ratio: 2.299
        vocabulary: 67
        volume: 928.112
        difficulty: 12.07
        level: 0.083
        effort: 11202.308
        time: 622.35
        bugs: 0.167
      loc:
        sloc: 38
        ploc: 35
        lloc: 19
        cloc: 0
        blank: 3
        sloc_average: 5.429
        ploc_average: 5
        lloc_average: 2.714
        cloc_average: 0
        blank_average: 0.429
        sloc_min: 1
        sloc_max: 9
        cloc_min: 0
        cloc_max: 0
        ploc_min: 1
        ploc_max: 9
        lloc_min: 1
        lloc_max: 8
        blank_min: 0
        blank_max: 0
      nom:
        functions: 7
        closures: 0
        functions_average: 1
        closures_average: 0
        total: 7
        average: 1
        functions_min: 1
        functions_max: 1
        closures_min: 0
        closures_max: 0
      mi:
        mi_original: 74.699
        mi_sei: 32.881
        mi_visual_studio: 43.683
      abc:
        assignments: 0
        branches: 0
        conditions: 0
        magnitude: 0
        assignments_average: 0
        branches_average: 0
        conditions_average: 0
        assignments_min: 0
        assignments_max: 0
        branches_min: 0
        branches_max: 0
        conditions_min: 0
        conditions_max: 0
metrics:
  nargs:
    total_functions: 7
    total_closures: 0
    average_functions: 1
    average_closures: 0
    total: 7
    average: 1
    functions_min: 0
    functions_max: 1
    closures_min: 0
    closures_max: 0
  nexits:
    sum: 1
    average: 0.143
    min: 0
    max: 1
  cognitive:
    sum: 2
    average: 0.286
    min: 0
    max: 2
  cyclomatic:
    sum: 9
    average: 1.125
    min: 1
    max: 2
  halstead:
    n1: 17
    N1: 90
    n2: 55
    N2: 79
    length: 169
    estimated_program_length: 387.462
    purity_ratio: 2.293
    vocabulary: 72
    volume: 1042.717
    difficulty: 12.209
    level: 0.082
    effort: 12730.631
    time: 707.257
    bugs: 0.182
  loc:
    sloc: 59
    ploc: 38
    lloc: 21
    cloc: 14
    blank: 7
    sloc_average: 7.375
    ploc_average: 4.75
    lloc_average: 2.625
    cloc_average: 1.75
    blank_average: 0.875
    sloc_min: 38
    sloc_max: 38
    cloc_min: 0
    cloc_max: 0
    ploc_min: 35
    ploc_max: 35
    lloc_min: 19
    lloc_max: 19
    blank_min: 3
    blank_max: 3
  nom:
    functions: 7
    closures: 0
    functions_average: 0.875
    closures_average: 0
    total: 7
    average: 0.875
    functions_min: 0
    functions_max: 1
    closures_min: 0
    closures_max: 0
  mi:
    mi_original: 66.736
    mi_sei: 55.747
    mi_visual_studio: 39.027
  abc:
    assignments: 0
    branches: 0
    conditions: 0
    magnitude: 0
    assignments_average: 0
    branches_average: 0
    conditions_average: 0
    assignments_min: 0
    assignments_max: 0
    branches_min: 0
    branches_max: 0
    conditions_min: 0
    conditions_max: 0

