---
source: tests/test.rs
expression: funcspace_struct
---
FuncSpace {
    name: Some(
        "./tests/repositories/DeepSpeech/native_client/ctcdecode/third_party/openfst-1.6.7/src/bin/fstinvert-main.cc",
    ),
    start_line: 1,
    end_line: 38,
    kind: Unit,
    spaces: [],
    metrics: CodeMetrics {
        nargs: Stats {
            fn_nargs: 0,
            closure_nargs: 0,
            fn_nargs_sum: 0,
            closure_nargs_sum: 0,
            fn_nargs_min: 0,
            closure_nargs_min: 0,
            fn_nargs_max: 0,
            closure_nargs_max: 0,
            total_functions: 0,
            total_closures: 0,
        },
        nexits: Stats {
            exit: 3,
            exit_sum: 3,
            total_space_functions: 0,
            exit_min: 3,
            exit_max: 3,
        },
        cognitive: Stats {
            structural: 3,
            structural_sum: 3,
            structural_min: 3,
            structural_max: 3,
            nesting: 0,
            total_space_functions: 0,
            boolean_seq: BoolSequence {
                boolean_op: Some(
                    349,
                ),
            },
        },
        cyclomatic: Stats {
            cyclomatic_sum: 6.0,
            cyclomatic: 6.0,
            n: 1,
            cyclomatic_max: 6.0,
            cyclomatic_min: 6.0,
        },
        halstead: Stats {
            u_operators: 22,
            operators: 82,
            u_operands: 31,
            operands: 59,
        },
        loc: Stats {
            sloc: Sloc {
                start: 0,
                end: 38,
                unit: true,
                sloc_min: 38,
                sloc_max: 38,
            },
            ploc: Ploc {
                lines: {
                    32,
                    29,
                    26,
                    23,
                    17,
                    14,
                    11,
                    8,
                    5,
                    34,
                    31,
                    28,
                    25,
                    22,
                    19,
                    37,
                    13,
                    10,
                    7,
                    36,
                    24,
                    21,
                    18,
                    15,
                },
                ploc_min: 24,
                ploc_max: 24,
            },
            cloc: Cloc {
                only_comment_lines: 4,
                code_comment_lines: 0,
                comment_line_end: Some(
                    3,
                ),
                cloc_min: 4,
                cloc_max: 4,
            },
            lloc: Lloc {
                logical_lines: 16,
                lloc_min: 16,
                lloc_max: 16,
            },
            space_count: 1,
            blank_min: 10,
            blank_max: 10,
        },
        nom: Stats {
            functions: 0,
            closures: 0,
            functions_sum: 0,
            closures_sum: 0,
            functions_min: 0,
            functions_max: 0,
            closures_min: 0,
            closures_max: 0,
            space_count: 1,
        },
        mi: Stats {
            halstead_length: 141.0,
            halstead_vocabulary: 53.0,
            halstead_volume: 807.636784093411,
            cyclomatic: 6.0,
            sloc: 38.0,
            comments_percentage: 0.10526315789473684,
        },
        abc: Stats {
            assignments: 0.0,
            assignments_sum: 0.0,
            assignments_min: 0.0,
            assignments_max: 0.0,
            branches: 0.0,
            branches_sum: 0.0,
            branches_min: 0.0,
            branches_max: 0.0,
            conditions: 0.0,
            conditions_sum: 0.0,
            conditions_min: 0.0,
            conditions_max: 0.0,
            space_count: 1,
            declaration: [],
        },
        wmc: Stats {
            cyclomatic: 0.0,
            class_wmc: 0.0,
            interface_wmc: 0.0,
            class_wmc_sum: 0.0,
            interface_wmc_sum: 0.0,
            space_kind: Unknown,
        },
        npm: Stats {
            class_npm: 0,
            interface_npm: 0,
            class_nm: 0,
            interface_nm: 0,
            class_npm_sum: 0,
            interface_npm_sum: 0,
            class_nm_sum: 0,
            interface_nm_sum: 0,
            is_class_space: false,
        },
        npa: Stats {
            class_npa: 0,
            interface_npa: 0,
            class_na: 0,
            interface_na: 0,
            class_npa_sum: 0,
            interface_npa_sum: 0,
            class_na_sum: 0,
            interface_na_sum: 0,
            is_class_space: false,
        },
    },
}
