---
source: tests/common/mod.rs
expression: funcspace_struct
---
name: "[filepath]"
start_line: 1
end_line: 112
kind: unit
spaces:
  - name: NodeCanvasFactory
    start_line: 20
    end_line: 20
    kind: function
    spaces: []
    metrics:
      nargs:
        total_functions: 0
        total_closures: 0
        average_functions: 0
        average_closures: 0
        total: 0
        average: 0
        functions_min: 0
        functions_max: 0
        closures_min: 0
        closures_max: 0
      nexits:
        sum: 0
        average: 0
        min: 0
        max: 0
      cognitive:
        sum: 0
        average: 0
        min: 0
        max: 0
      cyclomatic:
        sum: 1
        average: 1
        min: 1
        max: 1
      halstead:
        n1: 3
        N1: 3
        n2: 1
        N2: 1
        length: 4
        estimated_program_length: 4.755
        purity_ratio: 1.189
        vocabulary: 4
        volume: 8
        difficulty: 1.5
        level: 0.667
        effort: 12
        time: 0.667
        bugs: 0.002
      loc:
        sloc: 1
        ploc: 1
        lloc: 1
        cloc: 0
        blank: 0
        sloc_average: 1
        ploc_average: 1
        lloc_average: 1
        cloc_average: 0
        blank_average: 0
        sloc_min: 1
        sloc_max: 1
        cloc_min: 0
        cloc_max: 0
        ploc_min: 1
        ploc_max: 1
        lloc_min: 1
        lloc_max: 1
        blank_min: 0
        blank_max: 0
      nom:
        functions: 1
        closures: 0
        functions_average: 1
        closures_average: 0
        total: 1
        average: 1
        functions_min: 1
        functions_max: 1
        closures_min: 0
        closures_max: 0
      mi:
        mi_original: 159.957
        mi_sei: 155.17
        mi_visual_studio: 93.542
      abc:
        assignments: 0
        branches: 0
        conditions: 0
        magnitude: 0
        assignments_average: 0
        branches_average: 0
        conditions_average: 0
        assignments_min: 0
        assignments_max: 0
        branches_min: 0
        branches_max: 0
        conditions_min: 0
        conditions_max: 0
  - name: NodeCanvasFactory_create
    start_line: 22
    end_line: 30
    kind: function
    spaces: []
    metrics:
      nargs:
        total_functions: 2
        total_closures: 0
        average_functions: 2
        average_closures: 0
        total: 2
        average: 2
        functions_min: 2
        functions_max: 2
        closures_min: 0
        closures_max: 0
      nexits:
        sum: 1
        average: 1
        min: 1
        max: 1
      cognitive:
        sum: 1
        average: 1
        min: 1
        max: 1
      cyclomatic:
        sum: 2
        average: 2
        min: 2
        max: 2
      halstead:
        n1: 12
        N1: 27
        n2: 14
        N2: 20
        length: 47
        estimated_program_length: 96.323
        purity_ratio: 2.049
        vocabulary: 26
        volume: 220.921
        difficulty: 8.571
        level: 0.117
        effort: 1893.606
        time: 105.2
        bugs: 0.051
      loc:
        sloc: 9
        ploc: 9
        lloc: 3
        cloc: 0
        blank: 0
        sloc_average: 9
        ploc_average: 9
        lloc_average: 3
        cloc_average: 0
        blank_average: 0
        sloc_min: 9
        sloc_max: 9
        cloc_min: 0
        cloc_max: 0
        ploc_min: 9
        ploc_max: 9
        lloc_min: 3
        lloc_max: 3
        blank_min: 0
        blank_max: 0
      nom:
        functions: 1
        closures: 0
        functions_average: 1
        closures_average: 0
        total: 1
        average: 1
        functions_min: 1
        functions_max: 1
        closures_min: 0
        closures_max: 0
      mi:
        mi_original: 106.876
        mi_sei: 78.693
        mi_visual_studio: 62.501
      abc:
        assignments: 0
        branches: 0
        conditions: 0
        magnitude: 0
        assignments_average: 0
        branches_average: 0
        conditions_average: 0
        assignments_min: 0
        assignments_max: 0
        branches_min: 0
        branches_max: 0
        conditions_min: 0
        conditions_max: 0
  - name: NodeCanvasFactory_reset
    start_line: 32
    end_line: 37
    kind: function
    spaces: []
    metrics:
      nargs:
        total_functions: 3
        total_closures: 0
        average_functions: 3
        average_closures: 0
        total: 3
        average: 3
        functions_min: 3
        functions_max: 3
        closures_min: 0
        closures_max: 0
      nexits:
        sum: 0
        average: 0
        min: 0
        max: 0
      cognitive:
        sum: 1
        average: 1
        min: 1
        max: 1
      cyclomatic:
        sum: 2
        average: 2
        min: 2
        max: 2
      halstead:
        n1: 10
        N1: 24
        n2: 12
        N2: 27
        length: 51
        estimated_program_length: 76.239
        purity_ratio: 1.495
        vocabulary: 22
        volume: 227.431
        difficulty: 11.25
        level: 0.089
        effort: 2558.599
        time: 142.144
        bugs: 0.062
      loc:
        sloc: 6
        ploc: 6
        lloc: 5
        cloc: 0
        blank: 0
        sloc_average: 6
        ploc_average: 6
        lloc_average: 5
        cloc_average: 0
        blank_average: 0
        sloc_min: 6
        sloc_max: 6
        cloc_min: 0
        cloc_max: 0
        ploc_min: 6
        ploc_max: 6
        lloc_min: 5
        lloc_max: 5
        blank_min: 0
        blank_max: 0
      nom:
        functions: 1
        closures: 0
        functions_average: 1
        closures_average: 0
        total: 1
        average: 1
        functions_min: 1
        functions_max: 1
        closures_min: 0
        closures_max: 0
      mi:
        mi_original: 113.294
        mi_sei: 87.951
        mi_visual_studio: 66.254
      abc:
        assignments: 0
        branches: 0
        conditions: 0
        magnitude: 0
        assignments_average: 0
        branches_average: 0
        conditions_average: 0
        assignments_min: 0
        assignments_max: 0
        branches_min: 0
        branches_max: 0
        conditions_min: 0
        conditions_max: 0
  - name: NodeCanvasFactory_destroy
    start_line: 39
    end_line: 48
    kind: function
    spaces: []
    metrics:
      nargs:
        total_functions: 1
        total_closures: 0
        average_functions: 1
        average_closures: 0
        total: 1
        average: 1
        functions_min: 1
        functions_max: 1
        closures_min: 0
        closures_max: 0
      nexits:
        sum: 0
        average: 0
        min: 0
        max: 0
      cognitive:
        sum: 0
        average: 0
        min: 0
        max: 0
      cyclomatic:
        sum: 1
        average: 1
        min: 1
        max: 1
      halstead:
        n1: 8
        N1: 22
        n2: 14
        N2: 27
        length: 49
        estimated_program_length: 77.303
        purity_ratio: 1.578
        vocabulary: 22
        volume: 218.512
        difficulty: 7.714
        level: 0.13
        effort: 1685.665
        time: 93.648
        bugs: 0.047
      loc:
        sloc: 10
        ploc: 7
        lloc: 6
        cloc: 2
        blank: 1
        sloc_average: 10
        ploc_average: 7
        lloc_average: 6
        cloc_average: 2
        blank_average: 1
        sloc_min: 10
        sloc_max: 10
        cloc_min: 2
        cloc_max: 2
        ploc_min: 7
        ploc_max: 7
        lloc_min: 6
        lloc_max: 6
        blank_min: 1
        blank_max: 1
      nom:
        functions: 1
        closures: 0
        functions_average: 1
        closures_average: 0
        total: 1
        average: 1
        functions_min: 1
        functions_max: 1
        closures_min: 0
        closures_max: 0
      mi:
        mi_original: 105.457
        mi_sei: 108.478
        mi_visual_studio: 61.67
      abc:
        assignments: 0
        branches: 0
        conditions: 0
        magnitude: 0
        assignments_average: 0
        branches_average: 0
        conditions_average: 0
        assignments_min: 0
        assignments_max: 0
        branches_min: 0
        branches_max: 0
        conditions_min: 0
        conditions_max: 0
  - name: "<anonymous>"
    start_line: 77
    end_line: 112
    kind: function
    spaces:
      - name: "<anonymous>"
        start_line: 98
        end_line: 106
        kind: function
        spaces: []
        metrics:
          nargs:
            total_functions: 0
            total_closures: 1
            average_functions: 0
            average_closures: 1
            total: 1
            average: 1
            functions_min: 0
            functions_max: 0
            closures_min: 1
            closures_max: 1
          nexits:
            sum: 0
            average: 0
            min: 0
            max: 0
          cognitive:
            sum: 2
            average: 2
            min: 2
            max: 2
          cyclomatic:
            sum: 2
            average: 2
            min: 2
            max: 2
          halstead:
            n1: 9
            N1: 16
            n2: 7
            N2: 11
            length: 27
            estimated_program_length: 48.181
            purity_ratio: 1.784
            vocabulary: 16
            volume: 108
            difficulty: 7.071
            level: 0.141
            effort: 763.714
            time: 42.429
            bugs: 0.028
          loc:
            sloc: 9
            ploc: 9
            lloc: 6
            cloc: 0
            blank: 0
            sloc_average: 9
            ploc_average: 9
            lloc_average: 6
            cloc_average: 0
            blank_average: 0
            sloc_min: 9
            sloc_max: 9
            cloc_min: 0
            cloc_max: 0
            ploc_min: 9
            ploc_max: 9
            lloc_min: 6
            lloc_max: 6
            blank_min: 0
            blank_max: 0
          nom:
            functions: 0
            closures: 1
            functions_average: 0
            closures_average: 1
            total: 1
            average: 1
            functions_min: 0
            functions_max: 0
            closures_min: 1
            closures_max: 1
          mi:
            mi_original: 110.598
            mi_sei: 84.062
            mi_visual_studio: 64.677
          abc:
            assignments: 0
            branches: 0
            conditions: 0
            magnitude: 0
            assignments_average: 0
            branches_average: 0
            conditions_average: 0
            assignments_min: 0
            assignments_max: 0
            branches_min: 0
            branches_max: 0
            conditions_min: 0
            conditions_max: 0
    metrics:
      nargs:
        total_functions: 0
        total_closures: 1
        average_functions: 0
        average_closures: 0.5
        total: 1
        average: 0.5
        functions_min: 0
        functions_max: 0
        closures_min: 0
        closures_max: 1
      nexits:
        sum: 0
        average: 0
        min: 0
        max: 0
      cognitive:
        sum: 3
        average: 1.5
        min: 1
        max: 2
      cyclomatic:
        sum: 4
        average: 2
        min: 2
        max: 2
      halstead:
        n1: 17
        N1: 88
        n2: 49
        N2: 72
        length: 160
        estimated_program_length: 344.608
        purity_ratio: 2.154
        vocabulary: 66
        volume: 967.103
        difficulty: 12.49
        level: 0.08
        effort: 12078.92
        time: 671.051
        bugs: 0.175
      loc:
        sloc: 36
        ploc: 31
        lloc: 15
        cloc: 4
        blank: 1
        sloc_average: 18
        ploc_average: 15.5
        lloc_average: 7.5
        cloc_average: 2
        blank_average: 0.5
        sloc_min: 9
        sloc_max: 9
        cloc_min: 0
        cloc_max: 0
        ploc_min: 9
        ploc_max: 9
        lloc_min: 6
        lloc_max: 6
        blank_min: 0
        blank_max: 0
      nom:
        functions: 0
        closures: 2
        functions_average: 0
        closures_average: 1
        total: 2
        average: 1
        functions_min: 0
        functions_max: 0
        closures_min: 1
        closures_max: 1
      mi:
        mi_original: 76.281
        mi_sei: 59.444
        mi_visual_studio: 44.609
      abc:
        assignments: 0
        branches: 0
        conditions: 0
        magnitude: 0
        assignments_average: 0
        branches_average: 0
        conditions_average: 0
        assignments_min: 0
        assignments_max: 0
        branches_min: 0
        branches_max: 0
        conditions_min: 0
        conditions_max: 0
metrics:
  nargs:
    total_functions: 6
    total_closures: 1
    average_functions: 1.5
    average_closures: 0.5
    total: 7
    average: 1.167
    functions_min: 0
    functions_max: 3
    closures_min: 0
    closures_max: 1
  nexits:
    sum: 1
    average: 0.167
    min: 0
    max: 1
  cognitive:
    sum: 6
    average: 1
    min: 0
    max: 2
  cyclomatic:
    sum: 12
    average: 1.714
    min: 1
    max: 2
  halstead:
    n1: 23
    N1: 235
    n2: 99
    N2: 197
    length: 432
    estimated_program_length: 760.348
    purity_ratio: 1.76
    vocabulary: 122
    volume: 2994.079
    difficulty: 22.884
    level: 0.044
    effort: 68516.009
    time: 3806.445
    bugs: 0.558
  loc:
    sloc: 112
    ploc: 75
    lloc: 32
    cloc: 24
    blank: 13
    sloc_average: 16
    ploc_average: 10.714
    lloc_average: 4.571
    cloc_average: 3.429
    blank_average: 1.857
    sloc_min: 1
    sloc_max: 36
    cloc_min: 0
    cloc_max: 4
    ploc_min: 1
    ploc_max: 31
    lloc_min: 1
    lloc_max: 15
    blank_min: 0
    blank_max: 1
  nom:
    functions: 4
    closures: 2
    functions_average: 0.571
    closures_average: 0.286
    total: 6
    average: 0.857
    functions_min: 0
    functions_max: 1
    closures_min: 0
    closures_max: 1
  mi:
    mi_original: 50.177
    mi_sei: 30.773
    mi_visual_studio: 29.344
  abc:
    assignments: 0
    branches: 0
    conditions: 0
    magnitude: 0
    assignments_average: 0
    branches_average: 0
    conditions_average: 0
    assignments_min: 0
    assignments_max: 0
    branches_min: 0
    branches_max: 0
    conditions_min: 0
    conditions_max: 0

