---
source: tests/common/mod.rs
expression: funcspace_struct
---
{
  "name": null,
  "start_line": 1,
  "end_line": 45,
  "kind": "unit",
  "spaces": [
    {
      "name": "Metadata",
      "start_line": 18,
      "end_line": 43,
      "kind": "class",
      "spaces": [
        {
          "name": "constructor",
          "start_line": 23,
          "end_line": 26,
          "kind": "function",
          "spaces": [],
          "metrics": {
            "nargs": {
              "total_functions": 1.0,
              "total_closures": 0.0,
              "average_functions": 1.0,
              "average_closures": 0.0,
              "total": 1.0,
              "average": 1.0,
              "functions_min": 1.0,
              "functions_max": 1.0,
              "closures_min": 0.0,
              "closures_max": 0.0
            },
            "nexits": {
              "sum": 0.0,
              "average": 0.0,
              "min": 0.0,
              "max": 0.0
            },
            "cognitive": {
              "sum": 0.0,
              "average": 0.0,
              "min": 0.0,
              "max": 0.0
            },
            "cyclomatic": {
              "sum": 1.0,
              "average": 1.0,
              "min": 1.0,
              "max": 1.0
            },
            "halstead": {
              "n1": 6.0,
              "N1": 10.0,
              "n2": 6.0,
              "N2": 7.0,
              "length": 17.0,
              "estimated_program_length": 31.019550008653873,
              "purity_ratio": 1.8246794122737573,
              "vocabulary": 12.0,
              "volume": 60.94436251225965,
              "difficulty": 3.5,
              "level": 0.2857142857142857,
              "effort": 213.30526879290878,
              "time": 11.850292710717154,
              "bugs": 0.011899986460347829
            },
            "loc": {
              "sloc": 4.0,
              "ploc": 4.0,
              "lloc": 3.0,
              "cloc": 0.0,
              "blank": 0.0,
              "sloc_average": 4.0,
              "ploc_average": 4.0,
              "lloc_average": 3.0,
              "cloc_average": 0.0,
              "blank_average": 0.0,
              "sloc_min": 4.0,
              "sloc_max": 4.0,
              "cloc_min": 0.0,
              "cloc_max": 0.0,
              "ploc_min": 4.0,
              "ploc_max": 4.0,
              "lloc_min": 3.0,
              "lloc_max": 3.0,
              "blank_min": 0.0,
              "blank_max": 0.0
            },
            "nom": {
              "functions": 1.0,
              "closures": 0.0,
              "functions_average": 1.0,
              "closures_average": 0.0,
              "total": 1.0,
              "average": 1.0,
              "functions_min": 1.0,
              "functions_max": 1.0,
              "closures_min": 0.0,
              "closures_max": 0.0
            },
            "mi": {
              "mi_original": 126.9402322882411,
              "mi_sei": 107.53701147893022,
              "mi_visual_studio": 74.23405396973165
            },
            "abc": {
              "assignments": 0.0,
              "branches": 0.0,
              "conditions": 0.0,
              "magnitude": 0.0,
              "assignments_average": 0.0,
              "branches_average": 0.0,
              "conditions_average": 0.0,
              "assignments_min": 0.0,
              "assignments_max": 0.0,
              "branches_min": 0.0,
              "branches_max": 0.0,
              "conditions_min": 0.0,
              "conditions_max": 0.0
            }
          }
        },
        {
          "name": "getRaw",
          "start_line": 28,
          "end_line": 30,
          "kind": "function",
          "spaces": [],
          "metrics": {
            "nargs": {
              "total_functions": 0.0,
              "total_closures": 0.0,
              "average_functions": 0.0,
              "average_closures": 0.0,
              "total": 0.0,
              "average": 0.0,
              "functions_min": 0.0,
              "functions_max": 0.0,
              "closures_min": 0.0,
              "closures_max": 0.0
            },
            "nexits": {
              "sum": 1.0,
              "average": 1.0,
              "min": 1.0,
              "max": 1.0
            },
            "cognitive": {
              "sum": 0.0,
              "average": 0.0,
              "min": 0.0,
              "max": 0.0
            },
            "cyclomatic": {
              "sum": 1.0,
              "average": 1.0,
              "min": 1.0,
              "max": 1.0
            },
            "halstead": {
              "n1": 5.0,
              "N1": 5.0,
              "n2": 3.0,
              "N2": 3.0,
              "length": 8.0,
              "estimated_program_length": 16.36452797660028,
              "purity_ratio": 2.045565997075035,
              "vocabulary": 8.0,
              "volume": 24.0,
              "difficulty": 2.5,
              "level": 0.4,
              "effort": 60.0,
              "time": 3.3333333333333335,
              "bugs": 0.005108729549290353
            },
            "loc": {
              "sloc": 3.0,
              "ploc": 3.0,
              "lloc": 2.0,
              "cloc": 0.0,
              "blank": 0.0,
              "sloc_average": 3.0,
              "ploc_average": 3.0,
              "lloc_average": 2.0,
              "cloc_average": 0.0,
              "blank_average": 0.0,
              "sloc_min": 3.0,
              "sloc_max": 3.0,
              "cloc_min": 0.0,
              "cloc_max": 0.0,
              "ploc_min": 3.0,
              "ploc_max": 3.0,
              "lloc_min": 2.0,
              "lloc_max": 2.0,
              "blank_min": 0.0,
              "blank_max": 0.0
            },
            "nom": {
              "functions": 1.0,
              "closures": 0.0,
              "functions_average": 1.0,
              "closures_average": 0.0,
              "total": 1.0,
              "average": 1.0,
              "functions_min": 1.0,
              "functions_max": 1.0,
              "closures_min": 0.0,
              "closures_max": 0.0
            },
            "mi": {
              "mi_original": 136.4466010057673,
              "mi_sei": 121.25180248456726,
              "mi_visual_studio": 79.79333392150134
            },
            "abc": {
              "assignments": 0.0,
              "branches": 0.0,
              "conditions": 0.0,
              "magnitude": 0.0,
              "assignments_average": 0.0,
              "branches_average": 0.0,
              "conditions_average": 0.0,
              "assignments_min": 0.0,
              "assignments_max": 0.0,
              "branches_min": 0.0,
              "branches_max": 0.0,
              "conditions_min": 0.0,
              "conditions_max": 0.0
            }
          }
        },
        {
          "name": "get",
          "start_line": 32,
          "end_line": 34,
          "kind": "function",
          "spaces": [],
          "metrics": {
            "nargs": {
              "total_functions": 1.0,
              "total_closures": 0.0,
              "average_functions": 1.0,
              "average_closures": 0.0,
              "total": 1.0,
              "average": 1.0,
              "functions_min": 1.0,
              "functions_max": 1.0,
              "closures_min": 0.0,
              "closures_max": 0.0
            },
            "nexits": {
              "sum": 1.0,
              "average": 1.0,
              "min": 1.0,
              "max": 1.0
            },
            "cognitive": {
              "sum": 0.0,
              "average": 0.0,
              "min": 0.0,
              "max": 0.0
            },
            "cyclomatic": {
              "sum": 1.0,
              "average": 1.0,
              "min": 1.0,
              "max": 1.0
            },
            "halstead": {
              "n1": 6.0,
              "N1": 8.0,
              "n2": 6.0,
              "N2": 8.0,
              "length": 16.0,
              "estimated_program_length": 31.019550008653873,
              "purity_ratio": 1.938721875540867,
              "vocabulary": 12.0,
              "volume": 57.3594000115385,
              "difficulty": 4.0,
              "level": 0.25,
              "effort": 229.437600046154,
              "time": 12.746533335897444,
              "bugs": 0.012492666300851833
            },
            "loc": {
              "sloc": 3.0,
              "ploc": 3.0,
              "lloc": 2.0,
              "cloc": 0.0,
              "blank": 0.0,
              "sloc_average": 3.0,
              "ploc_average": 3.0,
              "lloc_average": 2.0,
              "cloc_average": 0.0,
              "blank_average": 0.0,
              "sloc_min": 3.0,
              "sloc_max": 3.0,
              "cloc_min": 0.0,
              "cloc_max": 0.0,
              "ploc_min": 3.0,
              "ploc_max": 3.0,
              "lloc_min": 2.0,
              "lloc_max": 2.0,
              "blank_min": 0.0,
              "blank_max": 0.0
            },
            "nom": {
              "functions": 1.0,
              "closures": 0.0,
              "functions_average": 1.0,
              "closures_average": 0.0,
              "total": 1.0,
              "average": 1.0,
              "functions_min": 1.0,
              "functions_max": 1.0,
              "closures_min": 0.0,
              "closures_max": 0.0
            },
            "mi": {
              "mi_original": 131.9159298954054,
              "mi_sei": 114.71542574174927,
              "mi_visual_studio": 77.14381865228387
            },
            "abc": {
              "assignments": 0.0,
              "branches": 0.0,
              "conditions": 0.0,
              "magnitude": 0.0,
              "assignments_average": 0.0,
              "branches_average": 0.0,
              "conditions_average": 0.0,
              "assignments_min": 0.0,
              "assignments_max": 0.0,
              "branches_min": 0.0,
              "branches_max": 0.0,
              "conditions_min": 0.0,
              "conditions_max": 0.0
            }
          }
        },
        {
          "name": "getAll",
          "start_line": 36,
          "end_line": 38,
          "kind": "function",
          "spaces": [],
          "metrics": {
            "nargs": {
              "total_functions": 0.0,
              "total_closures": 0.0,
              "average_functions": 0.0,
              "average_closures": 0.0,
              "total": 0.0,
              "average": 0.0,
              "functions_min": 0.0,
              "functions_max": 0.0,
              "closures_min": 0.0,
              "closures_max": 0.0
            },
            "nexits": {
              "sum": 1.0,
              "average": 1.0,
              "min": 1.0,
              "max": 1.0
            },
            "cognitive": {
              "sum": 0.0,
              "average": 0.0,
              "min": 0.0,
              "max": 0.0
            },
            "cyclomatic": {
              "sum": 1.0,
              "average": 1.0,
              "min": 1.0,
              "max": 1.0
            },
            "halstead": {
              "n1": 5.0,
              "N1": 6.0,
              "n2": 4.0,
              "N2": 4.0,
              "length": 10.0,
              "estimated_program_length": 19.60964047443681,
              "purity_ratio": 1.960964047443681,
              "vocabulary": 9.0,
              "volume": 31.69925001442312,
              "difficulty": 2.5,
              "level": 0.4,
              "effort": 79.2481250360578,
              "time": 4.402673613114322,
              "bugs": 0.006149947511600477
            },
            "loc": {
              "sloc": 3.0,
              "ploc": 3.0,
              "lloc": 2.0,
              "cloc": 0.0,
              "blank": 0.0,
              "sloc_average": 3.0,
              "ploc_average": 3.0,
              "lloc_average": 2.0,
              "cloc_average": 0.0,
              "blank_average": 0.0,
              "sloc_min": 3.0,
              "sloc_max": 3.0,
              "cloc_min": 0.0,
              "cloc_max": 0.0,
              "ploc_min": 3.0,
              "ploc_max": 3.0,
              "lloc_min": 2.0,
              "lloc_max": 2.0,
              "blank_min": 0.0,
              "blank_max": 0.0
            },
            "nom": {
              "functions": 1.0,
              "closures": 0.0,
              "functions_average": 1.0,
              "closures_average": 0.0,
              "total": 1.0,
              "average": 1.0,
              "functions_min": 1.0,
              "functions_max": 1.0,
              "closures_min": 0.0,
              "closures_max": 0.0
            },
            "mi": {
              "mi_original": 134.9997572104644,
              "mi_sei": 119.16444811614275,
              "mi_visual_studio": 78.94722643886807
            },
            "abc": {
              "assignments": 0.0,
              "branches": 0.0,
              "conditions": 0.0,
              "magnitude": 0.0,
              "assignments_average": 0.0,
              "branches_average": 0.0,
              "conditions_average": 0.0,
              "assignments_min": 0.0,
              "assignments_max": 0.0,
              "branches_min": 0.0,
              "branches_max": 0.0,
              "conditions_min": 0.0,
              "conditions_max": 0.0
            }
          }
        },
        {
          "name": "has",
          "start_line": 40,
          "end_line": 42,
          "kind": "function",
          "spaces": [],
          "metrics": {
            "nargs": {
              "total_functions": 1.0,
              "total_closures": 0.0,
              "average_functions": 1.0,
              "average_closures": 0.0,
              "total": 1.0,
              "average": 1.0,
              "functions_min": 1.0,
              "functions_max": 1.0,
              "closures_min": 0.0,
              "closures_max": 0.0
            },
            "nexits": {
              "sum": 1.0,
              "average": 1.0,
              "min": 1.0,
              "max": 1.0
            },
            "cognitive": {
              "sum": 0.0,
              "average": 0.0,
              "min": 0.0,
              "max": 0.0
            },
            "cyclomatic": {
              "sum": 1.0,
              "average": 1.0,
              "min": 1.0,
              "max": 1.0
            },
            "halstead": {
              "n1": 5.0,
              "N1": 7.0,
              "n2": 5.0,
              "N2": 7.0,
              "length": 14.0,
              "estimated_program_length": 23.21928094887362,
              "purity_ratio": 1.6585200677766871,
              "vocabulary": 10.0,
              "volume": 46.50699332842307,
              "difficulty": 3.5,
              "level": 0.2857142857142857,
              "effort": 162.77447664948076,
              "time": 9.04302648052671,
              "bugs": 0.009937327824150632
            },
            "loc": {
              "sloc": 3.0,
              "ploc": 3.0,
              "lloc": 2.0,
              "cloc": 0.0,
              "blank": 0.0,
              "sloc_average": 3.0,
              "ploc_average": 3.0,
              "lloc_average": 2.0,
              "cloc_average": 0.0,
              "blank_average": 0.0,
              "sloc_min": 3.0,
              "sloc_max": 3.0,
              "cloc_min": 0.0,
              "cloc_max": 0.0,
              "ploc_min": 3.0,
              "ploc_max": 3.0,
              "lloc_min": 2.0,
              "lloc_max": 2.0,
              "blank_min": 0.0,
              "blank_max": 0.0
            },
            "nom": {
              "functions": 1.0,
              "closures": 0.0,
              "functions_average": 1.0,
              "closures_average": 0.0,
              "total": 1.0,
              "average": 1.0,
              "functions_min": 1.0,
              "functions_max": 1.0,
              "closures_min": 0.0,
              "closures_max": 0.0
            },
            "mi": {
              "mi_original": 133.00654690726324,
              "mi_sei": 116.28885349626572,
              "mi_visual_studio": 77.78160637851651
            },
            "abc": {
              "assignments": 0.0,
              "branches": 0.0,
              "conditions": 0.0,
              "magnitude": 0.0,
              "assignments_average": 0.0,
              "branches_average": 0.0,
              "conditions_average": 0.0,
              "assignments_min": 0.0,
              "assignments_max": 0.0,
              "branches_min": 0.0,
              "branches_max": 0.0,
              "conditions_min": 0.0,
              "conditions_max": 0.0
            }
          }
        }
      ],
      "metrics": {
        "nargs": {
          "total_functions": 3.0,
          "total_closures": 0.0,
          "average_functions": 0.6,
          "average_closures": 0.0,
          "total": 3.0,
          "average": 0.6,
          "functions_min": 0.0,
          "functions_max": 1.0,
          "closures_min": 0.0,
          "closures_max": 0.0
        },
        "nexits": {
          "sum": 4.0,
          "average": 0.8,
          "min": 0.0,
          "max": 1.0
        },
        "cognitive": {
          "sum": 0.0,
          "average": 0.0,
          "min": 0.0,
          "max": 0.0
        },
        "cyclomatic": {
          "sum": 6.0,
          "average": 1.0,
          "min": 1.0,
          "max": 1.0
        },
        "halstead": {
          "n1": 8.0,
          "N1": 39.0,
          "n2": 16.0,
          "N2": 30.0,
          "length": 69.0,
          "estimated_program_length": 88.0,
          "purity_ratio": 1.2753623188405796,
          "vocabulary": 24.0,
          "volume": 316.36241254975977,
          "difficulty": 7.5,
          "level": 0.13333333333333333,
          "effort": 2372.718094123198,
          "time": 131.81767189573324,
          "bugs": 0.059298381532166086
        },
        "loc": {
          "sloc": 26.0,
          "ploc": 20.0,
          "lloc": 11.0,
          "cloc": 0.0,
          "blank": 6.0,
          "sloc_average": 4.333333333333333,
          "ploc_average": 3.3333333333333335,
          "lloc_average": 1.8333333333333333,
          "cloc_average": 0.0,
          "blank_average": 1.0,
          "sloc_min": 3.0,
          "sloc_max": 4.0,
          "cloc_min": 0.0,
          "cloc_max": 0.0,
          "ploc_min": 3.0,
          "ploc_max": 4.0,
          "lloc_min": 2.0,
          "lloc_max": 3.0,
          "blank_min": 0.0,
          "blank_max": 0.0
        },
        "nom": {
          "functions": 5.0,
          "closures": 0.0,
          "functions_average": 0.8333333333333334,
          "closures_average": 0.0,
          "total": 5.0,
          "average": 0.8333333333333334,
          "functions_min": 0.0,
          "functions_max": 1.0,
          "closures_min": 0.0,
          "closures_max": 0.0
        },
        "mi": {
          "mi_original": 86.90301623980753,
          "mi_sei": 50.28461773187743,
          "mi_visual_studio": 50.82047733322078
        },
        "abc": {
          "assignments": 0.0,
          "branches": 0.0,
          "conditions": 0.0,
          "magnitude": 0.0,
          "assignments_average": 0.0,
          "branches_average": 0.0,
          "conditions_average": 0.0,
          "assignments_min": 0.0,
          "assignments_max": 0.0,
          "branches_min": 0.0,
          "branches_max": 0.0,
          "conditions_min": 0.0,
          "conditions_max": 0.0
        }
      }
    }
  ],
  "metrics": {
    "nargs": {
      "total_functions": 3.0,
      "total_closures": 0.0,
      "average_functions": 0.6,
      "average_closures": 0.0,
      "total": 3.0,
      "average": 0.6,
      "functions_min": 0.0,
      "functions_max": 1.0,
      "closures_min": 0.0,
      "closures_max": 0.0
    },
    "nexits": {
      "sum": 4.0,
      "average": 0.8,
      "min": 0.0,
      "max": 1.0
    },
    "cognitive": {
      "sum": 0.0,
      "average": 0.0,
      "min": 0.0,
      "max": 0.0
    },
    "cyclomatic": {
      "sum": 7.0,
      "average": 1.0,
      "min": 1.0,
      "max": 1.0
    },
    "halstead": {
      "n1": 11.0,
      "N1": 46.0,
      "n2": 17.0,
      "N2": 33.0,
      "length": 79.0,
      "estimated_program_length": 107.54061610626604,
      "purity_ratio": 1.3612736215983043,
      "vocabulary": 28.0,
      "volume": 379.7810388425507,
      "difficulty": 10.676470588235293,
      "level": 0.09366391184573003,
      "effort": 4054.721091171938,
      "time": 225.26228284288544,
      "bugs": 0.08475904784652713
    },
    "loc": {
      "sloc": 45.0,
      "ploc": 22.0,
      "lloc": 13.0,
      "cloc": 14.0,
      "blank": 9.0,
      "sloc_average": 6.428571428571429,
      "ploc_average": 3.142857142857143,
      "lloc_average": 1.8571428571428572,
      "cloc_average": 2.0,
      "blank_average": 1.2857142857142858,
      "sloc_min": 26.0,
      "sloc_max": 26.0,
      "cloc_min": 0.0,
      "cloc_max": 0.0,
      "ploc_min": 20.0,
      "ploc_max": 20.0,
      "lloc_min": 11.0,
      "lloc_max": 11.0,
      "blank_min": 6.0,
      "blank_max": 6.0
    },
    "nom": {
      "functions": 5.0,
      "closures": 0.0,
      "functions_average": 0.7142857142857143,
      "closures_average": 0.0,
      "total": 5.0,
      "average": 0.7142857142857143,
      "functions_min": 0.0,
      "functions_max": 1.0,
      "closures_min": 0.0,
      "closures_max": 0.0
    },
    "mi": {
      "mi_original": 76.83617432573935,
      "mi_sei": 73.88857338750607,
      "mi_visual_studio": 44.93343527821015
    },
    "abc": {
      "assignments": 0.0,
      "branches": 0.0,
      "conditions": 0.0,
      "magnitude": 0.0,
      "assignments_average": 0.0,
      "branches_average": 0.0,
      "conditions_average": 0.0,
      "assignments_min": 0.0,
      "assignments_max": 0.0,
      "branches_min": 0.0,
      "branches_max": 0.0,
      "conditions_min": 0.0,
      "conditions_max": 0.0
    }
  }
}
