---
source: tests/common/mod.rs
expression: funcspace_struct
---
name: "[filepath]"
start_line: 1
end_line: 164
kind: unit
spaces:
  - name: get_pruned_log_probs
    start_line: 7
    end_line: 39
    kind: function
    spaces: []
    metrics:
      nargs:
        total_functions: 4
        total_closures: 0
        average_functions: 4
        average_closures: 0
        total: 4
        average: 4
        functions_min: 4
        functions_max: 4
        closures_min: 0
        closures_max: 0
      nexits:
        sum: 1
        average: 1
        min: 1
        max: 1
      cognitive:
        sum: 14
        average: 14
        min: 14
        max: 14
      cyclomatic:
        sum: 9
        average: 9
        min: 9
        max: 9
      halstead:
        n1: 21
        N1: 162
        n2: 26
        N2: 83
        length: 245
        estimated_program_length: 214.45
        purity_ratio: 0.875
        vocabulary: 47
        volume: 1360.874
        difficulty: 33.519
        level: 0.03
        effort: 45615.459
        time: 2534.192
        bugs: 0.426
      loc:
        sloc: 33
        ploc: 32
        lloc: 19
        cloc: 1
        blank: 0
        sloc_average: 33
        ploc_average: 32
        lloc_average: 19
        cloc_average: 1
        blank_average: 0
        sloc_min: 33
        sloc_max: 33
        cloc_min: 1
        cloc_max: 1
        ploc_min: 32
        ploc_max: 32
        lloc_min: 19
        lloc_max: 19
        blank_min: 0
        blank_max: 0
      nom:
        functions: 1
        closures: 0
        functions_average: 1
        closures_average: 0
        total: 1
        average: 1
        functions_min: 1
        functions_max: 1
        closures_min: 0
        closures_max: 0
      mi:
        mi_original: 74.764
        mi_sei: 46.398
        mi_visual_studio: 43.722
      abc:
        assignments: 0
        branches: 0
        conditions: 0
        magnitude: 0
        assignments_average: 0
        branches_average: 0
        conditions_average: 0
        assignments_min: 0
        assignments_max: 0
        branches_min: 0
        branches_max: 0
        conditions_min: 0
        conditions_max: 0
  - name: get_utf8_str_len
    start_line: 41
    end_line: 47
    kind: function
    spaces: []
    metrics:
      nargs:
        total_functions: 1
        total_closures: 0
        average_functions: 1
        average_closures: 0
        total: 1
        average: 1
        functions_min: 1
        functions_max: 1
        closures_min: 0
        closures_max: 0
      nexits:
        sum: 1
        average: 1
        min: 1
        max: 1
      cognitive:
        sum: 0
        average: 0
        min: 0
        max: 0
      cyclomatic:
        sum: 2
        average: 2
        min: 2
        max: 2
      halstead:
        n1: 12
        N1: 21
        n2: 8
        N2: 12
        length: 33
        estimated_program_length: 67.02
        purity_ratio: 2.031
        vocabulary: 20
        volume: 142.624
        difficulty: 9
        level: 0.111
        effort: 1283.613
        time: 71.312
        bugs: 0.039
      loc:
        sloc: 7
        ploc: 7
        lloc: 3
        cloc: 0
        blank: 0
        sloc_average: 7
        ploc_average: 7
        lloc_average: 3
        cloc_average: 0
        blank_average: 0
        sloc_min: 7
        sloc_max: 7
        cloc_min: 0
        cloc_max: 0
        ploc_min: 7
        ploc_max: 7
        lloc_min: 3
        lloc_max: 3
        blank_min: 0
        blank_max: 0
      nom:
        functions: 1
        closures: 0
        functions_average: 1
        closures_average: 0
        total: 1
        average: 1
        functions_min: 1
        functions_max: 1
        closures_min: 0
        closures_max: 0
      mi:
        mi_original: 113.223
        mi_sei: 87.849
        mi_visual_studio: 66.212
      abc:
        assignments: 0
        branches: 0
        conditions: 0
        magnitude: 0
        assignments_average: 0
        branches_average: 0
        conditions_average: 0
        assignments_min: 0
        assignments_max: 0
        branches_min: 0
        branches_max: 0
        conditions_min: 0
        conditions_max: 0
  - name: split_into_codepoints
    start_line: 49
    end_line: 65
    kind: function
    spaces: []
    metrics:
      nargs:
        total_functions: 1
        total_closures: 0
        average_functions: 1
        average_closures: 0
        total: 1
        average: 1
        functions_min: 1
        functions_max: 1
        closures_min: 0
        closures_max: 0
      nexits:
        sum: 1
        average: 1
        min: 1
        max: 1
      cognitive:
        sum: 3
        average: 3
        min: 3
        max: 3
      cyclomatic:
        sum: 4
        average: 4
        min: 4
        max: 4
      halstead:
        n1: 15
        N1: 45
        n2: 13
        N2: 29
        length: 74
        estimated_program_length: 106.709
        purity_ratio: 1.442
        vocabulary: 28
        volume: 355.744
        difficulty: 16.731
        level: 0.06
        effort: 5951.875
        time: 330.66
        bugs: 0.109
      loc:
        sloc: 17
        ploc: 15
        lloc: 9
        cloc: 0
        blank: 2
        sloc_average: 17
        ploc_average: 15
        lloc_average: 9
        cloc_average: 0
        blank_average: 2
        sloc_min: 17
        sloc_max: 17
        cloc_min: 0
        cloc_max: 0
        ploc_min: 15
        ploc_max: 15
        lloc_min: 9
        lloc_max: 9
        blank_min: 2
        blank_max: 2
      nom:
        functions: 1
        closures: 0
        functions_average: 1
        closures_average: 0
        total: 1
        average: 1
        functions_min: 1
        functions_max: 1
        closures_min: 0
        closures_max: 0
      mi:
        mi_original: 93.636
        mi_sei: 59.795
        mi_visual_studio: 54.758
      abc:
        assignments: 0
        branches: 0
        conditions: 0
        magnitude: 0
        assignments_average: 0
        branches_average: 0
        conditions_average: 0
        assignments_min: 0
        assignments_max: 0
        branches_min: 0
        branches_max: 0
        conditions_min: 0
        conditions_max: 0
  - name: split_into_bytes
    start_line: 67
    end_line: 76
    kind: function
    spaces: []
    metrics:
      nargs:
        total_functions: 1
        total_closures: 0
        average_functions: 1
        average_closures: 0
        total: 1
        average: 1
        functions_min: 1
        functions_max: 1
        closures_min: 0
        closures_max: 0
      nexits:
        sum: 1
        average: 1
        min: 1
        max: 1
      cognitive:
        sum: 0
        average: 0
        min: 0
        max: 0
      cyclomatic:
        sum: 2
        average: 2
        min: 2
        max: 2
      halstead:
        n1: 13
        N1: 27
        n2: 9
        N2: 18
        length: 45
        estimated_program_length: 76.635
        purity_ratio: 1.703
        vocabulary: 22
        volume: 200.674
        difficulty: 13
        level: 0.077
        effort: 2608.767
        time: 144.932
        bugs: 0.063
      loc:
        sloc: 10
        ploc: 8
        lloc: 4
        cloc: 0
        blank: 2
        sloc_average: 10
        ploc_average: 8
        lloc_average: 4
        cloc_average: 0
        blank_average: 2
        sloc_min: 10
        sloc_max: 10
        cloc_min: 0
        cloc_max: 0
        ploc_min: 8
        ploc_max: 8
        lloc_min: 4
        lloc_max: 4
        blank_min: 2
        blank_max: 2
      nom:
        functions: 1
        closures: 0
        functions_average: 1
        closures_average: 0
        total: 1
        average: 1
        functions_min: 1
        functions_max: 1
        closures_min: 0
        closures_max: 0
      mi:
        mi_original: 105.669
        mi_sei: 76.951
        mi_visual_studio: 61.795
      abc:
        assignments: 0
        branches: 0
        conditions: 0
        magnitude: 0
        assignments_average: 0
        branches_average: 0
        conditions_average: 0
        assignments_min: 0
        assignments_max: 0
        branches_min: 0
        branches_max: 0
        conditions_min: 0
        conditions_max: 0
  - name: split_str
    start_line: 78
    end_line: 96
    kind: function
    spaces: []
    metrics:
      nargs:
        total_functions: 2
        total_closures: 0
        average_functions: 2
        average_closures: 0
        total: 2
        average: 2
        functions_min: 2
        functions_max: 2
        closures_min: 0
        closures_max: 0
      nexits:
        sum: 1
        average: 1
        min: 1
        max: 1
      cognitive:
        sum: 8
        average: 8
        min: 8
        max: 8
      cyclomatic:
        sum: 5
        average: 5
        min: 5
        max: 5
      halstead:
        n1: 17
        N1: 67
        n2: 17
        N2: 46
        length: 113
        estimated_program_length: 138.974
        purity_ratio: 1.23
        vocabulary: 34
        volume: 574.883
        difficulty: 23
        level: 0.043
        effort: 13222.316
        time: 734.573
        bugs: 0.186
      loc:
        sloc: 19
        ploc: 19
        lloc: 12
        cloc: 0
        blank: 0
        sloc_average: 19
        ploc_average: 19
        lloc_average: 12
        cloc_average: 0
        blank_average: 0
        sloc_min: 19
        sloc_max: 19
        cloc_min: 0
        cloc_max: 0
        ploc_min: 19
        ploc_max: 19
        lloc_min: 12
        lloc_max: 12
        blank_min: 0
        blank_max: 0
      nom:
        functions: 1
        closures: 0
        functions_average: 1
        closures_average: 0
        total: 1
        average: 1
        functions_min: 1
        functions_max: 1
        closures_min: 0
        closures_max: 0
      mi:
        mi_original: 89.108
        mi_sei: 53.365
        mi_visual_studio: 52.11
      abc:
        assignments: 0
        branches: 0
        conditions: 0
        magnitude: 0
        assignments_average: 0
        branches_average: 0
        conditions_average: 0
        assignments_min: 0
        assignments_max: 0
        branches_min: 0
        branches_max: 0
        conditions_min: 0
        conditions_max: 0
  - name: prefix_compare
    start_line: 98
    end_line: 108
    kind: function
    spaces: []
    metrics:
      nargs:
        total_functions: 2
        total_closures: 0
        average_functions: 2
        average_closures: 0
        total: 2
        average: 2
        functions_min: 2
        functions_max: 2
        closures_min: 0
        closures_max: 0
      nexits:
        sum: 3
        average: 3
        min: 3
        max: 3
      cognitive:
        sum: 5
        average: 5
        min: 5
        max: 5
      cyclomatic:
        sum: 3
        average: 3
        min: 3
        max: 3
      halstead:
        n1: 13
        N1: 35
        n2: 7
        N2: 22
        length: 57
        estimated_program_length: 67.757
        purity_ratio: 1.189
        vocabulary: 20
        volume: 246.35
        difficulty: 20.429
        level: 0.049
        effort: 5032.577
        time: 279.588
        bugs: 0.098
      loc:
        sloc: 11
        ploc: 11
        lloc: 5
        cloc: 0
        blank: 0
        sloc_average: 11
        ploc_average: 11
        lloc_average: 5
        cloc_average: 0
        blank_average: 0
        sloc_min: 11
        sloc_max: 11
        cloc_min: 0
        cloc_max: 0
        ploc_min: 11
        ploc_max: 11
        lloc_min: 5
        lloc_max: 5
        blank_min: 0
        blank_max: 0
      nom:
        functions: 1
        closures: 0
        functions_average: 1
        closures_average: 0
        total: 1
        average: 1
        functions_min: 1
        functions_max: 1
        closures_min: 0
        closures_max: 0
      mi:
        mi_original: 102.829
        mi_sei: 72.955
        mi_visual_studio: 60.134
      abc:
        assignments: 0
        branches: 0
        conditions: 0
        magnitude: 0
        assignments_average: 0
        branches_average: 0
        conditions_average: 0
        assignments_min: 0
        assignments_max: 0
        branches_min: 0
        branches_max: 0
        conditions_min: 0
        conditions_max: 0
  - name: prefix_compare_external
    start_line: 110
    end_line: 120
    kind: function
    spaces: []
    metrics:
      nargs:
        total_functions: 3
        total_closures: 0
        average_functions: 3
        average_closures: 0
        total: 3
        average: 3
        functions_min: 3
        functions_max: 3
        closures_min: 0
        closures_max: 0
      nexits:
        sum: 3
        average: 3
        min: 3
        max: 3
      cognitive:
        sum: 5
        average: 5
        min: 5
        max: 5
      cyclomatic:
        sum: 3
        average: 3
        min: 3
        max: 3
      halstead:
        n1: 16
        N1: 47
        n2: 9
        N2: 29
        length: 76
        estimated_program_length: 92.529
        purity_ratio: 1.217
        vocabulary: 25
        volume: 352.933
        difficulty: 25.778
        level: 0.039
        effort: 9097.83
        time: 505.435
        bugs: 0.145
      loc:
        sloc: 11
        ploc: 11
        lloc: 5
        cloc: 0
        blank: 0
        sloc_average: 11
        ploc_average: 11
        lloc_average: 5
        cloc_average: 0
        blank_average: 0
        sloc_min: 11
        sloc_max: 11
        cloc_min: 0
        cloc_max: 0
        ploc_min: 11
        ploc_max: 11
        lloc_min: 5
        lloc_max: 5
        blank_min: 0
        blank_max: 0
      nom:
        functions: 1
        closures: 0
        functions_average: 1
        closures_average: 0
        total: 1
        average: 1
        functions_min: 1
        functions_max: 1
        closures_min: 0
        closures_max: 0
      mi:
        mi_original: 100.959
        mi_sei: 70.258
        mi_visual_studio: 59.041
      abc:
        assignments: 0
        branches: 0
        conditions: 0
        magnitude: 0
        assignments_average: 0
        branches_average: 0
        conditions_average: 0
        assignments_min: 0
        assignments_max: 0
        branches_min: 0
        branches_max: 0
        conditions_min: 0
        conditions_max: 0
  - name: add_word_to_fst
    start_line: 122
    end_line: 137
    kind: function
    spaces: []
    metrics:
      nargs:
        total_functions: 2
        total_closures: 0
        average_functions: 2
        average_closures: 0
        total: 2
        average: 2
        functions_min: 2
        functions_max: 2
        closures_min: 0
        closures_max: 0
      nexits:
        sum: 0
        average: 0
        min: 0
        max: 0
      cognitive:
        sum: 1
        average: 1
        min: 1
        max: 1
      cyclomatic:
        sum: 3
        average: 3
        min: 3
        max: 3
      halstead:
        n1: 16
        N1: 65
        n2: 20
        N2: 43
        length: 108
        estimated_program_length: 150.439
        purity_ratio: 1.393
        vocabulary: 36
        volume: 558.352
        difficulty: 17.2
        level: 0.058
        effort: 9603.653
        time: 533.536
        bugs: 0.151
      loc:
        sloc: 16
        ploc: 16
        lloc: 10
        cloc: 0
        blank: 0
        sloc_average: 16
        ploc_average: 16
        lloc_average: 10
        cloc_average: 0
        blank_average: 0
        sloc_min: 16
        sloc_max: 16
        cloc_min: 0
        cloc_max: 0
        ploc_min: 16
        ploc_max: 16
        lloc_min: 10
        lloc_max: 10
        blank_min: 0
        blank_max: 0
      nom:
        functions: 1
        closures: 0
        functions_average: 1
        closures_average: 0
        total: 1
        average: 1
        functions_min: 1
        functions_max: 1
        closures_min: 0
        closures_max: 0
      mi:
        mi_original: 92.504
        mi_sei: 58.06
        mi_visual_studio: 54.096
      abc:
        assignments: 0
        branches: 0
        conditions: 0
        magnitude: 0
        assignments_average: 0
        branches_average: 0
        conditions_average: 0
        assignments_min: 0
        assignments_max: 0
        branches_min: 0
        branches_max: 0
        conditions_min: 0
        conditions_max: 0
  - name: add_word_to_dictionary
    start_line: 139
    end_line: 164
    kind: function
    spaces: []
    metrics:
      nargs:
        total_functions: 5
        total_closures: 0
        average_functions: 5
        average_closures: 0
        total: 5
        average: 5
        functions_min: 5
        functions_max: 5
        closures_min: 0
        closures_max: 0
      nexits:
        sum: 2
        average: 2
        min: 2
        max: 2
      cognitive:
        sum: 3
        average: 3
        min: 3
        max: 3
      cyclomatic:
        sum: 5
        average: 5
        min: 5
        max: 5
      halstead:
        n1: 21
        N1: 66
        n2: 23
        N2: 40
        length: 106
        estimated_program_length: 196.281
        purity_ratio: 1.852
        vocabulary: 44
        volume: 578.7
        difficulty: 18.261
        level: 0.055
        effort: 10567.561
        time: 587.087
        bugs: 0.161
      loc:
        sloc: 26
        ploc: 22
        lloc: 10
        cloc: 2
        blank: 4
        sloc_average: 26
        ploc_average: 22
        lloc_average: 10
        cloc_average: 2
        blank_average: 4
        sloc_min: 26
        sloc_max: 26
        cloc_min: 2
        cloc_max: 2
        ploc_min: 22
        ploc_max: 22
        lloc_min: 10
        lloc_max: 10
        blank_min: 4
        blank_max: 4
      nom:
        functions: 1
        closures: 0
        functions_average: 1
        closures_average: 0
        total: 1
        average: 1
        functions_min: 1
        functions_max: 1
        closures_min: 0
        closures_max: 0
      mi:
        mi_original: 83.993
        mi_sei: 66.813
        mi_visual_studio: 49.119
      abc:
        assignments: 0
        branches: 0
        conditions: 0
        magnitude: 0
        assignments_average: 0
        branches_average: 0
        conditions_average: 0
        assignments_min: 0
        assignments_max: 0
        branches_min: 0
        branches_max: 0
        conditions_min: 0
        conditions_max: 0
metrics:
  nargs:
    total_functions: 21
    total_closures: 0
    average_functions: 2.333
    average_closures: 0
    total: 21
    average: 2.333
    functions_min: 0
    functions_max: 5
    closures_min: 0
    closures_max: 0
  nexits:
    sum: 13
    average: 1.444
    min: 0
    max: 3
  cognitive:
    sum: 39
    average: 4.333
    min: 0
    max: 14
  cyclomatic:
    sum: 37
    average: 3.7
    min: 1
    max: 9
  halstead:
    n1: 31
    N1: 535
    n2: 87
    N2: 323
    length: 858
    estimated_program_length: 714.116
    purity_ratio: 0.832
    vocabulary: 118
    volume: 5905.308
    difficulty: 57.546
    level: 0.017
    effort: 339826.703
    time: 18879.261
    bugs: 1.623
  loc:
    sloc: 164
    ploc: 145
    lloc: 77
    cloc: 3
    blank: 18
    sloc_average: 16.4
    ploc_average: 14.5
    lloc_average: 7.7
    cloc_average: 0.3
    blank_average: 1.8
    sloc_min: 7
    sloc_max: 33
    cloc_min: 0
    cloc_max: 2
    ploc_min: 7
    ploc_max: 32
    lloc_min: 3
    lloc_max: 19
    blank_min: 0
    blank_max: 4
  nom:
    functions: 9
    closures: 0
    functions_average: 0.9
    closures_average: 0
    total: 9
    average: 0.9
    functions_min: 0
    functions_max: 1
    closures_min: 0
    closures_max: 0
  mi:
    mi_original: 34.717
    mi_sei: -11.447
    mi_visual_studio: 20.303
  abc:
    assignments: 0
    branches: 0
    conditions: 0
    magnitude: 0
    assignments_average: 0
    branches_average: 0
    conditions_average: 0
    assignments_min: 0
    assignments_max: 0
    branches_min: 0
    branches_max: 0
    conditions_min: 0
    conditions_max: 0

