---
source: tests/common/mod.rs
expression: funcspace_struct
---
{
  "name": null,
  "start_line": 1,
  "end_line": 195,
  "kind": "unit",
  "spaces": [
    {
      "name": "<anonymous>",
      "start_line": 47,
      "end_line": 75,
      "kind": "function",
      "spaces": [
        {
          "name": "registerListener",
          "start_line": 52,
          "end_line": 62,
          "kind": "function",
          "spaces": [
            {
              "name": "<anonymous>",
              "start_line": 56,
              "end_line": 58,
              "kind": "function",
              "spaces": [],
              "metrics": {
                "nargs": {
                  "total_functions": 0.0,
                  "total_closures": 1.0,
                  "average_functions": 0.0,
                  "average_closures": 1.0,
                  "total": 1.0,
                  "average": 1.0,
                  "functions_min": 0.0,
                  "functions_max": 0.0,
                  "closures_min": 1.0,
                  "closures_max": 1.0
                },
                "nexits": {
                  "sum": 0.0,
                  "average": 0.0,
                  "min": 0.0,
                  "max": 0.0
                },
                "cognitive": {
                  "sum": 0.0,
                  "average": 0.0,
                  "min": 0.0,
                  "max": 0.0
                },
                "cyclomatic": {
                  "sum": 1.0,
                  "average": 1.0,
                  "min": 1.0,
                  "max": 1.0
                },
                "halstead": {
                  "n1": 8.0,
                  "N1": 9.0,
                  "n2": 6.0,
                  "N2": 8.0,
                  "length": 17.0,
                  "estimated_program_length": 39.50977500432694,
                  "purity_ratio": 2.324104412019232,
                  "vocabulary": 14.0,
                  "volume": 64.72503367497927,
                  "difficulty": 5.333333333333333,
                  "level": 0.1875,
                  "effort": 345.20017959988945,
                  "time": 19.177787755549414,
                  "bugs": 0.016403105844408575
                },
                "loc": {
                  "sloc": 3.0,
                  "ploc": 3.0,
                  "lloc": 2.0,
                  "cloc": 0.0,
                  "blank": 0.0,
                  "sloc_average": 3.0,
                  "ploc_average": 3.0,
                  "lloc_average": 2.0,
                  "cloc_average": 0.0,
                  "blank_average": 0.0,
                  "sloc_min": 3.0,
                  "sloc_max": 3.0,
                  "cloc_min": 0.0,
                  "cloc_max": 0.0,
                  "ploc_min": 3.0,
                  "ploc_max": 3.0,
                  "lloc_min": 2.0,
                  "lloc_max": 2.0,
                  "blank_min": 0.0,
                  "blank_max": 0.0
                },
                "nom": {
                  "functions": 0.0,
                  "closures": 1.0,
                  "functions_average": 0.0,
                  "closures_average": 1.0,
                  "total": 1.0,
                  "average": 1.0,
                  "functions_min": 0.0,
                  "functions_max": 0.0,
                  "closures_min": 1.0,
                  "closures_max": 1.0
                },
                "mi": {
                  "mi_original": 131.28771108481735,
                  "mi_sei": 113.8090975791207,
                  "mi_visual_studio": 76.77643923088733
                },
                "abc": {
                  "assignments": 0.0,
                  "branches": 0.0,
                  "conditions": 0.0,
                  "magnitude": 0.0,
                  "assignments_average": 0.0,
                  "branches_average": 0.0,
                  "conditions_average": 0.0,
                  "assignments_min": 0.0,
                  "assignments_max": 0.0,
                  "branches_min": 0.0,
                  "branches_max": 0.0,
                  "conditions_min": 0.0,
                  "conditions_max": 0.0
                }
              }
            }
          ],
          "metrics": {
            "nargs": {
              "total_functions": 1.0,
              "total_closures": 1.0,
              "average_functions": 1.0,
              "average_closures": 1.0,
              "total": 2.0,
              "average": 1.0,
              "functions_min": 0.0,
              "functions_max": 1.0,
              "closures_min": 0.0,
              "closures_max": 1.0
            },
            "nexits": {
              "sum": 0.0,
              "average": 0.0,
              "min": 0.0,
              "max": 0.0
            },
            "cognitive": {
              "sum": 0.0,
              "average": 0.0,
              "min": 0.0,
              "max": 0.0
            },
            "cyclomatic": {
              "sum": 2.0,
              "average": 1.0,
              "min": 1.0,
              "max": 1.0
            },
            "halstead": {
              "n1": 9.0,
              "N1": 21.0,
              "n2": 17.0,
              "N2": 21.0,
              "length": 42.0,
              "estimated_program_length": 98.01619331423657,
              "purity_ratio": 2.333718888434204,
              "vocabulary": 26.0,
              "volume": 197.41846816192586,
              "difficulty": 5.5588235294117645,
              "level": 0.1798941798941799,
              "effort": 1097.4144259589407,
              "time": 60.96746810883004,
              "bugs": 0.03546439225650948
            },
            "loc": {
              "sloc": 11.0,
              "ploc": 10.0,
              "lloc": 5.0,
              "cloc": 1.0,
              "blank": 0.0,
              "sloc_average": 5.5,
              "ploc_average": 5.0,
              "lloc_average": 2.5,
              "cloc_average": 0.5,
              "blank_average": 0.0,
              "sloc_min": 3.0,
              "sloc_max": 3.0,
              "cloc_min": 0.0,
              "cloc_max": 0.0,
              "ploc_min": 3.0,
              "ploc_max": 3.0,
              "lloc_min": 2.0,
              "lloc_max": 2.0,
              "blank_min": 0.0,
              "blank_max": 0.0
            },
            "nom": {
              "functions": 1.0,
              "closures": 1.0,
              "functions_average": 0.5,
              "closures_average": 0.5,
              "total": 2.0,
              "average": 1.0,
              "functions_min": 0.0,
              "functions_max": 1.0,
              "closures_min": 0.0,
              "closures_max": 1.0
            },
            "mi": {
              "mi_original": 104.21040304635903,
              "mi_sei": 97.36153295786255,
              "mi_visual_studio": 60.94175616746142
            },
            "abc": {
              "assignments": 0.0,
              "branches": 0.0,
              "conditions": 0.0,
              "magnitude": 0.0,
              "assignments_average": 0.0,
              "branches_average": 0.0,
              "conditions_average": 0.0,
              "assignments_min": 0.0,
              "assignments_max": 0.0,
              "branches_min": 0.0,
              "branches_max": 0.0,
              "conditions_min": 0.0,
              "conditions_max": 0.0
            }
          }
        },
        {
          "name": "forgetHeaders",
          "start_line": 72,
          "end_line": 74,
          "kind": "function",
          "spaces": [],
          "metrics": {
            "nargs": {
              "total_functions": 1.0,
              "total_closures": 0.0,
              "average_functions": 1.0,
              "average_closures": 0.0,
              "total": 1.0,
              "average": 1.0,
              "functions_min": 1.0,
              "functions_max": 1.0,
              "closures_min": 0.0,
              "closures_max": 0.0
            },
            "nexits": {
              "sum": 0.0,
              "average": 0.0,
              "min": 0.0,
              "max": 0.0
            },
            "cognitive": {
              "sum": 0.0,
              "average": 0.0,
              "min": 0.0,
              "max": 0.0
            },
            "cyclomatic": {
              "sum": 1.0,
              "average": 1.0,
              "min": 1.0,
              "max": 1.0
            },
            "halstead": {
              "n1": 7.0,
              "N1": 7.0,
              "n2": 5.0,
              "N2": 6.0,
              "length": 13.0,
              "estimated_program_length": 31.26112492884004,
              "purity_ratio": 2.40470191760308,
              "vocabulary": 12.0,
              "volume": 46.60451250937503,
              "difficulty": 4.2,
              "level": 0.23809523809523808,
              "effort": 195.73895253937513,
              "time": 10.874386252187508,
              "bugs": 0.011237341657241998
            },
            "loc": {
              "sloc": 3.0,
              "ploc": 3.0,
              "lloc": 2.0,
              "cloc": 0.0,
              "blank": 0.0,
              "sloc_average": 3.0,
              "ploc_average": 3.0,
              "lloc_average": 2.0,
              "cloc_average": 0.0,
              "blank_average": 0.0,
              "sloc_min": 3.0,
              "sloc_max": 3.0,
              "cloc_min": 0.0,
              "cloc_max": 0.0,
              "ploc_min": 3.0,
              "ploc_max": 3.0,
              "lloc_min": 2.0,
              "lloc_max": 2.0,
              "blank_min": 0.0,
              "blank_max": 0.0
            },
            "nom": {
              "functions": 1.0,
              "closures": 0.0,
              "functions_average": 1.0,
              "closures_average": 0.0,
              "total": 1.0,
              "average": 1.0,
              "functions_min": 1.0,
              "functions_max": 1.0,
              "closures_min": 0.0,
              "closures_max": 0.0
            },
            "mi": {
              "mi_original": 132.9956545922523,
              "mi_sei": 116.27313920741557,
              "mi_visual_studio": 77.77523660365631
            },
            "abc": {
              "assignments": 0.0,
              "branches": 0.0,
              "conditions": 0.0,
              "magnitude": 0.0,
              "assignments_average": 0.0,
              "branches_average": 0.0,
              "conditions_average": 0.0,
              "assignments_min": 0.0,
              "assignments_max": 0.0,
              "branches_min": 0.0,
              "branches_max": 0.0,
              "conditions_min": 0.0,
              "conditions_max": 0.0
            }
          }
        }
      ],
      "metrics": {
        "nargs": {
          "total_functions": 2.0,
          "total_closures": 1.0,
          "average_functions": 1.0,
          "average_closures": 0.5,
          "total": 3.0,
          "average": 0.75,
          "functions_min": 0.0,
          "functions_max": 1.0,
          "closures_min": 0.0,
          "closures_max": 1.0
        },
        "nexits": {
          "sum": 0.0,
          "average": 0.0,
          "min": 0.0,
          "max": 0.0
        },
        "cognitive": {
          "sum": 1.0,
          "average": 0.25,
          "min": 0.0,
          "max": 1.0
        },
        "cyclomatic": {
          "sum": 5.0,
          "average": 1.25,
          "min": 1.0,
          "max": 2.0
        },
        "halstead": {
          "n1": 14.0,
          "N1": 73.0,
          "n2": 35.0,
          "N2": 66.0,
          "length": 139.0,
          "estimated_program_length": 232.82787450188027,
          "purity_ratio": 1.6750206798696423,
          "vocabulary": 49.0,
          "volume": 780.444668332014,
          "difficulty": 13.2,
          "level": 0.07575757575757576,
          "effort": 10301.869621982583,
          "time": 572.3260901101435,
          "bugs": 0.15781784596123183
        },
        "loc": {
          "sloc": 29.0,
          "ploc": 27.0,
          "lloc": 16.0,
          "cloc": 2.0,
          "blank": 0.0,
          "sloc_average": 7.25,
          "ploc_average": 6.75,
          "lloc_average": 4.0,
          "cloc_average": 0.5,
          "blank_average": 0.0,
          "sloc_min": 3.0,
          "sloc_max": 11.0,
          "cloc_min": 0.0,
          "cloc_max": 1.0,
          "ploc_min": 3.0,
          "ploc_max": 10.0,
          "lloc_min": 2.0,
          "lloc_max": 5.0,
          "blank_min": 0.0,
          "blank_max": 0.0
        },
        "nom": {
          "functions": 2.0,
          "closures": 2.0,
          "functions_average": 0.5,
          "closures_average": 0.5,
          "total": 4.0,
          "average": 1.0,
          "functions_min": 0.0,
          "functions_max": 1.0,
          "closures_min": 0.0,
          "closures_max": 1.0
        },
        "mi": {
          "mi_original": 80.66851556099613,
          "mi_sei": 60.973689556376534,
          "mi_visual_studio": 47.17457050350651
        },
        "abc": {
          "assignments": 0.0,
          "branches": 0.0,
          "conditions": 0.0,
          "magnitude": 0.0,
          "assignments_average": 0.0,
          "branches_average": 0.0,
          "conditions_average": 0.0,
          "assignments_min": 0.0,
          "assignments_max": 0.0,
          "branches_min": 0.0,
          "branches_max": 0.0,
          "conditions_min": 0.0,
          "conditions_max": 0.0
        }
      }
    },
    {
      "name": "saveReferer",
      "start_line": 80,
      "end_line": 89,
      "kind": "function",
      "spaces": [],
      "metrics": {
        "nargs": {
          "total_functions": 1.0,
          "total_closures": 0.0,
          "average_functions": 1.0,
          "average_closures": 0.0,
          "total": 1.0,
          "average": 1.0,
          "functions_min": 1.0,
          "functions_max": 1.0,
          "closures_min": 0.0,
          "closures_max": 0.0
        },
        "nexits": {
          "sum": 0.0,
          "average": 0.0,
          "min": 0.0,
          "max": 0.0
        },
        "cognitive": {
          "sum": 4.0,
          "average": 4.0,
          "min": 4.0,
          "max": 4.0
        },
        "cyclomatic": {
          "sum": 5.0,
          "average": 5.0,
          "min": 5.0,
          "max": 5.0
        },
        "halstead": {
          "n1": 13.0,
          "N1": 36.0,
          "n2": 16.0,
          "N2": 35.0,
          "length": 71.0,
          "estimated_program_length": 112.10571633583419,
          "purity_ratio": 1.5789537512089322,
          "vocabulary": 29.0,
          "volume": 344.9166506540576,
          "difficulty": 14.21875,
          "level": 0.07032967032967033,
          "effort": 4904.283626487381,
          "time": 272.4602014715212,
          "bugs": 0.09621936009283032
        },
        "loc": {
          "sloc": 10.0,
          "ploc": 10.0,
          "lloc": 6.0,
          "cloc": 0.0,
          "blank": 0.0,
          "sloc_average": 10.0,
          "ploc_average": 10.0,
          "lloc_average": 6.0,
          "cloc_average": 0.0,
          "blank_average": 0.0,
          "sloc_min": 10.0,
          "sloc_max": 10.0,
          "cloc_min": 0.0,
          "cloc_max": 0.0,
          "ploc_min": 10.0,
          "ploc_max": 10.0,
          "lloc_min": 6.0,
          "lloc_max": 6.0,
          "blank_min": 0.0,
          "blank_max": 0.0
        },
        "nom": {
          "functions": 1.0,
          "closures": 0.0,
          "functions_average": 1.0,
          "closures_average": 0.0,
          "total": 1.0,
          "average": 1.0,
          "functions_min": 1.0,
          "functions_max": 1.0,
          "closures_min": 0.0,
          "closures_max": 0.0
        },
        "mi": {
          "mi_original": 102.16294695670844,
          "mi_sei": 72.19822424205505,
          "mi_visual_studio": 59.7444134249757
        },
        "abc": {
          "assignments": 0.0,
          "branches": 0.0,
          "conditions": 0.0,
          "magnitude": 0.0,
          "assignments_average": 0.0,
          "branches_average": 0.0,
          "conditions_average": 0.0,
          "assignments_min": 0.0,
          "assignments_max": 0.0,
          "branches_min": 0.0,
          "branches_max": 0.0,
          "conditions_min": 0.0,
          "conditions_max": 0.0
        }
      }
    },
    {
      "name": "<anonymous>",
      "start_line": 91,
      "end_line": 93,
      "kind": "function",
      "spaces": [],
      "metrics": {
        "nargs": {
          "total_functions": 0.0,
          "total_closures": 1.0,
          "average_functions": 0.0,
          "average_closures": 1.0,
          "total": 1.0,
          "average": 1.0,
          "functions_min": 0.0,
          "functions_max": 0.0,
          "closures_min": 1.0,
          "closures_max": 1.0
        },
        "nexits": {
          "sum": 0.0,
          "average": 0.0,
          "min": 0.0,
          "max": 0.0
        },
        "cognitive": {
          "sum": 0.0,
          "average": 0.0,
          "min": 0.0,
          "max": 0.0
        },
        "cyclomatic": {
          "sum": 1.0,
          "average": 1.0,
          "min": 1.0,
          "max": 1.0
        },
        "halstead": {
          "n1": 7.0,
          "N1": 7.0,
          "n2": 2.0,
          "N2": 3.0,
          "length": 10.0,
          "estimated_program_length": 21.651484454403228,
          "purity_ratio": 2.1651484454403227,
          "vocabulary": 9.0,
          "volume": 31.69925001442312,
          "difficulty": 5.25,
          "level": 0.19047619047619047,
          "effort": 166.42106257572138,
          "time": 9.245614587540077,
          "bugs": 0.010085194361636459
        },
        "loc": {
          "sloc": 3.0,
          "ploc": 3.0,
          "lloc": 2.0,
          "cloc": 0.0,
          "blank": 0.0,
          "sloc_average": 3.0,
          "ploc_average": 3.0,
          "lloc_average": 2.0,
          "cloc_average": 0.0,
          "blank_average": 0.0,
          "sloc_min": 3.0,
          "sloc_max": 3.0,
          "cloc_min": 0.0,
          "cloc_max": 0.0,
          "ploc_min": 3.0,
          "ploc_max": 3.0,
          "lloc_min": 2.0,
          "lloc_max": 2.0,
          "blank_min": 0.0,
          "blank_max": 0.0
        },
        "nom": {
          "functions": 0.0,
          "closures": 1.0,
          "functions_average": 0.0,
          "closures_average": 1.0,
          "total": 1.0,
          "average": 1.0,
          "functions_min": 0.0,
          "functions_max": 0.0,
          "closures_min": 1.0,
          "closures_max": 1.0
        },
        "mi": {
          "mi_original": 134.9997572104644,
          "mi_sei": 119.16444811614275,
          "mi_visual_studio": 78.94722643886807
        },
        "abc": {
          "assignments": 0.0,
          "branches": 0.0,
          "conditions": 0.0,
          "magnitude": 0.0,
          "assignments_average": 0.0,
          "branches_average": 0.0,
          "conditions_average": 0.0,
          "assignments_min": 0.0,
          "assignments_max": 0.0,
          "branches_min": 0.0,
          "branches_max": 0.0,
          "conditions_min": 0.0,
          "conditions_max": 0.0
        }
      }
    },
    {
      "name": "onReceivePort",
      "start_line": 98,
      "end_line": 195,
      "kind": "function",
      "spaces": [
        {
          "name": "<anonymous>",
          "start_line": 112,
          "end_line": 134,
          "kind": "function",
          "spaces": [],
          "metrics": {
            "nargs": {
              "total_functions": 0.0,
              "total_closures": 1.0,
              "average_functions": 0.0,
              "average_closures": 1.0,
              "total": 1.0,
              "average": 1.0,
              "functions_min": 0.0,
              "functions_max": 0.0,
              "closures_min": 1.0,
              "closures_max": 1.0
            },
            "nexits": {
              "sum": 0.0,
              "average": 0.0,
              "min": 0.0,
              "max": 0.0
            },
            "cognitive": {
              "sum": 2.0,
              "average": 2.0,
              "min": 2.0,
              "max": 2.0
            },
            "cyclomatic": {
              "sum": 3.0,
              "average": 3.0,
              "min": 3.0,
              "max": 3.0
            },
            "halstead": {
              "n1": 11.0,
              "N1": 40.0,
              "n2": 22.0,
              "N2": 37.0,
              "length": 77.0,
              "estimated_program_length": 136.1612434150308,
              "purity_ratio": 1.7683278365588417,
              "vocabulary": 33.0,
              "volume": 388.4183471906009,
              "difficulty": 9.25,
              "level": 0.10810810810810811,
              "effort": 3592.8697115130585,
              "time": 199.60387286183658,
              "bugs": 0.07819393297740386
            },
            "loc": {
              "sloc": 23.0,
              "ploc": 18.0,
              "lloc": 9.0,
              "cloc": 5.0,
              "blank": 0.0,
              "sloc_average": 23.0,
              "ploc_average": 18.0,
              "lloc_average": 9.0,
              "cloc_average": 5.0,
              "blank_average": 0.0,
              "sloc_min": 23.0,
              "sloc_max": 23.0,
              "cloc_min": 5.0,
              "cloc_max": 5.0,
              "ploc_min": 18.0,
              "ploc_max": 18.0,
              "lloc_min": 9.0,
              "lloc_max": 9.0,
              "blank_min": 0.0,
              "blank_max": 0.0
            },
            "nom": {
              "functions": 0.0,
              "closures": 1.0,
              "functions_average": 0.0,
              "closures_average": 1.0,
              "total": 1.0,
              "average": 1.0,
              "functions_min": 0.0,
              "functions_max": 0.0,
              "closures_min": 1.0,
              "closures_max": 1.0
            },
            "mi": {
              "mi_original": 88.51216224143067,
              "mi_sei": 85.35683624547542,
              "mi_visual_studio": 51.76149838680156
            },
            "abc": {
              "assignments": 0.0,
              "branches": 0.0,
              "conditions": 0.0,
              "magnitude": 0.0,
              "assignments_average": 0.0,
              "branches_average": 0.0,
              "conditions_average": 0.0,
              "assignments_min": 0.0,
              "assignments_max": 0.0,
              "branches_min": 0.0,
              "branches_max": 0.0,
              "conditions_min": 0.0,
              "conditions_max": 0.0
            }
          }
        },
        {
          "name": "<anonymous>",
          "start_line": 137,
          "end_line": 143,
          "kind": "function",
          "spaces": [],
          "metrics": {
            "nargs": {
              "total_functions": 0.0,
              "total_closures": 0.0,
              "average_functions": 0.0,
              "average_closures": 0.0,
              "total": 0.0,
              "average": 0.0,
              "functions_min": 0.0,
              "functions_max": 0.0,
              "closures_min": 0.0,
              "closures_max": 0.0
            },
            "nexits": {
              "sum": 0.0,
              "average": 0.0,
              "min": 0.0,
              "max": 0.0
            },
            "cognitive": {
              "sum": 1.0,
              "average": 1.0,
              "min": 1.0,
              "max": 1.0
            },
            "cyclomatic": {
              "sum": 2.0,
              "average": 2.0,
              "min": 2.0,
              "max": 2.0
            },
            "halstead": {
              "n1": 9.0,
              "N1": 22.0,
              "n2": 14.0,
              "N2": 21.0,
              "length": 43.0,
              "estimated_program_length": 81.83229392178727,
              "purity_ratio": 1.903076602832262,
              "vocabulary": 23.0,
              "volume": 194.51316411045156,
              "difficulty": 6.75,
              "level": 0.14814814814814814,
              "effort": 1312.963857745548,
              "time": 72.94243654141934,
              "bugs": 0.03996813891668652
            },
            "loc": {
              "sloc": 7.0,
              "ploc": 7.0,
              "lloc": 6.0,
              "cloc": 0.0,
              "blank": 0.0,
              "sloc_average": 7.0,
              "ploc_average": 7.0,
              "lloc_average": 6.0,
              "cloc_average": 0.0,
              "blank_average": 0.0,
              "sloc_min": 7.0,
              "sloc_max": 7.0,
              "cloc_min": 0.0,
              "cloc_max": 0.0,
              "ploc_min": 7.0,
              "ploc_max": 7.0,
              "lloc_min": 6.0,
              "lloc_max": 6.0,
              "blank_min": 0.0,
              "blank_max": 0.0
            },
            "nom": {
              "functions": 0.0,
              "closures": 1.0,
              "functions_average": 0.0,
              "closures_average": 1.0,
              "total": 1.0,
              "average": 1.0,
              "functions_min": 0.0,
              "functions_max": 0.0,
              "closures_min": 1.0,
              "closures_max": 1.0
            },
            "mi": {
              "mi_original": 111.60965640393994,
              "mi_sei": 85.52148553608146,
              "mi_visual_studio": 65.26880491458476
            },
            "abc": {
              "assignments": 0.0,
              "branches": 0.0,
              "conditions": 0.0,
              "magnitude": 0.0,
              "assignments_average": 0.0,
              "branches_average": 0.0,
              "conditions_average": 0.0,
              "assignments_min": 0.0,
              "assignments_max": 0.0,
              "branches_min": 0.0,
              "branches_max": 0.0,
              "conditions_min": 0.0,
              "conditions_max": 0.0
            }
          }
        },
        {
          "name": "onBeforeSendHeaders",
          "start_line": 157,
          "end_line": 176,
          "kind": "function",
          "spaces": [],
          "metrics": {
            "nargs": {
              "total_functions": 1.0,
              "total_closures": 0.0,
              "average_functions": 1.0,
              "average_closures": 0.0,
              "total": 1.0,
              "average": 1.0,
              "functions_min": 1.0,
              "functions_max": 1.0,
              "closures_min": 0.0,
              "closures_max": 0.0
            },
            "nexits": {
              "sum": 3.0,
              "average": 3.0,
              "min": 3.0,
              "max": 3.0
            },
            "cognitive": {
              "sum": 4.0,
              "average": 4.0,
              "min": 4.0,
              "max": 4.0
            },
            "cyclomatic": {
              "sum": 5.0,
              "average": 5.0,
              "min": 5.0,
              "max": 5.0
            },
            "halstead": {
              "n1": 15.0,
              "N1": 50.0,
              "n2": 22.0,
              "N2": 41.0,
              "length": 91.0,
              "estimated_program_length": 156.71085454414833,
              "purity_ratio": 1.7220973026829487,
              "vocabulary": 37.0,
              "volume": 474.0602562722345,
              "difficulty": 13.977272727272727,
              "level": 0.07154471544715447,
              "effort": 6626.069491077823,
              "time": 368.1149717265457,
              "bugs": 0.11759334279301994
            },
            "loc": {
              "sloc": 20.0,
              "ploc": 18.0,
              "lloc": 13.0,
              "cloc": 2.0,
              "blank": 0.0,
              "sloc_average": 20.0,
              "ploc_average": 18.0,
              "lloc_average": 13.0,
              "cloc_average": 2.0,
              "blank_average": 0.0,
              "sloc_min": 20.0,
              "sloc_max": 20.0,
              "cloc_min": 2.0,
              "cloc_max": 2.0,
              "ploc_min": 18.0,
              "ploc_max": 18.0,
              "lloc_min": 13.0,
              "lloc_max": 13.0,
              "blank_min": 0.0,
              "blank_max": 0.0
            },
            "nom": {
              "functions": 1.0,
              "closures": 0.0,
              "functions_average": 1.0,
              "closures_average": 0.0,
              "total": 1.0,
              "average": 1.0,
              "functions_min": 1.0,
              "functions_max": 1.0,
              "closures_min": 0.0,
              "closures_max": 0.0
            },
            "mi": {
              "mi_original": 89.28019809835057,
              "mi_sei": 77.13913847002914,
              "mi_visual_studio": 52.210642162778115
            },
            "abc": {
              "assignments": 0.0,
              "branches": 0.0,
              "conditions": 0.0,
              "magnitude": 0.0,
              "assignments_average": 0.0,
              "branches_average": 0.0,
              "conditions_average": 0.0,
              "assignments_min": 0.0,
              "assignments_max": 0.0,
              "branches_min": 0.0,
              "branches_max": 0.0,
              "conditions_min": 0.0,
              "conditions_max": 0.0
            }
          }
        },
        {
          "name": "exposeOnHeadersReceived",
          "start_line": 178,
          "end_line": 194,
          "kind": "function",
          "spaces": [],
          "metrics": {
            "nargs": {
              "total_functions": 1.0,
              "total_closures": 0.0,
              "average_functions": 1.0,
              "average_closures": 0.0,
              "total": 1.0,
              "average": 1.0,
              "functions_min": 1.0,
              "functions_max": 1.0,
              "closures_min": 0.0,
              "closures_max": 0.0
            },
            "nexits": {
              "sum": 2.0,
              "average": 2.0,
              "min": 2.0,
              "max": 2.0
            },
            "cognitive": {
              "sum": 3.0,
              "average": 3.0,
              "min": 3.0,
              "max": 3.0
            },
            "cyclomatic": {
              "sum": 3.0,
              "average": 3.0,
              "min": 3.0,
              "max": 3.0
            },
            "halstead": {
              "n1": 15.0,
              "N1": 44.0,
              "n2": 20.0,
              "N2": 34.0,
              "length": 78.0,
              "estimated_program_length": 145.04192083187502,
              "purity_ratio": 1.8595118055368591,
              "vocabulary": 35.0,
              "volume": 400.08407532170736,
              "difficulty": 12.75,
              "level": 0.0784313725490196,
              "effort": 5101.071960351769,
              "time": 283.3928866862094,
              "bugs": 0.09877636623112988
            },
            "loc": {
              "sloc": 17.0,
              "ploc": 16.0,
              "lloc": 11.0,
              "cloc": 1.0,
              "blank": 0.0,
              "sloc_average": 17.0,
              "ploc_average": 16.0,
              "lloc_average": 11.0,
              "cloc_average": 1.0,
              "blank_average": 0.0,
              "sloc_min": 17.0,
              "sloc_max": 17.0,
              "cloc_min": 1.0,
              "cloc_max": 1.0,
              "ploc_min": 16.0,
              "ploc_max": 16.0,
              "lloc_min": 11.0,
              "lloc_max": 11.0,
              "blank_min": 0.0,
              "blank_max": 0.0
            },
            "nom": {
              "functions": 1.0,
              "closures": 0.0,
              "functions_average": 1.0,
              "closures_average": 0.0,
              "total": 1.0,
              "average": 1.0,
              "functions_min": 1.0,
              "functions_max": 1.0,
              "closures_min": 0.0,
              "closures_max": 0.0
            },
            "mi": {
              "mi_original": 93.25523531699523,
              "mi_sei": 77.49127099076145,
              "mi_visual_studio": 54.53522533157615
            },
            "abc": {
              "assignments": 0.0,
              "branches": 0.0,
              "conditions": 0.0,
              "magnitude": 0.0,
              "assignments_average": 0.0,
              "branches_average": 0.0,
              "conditions_average": 0.0,
              "assignments_min": 0.0,
              "assignments_max": 0.0,
              "branches_min": 0.0,
              "branches_max": 0.0,
              "conditions_min": 0.0,
              "conditions_max": 0.0
            }
          }
        }
      ],
      "metrics": {
        "nargs": {
          "total_functions": 3.0,
          "total_closures": 1.0,
          "average_functions": 1.0,
          "average_closures": 0.5,
          "total": 4.0,
          "average": 0.8,
          "functions_min": 0.0,
          "functions_max": 1.0,
          "closures_min": 0.0,
          "closures_max": 1.0
        },
        "nexits": {
          "sum": 7.0,
          "average": 1.4,
          "min": 0.0,
          "max": 3.0
        },
        "cognitive": {
          "sum": 14.0,
          "average": 2.8,
          "min": 1.0,
          "max": 4.0
        },
        "cyclomatic": {
          "sum": 18.0,
          "average": 3.6,
          "min": 2.0,
          "max": 5.0
        },
        "halstead": {
          "n1": 22.0,
          "N1": 224.0,
          "n2": 80.0,
          "N2": 191.0,
          "length": 415.0,
          "estimated_program_length": 603.8617432010095,
          "purity_ratio": 1.455088537833758,
          "vocabulary": 102.0,
          "volume": 2769.0565169181705,
          "difficulty": 26.2625,
          "level": 0.03807710613993336,
          "effort": 72722.34677556345,
          "time": 4040.1303764201916,
          "bugs": 0.5807519394154799
        },
        "loc": {
          "sloc": 98.0,
          "ploc": 80.0,
          "lloc": 50.0,
          "cloc": 13.0,
          "blank": 5.0,
          "sloc_average": 19.6,
          "ploc_average": 16.0,
          "lloc_average": 10.0,
          "cloc_average": 2.6,
          "blank_average": 1.0,
          "sloc_min": 7.0,
          "sloc_max": 23.0,
          "cloc_min": 0.0,
          "cloc_max": 5.0,
          "ploc_min": 7.0,
          "ploc_max": 18.0,
          "lloc_min": 6.0,
          "lloc_max": 13.0,
          "blank_min": 0.0,
          "blank_max": 0.0
        },
        "nom": {
          "functions": 3.0,
          "closures": 2.0,
          "functions_average": 0.6,
          "closures_average": 0.4,
          "total": 5.0,
          "average": 1.0,
          "functions_min": 0.0,
          "functions_max": 1.0,
          "closures_min": 0.0,
          "closures_max": 1.0
        },
        "mi": {
          "mi_original": 51.36696479107326,
          "mi_sei": 26.977480868060297,
          "mi_visual_studio": 30.03916069653407
        },
        "abc": {
          "assignments": 0.0,
          "branches": 0.0,
          "conditions": 0.0,
          "magnitude": 0.0,
          "assignments_average": 0.0,
          "branches_average": 0.0,
          "conditions_average": 0.0,
          "assignments_min": 0.0,
          "assignments_max": 0.0,
          "branches_min": 0.0,
          "branches_max": 0.0,
          "conditions_min": 0.0,
          "conditions_max": 0.0
        }
      }
    }
  ],
  "metrics": {
    "nargs": {
      "total_functions": 6.0,
      "total_closures": 3.0,
      "average_functions": 1.0,
      "average_closures": 0.6,
      "total": 9.0,
      "average": 0.8181818181818182,
      "functions_min": 0.0,
      "functions_max": 1.0,
      "closures_min": 0.0,
      "closures_max": 1.0
    },
    "nexits": {
      "sum": 7.0,
      "average": 0.6363636363636364,
      "min": 0.0,
      "max": 3.0
    },
    "cognitive": {
      "sum": 19.0,
      "average": 1.7272727272727273,
      "min": 0.0,
      "max": 4.0
    },
    "cyclomatic": {
      "sum": 30.0,
      "average": 2.5,
      "min": 1.0,
      "max": 5.0
    },
    "halstead": {
      "n1": 24.0,
      "N1": 364.0,
      "n2": 119.0,
      "N2": 313.0,
      "length": 677.0,
      "estimated_program_length": 930.5224138509531,
      "purity_ratio": 1.3744791932805807,
      "vocabulary": 143.0,
      "volume": 4847.23289499897,
      "difficulty": 31.563025210084035,
      "level": 0.031682641107561235,
      "effort": 152993.3340640011,
      "time": 8499.629670222283,
      "bugs": 0.9535140233251522
    },
    "loc": {
      "sloc": 195.0,
      "ploc": 124.0,
      "lloc": 78.0,
      "cloc": 60.0,
      "blank": 12.0,
      "sloc_average": 16.25,
      "ploc_average": 10.333333333333334,
      "lloc_average": 6.5,
      "cloc_average": 5.0,
      "blank_average": 1.0,
      "sloc_min": 3.0,
      "sloc_max": 98.0,
      "cloc_min": 0.0,
      "cloc_max": 13.0,
      "ploc_min": 3.0,
      "ploc_max": 80.0,
      "lloc_min": 2.0,
      "lloc_max": 50.0,
      "blank_min": 0.0,
      "blank_max": 5.0
    },
    "nom": {
      "functions": 6.0,
      "closures": 5.0,
      "functions_average": 0.5,
      "closures_average": 0.4166666666666667,
      "total": 11.0,
      "average": 0.9166666666666666,
      "functions_min": 0.0,
      "functions_max": 1.0,
      "closures_min": 0.0,
      "closures_max": 1.0
    },
    "mi": {
      "mi_original": 34.54935807446894,
      "mi_sei": 15.068450578526331,
      "mi_visual_studio": 20.204302967525695
    },
    "abc": {
      "assignments": 0.0,
      "branches": 0.0,
      "conditions": 0.0,
      "magnitude": 0.0,
      "assignments_average": 0.0,
      "branches_average": 0.0,
      "conditions_average": 0.0,
      "assignments_min": 0.0,
      "assignments_max": 0.0,
      "branches_min": 0.0,
      "branches_max": 0.0,
      "conditions_min": 0.0,
      "conditions_max": 0.0
    }
  }
}
