---
source: tests/common/mod.rs
expression: funcspace_struct
---
{
  "name": null,
  "start_line": 1,
  "end_line": 161,
  "kind": "unit",
  "spaces": [
    {
      "name": "<anonymous>",
      "start_line": 18,
      "end_line": 161,
      "kind": "function",
      "spaces": [
        {
          "name": "maybeSendPing",
          "start_line": 48,
          "end_line": 97,
          "kind": "function",
          "spaces": [
            {
              "name": "<anonymous>",
              "start_line": 49,
              "end_line": 96,
              "kind": "function",
              "spaces": [],
              "metrics": {
                "nargs": {
                  "total_functions": 0.0,
                  "total_closures": 1.0,
                  "average_functions": 0.0,
                  "average_closures": 1.0,
                  "total": 1.0,
                  "average": 1.0,
                  "functions_min": 0.0,
                  "functions_max": 0.0,
                  "closures_min": 1.0,
                  "closures_max": 1.0
                },
                "nexits": {
                  "sum": 4.0,
                  "average": 4.0,
                  "min": 4.0,
                  "max": 4.0
                },
                "cognitive": {
                  "sum": 7.0,
                  "average": 7.0,
                  "min": 7.0,
                  "max": 7.0
                },
                "cyclomatic": {
                  "sum": 8.0,
                  "average": 8.0,
                  "min": 8.0,
                  "max": 8.0
                },
                "halstead": {
                  "n1": 19.0,
                  "N1": 99.0,
                  "n2": 50.0,
                  "N2": 75.0,
                  "length": 174.0,
                  "estimated_program_length": 362.9034322441643,
                  "purity_ratio": 2.0856519094492203,
                  "vocabulary": 69.0,
                  "volume": 1062.8832554794014,
                  "difficulty": 14.25,
                  "level": 0.07017543859649122,
                  "effort": 15146.086390581471,
                  "time": 841.4492439211929,
                  "bugs": 0.2040542752639566
                },
                "loc": {
                  "sloc": 48.0,
                  "ploc": 32.0,
                  "lloc": 19.0,
                  "cloc": 15.0,
                  "blank": 1.0,
                  "sloc_average": 48.0,
                  "ploc_average": 32.0,
                  "lloc_average": 19.0,
                  "cloc_average": 15.0,
                  "blank_average": 1.0,
                  "sloc_min": 48.0,
                  "sloc_max": 48.0,
                  "cloc_min": 15.0,
                  "cloc_max": 15.0,
                  "ploc_min": 32.0,
                  "ploc_max": 32.0,
                  "lloc_min": 19.0,
                  "lloc_max": 19.0,
                  "blank_min": 1.0,
                  "blank_max": 1.0
                },
                "nom": {
                  "functions": 0.0,
                  "closures": 1.0,
                  "functions_average": 0.0,
                  "closures_average": 1.0,
                  "total": 1.0,
                  "average": 1.0,
                  "functions_min": 0.0,
                  "functions_max": 0.0,
                  "closures_min": 1.0,
                  "closures_max": 1.0
                },
                "mi": {
                  "mi_original": 70.20909277994556,
                  "mi_sei": 64.49201593297802,
                  "mi_visual_studio": 41.05794899412022
                },
                "abc": {
                  "assignments": 0.0,
                  "branches": 0.0,
                  "conditions": 0.0,
                  "magnitude": 0.0,
                  "assignments_average": 0.0,
                  "branches_average": 0.0,
                  "conditions_average": 0.0,
                  "assignments_min": 0.0,
                  "assignments_max": 0.0,
                  "branches_min": 0.0,
                  "branches_max": 0.0,
                  "conditions_min": 0.0,
                  "conditions_max": 0.0
                }
              }
            }
          ],
          "metrics": {
            "nargs": {
              "total_functions": 0.0,
              "total_closures": 1.0,
              "average_functions": 0.0,
              "average_closures": 1.0,
              "total": 1.0,
              "average": 0.5,
              "functions_min": 0.0,
              "functions_max": 0.0,
              "closures_min": 0.0,
              "closures_max": 1.0
            },
            "nexits": {
              "sum": 4.0,
              "average": 2.0,
              "min": 0.0,
              "max": 4.0
            },
            "cognitive": {
              "sum": 7.0,
              "average": 3.5,
              "min": 0.0,
              "max": 7.0
            },
            "cyclomatic": {
              "sum": 9.0,
              "average": 4.5,
              "min": 1.0,
              "max": 8.0
            },
            "halstead": {
              "n1": 19.0,
              "N1": 104.0,
              "n2": 52.0,
              "N2": 77.0,
              "length": 181.0,
              "estimated_program_length": 377.1334880987649,
              "purity_ratio": 2.083610431484889,
              "vocabulary": 71.0,
              "volume": 1113.1042286303475,
              "difficulty": 14.067307692307692,
              "level": 0.0710868079289132,
              "effort": 15658.379677751907,
              "time": 869.9099820973282,
              "bugs": 0.2086299360372561
            },
            "loc": {
              "sloc": 50.0,
              "ploc": 34.0,
              "lloc": 21.0,
              "cloc": 15.0,
              "blank": 1.0,
              "sloc_average": 25.0,
              "ploc_average": 17.0,
              "lloc_average": 10.5,
              "cloc_average": 7.5,
              "blank_average": 0.5,
              "sloc_min": 48.0,
              "sloc_max": 48.0,
              "cloc_min": 15.0,
              "cloc_max": 15.0,
              "ploc_min": 32.0,
              "ploc_max": 32.0,
              "lloc_min": 19.0,
              "lloc_max": 19.0,
              "blank_min": 1.0,
              "blank_max": 1.0
            },
            "nom": {
              "functions": 1.0,
              "closures": 1.0,
              "functions_average": 0.5,
              "closures_average": 0.5,
              "total": 2.0,
              "average": 1.0,
              "functions_min": 0.0,
              "functions_max": 1.0,
              "closures_min": 0.0,
              "closures_max": 1.0
            },
            "mi": {
              "mi_original": 69.0777057460766,
              "mi_sei": 62.388999619411756,
              "mi_visual_studio": 40.396319149752394
            },
            "abc": {
              "assignments": 0.0,
              "branches": 0.0,
              "conditions": 0.0,
              "magnitude": 0.0,
              "assignments_average": 0.0,
              "branches_average": 0.0,
              "conditions_average": 0.0,
              "assignments_min": 0.0,
              "assignments_max": 0.0,
              "branches_min": 0.0,
              "branches_max": 0.0,
              "conditions_min": 0.0,
              "conditions_max": 0.0
            }
          }
        },
        {
          "name": "getDeduplicationId",
          "start_line": 104,
          "end_line": 119,
          "kind": "function",
          "spaces": [],
          "metrics": {
            "nargs": {
              "total_functions": 1.0,
              "total_closures": 0.0,
              "average_functions": 1.0,
              "average_closures": 0.0,
              "total": 1.0,
              "average": 1.0,
              "functions_min": 1.0,
              "functions_max": 1.0,
              "closures_min": 0.0,
              "closures_max": 0.0
            },
            "nexits": {
              "sum": 1.0,
              "average": 1.0,
              "min": 1.0,
              "max": 1.0
            },
            "cognitive": {
              "sum": 4.0,
              "average": 4.0,
              "min": 4.0,
              "max": 4.0
            },
            "cyclomatic": {
              "sum": 5.0,
              "average": 5.0,
              "min": 5.0,
              "max": 5.0
            },
            "halstead": {
              "n1": 20.0,
              "N1": 49.0,
              "n2": 22.0,
              "N2": 38.0,
              "length": 87.0,
              "estimated_program_length": 184.54605750776778,
              "purity_ratio": 2.121219051813423,
              "vocabulary": 42.0,
              "volume": 469.1316157817522,
              "difficulty": 17.272727272727273,
              "level": 0.05789473684210526,
              "effort": 8103.182454412084,
              "time": 450.1768030228935,
              "bugs": 0.13447735457589255
            },
            "loc": {
              "sloc": 16.0,
              "ploc": 13.0,
              "lloc": 10.0,
              "cloc": 3.0,
              "blank": 0.0,
              "sloc_average": 16.0,
              "ploc_average": 13.0,
              "lloc_average": 10.0,
              "cloc_average": 3.0,
              "blank_average": 0.0,
              "sloc_min": 16.0,
              "sloc_max": 16.0,
              "cloc_min": 3.0,
              "cloc_max": 3.0,
              "ploc_min": 13.0,
              "ploc_max": 13.0,
              "lloc_min": 10.0,
              "lloc_max": 10.0,
              "blank_min": 0.0,
              "blank_max": 0.0
            },
            "nom": {
              "functions": 1.0,
              "closures": 0.0,
              "functions_average": 1.0,
              "closures_average": 0.0,
              "total": 1.0,
              "average": 1.0,
              "functions_min": 1.0,
              "functions_max": 1.0,
              "closures_min": 0.0,
              "closures_max": 0.0
            },
            "mi": {
              "mi_original": 92.94946922905935,
              "mi_sei": 89.98742661465971,
              "mi_visual_studio": 54.35641475383587
            },
            "abc": {
              "assignments": 0.0,
              "branches": 0.0,
              "conditions": 0.0,
              "magnitude": 0.0,
              "assignments_average": 0.0,
              "branches_average": 0.0,
              "conditions_average": 0.0,
              "assignments_min": 0.0,
              "assignments_max": 0.0,
              "branches_min": 0.0,
              "branches_max": 0.0,
              "conditions_min": 0.0,
              "conditions_max": 0.0
            }
          }
        },
        {
          "name": "didUpdateSinceLastCheck",
          "start_line": 125,
          "end_line": 133,
          "kind": "function",
          "spaces": [],
          "metrics": {
            "nargs": {
              "total_functions": 0.0,
              "total_closures": 0.0,
              "average_functions": 0.0,
              "average_closures": 0.0,
              "total": 0.0,
              "average": 0.0,
              "functions_min": 0.0,
              "functions_max": 0.0,
              "closures_min": 0.0,
              "closures_max": 0.0
            },
            "nexits": {
              "sum": 2.0,
              "average": 2.0,
              "min": 2.0,
              "max": 2.0
            },
            "cognitive": {
              "sum": 3.0,
              "average": 3.0,
              "min": 3.0,
              "max": 3.0
            },
            "cyclomatic": {
              "sum": 4.0,
              "average": 4.0,
              "min": 4.0,
              "max": 4.0
            },
            "halstead": {
              "n1": 15.0,
              "N1": 29.0,
              "n2": 13.0,
              "N2": 22.0,
              "length": 51.0,
              "estimated_program_length": 106.70907526996197,
              "purity_ratio": 2.0923348092149405,
              "vocabulary": 28.0,
              "volume": 245.1751010249378,
              "difficulty": 12.692307692307692,
              "level": 0.0787878787878788,
              "effort": 3111.8378207011333,
              "time": 172.87987892784074,
              "bugs": 0.071048794763157
            },
            "loc": {
              "sloc": 9.0,
              "ploc": 9.0,
              "lloc": 7.0,
              "cloc": 0.0,
              "blank": 0.0,
              "sloc_average": 9.0,
              "ploc_average": 9.0,
              "lloc_average": 7.0,
              "cloc_average": 0.0,
              "blank_average": 0.0,
              "sloc_min": 9.0,
              "sloc_max": 9.0,
              "cloc_min": 0.0,
              "cloc_max": 0.0,
              "ploc_min": 9.0,
              "ploc_max": 9.0,
              "lloc_min": 7.0,
              "lloc_max": 7.0,
              "blank_min": 0.0,
              "blank_max": 0.0
            },
            "nom": {
              "functions": 1.0,
              "closures": 0.0,
              "functions_average": 1.0,
              "closures_average": 0.0,
              "total": 1.0,
              "average": 1.0,
              "functions_min": 1.0,
              "functions_max": 1.0,
              "closures_min": 0.0,
              "closures_max": 0.0
            },
            "mi": {
              "mi_original": 105.87470404983382,
              "mi_sei": 77.45133793388702,
              "mi_visual_studio": 61.915031608089954
            },
            "abc": {
              "assignments": 0.0,
              "branches": 0.0,
              "conditions": 0.0,
              "magnitude": 0.0,
              "assignments_average": 0.0,
              "branches_average": 0.0,
              "conditions_average": 0.0,
              "assignments_min": 0.0,
              "assignments_max": 0.0,
              "branches_min": 0.0,
              "branches_max": 0.0,
              "conditions_min": 0.0,
              "conditions_max": 0.0
            }
          }
        },
        {
          "name": "getLoggingPref",
          "start_line": 139,
          "end_line": 160,
          "kind": "function",
          "spaces": [
            {
              "name": "next",
              "start_line": 144,
              "end_line": 159,
              "kind": "function",
              "spaces": [
                {
                  "name": "<anonymous>",
                  "start_line": 156,
                  "end_line": 158,
                  "kind": "function",
                  "spaces": [],
                  "metrics": {
                    "nargs": {
                      "total_functions": 0.0,
                      "total_closures": 1.0,
                      "average_functions": 0.0,
                      "average_closures": 1.0,
                      "total": 1.0,
                      "average": 1.0,
                      "functions_min": 0.0,
                      "functions_max": 0.0,
                      "closures_min": 1.0,
                      "closures_max": 1.0
                    },
                    "nexits": {
                      "sum": 0.0,
                      "average": 0.0,
                      "min": 0.0,
                      "max": 0.0
                    },
                    "cognitive": {
                      "sum": 1.0,
                      "average": 1.0,
                      "min": 1.0,
                      "max": 1.0
                    },
                    "cyclomatic": {
                      "sum": 2.0,
                      "average": 2.0,
                      "min": 2.0,
                      "max": 2.0
                    },
                    "halstead": {
                      "n1": 7.0,
                      "N1": 8.0,
                      "n2": 4.0,
                      "N2": 6.0,
                      "length": 14.0,
                      "estimated_program_length": 27.651484454403228,
                      "purity_ratio": 1.9751060324573735,
                      "vocabulary": 11.0,
                      "volume": 48.432042660922164,
                      "difficulty": 5.25,
                      "level": 0.19047619047619047,
                      "effort": 254.26822396984136,
                      "time": 14.126012442768964,
                      "bugs": 0.013378480962707969
                    },
                    "loc": {
                      "sloc": 3.0,
                      "ploc": 3.0,
                      "lloc": 2.0,
                      "cloc": 0.0,
                      "blank": 0.0,
                      "sloc_average": 3.0,
                      "ploc_average": 3.0,
                      "lloc_average": 2.0,
                      "cloc_average": 0.0,
                      "blank_average": 0.0,
                      "sloc_min": 3.0,
                      "sloc_max": 3.0,
                      "cloc_min": 0.0,
                      "cloc_max": 0.0,
                      "ploc_min": 3.0,
                      "ploc_max": 3.0,
                      "lloc_min": 2.0,
                      "lloc_max": 2.0,
                      "blank_min": 0.0,
                      "blank_max": 0.0
                    },
                    "nom": {
                      "functions": 0.0,
                      "closures": 1.0,
                      "functions_average": 0.0,
                      "closures_average": 1.0,
                      "total": 1.0,
                      "average": 1.0,
                      "functions_min": 0.0,
                      "functions_max": 0.0,
                      "closures_min": 1.0,
                      "closures_max": 1.0
                    },
                    "mi": {
                      "mi_original": 132.56564043134944,
                      "mi_sei": 115.75457976937346,
                      "mi_visual_studio": 77.52376633412248
                    },
                    "abc": {
                      "assignments": 0.0,
                      "branches": 0.0,
                      "conditions": 0.0,
                      "magnitude": 0.0,
                      "assignments_average": 0.0,
                      "branches_average": 0.0,
                      "conditions_average": 0.0,
                      "assignments_min": 0.0,
                      "assignments_max": 0.0,
                      "branches_min": 0.0,
                      "branches_max": 0.0,
                      "conditions_min": 0.0,
                      "conditions_max": 0.0
                    }
                  }
                }
              ],
              "metrics": {
                "nargs": {
                  "total_functions": 1.0,
                  "total_closures": 1.0,
                  "average_functions": 1.0,
                  "average_closures": 1.0,
                  "total": 2.0,
                  "average": 1.0,
                  "functions_min": 0.0,
                  "functions_max": 1.0,
                  "closures_min": 0.0,
                  "closures_max": 1.0
                },
                "nexits": {
                  "sum": 2.0,
                  "average": 1.0,
                  "min": 0.0,
                  "max": 2.0
                },
                "cognitive": {
                  "sum": 6.0,
                  "average": 3.0,
                  "min": 1.0,
                  "max": 5.0
                },
                "cyclomatic": {
                  "sum": 6.0,
                  "average": 3.0,
                  "min": 2.0,
                  "max": 4.0
                },
                "halstead": {
                  "n1": 16.0,
                  "N1": 42.0,
                  "n2": 18.0,
                  "N2": 30.0,
                  "length": 72.0,
                  "estimated_program_length": 139.0586500259616,
                  "purity_ratio": 1.9313701392494669,
                  "vocabulary": 34.0,
                  "volume": 366.29732457002444,
                  "difficulty": 13.333333333333334,
                  "level": 0.075,
                  "effort": 4883.964327600326,
                  "time": 271.33135153335144,
                  "bugs": 0.09595340721877159
                },
                "loc": {
                  "sloc": 16.0,
                  "ploc": 14.0,
                  "lloc": 12.0,
                  "cloc": 0.0,
                  "blank": 2.0,
                  "sloc_average": 8.0,
                  "ploc_average": 7.0,
                  "lloc_average": 6.0,
                  "cloc_average": 0.0,
                  "blank_average": 1.0,
                  "sloc_min": 3.0,
                  "sloc_max": 3.0,
                  "cloc_min": 0.0,
                  "cloc_max": 0.0,
                  "ploc_min": 3.0,
                  "ploc_max": 3.0,
                  "lloc_min": 2.0,
                  "lloc_max": 2.0,
                  "blank_min": 0.0,
                  "blank_max": 0.0
                },
                "nom": {
                  "functions": 1.0,
                  "closures": 1.0,
                  "functions_average": 0.5,
                  "closures_average": 0.5,
                  "total": 2.0,
                  "average": 1.0,
                  "functions_min": 0.0,
                  "functions_max": 1.0,
                  "closures_min": 0.0,
                  "closures_max": 1.0
                },
                "mi": {
                  "mi_original": 94.00614679741538,
                  "mi_sei": 60.53226896212509,
                  "mi_visual_studio": 54.9743548522897
                },
                "abc": {
                  "assignments": 0.0,
                  "branches": 0.0,
                  "conditions": 0.0,
                  "magnitude": 0.0,
                  "assignments_average": 0.0,
                  "branches_average": 0.0,
                  "conditions_average": 0.0,
                  "assignments_min": 0.0,
                  "assignments_max": 0.0,
                  "branches_min": 0.0,
                  "branches_max": 0.0,
                  "conditions_min": 0.0,
                  "conditions_max": 0.0
                }
              }
            }
          ],
          "metrics": {
            "nargs": {
              "total_functions": 2.0,
              "total_closures": 1.0,
              "average_functions": 1.0,
              "average_closures": 1.0,
              "total": 3.0,
              "average": 1.0,
              "functions_min": 0.0,
              "functions_max": 1.0,
              "closures_min": 0.0,
              "closures_max": 1.0
            },
            "nexits": {
              "sum": 2.0,
              "average": 0.6666666666666666,
              "min": 0.0,
              "max": 2.0
            },
            "cognitive": {
              "sum": 6.0,
              "average": 2.0,
              "min": 0.0,
              "max": 5.0
            },
            "cyclomatic": {
              "sum": 7.0,
              "average": 2.3333333333333335,
              "min": 1.0,
              "max": 4.0
            },
            "halstead": {
              "n1": 16.0,
              "N1": 53.0,
              "n2": 22.0,
              "N2": 37.0,
              "length": 90.0,
              "estimated_program_length": 162.10749561002052,
              "purity_ratio": 1.8011943956668948,
              "vocabulary": 38.0,
              "volume": 472.31347620992267,
              "difficulty": 13.454545454545455,
              "level": 0.07432432432432433,
              "effort": 6354.763134460778,
              "time": 353.04239635893214,
              "bugs": 0.11436109987662865
            },
            "loc": {
              "sloc": 22.0,
              "ploc": 18.0,
              "lloc": 14.0,
              "cloc": 1.0,
              "blank": 3.0,
              "sloc_average": 7.333333333333333,
              "ploc_average": 6.0,
              "lloc_average": 4.666666666666667,
              "cloc_average": 0.3333333333333333,
              "blank_average": 1.0,
              "sloc_min": 16.0,
              "sloc_max": 16.0,
              "cloc_min": 0.0,
              "cloc_max": 0.0,
              "ploc_min": 14.0,
              "ploc_max": 14.0,
              "lloc_min": 12.0,
              "lloc_max": 12.0,
              "blank_min": 2.0,
              "blank_max": 2.0
            },
            "nom": {
              "functions": 2.0,
              "closures": 1.0,
              "functions_average": 0.6666666666666666,
              "closures_average": 0.3333333333333333,
              "total": 3.0,
              "average": 1.0,
              "functions_min": 0.0,
              "functions_max": 1.0,
              "closures_min": 0.0,
              "closures_max": 1.0
            },
            "mi": {
              "mi_original": 87.29536912540624,
              "mi_sei": 67.16831033523115,
              "mi_visual_studio": 51.049923465149845
            },
            "abc": {
              "assignments": 0.0,
              "branches": 0.0,
              "conditions": 0.0,
              "magnitude": 0.0,
              "assignments_average": 0.0,
              "branches_average": 0.0,
              "conditions_average": 0.0,
              "assignments_min": 0.0,
              "assignments_max": 0.0,
              "branches_min": 0.0,
              "branches_max": 0.0,
              "conditions_min": 0.0,
              "conditions_max": 0.0
            }
          }
        }
      ],
      "metrics": {
        "nargs": {
          "total_functions": 3.0,
          "total_closures": 2.0,
          "average_functions": 0.6,
          "average_closures": 0.6666666666666666,
          "total": 5.0,
          "average": 0.625,
          "functions_min": 0.0,
          "functions_max": 1.0,
          "closures_min": 0.0,
          "closures_max": 1.0
        },
        "nexits": {
          "sum": 11.0,
          "average": 1.375,
          "min": 0.0,
          "max": 4.0
        },
        "cognitive": {
          "sum": 22.0,
          "average": 2.75,
          "min": 0.0,
          "max": 7.0
        },
        "cyclomatic": {
          "sum": 28.0,
          "average": 3.5,
          "min": 1.0,
          "max": 8.0
        },
        "halstead": {
          "n1": 31.0,
          "N1": 270.0,
          "n2": 116.0,
          "N2": 199.0,
          "length": 469.0,
          "estimated_program_length": 949.1058810567914,
          "purity_ratio": 2.02367991696544,
          "vocabulary": 147.0,
          "volume": 3376.646329728255,
          "difficulty": 26.59051724137931,
          "level": 0.03760739179769817,
          "effort": 89786.77244867933,
          "time": 4988.154024926629,
          "bugs": 0.6683751873272645
        },
        "loc": {
          "sloc": 144.0,
          "ploc": 88.0,
          "lloc": 63.0,
          "cloc": 44.0,
          "blank": 12.0,
          "sloc_average": 18.0,
          "ploc_average": 11.0,
          "lloc_average": 7.875,
          "cloc_average": 5.5,
          "blank_average": 1.5,
          "sloc_min": 9.0,
          "sloc_max": 50.0,
          "cloc_min": 0.0,
          "cloc_max": 15.0,
          "ploc_min": 9.0,
          "ploc_max": 34.0,
          "lloc_min": 7.0,
          "lloc_max": 21.0,
          "blank_min": 0.0,
          "blank_max": 3.0
        },
        "nom": {
          "functions": 5.0,
          "closures": 3.0,
          "functions_average": 0.625,
          "closures_average": 0.375,
          "total": 8.0,
          "average": 1.0,
          "functions_min": 0.0,
          "functions_max": 1.0,
          "closures_min": 0.0,
          "closures_max": 1.0
        },
        "mi": {
          "mi_original": 41.80090546085873,
          "mi_sei": 25.228831198734675,
          "mi_visual_studio": 24.444973953718556
        },
        "abc": {
          "assignments": 0.0,
          "branches": 0.0,
          "conditions": 0.0,
          "magnitude": 0.0,
          "assignments_average": 0.0,
          "branches_average": 0.0,
          "conditions_average": 0.0,
          "assignments_min": 0.0,
          "assignments_max": 0.0,
          "branches_min": 0.0,
          "branches_max": 0.0,
          "conditions_min": 0.0,
          "conditions_max": 0.0
        }
      }
    }
  ],
  "metrics": {
    "nargs": {
      "total_functions": 3.0,
      "total_closures": 2.0,
      "average_functions": 0.6,
      "average_closures": 0.6666666666666666,
      "total": 5.0,
      "average": 0.625,
      "functions_min": 0.0,
      "functions_max": 1.0,
      "closures_min": 0.0,
      "closures_max": 1.0
    },
    "nexits": {
      "sum": 11.0,
      "average": 1.375,
      "min": 0.0,
      "max": 4.0
    },
    "cognitive": {
      "sum": 22.0,
      "average": 2.75,
      "min": 0.0,
      "max": 7.0
    },
    "cyclomatic": {
      "sum": 29.0,
      "average": 3.2222222222222223,
      "min": 1.0,
      "max": 8.0
    },
    "halstead": {
      "n1": 31.0,
      "N1": 273.0,
      "n2": 116.0,
      "N2": 199.0,
      "length": 472.0,
      "estimated_program_length": 949.1058810567914,
      "purity_ratio": 2.010817544611846,
      "vocabulary": 147.0,
      "volume": 3398.245346762764,
      "difficulty": 26.59051724137931,
      "level": 0.03760739179769817,
      "effort": 90361.10148353229,
      "time": 5020.061193529571,
      "bugs": 0.671222371344469
    },
    "loc": {
      "sloc": 161.0,
      "ploc": 88.0,
      "lloc": 64.0,
      "cloc": 60.0,
      "blank": 13.0,
      "sloc_average": 17.88888888888889,
      "ploc_average": 9.777777777777779,
      "lloc_average": 7.111111111111111,
      "cloc_average": 6.666666666666667,
      "blank_average": 1.4444444444444444,
      "sloc_min": 144.0,
      "sloc_max": 144.0,
      "cloc_min": 44.0,
      "cloc_max": 44.0,
      "ploc_min": 88.0,
      "ploc_max": 88.0,
      "lloc_min": 63.0,
      "lloc_max": 63.0,
      "blank_min": 12.0,
      "blank_max": 12.0
    },
    "nom": {
      "functions": 5.0,
      "closures": 3.0,
      "functions_average": 0.5555555555555556,
      "closures_average": 0.3333333333333333,
      "total": 8.0,
      "average": 0.8888888888888888,
      "functions_min": 0.0,
      "functions_max": 1.0,
      "closures_min": 0.0,
      "closures_max": 1.0
    },
    "mi": {
      "mi_original": 39.7299738721174,
      "mi_sei": 25.116448493054364,
      "mi_visual_studio": 23.233902849191463
    },
    "abc": {
      "assignments": 0.0,
      "branches": 0.0,
      "conditions": 0.0,
      "magnitude": 0.0,
      "assignments_average": 0.0,
      "branches_average": 0.0,
      "conditions_average": 0.0,
      "assignments_min": 0.0,
      "assignments_max": 0.0,
      "branches_min": 0.0,
      "branches_max": 0.0,
      "conditions_min": 0.0,
      "conditions_max": 0.0
    }
  }
}
