---
source: tests/common/mod.rs
expression: funcspace_struct
---
{
  "name": null,
  "start_line": 1,
  "end_line": 109,
  "kind": "unit",
  "spaces": [
    {
      "name": "<anonymous>",
      "start_line": 19,
      "end_line": 109,
      "kind": "function",
      "spaces": [
        {
          "name": "<anonymous>",
          "start_line": 23,
          "end_line": 55,
          "kind": "function",
          "spaces": [
            {
              "name": "<anonymous>",
              "start_line": 33,
              "end_line": 36,
              "kind": "function",
              "spaces": [],
              "metrics": {
                "nargs": {
                  "total_functions": 0.0,
                  "total_closures": 0.0,
                  "average_functions": 0.0,
                  "average_closures": 0.0,
                  "total": 0.0,
                  "average": 0.0,
                  "functions_min": 0.0,
                  "functions_max": 0.0,
                  "closures_min": 0.0,
                  "closures_max": 0.0
                },
                "nexits": {
                  "sum": 0.0,
                  "average": 0.0,
                  "min": 0.0,
                  "max": 0.0
                },
                "cognitive": {
                  "sum": 0.0,
                  "average": 0.0,
                  "min": 0.0,
                  "max": 0.0
                },
                "cyclomatic": {
                  "sum": 1.0,
                  "average": 1.0,
                  "min": 1.0,
                  "max": 1.0
                },
                "halstead": {
                  "n1": 7.0,
                  "N1": 10.0,
                  "n2": 5.0,
                  "N2": 8.0,
                  "length": 18.0,
                  "estimated_program_length": 31.26112492884004,
                  "purity_ratio": 1.7367291627133357,
                  "vocabulary": 12.0,
                  "volume": 64.5293250129808,
                  "difficulty": 5.6,
                  "level": 0.17857142857142858,
                  "effort": 361.3642200726925,
                  "time": 20.07579000403847,
                  "bugs": 0.01691124227921504
                },
                "loc": {
                  "sloc": 4.0,
                  "ploc": 4.0,
                  "lloc": 3.0,
                  "cloc": 0.0,
                  "blank": 0.0,
                  "sloc_average": 4.0,
                  "ploc_average": 4.0,
                  "lloc_average": 3.0,
                  "cloc_average": 0.0,
                  "blank_average": 0.0,
                  "sloc_min": 4.0,
                  "sloc_max": 4.0,
                  "cloc_min": 0.0,
                  "cloc_max": 0.0,
                  "ploc_min": 4.0,
                  "ploc_max": 4.0,
                  "lloc_min": 3.0,
                  "lloc_max": 3.0,
                  "blank_min": 0.0,
                  "blank_max": 0.0
                },
                "nom": {
                  "functions": 0.0,
                  "closures": 1.0,
                  "functions_average": 0.0,
                  "closures_average": 1.0,
                  "total": 1.0,
                  "average": 1.0,
                  "functions_min": 0.0,
                  "functions_max": 0.0,
                  "closures_min": 1.0,
                  "closures_max": 1.0
                },
                "mi": {
                  "mi_original": 126.64300853627338,
                  "mi_sei": 107.10820824593196,
                  "mi_visual_studio": 74.0602389101014
                },
                "abc": {
                  "assignments": 0.0,
                  "branches": 0.0,
                  "conditions": 0.0,
                  "magnitude": 0.0,
                  "assignments_average": 0.0,
                  "branches_average": 0.0,
                  "conditions_average": 0.0,
                  "assignments_min": 0.0,
                  "assignments_max": 0.0,
                  "branches_min": 0.0,
                  "branches_max": 0.0,
                  "conditions_min": 0.0,
                  "conditions_max": 0.0
                }
              }
            },
            {
              "name": "read",
              "start_line": 39,
              "end_line": 48,
              "kind": "function",
              "spaces": [
                {
                  "name": "<anonymous>",
                  "start_line": 40,
                  "end_line": 47,
                  "kind": "function",
                  "spaces": [],
                  "metrics": {
                    "nargs": {
                      "total_functions": 0.0,
                      "total_closures": 1.0,
                      "average_functions": 0.0,
                      "average_closures": 1.0,
                      "total": 1.0,
                      "average": 1.0,
                      "functions_min": 0.0,
                      "functions_max": 0.0,
                      "closures_min": 1.0,
                      "closures_max": 1.0
                    },
                    "nexits": {
                      "sum": 2.0,
                      "average": 2.0,
                      "min": 2.0,
                      "max": 2.0
                    },
                    "cognitive": {
                      "sum": 1.0,
                      "average": 1.0,
                      "min": 1.0,
                      "max": 1.0
                    },
                    "cyclomatic": {
                      "sum": 2.0,
                      "average": 2.0,
                      "min": 2.0,
                      "max": 2.0
                    },
                    "halstead": {
                      "n1": 9.0,
                      "N1": 17.0,
                      "n2": 10.0,
                      "N2": 12.0,
                      "length": 29.0,
                      "estimated_program_length": 61.74860596185444,
                      "purity_ratio": 2.1292622745467047,
                      "vocabulary": 19.0,
                      "volume": 123.18989788986397,
                      "difficulty": 5.4,
                      "level": 0.18518518518518517,
                      "effort": 665.2254486052655,
                      "time": 36.95696936695919,
                      "bugs": 0.02540141921590583
                    },
                    "loc": {
                      "sloc": 8.0,
                      "ploc": 7.0,
                      "lloc": 6.0,
                      "cloc": 0.0,
                      "blank": 1.0,
                      "sloc_average": 8.0,
                      "ploc_average": 7.0,
                      "lloc_average": 6.0,
                      "cloc_average": 0.0,
                      "blank_average": 1.0,
                      "sloc_min": 8.0,
                      "sloc_max": 8.0,
                      "cloc_min": 0.0,
                      "cloc_max": 0.0,
                      "ploc_min": 7.0,
                      "ploc_max": 7.0,
                      "lloc_min": 6.0,
                      "lloc_max": 6.0,
                      "blank_min": 1.0,
                      "blank_max": 1.0
                    },
                    "nom": {
                      "functions": 0.0,
                      "closures": 1.0,
                      "functions_average": 0.0,
                      "closures_average": 1.0,
                      "total": 1.0,
                      "average": 1.0,
                      "functions_min": 0.0,
                      "functions_max": 0.0,
                      "closures_min": 1.0,
                      "closures_max": 1.0
                    },
                    "mi": {
                      "mi_original": 111.82166636431751,
                      "mi_sei": 85.82735125453726,
                      "mi_visual_studio": 65.3927873475541
                    },
                    "abc": {
                      "assignments": 0.0,
                      "branches": 0.0,
                      "conditions": 0.0,
                      "magnitude": 0.0,
                      "assignments_average": 0.0,
                      "branches_average": 0.0,
                      "conditions_average": 0.0,
                      "assignments_min": 0.0,
                      "assignments_max": 0.0,
                      "branches_min": 0.0,
                      "branches_max": 0.0,
                      "conditions_min": 0.0,
                      "conditions_max": 0.0
                    }
                  }
                }
              ],
              "metrics": {
                "nargs": {
                  "total_functions": 0.0,
                  "total_closures": 1.0,
                  "average_functions": 0.0,
                  "average_closures": 1.0,
                  "total": 1.0,
                  "average": 0.5,
                  "functions_min": 0.0,
                  "functions_max": 0.0,
                  "closures_min": 0.0,
                  "closures_max": 1.0
                },
                "nexits": {
                  "sum": 3.0,
                  "average": 1.5,
                  "min": 1.0,
                  "max": 2.0
                },
                "cognitive": {
                  "sum": 1.0,
                  "average": 0.5,
                  "min": 0.0,
                  "max": 1.0
                },
                "cyclomatic": {
                  "sum": 3.0,
                  "average": 1.5,
                  "min": 1.0,
                  "max": 2.0
                },
                "halstead": {
                  "n1": 9.0,
                  "N1": 27.0,
                  "n2": 14.0,
                  "N2": 17.0,
                  "length": 44.0,
                  "estimated_program_length": 81.83229392178727,
                  "purity_ratio": 1.8598248618588016,
                  "vocabulary": 23.0,
                  "volume": 199.03672606650858,
                  "difficulty": 5.464285714285714,
                  "level": 0.1830065359477124,
                  "effort": 1087.5935388634218,
                  "time": 60.4218632701901,
                  "bugs": 0.035252492148467526
                },
                "loc": {
                  "sloc": 10.0,
                  "ploc": 9.0,
                  "lloc": 8.0,
                  "cloc": 0.0,
                  "blank": 1.0,
                  "sloc_average": 5.0,
                  "ploc_average": 4.5,
                  "lloc_average": 4.0,
                  "cloc_average": 0.0,
                  "blank_average": 0.5,
                  "sloc_min": 8.0,
                  "sloc_max": 8.0,
                  "cloc_min": 0.0,
                  "cloc_max": 0.0,
                  "ploc_min": 7.0,
                  "ploc_max": 7.0,
                  "lloc_min": 6.0,
                  "lloc_max": 6.0,
                  "blank_min": 1.0,
                  "blank_max": 1.0
                },
                "nom": {
                  "functions": 1.0,
                  "closures": 1.0,
                  "functions_average": 0.5,
                  "closures_average": 0.5,
                  "total": 2.0,
                  "average": 1.0,
                  "functions_min": 0.0,
                  "functions_max": 1.0,
                  "closures_min": 0.0,
                  "closures_max": 1.0
                },
                "mi": {
                  "mi_original": 105.48197681736404,
                  "mi_sei": 76.78293244377635,
                  "mi_visual_studio": 61.68536655986202
                },
                "abc": {
                  "assignments": 0.0,
                  "branches": 0.0,
                  "conditions": 0.0,
                  "magnitude": 0.0,
                  "assignments_average": 0.0,
                  "branches_average": 0.0,
                  "conditions_average": 0.0,
                  "assignments_min": 0.0,
                  "assignments_max": 0.0,
                  "branches_min": 0.0,
                  "branches_max": 0.0,
                  "conditions_min": 0.0,
                  "conditions_max": 0.0
                }
              }
            }
          ],
          "metrics": {
            "nargs": {
              "total_functions": 0.0,
              "total_closures": 1.0,
              "average_functions": 0.0,
              "average_closures": 0.3333333333333333,
              "total": 1.0,
              "average": 0.25,
              "functions_min": 0.0,
              "functions_max": 0.0,
              "closures_min": 0.0,
              "closures_max": 1.0
            },
            "nexits": {
              "sum": 3.0,
              "average": 0.75,
              "min": 0.0,
              "max": 2.0
            },
            "cognitive": {
              "sum": 1.0,
              "average": 0.25,
              "min": 0.0,
              "max": 1.0
            },
            "cyclomatic": {
              "sum": 5.0,
              "average": 1.25,
              "min": 1.0,
              "max": 2.0
            },
            "halstead": {
              "n1": 18.0,
              "N1": 93.0,
              "n2": 42.0,
              "N2": 68.0,
              "length": 161.0,
              "estimated_program_length": 301.5359817826695,
              "purity_ratio": 1.8728942967867672,
              "vocabulary": 60.0,
              "volume": 951.0093858929715,
              "difficulty": 14.571428571428571,
              "level": 0.06862745098039216,
              "effort": 13857.565337297585,
              "time": 769.864740960977,
              "bugs": 0.19231066452678117
            },
            "loc": {
              "sloc": 33.0,
              "ploc": 27.0,
              "lloc": 16.0,
              "cloc": 0.0,
              "blank": 6.0,
              "sloc_average": 8.25,
              "ploc_average": 6.75,
              "lloc_average": 4.0,
              "cloc_average": 0.0,
              "blank_average": 1.5,
              "sloc_min": 4.0,
              "sloc_max": 10.0,
              "cloc_min": 0.0,
              "cloc_max": 0.0,
              "ploc_min": 4.0,
              "ploc_max": 9.0,
              "lloc_min": 3.0,
              "lloc_max": 8.0,
              "blank_min": 0.0,
              "blank_max": 1.0
            },
            "nom": {
              "functions": 1.0,
              "closures": 3.0,
              "functions_average": 0.25,
              "closures_average": 0.75,
              "total": 4.0,
              "average": 1.0,
              "functions_min": 0.0,
              "functions_max": 1.0,
              "closures_min": 0.0,
              "closures_max": 1.0
            },
            "mi": {
              "mi_original": 77.5474530578686,
              "mi_sei": 36.68557326516628,
              "mi_visual_studio": 45.34938775313953
            },
            "abc": {
              "assignments": 0.0,
              "branches": 0.0,
              "conditions": 0.0,
              "magnitude": 0.0,
              "assignments_average": 0.0,
              "branches_average": 0.0,
              "conditions_average": 0.0,
              "assignments_min": 0.0,
              "assignments_max": 0.0,
              "branches_min": 0.0,
              "branches_max": 0.0,
              "conditions_min": 0.0,
              "conditions_max": 0.0
            }
          }
        },
        {
          "name": "<anonymous>",
          "start_line": 57,
          "end_line": 108,
          "kind": "function",
          "spaces": [
            {
              "name": "<anonymous>",
              "start_line": 69,
              "end_line": 75,
              "kind": "function",
              "spaces": [],
              "metrics": {
                "nargs": {
                  "total_functions": 0.0,
                  "total_closures": 0.0,
                  "average_functions": 0.0,
                  "average_closures": 0.0,
                  "total": 0.0,
                  "average": 0.0,
                  "functions_min": 0.0,
                  "functions_max": 0.0,
                  "closures_min": 0.0,
                  "closures_max": 0.0
                },
                "nexits": {
                  "sum": 0.0,
                  "average": 0.0,
                  "min": 0.0,
                  "max": 0.0
                },
                "cognitive": {
                  "sum": 0.0,
                  "average": 0.0,
                  "min": 0.0,
                  "max": 0.0
                },
                "cyclomatic": {
                  "sum": 1.0,
                  "average": 1.0,
                  "min": 1.0,
                  "max": 1.0
                },
                "halstead": {
                  "n1": 8.0,
                  "N1": 17.0,
                  "n2": 11.0,
                  "N2": 15.0,
                  "length": 32.0,
                  "estimated_program_length": 62.05374780501027,
                  "purity_ratio": 1.9391796189065709,
                  "vocabulary": 19.0,
                  "volume": 135.93368043019473,
                  "difficulty": 5.454545454545454,
                  "level": 0.18333333333333335,
                  "effort": 741.456438710153,
                  "time": 41.19202437278628,
                  "bugs": 0.02730669707521295
                },
                "loc": {
                  "sloc": 7.0,
                  "ploc": 6.0,
                  "lloc": 5.0,
                  "cloc": 1.0,
                  "blank": 0.0,
                  "sloc_average": 7.0,
                  "ploc_average": 6.0,
                  "lloc_average": 5.0,
                  "cloc_average": 1.0,
                  "blank_average": 0.0,
                  "sloc_min": 7.0,
                  "sloc_max": 7.0,
                  "cloc_min": 1.0,
                  "cloc_max": 1.0,
                  "ploc_min": 6.0,
                  "ploc_max": 6.0,
                  "lloc_min": 5.0,
                  "lloc_max": 5.0,
                  "blank_min": 0.0,
                  "blank_max": 0.0
                },
                "nom": {
                  "functions": 0.0,
                  "closures": 1.0,
                  "functions_average": 0.0,
                  "closures_average": 1.0,
                  "total": 1.0,
                  "average": 1.0,
                  "functions_min": 0.0,
                  "functions_max": 0.0,
                  "closures_min": 1.0,
                  "closures_max": 1.0
                },
                "mi": {
                  "mi_original": 113.70298654620589,
                  "mi_sei": 116.07217983195974,
                  "mi_visual_studio": 66.49297458842449
                },
                "abc": {
                  "assignments": 0.0,
                  "branches": 0.0,
                  "conditions": 0.0,
                  "magnitude": 0.0,
                  "assignments_average": 0.0,
                  "branches_average": 0.0,
                  "conditions_average": 0.0,
                  "assignments_min": 0.0,
                  "assignments_max": 0.0,
                  "branches_min": 0.0,
                  "branches_max": 0.0,
                  "conditions_min": 0.0,
                  "conditions_max": 0.0
                }
              }
            },
            {
              "name": "read",
              "start_line": 86,
              "end_line": 95,
              "kind": "function",
              "spaces": [
                {
                  "name": "<anonymous>",
                  "start_line": 87,
                  "end_line": 94,
                  "kind": "function",
                  "spaces": [],
                  "metrics": {
                    "nargs": {
                      "total_functions": 0.0,
                      "total_closures": 1.0,
                      "average_functions": 0.0,
                      "average_closures": 1.0,
                      "total": 1.0,
                      "average": 1.0,
                      "functions_min": 0.0,
                      "functions_max": 0.0,
                      "closures_min": 1.0,
                      "closures_max": 1.0
                    },
                    "nexits": {
                      "sum": 2.0,
                      "average": 2.0,
                      "min": 2.0,
                      "max": 2.0
                    },
                    "cognitive": {
                      "sum": 1.0,
                      "average": 1.0,
                      "min": 1.0,
                      "max": 1.0
                    },
                    "cyclomatic": {
                      "sum": 2.0,
                      "average": 2.0,
                      "min": 2.0,
                      "max": 2.0
                    },
                    "halstead": {
                      "n1": 10.0,
                      "N1": 19.0,
                      "n2": 12.0,
                      "N2": 16.0,
                      "length": 35.0,
                      "estimated_program_length": 76.2388309575275,
                      "purity_ratio": 2.178252313072214,
                      "vocabulary": 22.0,
                      "volume": 156.0801066523054,
                      "difficulty": 6.666666666666667,
                      "level": 0.15,
                      "effort": 1040.5340443487028,
                      "time": 57.80744690826126,
                      "bugs": 0.03422811175877441
                    },
                    "loc": {
                      "sloc": 8.0,
                      "ploc": 7.0,
                      "lloc": 6.0,
                      "cloc": 0.0,
                      "blank": 1.0,
                      "sloc_average": 8.0,
                      "ploc_average": 7.0,
                      "lloc_average": 6.0,
                      "cloc_average": 0.0,
                      "blank_average": 1.0,
                      "sloc_min": 8.0,
                      "sloc_max": 8.0,
                      "cloc_min": 0.0,
                      "cloc_max": 0.0,
                      "ploc_min": 7.0,
                      "ploc_max": 7.0,
                      "lloc_min": 6.0,
                      "lloc_max": 6.0,
                      "blank_min": 1.0,
                      "blank_max": 1.0
                    },
                    "nom": {
                      "functions": 0.0,
                      "closures": 1.0,
                      "functions_average": 0.0,
                      "closures_average": 1.0,
                      "total": 1.0,
                      "average": 1.0,
                      "functions_min": 0.0,
                      "functions_max": 0.0,
                      "closures_min": 1.0,
                      "closures_max": 1.0
                    },
                    "mi": {
                      "mi_original": 110.59112625069596,
                      "mi_sei": 84.0520571350005,
                      "mi_visual_studio": 64.67317324602104
                    },
                    "abc": {
                      "assignments": 0.0,
                      "branches": 0.0,
                      "conditions": 0.0,
                      "magnitude": 0.0,
                      "assignments_average": 0.0,
                      "branches_average": 0.0,
                      "conditions_average": 0.0,
                      "assignments_min": 0.0,
                      "assignments_max": 0.0,
                      "branches_min": 0.0,
                      "branches_max": 0.0,
                      "conditions_min": 0.0,
                      "conditions_max": 0.0
                    }
                  }
                }
              ],
              "metrics": {
                "nargs": {
                  "total_functions": 2.0,
                  "total_closures": 1.0,
                  "average_functions": 2.0,
                  "average_closures": 1.0,
                  "total": 3.0,
                  "average": 1.5,
                  "functions_min": 0.0,
                  "functions_max": 2.0,
                  "closures_min": 0.0,
                  "closures_max": 1.0
                },
                "nexits": {
                  "sum": 3.0,
                  "average": 1.5,
                  "min": 1.0,
                  "max": 2.0
                },
                "cognitive": {
                  "sum": 1.0,
                  "average": 0.5,
                  "min": 0.0,
                  "max": 1.0
                },
                "cyclomatic": {
                  "sum": 3.0,
                  "average": 1.5,
                  "min": 1.0,
                  "max": 2.0
                },
                "halstead": {
                  "n1": 10.0,
                  "N1": 30.0,
                  "n2": 15.0,
                  "N2": 23.0,
                  "length": 53.0,
                  "estimated_program_length": 91.82263988300141,
                  "purity_ratio": 1.7325026393019134,
                  "vocabulary": 25.0,
                  "volume": 246.1243780580604,
                  "difficulty": 7.666666666666667,
                  "level": 0.13043478260869565,
                  "effort": 1886.9535651117965,
                  "time": 104.83075361732203,
                  "bugs": 0.05090020763662389
                },
                "loc": {
                  "sloc": 10.0,
                  "ploc": 9.0,
                  "lloc": 8.0,
                  "cloc": 0.0,
                  "blank": 1.0,
                  "sloc_average": 5.0,
                  "ploc_average": 4.5,
                  "lloc_average": 4.0,
                  "cloc_average": 0.0,
                  "blank_average": 0.5,
                  "sloc_min": 8.0,
                  "sloc_max": 8.0,
                  "cloc_min": 0.0,
                  "cloc_max": 0.0,
                  "ploc_min": 7.0,
                  "ploc_max": 7.0,
                  "lloc_min": 6.0,
                  "lloc_max": 6.0,
                  "blank_min": 1.0,
                  "blank_max": 1.0
                },
                "nom": {
                  "functions": 1.0,
                  "closures": 1.0,
                  "functions_average": 0.5,
                  "closures_average": 0.5,
                  "total": 2.0,
                  "average": 1.0,
                  "functions_min": 0.0,
                  "functions_max": 1.0,
                  "closures_min": 0.0,
                  "closures_max": 1.0
                },
                "mi": {
                  "mi_original": 104.37776904138808,
                  "mi_sei": 75.18989736126481,
                  "mi_visual_studio": 61.0396310183556
                },
                "abc": {
                  "assignments": 0.0,
                  "branches": 0.0,
                  "conditions": 0.0,
                  "magnitude": 0.0,
                  "assignments_average": 0.0,
                  "branches_average": 0.0,
                  "conditions_average": 0.0,
                  "assignments_min": 0.0,
                  "assignments_max": 0.0,
                  "branches_min": 0.0,
                  "branches_max": 0.0,
                  "conditions_min": 0.0,
                  "conditions_max": 0.0
                }
              }
            }
          ],
          "metrics": {
            "nargs": {
              "total_functions": 2.0,
              "total_closures": 1.0,
              "average_functions": 2.0,
              "average_closures": 0.3333333333333333,
              "total": 3.0,
              "average": 0.75,
              "functions_min": 0.0,
              "functions_max": 2.0,
              "closures_min": 0.0,
              "closures_max": 1.0
            },
            "nexits": {
              "sum": 3.0,
              "average": 0.75,
              "min": 0.0,
              "max": 2.0
            },
            "cognitive": {
              "sum": 2.0,
              "average": 0.5,
              "min": 0.0,
              "max": 1.0
            },
            "cyclomatic": {
              "sum": 6.0,
              "average": 1.5,
              "min": 1.0,
              "max": 2.0
            },
            "halstead": {
              "n1": 21.0,
              "N1": 151.0,
              "n2": 63.0,
              "N2": 129.0,
              "length": 280.0,
              "estimated_program_length": 468.80730105884874,
              "purity_ratio": 1.6743117894958883,
              "vocabulary": 84.0,
              "volume": 1789.848878378053,
              "difficulty": 21.5,
              "level": 0.046511627906976744,
              "effort": 38481.75088512814,
              "time": 2137.8750491737856,
              "bugs": 0.3799402415506665
            },
            "loc": {
              "sloc": 52.0,
              "ploc": 44.0,
              "lloc": 20.0,
              "cloc": 1.0,
              "blank": 7.0,
              "sloc_average": 13.0,
              "ploc_average": 11.0,
              "lloc_average": 5.0,
              "cloc_average": 0.25,
              "blank_average": 1.75,
              "sloc_min": 7.0,
              "sloc_max": 10.0,
              "cloc_min": 0.0,
              "cloc_max": 1.0,
              "ploc_min": 6.0,
              "ploc_max": 9.0,
              "lloc_min": 5.0,
              "lloc_max": 8.0,
              "blank_min": 0.0,
              "blank_max": 1.0
            },
            "nom": {
              "functions": 1.0,
              "closures": 3.0,
              "functions_average": 0.25,
              "closures_average": 0.75,
              "total": 4.0,
              "average": 1.0,
              "functions_min": 0.0,
              "functions_max": 1.0,
              "closures_min": 0.0,
              "closures_max": 1.0
            },
            "mi": {
              "mi_original": 66.66244211610592,
              "mi_sei": 31.742926762216385,
              "mi_visual_studio": 38.98388427842452
            },
            "abc": {
              "assignments": 0.0,
              "branches": 0.0,
              "conditions": 0.0,
              "magnitude": 0.0,
              "assignments_average": 0.0,
              "branches_average": 0.0,
              "conditions_average": 0.0,
              "assignments_min": 0.0,
              "assignments_max": 0.0,
              "branches_min": 0.0,
              "branches_max": 0.0,
              "conditions_min": 0.0,
              "conditions_max": 0.0
            }
          }
        }
      ],
      "metrics": {
        "nargs": {
          "total_functions": 2.0,
          "total_closures": 2.0,
          "average_functions": 1.0,
          "average_closures": 0.2857142857142857,
          "total": 4.0,
          "average": 0.4444444444444444,
          "functions_min": 0.0,
          "functions_max": 2.0,
          "closures_min": 0.0,
          "closures_max": 1.0
        },
        "nexits": {
          "sum": 6.0,
          "average": 0.6666666666666666,
          "min": 0.0,
          "max": 2.0
        },
        "cognitive": {
          "sum": 3.0,
          "average": 0.3333333333333333,
          "min": 0.0,
          "max": 1.0
        },
        "cyclomatic": {
          "sum": 12.0,
          "average": 1.3333333333333333,
          "min": 1.0,
          "max": 2.0
        },
        "halstead": {
          "n1": 21.0,
          "N1": 265.0,
          "n2": 78.0,
          "N2": 211.0,
          "length": 476.0,
          "estimated_program_length": 582.5000389496093,
          "purity_ratio": 1.2237395776252298,
          "vocabulary": 99.0,
          "volume": 3155.573751157894,
          "difficulty": 28.403846153846153,
          "level": 0.035206499661475966,
          "effort": 89630.43135500402,
          "time": 4979.468408611335,
          "bugs": 0.6675990904066258
        },
        "loc": {
          "sloc": 91.0,
          "ploc": 75.0,
          "lloc": 39.0,
          "cloc": 1.0,
          "blank": 15.0,
          "sloc_average": 10.11111111111111,
          "ploc_average": 8.333333333333334,
          "lloc_average": 4.333333333333333,
          "cloc_average": 0.1111111111111111,
          "blank_average": 1.6666666666666667,
          "sloc_min": 33.0,
          "sloc_max": 52.0,
          "cloc_min": 0.0,
          "cloc_max": 1.0,
          "ploc_min": 27.0,
          "ploc_max": 44.0,
          "lloc_min": 16.0,
          "lloc_max": 20.0,
          "blank_min": 6.0,
          "blank_max": 7.0
        },
        "nom": {
          "functions": 2.0,
          "closures": 7.0,
          "functions_average": 0.2222222222222222,
          "closures_average": 0.7777777777777778,
          "total": 9.0,
          "average": 1.0,
          "functions_min": 0.0,
          "functions_max": 1.0,
          "closures_min": 0.0,
          "closures_max": 1.0
        },
        "mi": {
          "mi_original": 53.268062806783036,
          "mi_sei": 10.454890619203626,
          "mi_visual_studio": 31.15091392209534
        },
        "abc": {
          "assignments": 0.0,
          "branches": 0.0,
          "conditions": 0.0,
          "magnitude": 0.0,
          "assignments_average": 0.0,
          "branches_average": 0.0,
          "conditions_average": 0.0,
          "assignments_min": 0.0,
          "assignments_max": 0.0,
          "branches_min": 0.0,
          "branches_max": 0.0,
          "conditions_min": 0.0,
          "conditions_max": 0.0
        }
      }
    }
  ],
  "metrics": {
    "nargs": {
      "total_functions": 2.0,
      "total_closures": 2.0,
      "average_functions": 1.0,
      "average_closures": 0.2857142857142857,
      "total": 4.0,
      "average": 0.4444444444444444,
      "functions_min": 0.0,
      "functions_max": 2.0,
      "closures_min": 0.0,
      "closures_max": 1.0
    },
    "nexits": {
      "sum": 6.0,
      "average": 0.6666666666666666,
      "min": 0.0,
      "max": 2.0
    },
    "cognitive": {
      "sum": 3.0,
      "average": 0.3333333333333333,
      "min": 0.0,
      "max": 1.0
    },
    "cyclomatic": {
      "sum": 13.0,
      "average": 1.3,
      "min": 1.0,
      "max": 2.0
    },
    "halstead": {
      "n1": 23.0,
      "N1": 276.0,
      "n2": 82.0,
      "N2": 217.0,
      "length": 493.0,
      "estimated_program_length": 625.3611893679941,
      "purity_ratio": 1.268481114336702,
      "vocabulary": 105.0,
      "volume": 3310.1230402093984,
      "difficulty": 30.432926829268293,
      "level": 0.03285914646363454,
      "effort": 100736.73227856772,
      "time": 5596.485126587096,
      "bugs": 0.721667783297294
    },
    "loc": {
      "sloc": 109.0,
      "ploc": 77.0,
      "lloc": 42.0,
      "cloc": 15.0,
      "blank": 17.0,
      "sloc_average": 10.9,
      "ploc_average": 7.7,
      "lloc_average": 4.2,
      "cloc_average": 1.5,
      "blank_average": 1.7,
      "sloc_min": 91.0,
      "sloc_max": 91.0,
      "cloc_min": 1.0,
      "cloc_max": 1.0,
      "ploc_min": 75.0,
      "ploc_max": 75.0,
      "lloc_min": 39.0,
      "lloc_max": 39.0,
      "blank_min": 15.0,
      "blank_max": 15.0
    },
    "nom": {
      "functions": 2.0,
      "closures": 7.0,
      "functions_average": 0.2,
      "closures_average": 0.7,
      "total": 9.0,
      "average": 0.9,
      "functions_min": 0.0,
      "functions_max": 1.0,
      "closures_min": 0.0,
      "closures_max": 1.0
    },
    "mi": {
      "mi_original": 49.8655129801534,
      "mi_sei": 24.742507417926365,
      "mi_visual_studio": 29.161118701844092
    },
    "abc": {
      "assignments": 0.0,
      "branches": 0.0,
      "conditions": 0.0,
      "magnitude": 0.0,
      "assignments_average": 0.0,
      "branches_average": 0.0,
      "conditions_average": 0.0,
      "assignments_min": 0.0,
      "assignments_max": 0.0,
      "branches_min": 0.0,
      "branches_max": 0.0,
      "conditions_min": 0.0,
      "conditions_max": 0.0
    }
  }
}
