---
source: tests/common/mod.rs
expression: funcspace_struct
---
{
  "name": null,
  "start_line": 1,
  "end_line": 79,
  "kind": "unit",
  "spaces": [
    {
      "name": "<anonymous>",
      "start_line": 18,
      "end_line": 79,
      "kind": "function",
      "spaces": [
        {
          "name": "<anonymous>",
          "start_line": 19,
          "end_line": 51,
          "kind": "function",
          "spaces": [
            {
              "name": "<anonymous>",
              "start_line": 20,
              "end_line": 41,
              "kind": "function",
              "spaces": [],
              "metrics": {
                "nargs": {
                  "total_functions": 0.0,
                  "total_closures": 0.0,
                  "average_functions": 0.0,
                  "average_closures": 0.0,
                  "total": 0.0,
                  "average": 0.0,
                  "functions_min": 0.0,
                  "functions_max": 0.0,
                  "closures_min": 0.0,
                  "closures_max": 0.0
                },
                "nexits": {
                  "sum": 0.0,
                  "average": 0.0,
                  "min": 0.0,
                  "max": 0.0
                },
                "cognitive": {
                  "sum": 0.0,
                  "average": 0.0,
                  "min": 0.0,
                  "max": 0.0
                },
                "cyclomatic": {
                  "sum": 1.0,
                  "average": 1.0,
                  "min": 1.0,
                  "max": 1.0
                },
                "halstead": {
                  "n1": 11.0,
                  "N1": 63.0,
                  "n2": 29.0,
                  "N2": 62.0,
                  "length": 125.0,
                  "estimated_program_length": 178.93519666370983,
                  "purity_ratio": 1.4314815733096786,
                  "vocabulary": 40.0,
                  "volume": 665.2410118609204,
                  "difficulty": 11.758620689655173,
                  "level": 0.08504398826979472,
                  "effort": 7822.31672567496,
                  "time": 434.5731514263867,
                  "bugs": 0.13135169345784573
                },
                "loc": {
                  "sloc": 22.0,
                  "ploc": 20.0,
                  "lloc": 8.0,
                  "cloc": 0.0,
                  "blank": 2.0,
                  "sloc_average": 22.0,
                  "ploc_average": 20.0,
                  "lloc_average": 8.0,
                  "cloc_average": 0.0,
                  "blank_average": 2.0,
                  "sloc_min": 22.0,
                  "sloc_max": 22.0,
                  "cloc_min": 0.0,
                  "cloc_max": 0.0,
                  "ploc_min": 20.0,
                  "ploc_max": 20.0,
                  "lloc_min": 8.0,
                  "lloc_max": 8.0,
                  "blank_min": 2.0,
                  "blank_max": 2.0
                },
                "nom": {
                  "functions": 0.0,
                  "closures": 1.0,
                  "functions_average": 0.0,
                  "closures_average": 1.0,
                  "total": 1.0,
                  "average": 1.0,
                  "functions_min": 0.0,
                  "functions_max": 0.0,
                  "closures_min": 1.0,
                  "closures_max": 1.0
                },
                "mi": {
                  "mi_original": 86.89433538158983,
                  "mi_sei": 49.762994603753754,
                  "mi_visual_studio": 50.81540080794727
                },
                "abc": {
                  "assignments": 0.0,
                  "branches": 0.0,
                  "conditions": 0.0,
                  "magnitude": 0.0,
                  "assignments_average": 0.0,
                  "branches_average": 0.0,
                  "conditions_average": 0.0,
                  "assignments_min": 0.0,
                  "assignments_max": 0.0,
                  "branches_min": 0.0,
                  "branches_max": 0.0,
                  "conditions_min": 0.0,
                  "conditions_max": 0.0
                }
              }
            },
            {
              "name": "<anonymous>",
              "start_line": 43,
              "end_line": 50,
              "kind": "function",
              "spaces": [],
              "metrics": {
                "nargs": {
                  "total_functions": 0.0,
                  "total_closures": 0.0,
                  "average_functions": 0.0,
                  "average_closures": 0.0,
                  "total": 0.0,
                  "average": 0.0,
                  "functions_min": 0.0,
                  "functions_max": 0.0,
                  "closures_min": 0.0,
                  "closures_max": 0.0
                },
                "nexits": {
                  "sum": 0.0,
                  "average": 0.0,
                  "min": 0.0,
                  "max": 0.0
                },
                "cognitive": {
                  "sum": 0.0,
                  "average": 0.0,
                  "min": 0.0,
                  "max": 0.0
                },
                "cyclomatic": {
                  "sum": 1.0,
                  "average": 1.0,
                  "min": 1.0,
                  "max": 1.0
                },
                "halstead": {
                  "n1": 7.0,
                  "N1": 22.0,
                  "n2": 10.0,
                  "N2": 21.0,
                  "length": 43.0,
                  "estimated_program_length": 52.87076540327685,
                  "purity_ratio": 1.229552683797136,
                  "vocabulary": 17.0,
                  "volume": 175.76090217376458,
                  "difficulty": 7.35,
                  "level": 0.1360544217687075,
                  "effort": 1291.8426309771696,
                  "time": 71.7690350542872,
                  "bugs": 0.039538345013044665
                },
                "loc": {
                  "sloc": 8.0,
                  "ploc": 7.0,
                  "lloc": 4.0,
                  "cloc": 0.0,
                  "blank": 1.0,
                  "sloc_average": 8.0,
                  "ploc_average": 7.0,
                  "lloc_average": 4.0,
                  "cloc_average": 0.0,
                  "blank_average": 1.0,
                  "sloc_min": 8.0,
                  "sloc_max": 8.0,
                  "cloc_min": 0.0,
                  "cloc_max": 0.0,
                  "ploc_min": 7.0,
                  "ploc_max": 7.0,
                  "lloc_min": 4.0,
                  "lloc_max": 4.0,
                  "blank_min": 1.0,
                  "blank_max": 1.0
                },
                "nom": {
                  "functions": 0.0,
                  "closures": 1.0,
                  "functions_average": 0.0,
                  "closures_average": 1.0,
                  "total": 1.0,
                  "average": 1.0,
                  "functions_min": 0.0,
                  "functions_max": 0.0,
                  "closures_min": 1.0,
                  "closures_max": 1.0
                },
                "mi": {
                  "mi_original": 110.20359930732664,
                  "mi_sei": 83.39115407618624,
                  "mi_visual_studio": 64.4465493025302
                },
                "abc": {
                  "assignments": 0.0,
                  "branches": 0.0,
                  "conditions": 0.0,
                  "magnitude": 0.0,
                  "assignments_average": 0.0,
                  "branches_average": 0.0,
                  "conditions_average": 0.0,
                  "assignments_min": 0.0,
                  "assignments_max": 0.0,
                  "branches_min": 0.0,
                  "branches_max": 0.0,
                  "conditions_min": 0.0,
                  "conditions_max": 0.0
                }
              }
            }
          ],
          "metrics": {
            "nargs": {
              "total_functions": 0.0,
              "total_closures": 0.0,
              "average_functions": 0.0,
              "average_closures": 0.0,
              "total": 0.0,
              "average": 0.0,
              "functions_min": 0.0,
              "functions_max": 0.0,
              "closures_min": 0.0,
              "closures_max": 0.0
            },
            "nexits": {
              "sum": 0.0,
              "average": 0.0,
              "min": 0.0,
              "max": 0.0
            },
            "cognitive": {
              "sum": 0.0,
              "average": 0.0,
              "min": 0.0,
              "max": 0.0
            },
            "cyclomatic": {
              "sum": 3.0,
              "average": 1.0,
              "min": 1.0,
              "max": 1.0
            },
            "halstead": {
              "n1": 11.0,
              "N1": 95.0,
              "n2": 37.0,
              "N2": 87.0,
              "length": 182.0,
              "estimated_program_length": 230.80352233328142,
              "purity_ratio": 1.2681512216114363,
              "vocabulary": 48.0,
              "volume": 1016.4631751312504,
              "difficulty": 12.932432432432432,
              "level": 0.07732497387669802,
              "effort": 13145.34133244063,
              "time": 730.2967406911462,
              "bugs": 0.1856635528955276
            },
            "loc": {
              "sloc": 33.0,
              "ploc": 29.0,
              "lloc": 15.0,
              "cloc": 0.0,
              "blank": 4.0,
              "sloc_average": 11.0,
              "ploc_average": 9.666666666666666,
              "lloc_average": 5.0,
              "cloc_average": 0.0,
              "blank_average": 1.3333333333333333,
              "sloc_min": 8.0,
              "sloc_max": 22.0,
              "cloc_min": 0.0,
              "cloc_max": 0.0,
              "ploc_min": 7.0,
              "ploc_max": 20.0,
              "lloc_min": 4.0,
              "lloc_max": 8.0,
              "blank_min": 1.0,
              "blank_max": 2.0
            },
            "nom": {
              "functions": 0.0,
              "closures": 3.0,
              "functions_average": 0.0,
              "closures_average": 1.0,
              "total": 3.0,
              "average": 1.0,
              "functions_min": 0.0,
              "functions_max": 0.0,
              "closures_min": 1.0,
              "closures_max": 1.0
            },
            "mi": {
              "mi_original": 77.66133859673015,
              "mi_sei": 36.646235648501914,
              "mi_visual_studio": 45.41598748346792
            },
            "abc": {
              "assignments": 0.0,
              "branches": 0.0,
              "conditions": 0.0,
              "magnitude": 0.0,
              "assignments_average": 0.0,
              "branches_average": 0.0,
              "conditions_average": 0.0,
              "assignments_min": 0.0,
              "assignments_max": 0.0,
              "branches_min": 0.0,
              "branches_max": 0.0,
              "conditions_min": 0.0,
              "conditions_max": 0.0
            }
          }
        },
        {
          "name": "<anonymous>",
          "start_line": 53,
          "end_line": 78,
          "kind": "function",
          "spaces": [
            {
              "name": "<anonymous>",
              "start_line": 60,
              "end_line": 67,
              "kind": "function",
              "spaces": [],
              "metrics": {
                "nargs": {
                  "total_functions": 0.0,
                  "total_closures": 0.0,
                  "average_functions": 0.0,
                  "average_closures": 0.0,
                  "total": 0.0,
                  "average": 0.0,
                  "functions_min": 0.0,
                  "functions_max": 0.0,
                  "closures_min": 0.0,
                  "closures_max": 0.0
                },
                "nexits": {
                  "sum": 0.0,
                  "average": 0.0,
                  "min": 0.0,
                  "max": 0.0
                },
                "cognitive": {
                  "sum": 0.0,
                  "average": 0.0,
                  "min": 0.0,
                  "max": 0.0
                },
                "cyclomatic": {
                  "sum": 1.0,
                  "average": 1.0,
                  "min": 1.0,
                  "max": 1.0
                },
                "halstead": {
                  "n1": 8.0,
                  "N1": 39.0,
                  "n2": 19.0,
                  "N2": 39.0,
                  "length": 78.0,
                  "estimated_program_length": 104.71062275542812,
                  "purity_ratio": 1.3424438814798476,
                  "vocabulary": 27.0,
                  "volume": 370.8812251687505,
                  "difficulty": 8.210526315789474,
                  "level": 0.12179487179487178,
                  "effort": 3045.1300592802677,
                  "time": 169.1738921822371,
                  "bugs": 0.07002976078427127
                },
                "loc": {
                  "sloc": 8.0,
                  "ploc": 7.0,
                  "lloc": 6.0,
                  "cloc": 0.0,
                  "blank": 1.0,
                  "sloc_average": 8.0,
                  "ploc_average": 7.0,
                  "lloc_average": 6.0,
                  "cloc_average": 0.0,
                  "blank_average": 1.0,
                  "sloc_min": 8.0,
                  "sloc_max": 8.0,
                  "cloc_min": 0.0,
                  "cloc_max": 0.0,
                  "ploc_min": 7.0,
                  "ploc_max": 7.0,
                  "lloc_min": 6.0,
                  "lloc_max": 6.0,
                  "blank_min": 1.0,
                  "blank_max": 1.0
                },
                "nom": {
                  "functions": 0.0,
                  "closures": 1.0,
                  "functions_average": 0.0,
                  "closures_average": 1.0,
                  "total": 1.0,
                  "average": 1.0,
                  "functions_min": 0.0,
                  "functions_max": 0.0,
                  "closures_min": 1.0,
                  "closures_max": 1.0
                },
                "mi": {
                  "mi_original": 106.32046133429515,
                  "mi_sei": 77.78897017940606,
                  "mi_visual_studio": 62.175708382628734
                },
                "abc": {
                  "assignments": 0.0,
                  "branches": 0.0,
                  "conditions": 0.0,
                  "magnitude": 0.0,
                  "assignments_average": 0.0,
                  "branches_average": 0.0,
                  "conditions_average": 0.0,
                  "assignments_min": 0.0,
                  "assignments_max": 0.0,
                  "branches_min": 0.0,
                  "branches_max": 0.0,
                  "conditions_min": 0.0,
                  "conditions_max": 0.0
                }
              }
            },
            {
              "name": "<anonymous>",
              "start_line": 69,
              "end_line": 77,
              "kind": "function",
              "spaces": [],
              "metrics": {
                "nargs": {
                  "total_functions": 0.0,
                  "total_closures": 0.0,
                  "average_functions": 0.0,
                  "average_closures": 0.0,
                  "total": 0.0,
                  "average": 0.0,
                  "functions_min": 0.0,
                  "functions_max": 0.0,
                  "closures_min": 0.0,
                  "closures_max": 0.0
                },
                "nexits": {
                  "sum": 0.0,
                  "average": 0.0,
                  "min": 0.0,
                  "max": 0.0
                },
                "cognitive": {
                  "sum": 0.0,
                  "average": 0.0,
                  "min": 0.0,
                  "max": 0.0
                },
                "cyclomatic": {
                  "sum": 1.0,
                  "average": 1.0,
                  "min": 1.0,
                  "max": 1.0
                },
                "halstead": {
                  "n1": 9.0,
                  "N1": 32.0,
                  "n2": 16.0,
                  "N2": 32.0,
                  "length": 64.0,
                  "estimated_program_length": 92.5293250129808,
                  "purity_ratio": 1.445770703327825,
                  "vocabulary": 25.0,
                  "volume": 297.20679614558236,
                  "difficulty": 9.0,
                  "level": 0.1111111111111111,
                  "effort": 2674.861165310241,
                  "time": 148.60339807279118,
                  "bugs": 0.06423123054117047
                },
                "loc": {
                  "sloc": 9.0,
                  "ploc": 7.0,
                  "lloc": 5.0,
                  "cloc": 0.0,
                  "blank": 2.0,
                  "sloc_average": 9.0,
                  "ploc_average": 7.0,
                  "lloc_average": 5.0,
                  "cloc_average": 0.0,
                  "blank_average": 2.0,
                  "sloc_min": 9.0,
                  "sloc_max": 9.0,
                  "cloc_min": 0.0,
                  "cloc_max": 0.0,
                  "ploc_min": 7.0,
                  "ploc_max": 7.0,
                  "lloc_min": 5.0,
                  "lloc_max": 5.0,
                  "blank_min": 2.0,
                  "blank_max": 2.0
                },
                "nom": {
                  "functions": 0.0,
                  "closures": 1.0,
                  "functions_average": 0.0,
                  "closures_average": 1.0,
                  "total": 1.0,
                  "average": 1.0,
                  "functions_min": 0.0,
                  "functions_max": 0.0,
                  "closures_min": 1.0,
                  "closures_max": 1.0
                },
                "mi": {
                  "mi_original": 105.56393531204561,
                  "mi_sei": 76.69753383880327,
                  "mi_visual_studio": 61.73329550412024
                },
                "abc": {
                  "assignments": 0.0,
                  "branches": 0.0,
                  "conditions": 0.0,
                  "magnitude": 0.0,
                  "assignments_average": 0.0,
                  "branches_average": 0.0,
                  "conditions_average": 0.0,
                  "assignments_min": 0.0,
                  "assignments_max": 0.0,
                  "branches_min": 0.0,
                  "branches_max": 0.0,
                  "conditions_min": 0.0,
                  "conditions_max": 0.0
                }
              }
            }
          ],
          "metrics": {
            "nargs": {
              "total_functions": 0.0,
              "total_closures": 0.0,
              "average_functions": 0.0,
              "average_closures": 0.0,
              "total": 0.0,
              "average": 0.0,
              "functions_min": 0.0,
              "functions_max": 0.0,
              "closures_min": 0.0,
              "closures_max": 0.0
            },
            "nexits": {
              "sum": 0.0,
              "average": 0.0,
              "min": 0.0,
              "max": 0.0
            },
            "cognitive": {
              "sum": 0.0,
              "average": 0.0,
              "min": 0.0,
              "max": 0.0
            },
            "cyclomatic": {
              "sum": 3.0,
              "average": 1.0,
              "min": 1.0,
              "max": 1.0
            },
            "halstead": {
              "n1": 11.0,
              "N1": 151.0,
              "n2": 43.0,
              "N2": 125.0,
              "length": 276.0,
              "estimated_program_length": 271.3831322572005,
              "purity_ratio": 0.9832722183231901,
              "vocabulary": 54.0,
              "volume": 1588.3489505971172,
              "difficulty": 15.988372093023257,
              "level": 0.06254545454545454,
              "effort": 25395.114035709725,
              "time": 1410.8396686505403,
              "bugs": 0.2879909608774697
            },
            "loc": {
              "sloc": 26.0,
              "ploc": 21.0,
              "lloc": 14.0,
              "cloc": 0.0,
              "blank": 5.0,
              "sloc_average": 8.666666666666666,
              "ploc_average": 7.0,
              "lloc_average": 4.666666666666667,
              "cloc_average": 0.0,
              "blank_average": 1.6666666666666667,
              "sloc_min": 8.0,
              "sloc_max": 9.0,
              "cloc_min": 0.0,
              "cloc_max": 0.0,
              "ploc_min": 7.0,
              "ploc_max": 7.0,
              "lloc_min": 5.0,
              "lloc_max": 6.0,
              "blank_min": 1.0,
              "blank_max": 2.0
            },
            "nom": {
              "functions": 0.0,
              "closures": 3.0,
              "functions_average": 0.0,
              "closures_average": 1.0,
              "total": 3.0,
              "average": 1.0,
              "functions_min": 0.0,
              "functions_max": 0.0,
              "closures_min": 1.0,
              "closures_max": 1.0
            },
            "mi": {
              "mi_original": 79.20249421279598,
              "mi_sei": 38.86965321303826,
              "mi_visual_studio": 46.31724807765847
            },
            "abc": {
              "assignments": 0.0,
              "branches": 0.0,
              "conditions": 0.0,
              "magnitude": 0.0,
              "assignments_average": 0.0,
              "branches_average": 0.0,
              "conditions_average": 0.0,
              "assignments_min": 0.0,
              "assignments_max": 0.0,
              "branches_min": 0.0,
              "branches_max": 0.0,
              "conditions_min": 0.0,
              "conditions_max": 0.0
            }
          }
        }
      ],
      "metrics": {
        "nargs": {
          "total_functions": 0.0,
          "total_closures": 0.0,
          "average_functions": 0.0,
          "average_closures": 0.0,
          "total": 0.0,
          "average": 0.0,
          "functions_min": 0.0,
          "functions_max": 0.0,
          "closures_min": 0.0,
          "closures_max": 0.0
        },
        "nexits": {
          "sum": 0.0,
          "average": 0.0,
          "min": 0.0,
          "max": 0.0
        },
        "cognitive": {
          "sum": 0.0,
          "average": 0.0,
          "min": 0.0,
          "max": 0.0
        },
        "cyclomatic": {
          "sum": 7.0,
          "average": 1.0,
          "min": 1.0,
          "max": 1.0
        },
        "halstead": {
          "n1": 11.0,
          "N1": 256.0,
          "n2": 72.0,
          "N2": 216.0,
          "length": 472.0,
          "estimated_program_length": 482.28834790885674,
          "purity_ratio": 1.021797347264527,
          "vocabulary": 83.0,
          "volume": 3009.0186115957486,
          "difficulty": 16.5,
          "level": 0.06060606060606061,
          "effort": 49648.80709132985,
          "time": 2758.267060629436,
          "bugs": 0.45028203905097863
        },
        "loc": {
          "sloc": 62.0,
          "ploc": 52.0,
          "lloc": 32.0,
          "cloc": 0.0,
          "blank": 10.0,
          "sloc_average": 8.857142857142858,
          "ploc_average": 7.428571428571429,
          "lloc_average": 4.571428571428571,
          "cloc_average": 0.0,
          "blank_average": 1.4285714285714286,
          "sloc_min": 26.0,
          "sloc_max": 33.0,
          "cloc_min": 0.0,
          "cloc_max": 0.0,
          "ploc_min": 21.0,
          "ploc_max": 29.0,
          "lloc_min": 14.0,
          "lloc_max": 15.0,
          "blank_min": 4.0,
          "blank_max": 5.0
        },
        "nom": {
          "functions": 0.0,
          "closures": 7.0,
          "functions_average": 0.0,
          "closures_average": 1.0,
          "total": 7.0,
          "average": 1.0,
          "functions_min": 0.0,
          "functions_max": 0.0,
          "closures_min": 1.0,
          "closures_max": 1.0
        },
        "mi": {
          "mi_original": 60.88170280028427,
          "mi_sei": 12.84561773466433,
          "mi_visual_studio": 35.603334970926475
        },
        "abc": {
          "assignments": 0.0,
          "branches": 0.0,
          "conditions": 0.0,
          "magnitude": 0.0,
          "assignments_average": 0.0,
          "branches_average": 0.0,
          "conditions_average": 0.0,
          "assignments_min": 0.0,
          "assignments_max": 0.0,
          "branches_min": 0.0,
          "branches_max": 0.0,
          "conditions_min": 0.0,
          "conditions_max": 0.0
        }
      }
    }
  ],
  "metrics": {
    "nargs": {
      "total_functions": 0.0,
      "total_closures": 0.0,
      "average_functions": 0.0,
      "average_closures": 0.0,
      "total": 0.0,
      "average": 0.0,
      "functions_min": 0.0,
      "functions_max": 0.0,
      "closures_min": 0.0,
      "closures_max": 0.0
    },
    "nexits": {
      "sum": 0.0,
      "average": 0.0,
      "min": 0.0,
      "max": 0.0
    },
    "cognitive": {
      "sum": 0.0,
      "average": 0.0,
      "min": 0.0,
      "max": 0.0
    },
    "cyclomatic": {
      "sum": 8.0,
      "average": 1.0,
      "min": 1.0,
      "max": 1.0
    },
    "halstead": {
      "n1": 13.0,
      "N1": 264.0,
      "n2": 74.0,
      "N2": 221.0,
      "length": 485.0,
      "estimated_program_length": 507.6052653923765,
      "purity_ratio": 1.0466087946234568,
      "vocabulary": 87.0,
      "volume": 3124.827595486633,
      "difficulty": 19.41216216216216,
      "level": 0.05151409676296554,
      "effort": 60659.660012385786,
      "time": 3369.9811117992103,
      "bugs": 0.5146105986892563
    },
    "loc": {
      "sloc": 79.0,
      "ploc": 53.0,
      "lloc": 34.0,
      "cloc": 14.0,
      "blank": 12.0,
      "sloc_average": 9.875,
      "ploc_average": 6.625,
      "lloc_average": 4.25,
      "cloc_average": 1.75,
      "blank_average": 1.5,
      "sloc_min": 62.0,
      "sloc_max": 62.0,
      "cloc_min": 0.0,
      "cloc_max": 0.0,
      "ploc_min": 52.0,
      "ploc_max": 52.0,
      "lloc_min": 32.0,
      "lloc_max": 32.0,
      "blank_min": 10.0,
      "blank_max": 10.0
    },
    "nom": {
      "functions": 0.0,
      "closures": 7.0,
      "functions_average": 0.0,
      "closures_average": 0.875,
      "total": 7.0,
      "average": 0.875,
      "functions_min": 0.0,
      "functions_max": 0.0,
      "closures_min": 0.0,
      "closures_max": 1.0
    },
    "mi": {
      "mi_original": 56.52984595577169,
      "mi_sei": 37.01437745963888,
      "mi_visual_studio": 33.0583894478197
    },
    "abc": {
      "assignments": 0.0,
      "branches": 0.0,
      "conditions": 0.0,
      "magnitude": 0.0,
      "assignments_average": 0.0,
      "branches_average": 0.0,
      "conditions_average": 0.0,
      "assignments_min": 0.0,
      "assignments_max": 0.0,
      "branches_min": 0.0,
      "branches_max": 0.0,
      "conditions_min": 0.0,
      "conditions_max": 0.0
    }
  }
}
