---
source: tests/test.rs
expression: funcspace_struct
---
FuncSpace {
    name: Some(
        "./tests/repositories/pdf.js/external/builder/fixtures_esprima/comments-expected.js",
    ),
    start_line: 1,
    end_line: 17,
    kind: Unit,
    spaces: [
        FuncSpace {
            name: Some(
                "f1",
            ),
            start_line: 1,
            end_line: 4,
            kind: Function,
            spaces: [],
            metrics: CodeMetrics {
                nargs: Stats {
                    fn_nargs: 0,
                    closure_nargs: 0,
                    fn_nargs_sum: 0,
                    closure_nargs_sum: 0,
                    fn_nargs_min: 0,
                    closure_nargs_min: 0,
                    fn_nargs_max: 0,
                    closure_nargs_max: 0,
                    total_functions: 1,
                    total_closures: 0,
                },
                nexits: Stats {
                    exit: 0,
                    exit_sum: 0,
                    total_space_functions: 1,
                    exit_min: 0,
                    exit_max: 0,
                },
                cognitive: Stats {
                    structural: 0,
                    structural_sum: 0,
                    structural_min: 0,
                    structural_max: 0,
                    nesting: 0,
                    total_space_functions: 1,
                    boolean_seq: BoolSequence {
                        boolean_op: None,
                    },
                },
                cyclomatic: Stats {
                    cyclomatic_sum: 1.0,
                    cyclomatic: 1.0,
                    n: 1,
                    cyclomatic_max: 1.0,
                    cyclomatic_min: 1.0,
                },
                halstead: Stats {
                    u_operators: 4,
                    operators: 5,
                    u_operands: 3,
                    operands: 3,
                },
                loc: Stats {
                    sloc: Sloc {
                        start: 0,
                        end: 3,
                        unit: false,
                        sloc_min: 4,
                        sloc_max: 4,
                    },
                    ploc: Ploc {
                        lines: {
                            0,
                            2,
                            1,
                            3,
                        },
                        ploc_min: 4,
                        ploc_max: 4,
                    },
                    cloc: Cloc {
                        only_comment_lines: 0,
                        code_comment_lines: 0,
                        comment_line_end: None,
                        cloc_min: 0,
                        cloc_max: 0,
                    },
                    lloc: Lloc {
                        logical_lines: 3,
                        lloc_min: 3,
                        lloc_max: 3,
                    },
                    space_count: 1,
                    blank_min: 0,
                    blank_max: 0,
                },
                nom: Stats {
                    functions: 1,
                    closures: 0,
                    functions_sum: 1,
                    closures_sum: 0,
                    functions_min: 1,
                    functions_max: 1,
                    closures_min: 0,
                    closures_max: 0,
                    space_count: 1,
                },
                mi: Stats {
                    halstead_length: 8.0,
                    halstead_vocabulary: 7.0,
                    halstead_volume: 22.458839376460833,
                    cyclomatic: 1.0,
                    sloc: 4.0,
                    comments_percentage: 0.0,
                },
                abc: Stats {
                    assignments: 0.0,
                    assignments_sum: 0.0,
                    assignments_min: 0.0,
                    assignments_max: 0.0,
                    branches: 0.0,
                    branches_sum: 0.0,
                    branches_min: 0.0,
                    branches_max: 0.0,
                    conditions: 0.0,
                    conditions_sum: 0.0,
                    conditions_min: 0.0,
                    conditions_max: 0.0,
                    space_count: 1,
                    declaration: [],
                },
                wmc: Stats {
                    cyclomatic: 0.0,
                    class_wmc: 0.0,
                    interface_wmc: 0.0,
                    class_wmc_sum: 0.0,
                    interface_wmc_sum: 0.0,
                    space_kind: Unknown,
                },
                npm: Stats {
                    class_npm: 0,
                    interface_npm: 0,
                    class_nm: 0,
                    interface_nm: 0,
                    class_npm_sum: 0,
                    interface_npm_sum: 0,
                    class_nm_sum: 0,
                    interface_nm_sum: 0,
                    is_class_space: false,
                },
                npa: Stats {
                    class_npa: 0,
                    interface_npa: 0,
                    class_na: 0,
                    interface_na: 0,
                    class_npa_sum: 0,
                    interface_npa_sum: 0,
                    class_na_sum: 0,
                    interface_na_sum: 0,
                    is_class_space: false,
                },
            },
        },
        FuncSpace {
            name: Some(
                "f2",
            ),
            start_line: 5,
            end_line: 8,
            kind: Function,
            spaces: [],
            metrics: CodeMetrics {
                nargs: Stats {
                    fn_nargs: 0,
                    closure_nargs: 0,
                    fn_nargs_sum: 0,
                    closure_nargs_sum: 0,
                    fn_nargs_min: 0,
                    closure_nargs_min: 0,
                    fn_nargs_max: 0,
                    closure_nargs_max: 0,
                    total_functions: 1,
                    total_closures: 0,
                },
                nexits: Stats {
                    exit: 0,
                    exit_sum: 0,
                    total_space_functions: 1,
                    exit_min: 0,
                    exit_max: 0,
                },
                cognitive: Stats {
                    structural: 0,
                    structural_sum: 0,
                    structural_min: 0,
                    structural_max: 0,
                    nesting: 0,
                    total_space_functions: 1,
                    boolean_seq: BoolSequence {
                        boolean_op: None,
                    },
                },
                cyclomatic: Stats {
                    cyclomatic_sum: 1.0,
                    cyclomatic: 1.0,
                    n: 1,
                    cyclomatic_max: 1.0,
                    cyclomatic_min: 1.0,
                },
                halstead: Stats {
                    u_operators: 4,
                    operators: 5,
                    u_operands: 3,
                    operands: 3,
                },
                loc: Stats {
                    sloc: Sloc {
                        start: 4,
                        end: 7,
                        unit: false,
                        sloc_min: 4,
                        sloc_max: 4,
                    },
                    ploc: Ploc {
                        lines: {
                            5,
                            7,
                            4,
                            6,
                        },
                        ploc_min: 4,
                        ploc_max: 4,
                    },
                    cloc: Cloc {
                        only_comment_lines: 0,
                        code_comment_lines: 0,
                        comment_line_end: None,
                        cloc_min: 0,
                        cloc_max: 0,
                    },
                    lloc: Lloc {
                        logical_lines: 3,
                        lloc_min: 3,
                        lloc_max: 3,
                    },
                    space_count: 1,
                    blank_min: 0,
                    blank_max: 0,
                },
                nom: Stats {
                    functions: 1,
                    closures: 0,
                    functions_sum: 1,
                    closures_sum: 0,
                    functions_min: 1,
                    functions_max: 1,
                    closures_min: 0,
                    closures_max: 0,
                    space_count: 1,
                },
                mi: Stats {
                    halstead_length: 8.0,
                    halstead_vocabulary: 7.0,
                    halstead_volume: 22.458839376460833,
                    cyclomatic: 1.0,
                    sloc: 4.0,
                    comments_percentage: 0.0,
                },
                abc: Stats {
                    assignments: 0.0,
                    assignments_sum: 0.0,
                    assignments_min: 0.0,
                    assignments_max: 0.0,
                    branches: 0.0,
                    branches_sum: 0.0,
                    branches_min: 0.0,
                    branches_max: 0.0,
                    conditions: 0.0,
                    conditions_sum: 0.0,
                    conditions_min: 0.0,
                    conditions_max: 0.0,
                    space_count: 1,
                    declaration: [],
                },
                wmc: Stats {
                    cyclomatic: 0.0,
                    class_wmc: 0.0,
                    interface_wmc: 0.0,
                    class_wmc_sum: 0.0,
                    interface_wmc_sum: 0.0,
                    space_kind: Unknown,
                },
                npm: Stats {
                    class_npm: 0,
                    interface_npm: 0,
                    class_nm: 0,
                    interface_nm: 0,
                    class_npm_sum: 0,
                    interface_npm_sum: 0,
                    class_nm_sum: 0,
                    interface_nm_sum: 0,
                    is_class_space: false,
                },
                npa: Stats {
                    class_npa: 0,
                    interface_npa: 0,
                    class_na: 0,
                    interface_na: 0,
                    class_npa_sum: 0,
                    interface_npa_sum: 0,
                    class_na_sum: 0,
                    interface_na_sum: 0,
                    is_class_space: false,
                },
            },
        },
        FuncSpace {
            name: Some(
                "f3",
            ),
            start_line: 9,
            end_line: 17,
            kind: Function,
            spaces: [],
            metrics: CodeMetrics {
                nargs: Stats {
                    fn_nargs: 0,
                    closure_nargs: 0,
                    fn_nargs_sum: 0,
                    closure_nargs_sum: 0,
                    fn_nargs_min: 0,
                    closure_nargs_min: 0,
                    fn_nargs_max: 0,
                    closure_nargs_max: 0,
                    total_functions: 1,
                    total_closures: 0,
                },
                nexits: Stats {
                    exit: 0,
                    exit_sum: 0,
                    total_space_functions: 1,
                    exit_min: 0,
                    exit_max: 0,
                },
                cognitive: Stats {
                    structural: 2,
                    structural_sum: 2,
                    structural_min: 2,
                    structural_max: 2,
                    nesting: 0,
                    total_space_functions: 1,
                    boolean_seq: BoolSequence {
                        boolean_op: None,
                    },
                },
                cyclomatic: Stats {
                    cyclomatic_sum: 3.0,
                    cyclomatic: 3.0,
                    n: 1,
                    cyclomatic_max: 3.0,
                    cyclomatic_min: 3.0,
                },
                halstead: Stats {
                    u_operators: 5,
                    operators: 12,
                    u_operands: 5,
                    operands: 6,
                },
                loc: Stats {
                    sloc: Sloc {
                        start: 8,
                        end: 16,
                        unit: false,
                        sloc_min: 9,
                        sloc_max: 9,
                    },
                    ploc: Ploc {
                        lines: {
                            16,
                            13,
                            10,
                            14,
                            11,
                            8,
                            15,
                            12,
                            9,
                        },
                        ploc_min: 9,
                        ploc_max: 9,
                    },
                    cloc: Cloc {
                        only_comment_lines: 0,
                        code_comment_lines: 0,
                        comment_line_end: None,
                        cloc_min: 0,
                        cloc_max: 0,
                    },
                    lloc: Lloc {
                        logical_lines: 8,
                        lloc_min: 8,
                        lloc_max: 8,
                    },
                    space_count: 1,
                    blank_min: 0,
                    blank_max: 0,
                },
                nom: Stats {
                    functions: 1,
                    closures: 0,
                    functions_sum: 1,
                    closures_sum: 0,
                    functions_min: 1,
                    functions_max: 1,
                    closures_min: 0,
                    closures_max: 0,
                    space_count: 1,
                },
                mi: Stats {
                    halstead_length: 18.0,
                    halstead_vocabulary: 10.0,
                    halstead_volume: 59.79470570797252,
                    cyclomatic: 3.0,
                    sloc: 9.0,
                    comments_percentage: 0.0,
                },
                abc: Stats {
                    assignments: 0.0,
                    assignments_sum: 0.0,
                    assignments_min: 0.0,
                    assignments_max: 0.0,
                    branches: 0.0,
                    branches_sum: 0.0,
                    branches_min: 0.0,
                    branches_max: 0.0,
                    conditions: 0.0,
                    conditions_sum: 0.0,
                    conditions_min: 0.0,
                    conditions_max: 0.0,
                    space_count: 1,
                    declaration: [],
                },
                wmc: Stats {
                    cyclomatic: 0.0,
                    class_wmc: 0.0,
                    interface_wmc: 0.0,
                    class_wmc_sum: 0.0,
                    interface_wmc_sum: 0.0,
                    space_kind: Unknown,
                },
                npm: Stats {
                    class_npm: 0,
                    interface_npm: 0,
                    class_nm: 0,
                    interface_nm: 0,
                    class_npm_sum: 0,
                    interface_npm_sum: 0,
                    class_nm_sum: 0,
                    interface_nm_sum: 0,
                    is_class_space: false,
                },
                npa: Stats {
                    class_npa: 0,
                    interface_npa: 0,
                    class_na: 0,
                    interface_na: 0,
                    class_npa_sum: 0,
                    interface_npa_sum: 0,
                    class_na_sum: 0,
                    interface_na_sum: 0,
                    is_class_space: false,
                },
            },
        },
    ],
    metrics: CodeMetrics {
        nargs: Stats {
            fn_nargs: 0,
            closure_nargs: 0,
            fn_nargs_sum: 0,
            closure_nargs_sum: 0,
            fn_nargs_min: 0,
            closure_nargs_min: 0,
            fn_nargs_max: 0,
            closure_nargs_max: 0,
            total_functions: 3,
            total_closures: 0,
        },
        nexits: Stats {
            exit: 0,
            exit_sum: 0,
            total_space_functions: 3,
            exit_min: 0,
            exit_max: 0,
        },
        cognitive: Stats {
            structural: 0,
            structural_sum: 2,
            structural_min: 0,
            structural_max: 2,
            nesting: 0,
            total_space_functions: 3,
            boolean_seq: BoolSequence {
                boolean_op: None,
            },
        },
        cyclomatic: Stats {
            cyclomatic_sum: 6.0,
            cyclomatic: 1.0,
            n: 4,
            cyclomatic_max: 3.0,
            cyclomatic_min: 1.0,
        },
        halstead: Stats {
            u_operators: 5,
            operators: 22,
            u_operands: 7,
            operands: 12,
        },
        loc: Stats {
            sloc: Sloc {
                start: 0,
                end: 17,
                unit: true,
                sloc_min: 4,
                sloc_max: 9,
            },
            ploc: Ploc {
                lines: {
                    0,
                    14,
                    11,
                    8,
                    5,
                    2,
                    16,
                    13,
                    10,
                    7,
                    4,
                    1,
                    15,
                    12,
                    9,
                    6,
                    3,
                },
                ploc_min: 4,
                ploc_max: 9,
            },
            cloc: Cloc {
                only_comment_lines: 0,
                code_comment_lines: 0,
                comment_line_end: None,
                cloc_min: 0,
                cloc_max: 0,
            },
            lloc: Lloc {
                logical_lines: 14,
                lloc_min: 3,
                lloc_max: 8,
            },
            space_count: 4,
            blank_min: 0,
            blank_max: 0,
        },
        nom: Stats {
            functions: 0,
            closures: 0,
            functions_sum: 3,
            closures_sum: 0,
            functions_min: 0,
            functions_max: 1,
            closures_min: 0,
            closures_max: 0,
            space_count: 4,
        },
        mi: Stats {
            halstead_length: 34.0,
            halstead_vocabulary: 12.0,
            halstead_volume: 121.8887250245193,
            cyclomatic: 6.0,
            sloc: 17.0,
            comments_percentage: 0.0,
        },
        abc: Stats {
            assignments: 0.0,
            assignments_sum: 0.0,
            assignments_min: 0.0,
            assignments_max: 0.0,
            branches: 0.0,
            branches_sum: 0.0,
            branches_min: 0.0,
            branches_max: 0.0,
            conditions: 0.0,
            conditions_sum: 0.0,
            conditions_min: 0.0,
            conditions_max: 0.0,
            space_count: 4,
            declaration: [],
        },
        wmc: Stats {
            cyclomatic: 0.0,
            class_wmc: 0.0,
            interface_wmc: 0.0,
            class_wmc_sum: 0.0,
            interface_wmc_sum: 0.0,
            space_kind: Unknown,
        },
        npm: Stats {
            class_npm: 0,
            interface_npm: 0,
            class_nm: 0,
            interface_nm: 0,
            class_npm_sum: 0,
            interface_npm_sum: 0,
            class_nm_sum: 0,
            interface_nm_sum: 0,
            is_class_space: false,
        },
        npa: Stats {
            class_npa: 0,
            interface_npa: 0,
            class_na: 0,
            interface_na: 0,
            class_npa_sum: 0,
            interface_npa_sum: 0,
            class_na_sum: 0,
            interface_na_sum: 0,
            is_class_space: false,
        },
    },
}
