---
source: tests/test.rs
expression: funcspace_struct
---
FuncSpace {
    name: Some(
        "./tests/repositories/pdf.js/test/font/font_fpgm_spec.js",
    ),
    start_line: 1,
    end_line: 38,
    kind: Unit,
    spaces: [
        FuncSpace {
            name: Some(
                "<anonymous>",
            ),
            start_line: 8,
            end_line: 38,
            kind: Function,
            spaces: [
                FuncSpace {
                    name: Some(
                        "<anonymous>",
                    ),
                    start_line: 14,
                    end_line: 37,
                    kind: Function,
                    spaces: [
                        FuncSpace {
                            name: Some(
                                "<anonymous>",
                            ),
                            start_line: 15,
                            end_line: 36,
                            kind: Function,
                            spaces: [],
                            metrics: CodeMetrics {
                                nargs: Stats {
                                    fn_nargs: 0,
                                    closure_nargs: 0,
                                    fn_nargs_sum: 0,
                                    closure_nargs_sum: 0,
                                    fn_nargs_min: 0,
                                    closure_nargs_min: 0,
                                    fn_nargs_max: 0,
                                    closure_nargs_max: 0,
                                    total_functions: 0,
                                    total_closures: 1,
                                },
                                nexits: Stats {
                                    exit: 0,
                                    exit_sum: 0,
                                    total_space_functions: 1,
                                    exit_min: 0,
                                    exit_max: 0,
                                },
                                cognitive: Stats {
                                    structural: 0,
                                    structural_sum: 0,
                                    structural_min: 0,
                                    structural_max: 0,
                                    nesting: 0,
                                    total_space_functions: 1,
                                    boolean_seq: BoolSequence {
                                        boolean_op: None,
                                    },
                                },
                                cyclomatic: Stats {
                                    cyclomatic_sum: 1.0,
                                    cyclomatic: 1.0,
                                    n: 1,
                                    cyclomatic_max: 1.0,
                                    cyclomatic_min: 1.0,
                                },
                                halstead: Stats {
                                    u_operators: 15,
                                    operators: 64,
                                    u_operands: 36,
                                    operands: 42,
                                },
                                loc: Stats {
                                    sloc: Sloc {
                                        start: 14,
                                        end: 35,
                                        unit: false,
                                        sloc_min: 22,
                                        sloc_max: 22,
                                    },
                                    ploc: Ploc {
                                        lines: {
                                            32,
                                            29,
                                            26,
                                            23,
                                            20,
                                            17,
                                            14,
                                            34,
                                            31,
                                            28,
                                            25,
                                            22,
                                            19,
                                            16,
                                            33,
                                            27,
                                            24,
                                            21,
                                            18,
                                            15,
                                            35,
                                        },
                                        ploc_min: 21,
                                        ploc_max: 21,
                                    },
                                    cloc: Cloc {
                                        only_comment_lines: 0,
                                        code_comment_lines: 0,
                                        comment_line_end: None,
                                        cloc_min: 0,
                                        cloc_max: 0,
                                    },
                                    lloc: Lloc {
                                        logical_lines: 3,
                                        lloc_min: 3,
                                        lloc_max: 3,
                                    },
                                    space_count: 1,
                                    blank_min: 1,
                                    blank_max: 1,
                                },
                                nom: Stats {
                                    functions: 0,
                                    closures: 1,
                                    functions_sum: 0,
                                    closures_sum: 1,
                                    functions_min: 0,
                                    functions_max: 0,
                                    closures_min: 1,
                                    closures_max: 1,
                                    space_count: 1,
                                },
                                mi: Stats {
                                    halstead_length: 106.0,
                                    halstead_vocabulary: 51.0,
                                    halstead_volume: 601.2770862489784,
                                    cyclomatic: 1.0,
                                    sloc: 22.0,
                                    comments_percentage: 0.0,
                                },
                                abc: Stats {
                                    assignments: 0.0,
                                    assignments_sum: 0.0,
                                    assignments_min: 0.0,
                                    assignments_max: 0.0,
                                    branches: 0.0,
                                    branches_sum: 0.0,
                                    branches_min: 0.0,
                                    branches_max: 0.0,
                                    conditions: 0.0,
                                    conditions_sum: 0.0,
                                    conditions_min: 0.0,
                                    conditions_max: 0.0,
                                    space_count: 1,
                                    declaration: [],
                                },
                                wmc: Stats {
                                    cyclomatic: 0.0,
                                    class_wmc: 0.0,
                                    interface_wmc: 0.0,
                                    class_wmc_sum: 0.0,
                                    interface_wmc_sum: 0.0,
                                    space_kind: Unknown,
                                },
                                npm: Stats {
                                    class_npm: 0,
                                    interface_npm: 0,
                                    class_nm: 0,
                                    interface_nm: 0,
                                    class_npm_sum: 0,
                                    interface_npm_sum: 0,
                                    class_nm_sum: 0,
                                    interface_nm_sum: 0,
                                    is_class_space: false,
                                },
                                npa: Stats {
                                    class_npa: 0,
                                    interface_npa: 0,
                                    class_na: 0,
                                    interface_na: 0,
                                    class_npa_sum: 0,
                                    interface_npa_sum: 0,
                                    class_na_sum: 0,
                                    interface_na_sum: 0,
                                    is_class_space: false,
                                },
                            },
                        },
                    ],
                    metrics: CodeMetrics {
                        nargs: Stats {
                            fn_nargs: 0,
                            closure_nargs: 0,
                            fn_nargs_sum: 0,
                            closure_nargs_sum: 0,
                            fn_nargs_min: 0,
                            closure_nargs_min: 0,
                            fn_nargs_max: 0,
                            closure_nargs_max: 0,
                            total_functions: 0,
                            total_closures: 2,
                        },
                        nexits: Stats {
                            exit: 0,
                            exit_sum: 0,
                            total_space_functions: 2,
                            exit_min: 0,
                            exit_max: 0,
                        },
                        cognitive: Stats {
                            structural: 0,
                            structural_sum: 0,
                            structural_min: 0,
                            structural_max: 0,
                            nesting: 0,
                            total_space_functions: 2,
                            boolean_seq: BoolSequence {
                                boolean_op: None,
                            },
                        },
                        cyclomatic: Stats {
                            cyclomatic_sum: 2.0,
                            cyclomatic: 1.0,
                            n: 2,
                            cyclomatic_max: 1.0,
                            cyclomatic_min: 1.0,
                        },
                        halstead: Stats {
                            u_operators: 15,
                            operators: 71,
                            u_operands: 38,
                            operands: 44,
                        },
                        loc: Stats {
                            sloc: Sloc {
                                start: 13,
                                end: 36,
                                unit: false,
                                sloc_min: 22,
                                sloc_max: 22,
                            },
                            ploc: Ploc {
                                lines: {
                                    32,
                                    29,
                                    26,
                                    23,
                                    20,
                                    17,
                                    14,
                                    34,
                                    31,
                                    28,
                                    25,
                                    22,
                                    19,
                                    16,
                                    13,
                                    36,
                                    33,
                                    27,
                                    24,
                                    21,
                                    18,
                                    15,
                                    35,
                                },
                                ploc_min: 21,
                                ploc_max: 21,
                            },
                            cloc: Cloc {
                                only_comment_lines: 0,
                                code_comment_lines: 0,
                                comment_line_end: None,
                                cloc_min: 0,
                                cloc_max: 0,
                            },
                            lloc: Lloc {
                                logical_lines: 5,
                                lloc_min: 3,
                                lloc_max: 3,
                            },
                            space_count: 2,
                            blank_min: 1,
                            blank_max: 1,
                        },
                        nom: Stats {
                            functions: 0,
                            closures: 1,
                            functions_sum: 0,
                            closures_sum: 2,
                            functions_min: 0,
                            functions_max: 0,
                            closures_min: 1,
                            closures_max: 1,
                            space_count: 2,
                        },
                        mi: Stats {
                            halstead_length: 115.0,
                            halstead_vocabulary: 53.0,
                            halstead_volume: 658.7108522747678,
                            cyclomatic: 2.0,
                            sloc: 24.0,
                            comments_percentage: 0.0,
                        },
                        abc: Stats {
                            assignments: 0.0,
                            assignments_sum: 0.0,
                            assignments_min: 0.0,
                            assignments_max: 0.0,
                            branches: 0.0,
                            branches_sum: 0.0,
                            branches_min: 0.0,
                            branches_max: 0.0,
                            conditions: 0.0,
                            conditions_sum: 0.0,
                            conditions_min: 0.0,
                            conditions_max: 0.0,
                            space_count: 2,
                            declaration: [],
                        },
                        wmc: Stats {
                            cyclomatic: 0.0,
                            class_wmc: 0.0,
                            interface_wmc: 0.0,
                            class_wmc_sum: 0.0,
                            interface_wmc_sum: 0.0,
                            space_kind: Unknown,
                        },
                        npm: Stats {
                            class_npm: 0,
                            interface_npm: 0,
                            class_nm: 0,
                            interface_nm: 0,
                            class_npm_sum: 0,
                            interface_npm_sum: 0,
                            class_nm_sum: 0,
                            interface_nm_sum: 0,
                            is_class_space: false,
                        },
                        npa: Stats {
                            class_npa: 0,
                            interface_npa: 0,
                            class_na: 0,
                            interface_na: 0,
                            class_npa_sum: 0,
                            interface_npa_sum: 0,
                            class_na_sum: 0,
                            interface_na_sum: 0,
                            is_class_space: false,
                        },
                    },
                },
            ],
            metrics: CodeMetrics {
                nargs: Stats {
                    fn_nargs: 0,
                    closure_nargs: 0,
                    fn_nargs_sum: 0,
                    closure_nargs_sum: 0,
                    fn_nargs_min: 0,
                    closure_nargs_min: 0,
                    fn_nargs_max: 0,
                    closure_nargs_max: 0,
                    total_functions: 0,
                    total_closures: 3,
                },
                nexits: Stats {
                    exit: 0,
                    exit_sum: 0,
                    total_space_functions: 3,
                    exit_min: 0,
                    exit_max: 0,
                },
                cognitive: Stats {
                    structural: 0,
                    structural_sum: 0,
                    structural_min: 0,
                    structural_max: 0,
                    nesting: 0,
                    total_space_functions: 3,
                    boolean_seq: BoolSequence {
                        boolean_op: None,
                    },
                },
                cyclomatic: Stats {
                    cyclomatic_sum: 3.0,
                    cyclomatic: 1.0,
                    n: 3,
                    cyclomatic_max: 1.0,
                    cyclomatic_min: 1.0,
                },
                halstead: Stats {
                    u_operators: 15,
                    operators: 82,
                    u_operands: 42,
                    operands: 49,
                },
                loc: Stats {
                    sloc: Sloc {
                        start: 7,
                        end: 37,
                        unit: false,
                        sloc_min: 24,
                        sloc_max: 24,
                    },
                    ploc: Ploc {
                        lines: {
                            32,
                            29,
                            26,
                            23,
                            20,
                            17,
                            14,
                            11,
                            8,
                            37,
                            34,
                            31,
                            28,
                            25,
                            22,
                            19,
                            16,
                            13,
                            7,
                            36,
                            33,
                            27,
                            24,
                            21,
                            18,
                            15,
                            35,
                        },
                        ploc_min: 23,
                        ploc_max: 23,
                    },
                    cloc: Cloc {
                        only_comment_lines: 1,
                        code_comment_lines: 0,
                        comment_line_end: Some(
                            9,
                        ),
                        cloc_min: 0,
                        cloc_max: 0,
                    },
                    lloc: Lloc {
                        logical_lines: 7,
                        lloc_min: 5,
                        lloc_max: 5,
                    },
                    space_count: 3,
                    blank_min: 1,
                    blank_max: 1,
                },
                nom: Stats {
                    functions: 0,
                    closures: 1,
                    functions_sum: 0,
                    closures_sum: 3,
                    functions_min: 0,
                    functions_max: 0,
                    closures_min: 1,
                    closures_max: 1,
                    space_count: 3,
                },
                mi: Stats {
                    halstead_length: 131.0,
                    halstead_vocabulary: 57.0,
                    halstead_volume: 764.1085918555812,
                    cyclomatic: 3.0,
                    sloc: 31.0,
                    comments_percentage: 0.03225806451612903,
                },
                abc: Stats {
                    assignments: 0.0,
                    assignments_sum: 0.0,
                    assignments_min: 0.0,
                    assignments_max: 0.0,
                    branches: 0.0,
                    branches_sum: 0.0,
                    branches_min: 0.0,
                    branches_max: 0.0,
                    conditions: 0.0,
                    conditions_sum: 0.0,
                    conditions_min: 0.0,
                    conditions_max: 0.0,
                    space_count: 3,
                    declaration: [],
                },
                wmc: Stats {
                    cyclomatic: 0.0,
                    class_wmc: 0.0,
                    interface_wmc: 0.0,
                    class_wmc_sum: 0.0,
                    interface_wmc_sum: 0.0,
                    space_kind: Unknown,
                },
                npm: Stats {
                    class_npm: 0,
                    interface_npm: 0,
                    class_nm: 0,
                    interface_nm: 0,
                    class_npm_sum: 0,
                    interface_npm_sum: 0,
                    class_nm_sum: 0,
                    interface_nm_sum: 0,
                    is_class_space: false,
                },
                npa: Stats {
                    class_npa: 0,
                    interface_npa: 0,
                    class_na: 0,
                    interface_na: 0,
                    class_npa_sum: 0,
                    interface_npa_sum: 0,
                    class_na_sum: 0,
                    interface_na_sum: 0,
                    is_class_space: false,
                },
            },
        },
    ],
    metrics: CodeMetrics {
        nargs: Stats {
            fn_nargs: 0,
            closure_nargs: 0,
            fn_nargs_sum: 0,
            closure_nargs_sum: 0,
            fn_nargs_min: 0,
            closure_nargs_min: 0,
            fn_nargs_max: 0,
            closure_nargs_max: 0,
            total_functions: 0,
            total_closures: 3,
        },
        nexits: Stats {
            exit: 0,
            exit_sum: 0,
            total_space_functions: 3,
            exit_min: 0,
            exit_max: 0,
        },
        cognitive: Stats {
            structural: 0,
            structural_sum: 0,
            structural_min: 0,
            structural_max: 0,
            nesting: 0,
            total_space_functions: 3,
            boolean_seq: BoolSequence {
                boolean_op: None,
            },
        },
        cyclomatic: Stats {
            cyclomatic_sum: 4.0,
            cyclomatic: 1.0,
            n: 4,
            cyclomatic_max: 1.0,
            cyclomatic_min: 1.0,
        },
        halstead: Stats {
            u_operators: 17,
            operators: 111,
            u_operands: 49,
            operands: 65,
        },
        loc: Stats {
            sloc: Sloc {
                start: 0,
                end: 38,
                unit: true,
                sloc_min: 31,
                sloc_max: 31,
            },
            ploc: Ploc {
                lines: {
                    0,
                    37,
                    34,
                    31,
                    28,
                    25,
                    22,
                    19,
                    16,
                    13,
                    7,
                    4,
                    1,
                    35,
                    32,
                    29,
                    26,
                    23,
                    20,
                    17,
                    14,
                    11,
                    8,
                    5,
                    2,
                    36,
                    33,
                    27,
                    24,
                    21,
                    18,
                    15,
                    3,
                },
                ploc_min: 27,
                ploc_max: 27,
            },
            cloc: Cloc {
                only_comment_lines: 1,
                code_comment_lines: 0,
                comment_line_end: None,
                cloc_min: 1,
                cloc_max: 1,
            },
            lloc: Lloc {
                logical_lines: 14,
                lloc_min: 7,
                lloc_max: 7,
            },
            space_count: 4,
            blank_min: 3,
            blank_max: 3,
        },
        nom: Stats {
            functions: 0,
            closures: 0,
            functions_sum: 0,
            closures_sum: 3,
            functions_min: 0,
            functions_max: 0,
            closures_min: 0,
            closures_max: 1,
            space_count: 4,
        },
        mi: Stats {
            halstead_length: 176.0,
            halstead_vocabulary: 66.0,
            halstead_volume: 1063.813365007088,
            cyclomatic: 4.0,
            sloc: 38.0,
            comments_percentage: 0.02631578947368421,
        },
        abc: Stats {
            assignments: 0.0,
            assignments_sum: 0.0,
            assignments_min: 0.0,
            assignments_max: 0.0,
            branches: 0.0,
            branches_sum: 0.0,
            branches_min: 0.0,
            branches_max: 0.0,
            conditions: 0.0,
            conditions_sum: 0.0,
            conditions_min: 0.0,
            conditions_max: 0.0,
            space_count: 4,
            declaration: [],
        },
        wmc: Stats {
            cyclomatic: 0.0,
            class_wmc: 0.0,
            interface_wmc: 0.0,
            class_wmc_sum: 0.0,
            interface_wmc_sum: 0.0,
            space_kind: Unknown,
        },
        npm: Stats {
            class_npm: 0,
            interface_npm: 0,
            class_nm: 0,
            interface_nm: 0,
            class_npm_sum: 0,
            interface_npm_sum: 0,
            class_nm_sum: 0,
            interface_nm_sum: 0,
            is_class_space: false,
        },
        npa: Stats {
            class_npa: 0,
            interface_npa: 0,
            class_na: 0,
            interface_na: 0,
            class_npa_sum: 0,
            interface_npa_sum: 0,
            class_na_sum: 0,
            interface_na_sum: 0,
            is_class_space: false,
        },
    },
}
