---
source: tests/common/mod.rs
expression: funcspace_struct
---
{
  "name": null,
  "start_line": 1,
  "end_line": 96,
  "kind": "unit",
  "spaces": [
    {
      "name": "<anonymous>",
      "start_line": 19,
      "end_line": 96,
      "kind": "function",
      "spaces": [
        {
          "name": "babelPluginReplaceNonWebPackRequire",
          "start_line": 49,
          "end_line": 59,
          "kind": "function",
          "spaces": [
            {
              "name": "Identifier",
              "start_line": 52,
              "end_line": 56,
              "kind": "function",
              "spaces": [],
              "metrics": {
                "nargs": {
                  "total_functions": 2.0,
                  "total_closures": 0.0,
                  "average_functions": 2.0,
                  "average_closures": 0.0,
                  "total": 2.0,
                  "average": 2.0,
                  "functions_min": 2.0,
                  "functions_max": 2.0,
                  "closures_min": 0.0,
                  "closures_max": 0.0
                },
                "nexits": {
                  "sum": 0.0,
                  "average": 0.0,
                  "min": 0.0,
                  "max": 0.0
                },
                "cognitive": {
                  "sum": 1.0,
                  "average": 1.0,
                  "min": 1.0,
                  "max": 1.0
                },
                "cyclomatic": {
                  "sum": 2.0,
                  "average": 2.0,
                  "min": 2.0,
                  "max": 2.0
                },
                "halstead": {
                  "n1": 7.0,
                  "N1": 15.0,
                  "n2": 16.0,
                  "N2": 18.0,
                  "length": 33.0,
                  "estimated_program_length": 83.65148445440323,
                  "purity_ratio": 2.5348934683152495,
                  "vocabulary": 23.0,
                  "volume": 149.27754454988144,
                  "difficulty": 3.9375,
                  "level": 0.25396825396825395,
                  "effort": 587.7803316651582,
                  "time": 32.654462870286565,
                  "bugs": 0.023389563212955627
                },
                "loc": {
                  "sloc": 5.0,
                  "ploc": 5.0,
                  "lloc": 4.0,
                  "cloc": 0.0,
                  "blank": 0.0,
                  "sloc_average": 5.0,
                  "ploc_average": 5.0,
                  "lloc_average": 4.0,
                  "cloc_average": 0.0,
                  "blank_average": 0.0,
                  "sloc_min": 5.0,
                  "sloc_max": 5.0,
                  "cloc_min": 0.0,
                  "cloc_max": 0.0,
                  "ploc_min": 5.0,
                  "ploc_max": 5.0,
                  "lloc_min": 4.0,
                  "lloc_max": 4.0,
                  "blank_min": 0.0,
                  "blank_max": 0.0
                },
                "nom": {
                  "functions": 1.0,
                  "closures": 0.0,
                  "functions_average": 1.0,
                  "closures_average": 0.0,
                  "total": 1.0,
                  "average": 1.0,
                  "functions_min": 1.0,
                  "functions_max": 1.0,
                  "closures_min": 0.0,
                  "closures_max": 0.0
                },
                "mi": {
                  "mi_original": 118.43690791918442,
                  "mi_sei": 95.37112744002633,
                  "mi_visual_studio": 69.26134966034176
                },
                "abc": {
                  "assignments": 0.0,
                  "branches": 0.0,
                  "conditions": 0.0,
                  "magnitude": 0.0,
                  "assignments_average": 0.0,
                  "branches_average": 0.0,
                  "conditions_average": 0.0,
                  "assignments_min": 0.0,
                  "assignments_max": 0.0,
                  "branches_min": 0.0,
                  "branches_max": 0.0,
                  "conditions_min": 0.0,
                  "conditions_max": 0.0
                }
              }
            }
          ],
          "metrics": {
            "nargs": {
              "total_functions": 3.0,
              "total_closures": 0.0,
              "average_functions": 1.5,
              "average_closures": 0.0,
              "total": 3.0,
              "average": 1.5,
              "functions_min": 1.0,
              "functions_max": 2.0,
              "closures_min": 0.0,
              "closures_max": 0.0
            },
            "nexits": {
              "sum": 1.0,
              "average": 0.5,
              "min": 0.0,
              "max": 1.0
            },
            "cognitive": {
              "sum": 1.0,
              "average": 0.5,
              "min": 0.0,
              "max": 1.0
            },
            "cyclomatic": {
              "sum": 3.0,
              "average": 1.5,
              "min": 1.0,
              "max": 2.0
            },
            "halstead": {
              "n1": 10.0,
              "N1": 25.0,
              "n2": 18.0,
              "N2": 21.0,
              "length": 46.0,
              "estimated_program_length": 108.27793097483524,
              "purity_ratio": 2.353868064670331,
              "vocabulary": 28.0,
              "volume": 221.13832641464978,
              "difficulty": 5.833333333333333,
              "level": 0.17142857142857143,
              "effort": 1289.9735707521236,
              "time": 71.66519837511798,
              "bugs": 0.0395001993041784
            },
            "loc": {
              "sloc": 11.0,
              "ploc": 11.0,
              "lloc": 6.0,
              "cloc": 0.0,
              "blank": 0.0,
              "sloc_average": 5.5,
              "ploc_average": 5.5,
              "lloc_average": 3.0,
              "cloc_average": 0.0,
              "blank_average": 0.0,
              "sloc_min": 5.0,
              "sloc_max": 5.0,
              "cloc_min": 0.0,
              "cloc_max": 0.0,
              "ploc_min": 5.0,
              "ploc_max": 5.0,
              "lloc_min": 4.0,
              "lloc_max": 4.0,
              "blank_min": 0.0,
              "blank_max": 0.0
            },
            "nom": {
              "functions": 2.0,
              "closures": 0.0,
              "functions_average": 1.0,
              "closures_average": 0.0,
              "total": 2.0,
              "average": 1.0,
              "functions_min": 1.0,
              "functions_max": 1.0,
              "closures_min": 0.0,
              "closures_max": 0.0
            },
            "mi": {
              "mi_original": 103.39039681177016,
              "mi_sei": 73.76542034208354,
              "mi_visual_studio": 60.46222035776032
            },
            "abc": {
              "assignments": 0.0,
              "branches": 0.0,
              "conditions": 0.0,
              "magnitude": 0.0,
              "assignments_average": 0.0,
              "branches_average": 0.0,
              "conditions_average": 0.0,
              "assignments_min": 0.0,
              "assignments_max": 0.0,
              "branches_min": 0.0,
              "branches_max": 0.0,
              "conditions_min": 0.0,
              "conditions_max": 0.0
            }
          }
        }
      ],
      "metrics": {
        "nargs": {
          "total_functions": 3.0,
          "total_closures": 0.0,
          "average_functions": 1.5,
          "average_closures": 0.0,
          "total": 3.0,
          "average": 1.0,
          "functions_min": 0.0,
          "functions_max": 2.0,
          "closures_min": 0.0,
          "closures_max": 0.0
        },
        "nexits": {
          "sum": 1.0,
          "average": 0.3333333333333333,
          "min": 0.0,
          "max": 1.0
        },
        "cognitive": {
          "sum": 8.0,
          "average": 2.6666666666666665,
          "min": 0.0,
          "max": 7.0
        },
        "cyclomatic": {
          "sum": 11.0,
          "average": 3.6666666666666665,
          "min": 1.0,
          "max": 8.0
        },
        "halstead": {
          "n1": 21.0,
          "N1": 180.0,
          "n2": 92.0,
          "N2": 149.0,
          "length": 329.0,
          "estimated_program_length": 692.4063658355992,
          "purity_ratio": 2.104578619561092,
          "vocabulary": 113.0,
          "volume": 2243.8388786345968,
          "difficulty": 17.005434782608695,
          "level": 0.05880472994566954,
          "effort": 38157.455713302465,
          "time": 2119.858650739026,
          "bugs": 0.3778026656544803
        },
        "loc": {
          "sloc": 78.0,
          "ploc": 68.0,
          "lloc": 19.0,
          "cloc": 6.0,
          "blank": 4.0,
          "sloc_average": 26.0,
          "ploc_average": 22.666666666666668,
          "lloc_average": 6.333333333333333,
          "cloc_average": 2.0,
          "blank_average": 1.3333333333333333,
          "sloc_min": 11.0,
          "sloc_max": 11.0,
          "cloc_min": 0.0,
          "cloc_max": 0.0,
          "ploc_min": 11.0,
          "ploc_max": 11.0,
          "lloc_min": 6.0,
          "lloc_max": 6.0,
          "blank_min": 0.0,
          "blank_max": 0.0
        },
        "nom": {
          "functions": 2.0,
          "closures": 1.0,
          "functions_average": 0.6666666666666666,
          "closures_average": 0.3333333333333333,
          "total": 3.0,
          "average": 1.0,
          "functions_min": 0.0,
          "functions_max": 1.0,
          "closures_min": 0.0,
          "closures_max": 1.0
        },
        "mi": {
          "mi_original": 57.76841099950967,
          "mi_sei": 29.589858691886405,
          "mi_visual_studio": 33.782696490941326
        },
        "abc": {
          "assignments": 0.0,
          "branches": 0.0,
          "conditions": 0.0,
          "magnitude": 0.0,
          "assignments_average": 0.0,
          "branches_average": 0.0,
          "conditions_average": 0.0,
          "assignments_min": 0.0,
          "assignments_max": 0.0,
          "branches_min": 0.0,
          "branches_max": 0.0,
          "conditions_min": 0.0,
          "conditions_max": 0.0
        }
      }
    }
  ],
  "metrics": {
    "nargs": {
      "total_functions": 3.0,
      "total_closures": 0.0,
      "average_functions": 1.5,
      "average_closures": 0.0,
      "total": 3.0,
      "average": 1.0,
      "functions_min": 0.0,
      "functions_max": 2.0,
      "closures_min": 0.0,
      "closures_max": 0.0
    },
    "nexits": {
      "sum": 1.0,
      "average": 0.3333333333333333,
      "min": 0.0,
      "max": 1.0
    },
    "cognitive": {
      "sum": 8.0,
      "average": 2.6666666666666665,
      "min": 0.0,
      "max": 7.0
    },
    "cyclomatic": {
      "sum": 12.0,
      "average": 3.0,
      "min": 1.0,
      "max": 8.0
    },
    "halstead": {
      "n1": 21.0,
      "N1": 184.0,
      "n2": 93.0,
      "N2": 150.0,
      "length": 334.0,
      "estimated_program_length": 700.3804353114008,
      "purity_ratio": 2.0969474111119784,
      "vocabulary": 114.0,
      "volume": 2282.1852647310234,
      "difficulty": 16.93548387096774,
      "level": 0.05904761904761905,
      "effort": 38649.91174141249,
      "time": 2147.217318967361,
      "bugs": 0.3810463006089311
    },
    "loc": {
      "sloc": 96.0,
      "ploc": 69.0,
      "lloc": 21.0,
      "cloc": 21.0,
      "blank": 6.0,
      "sloc_average": 24.0,
      "ploc_average": 17.25,
      "lloc_average": 5.25,
      "cloc_average": 5.25,
      "blank_average": 1.5,
      "sloc_min": 78.0,
      "sloc_max": 78.0,
      "cloc_min": 6.0,
      "cloc_max": 6.0,
      "ploc_min": 68.0,
      "ploc_max": 68.0,
      "lloc_min": 19.0,
      "lloc_max": 19.0,
      "blank_min": 4.0,
      "blank_max": 4.0
    },
    "nom": {
      "functions": 2.0,
      "closures": 1.0,
      "functions_average": 0.5,
      "closures_average": 0.25,
      "total": 3.0,
      "average": 0.75,
      "functions_min": 0.0,
      "functions_max": 1.0,
      "closures_min": 0.0,
      "closures_max": 1.0
    },
    "mi": {
      "mi_original": 54.08653799388395,
      "mi_sei": 36.691999263962494,
      "mi_visual_studio": 31.629554382388275
    },
    "abc": {
      "assignments": 0.0,
      "branches": 0.0,
      "conditions": 0.0,
      "magnitude": 0.0,
      "assignments_average": 0.0,
      "branches_average": 0.0,
      "conditions_average": 0.0,
      "assignments_min": 0.0,
      "assignments_max": 0.0,
      "branches_min": 0.0,
      "branches_max": 0.0,
      "conditions_min": 0.0,
      "conditions_max": 0.0
    }
  }
}
