---
source: tests/common/mod.rs
expression: funcspace_struct
---
name: "[filepath]"
start_line: 1
end_line: 245
kind: unit
spaces:
  - name: preprocess
    start_line: 37
    end_line: 228
    kind: function
    spaces:
      - name: loc
        start_line: 39
        end_line: 41
        kind: function
        spaces: []
        metrics:
          nargs:
            total_functions: 0
            total_closures: 0
            average_functions: 0
            average_closures: 0
            total: 0
            average: 0
            functions_min: 0
            functions_max: 0
            closures_min: 0
            closures_max: 0
          nexits:
            sum: 1
            average: 1
            min: 1
            max: 1
          cognitive:
            sum: 0
            average: 0
            min: 0
            max: 0
          cyclomatic:
            sum: 1
            average: 1
            min: 1
            max: 1
          halstead:
            n1: 7
            N1: 9
            n2: 7
            N2: 7
            length: 16
            estimated_program_length: 39.303
            purity_ratio: 2.456
            vocabulary: 14
            volume: 60.918
            difficulty: 3.5
            level: 0.286
            effort: 213.212
            time: 11.845
            bugs: 0.012
          loc:
            sloc: 3
            ploc: 3
            lloc: 2
            cloc: 0
            blank: 0
            sloc_average: 3
            ploc_average: 3
            lloc_average: 2
            cloc_average: 0
            blank_average: 0
            sloc_min: 3
            sloc_max: 3
            cloc_min: 0
            cloc_max: 0
            ploc_min: 3
            ploc_max: 3
            lloc_min: 2
            lloc_max: 2
            blank_min: 0
            blank_max: 0
          nom:
            functions: 1
            closures: 0
            functions_average: 1
            closures_average: 0
            total: 1
            average: 1
            functions_min: 1
            functions_max: 1
            closures_min: 0
            closures_max: 0
          mi:
            mi_original: 131.603
            mi_sei: 114.264
            mi_visual_studio: 76.961
          abc:
            assignments: 0
            branches: 0
            conditions: 0
            magnitude: 0
            assignments_average: 0
            branches_average: 0
            conditions_average: 0
            assignments_min: 0
            assignments_max: 0
            branches_min: 0
            branches_max: 0
            conditions_min: 0
            conditions_max: 0
      - name: expandCssImports
        start_line: 43
        end_line: 52
        kind: function
        spaces:
          - name: "<anonymous>"
            start_line: 46
            end_line: 50
            kind: function
            spaces: []
            metrics:
              nargs:
                total_functions: 0
                total_closures: 2
                average_functions: 0
                average_closures: 2
                total: 2
                average: 2
                functions_min: 0
                functions_max: 0
                closures_min: 2
                closures_max: 2
              nexits:
                sum: 1
                average: 1
                min: 1
                max: 1
              cognitive:
                sum: 0
                average: 0
                min: 0
                max: 0
              cyclomatic:
                sum: 1
                average: 1
                min: 1
                max: 1
              halstead:
                n1: 10
                N1: 25
                n2: 17
                N2: 22
                length: 47
                estimated_program_length: 102.706
                purity_ratio: 2.185
                vocabulary: 27
                volume: 223.48
                difficulty: 6.471
                level: 0.155
                effort: 1446.045
                time: 80.336
                bugs: 0.043
              loc:
                sloc: 5
                ploc: 5
                lloc: 2
                cloc: 0
                blank: 0
                sloc_average: 5
                ploc_average: 5
                lloc_average: 2
                cloc_average: 0
                blank_average: 0
                sloc_min: 5
                sloc_max: 5
                cloc_min: 0
                cloc_max: 0
                ploc_min: 5
                ploc_max: 5
                lloc_min: 2
                lloc_max: 2
                blank_min: 0
                blank_max: 0
              nom:
                functions: 0
                closures: 1
                functions_average: 0
                closures_average: 1
                total: 1
                average: 1
                functions_min: 0
                functions_max: 0
                closures_min: 1
                closures_max: 1
              mi:
                mi_original: 116.569
                mi_sei: 92.574
                mi_visual_studio: 68.169
              abc:
                assignments: 0
                branches: 0
                conditions: 0
                magnitude: 0
                assignments_average: 0
                branches_average: 0
                conditions_average: 0
                assignments_min: 0
                assignments_max: 0
                branches_min: 0
                branches_max: 0
                conditions_min: 0
                conditions_max: 0
        metrics:
          nargs:
            total_functions: 2
            total_closures: 2
            average_functions: 2
            average_closures: 2
            total: 4
            average: 2
            functions_min: 0
            functions_max: 2
            closures_min: 0
            closures_max: 2
          nexits:
            sum: 2
            average: 1
            min: 1
            max: 1
          cognitive:
            sum: 0
            average: 0
            min: 0
            max: 0
          cyclomatic:
            sum: 2
            average: 1
            min: 1
            max: 1
          halstead:
            n1: 11
            N1: 36
            n2: 20
            N2: 28
            length: 64
            estimated_program_length: 124.492
            purity_ratio: 1.945
            vocabulary: 31
            volume: 317.069
            difficulty: 7.7
            level: 0.13
            effort: 2441.428
            time: 135.635
            bugs: 0.06
          loc:
            sloc: 10
            ploc: 10
            lloc: 4
            cloc: 0
            blank: 0
            sloc_average: 5
            ploc_average: 5
            lloc_average: 2
            cloc_average: 0
            blank_average: 0
            sloc_min: 5
            sloc_max: 5
            cloc_min: 0
            cloc_max: 0
            ploc_min: 5
            ploc_max: 5
            lloc_min: 2
            lloc_max: 2
            blank_min: 0
            blank_max: 0
          nom:
            functions: 1
            closures: 1
            functions_average: 0.5
            closures_average: 0.5
            total: 2
            average: 1
            functions_min: 0
            functions_max: 1
            closures_min: 0
            closures_max: 1
          mi:
            mi_original: 103.291
            mi_sei: 73.52
            mi_visual_studio: 60.404
          abc:
            assignments: 0
            branches: 0
            conditions: 0
            magnitude: 0
            assignments_average: 0
            branches_average: 0
            conditions_average: 0
            assignments_min: 0
            assignments_max: 0
            branches_min: 0
            branches_max: 0
            conditions_min: 0
            conditions_max: 0
      - name: readLine
        start_line: 64
        end_line: 69
        kind: function
        spaces: []
        metrics:
          nargs:
            total_functions: 0
            total_closures: 0
            average_functions: 0
            average_closures: 0
            total: 0
            average: 0
            functions_min: 0
            functions_max: 0
            closures_min: 0
            closures_max: 0
          nexits:
            sum: 2
            average: 2
            min: 2
            max: 2
          cognitive:
            sum: 2
            average: 2
            min: 2
            max: 2
          cyclomatic:
            sum: 2
            average: 2
            min: 2
            max: 2
          halstead:
            n1: 9
            N1: 13
            n2: 5
            N2: 6
            length: 19
            estimated_program_length: 40.139
            purity_ratio: 2.113
            vocabulary: 14
            volume: 72.34
            difficulty: 5.4
            level: 0.185
            effort: 390.635
            time: 21.702
            bugs: 0.018
          loc:
            sloc: 6
            ploc: 6
            lloc: 5
            cloc: 0
            blank: 0
            sloc_average: 6
            ploc_average: 6
            lloc_average: 5
            cloc_average: 0
            blank_average: 0
            sloc_min: 6
            sloc_max: 6
            cloc_min: 0
            cloc_max: 0
            ploc_min: 6
            ploc_max: 6
            lloc_min: 5
            lloc_max: 5
            blank_min: 0
            blank_max: 0
          nom:
            functions: 1
            closures: 0
            functions_average: 1
            closures_average: 0
            total: 1
            average: 1
            functions_min: 1
            functions_max: 1
            closures_min: 0
            closures_max: 0
          mi:
            mi_original: 119.25
            mi_sei: 96.545
            mi_visual_studio: 69.737
          abc:
            assignments: 0
            branches: 0
            conditions: 0
            magnitude: 0
            assignments_average: 0
            branches_average: 0
            conditions_average: 0
            assignments_min: 0
            assignments_max: 0
            branches_min: 0
            branches_max: 0
            conditions_min: 0
            conditions_max: 0
      - name: "<anonymous>"
        start_line: 73
        end_line: 81
        kind: function
        spaces: []
        metrics:
          nargs:
            total_functions: 1
            total_closures: 0
            average_functions: 1
            average_closures: 0
            total: 1
            average: 1
            functions_min: 1
            functions_max: 1
            closures_min: 0
            closures_max: 0
          nexits:
            sum: 1
            average: 1
            min: 1
            max: 1
          cognitive:
            sum: 7
            average: 7
            min: 7
            max: 7
          cyclomatic:
            sum: 5
            average: 5
            min: 5
            max: 5
          halstead:
            n1: 14
            N1: 29
            n2: 11
            N2: 21
            length: 50
            estimated_program_length: 91.357
            purity_ratio: 1.827
            vocabulary: 25
            volume: 232.193
            difficulty: 13.364
            level: 0.075
            effort: 3102.94
            time: 172.386
            bugs: 0.071
          loc:
            sloc: 9
            ploc: 9
            lloc: 7
            cloc: 1
            blank: 0
            sloc_average: 9
            ploc_average: 9
            lloc_average: 7
            cloc_average: 1
            blank_average: 0
            sloc_min: 9
            sloc_max: 9
            cloc_min: 1
            cloc_max: 1
            ploc_min: 9
            ploc_max: 9
            lloc_min: 7
            lloc_max: 7
            blank_min: 0
            blank_max: 0
          nom:
            functions: 1
            closures: 0
            functions_average: 1
            closures_average: 0
            total: 1
            average: 1
            functions_min: 1
            functions_max: 1
            closures_min: 0
            closures_max: 0
          mi:
            mi_original: 105.928
            mi_sei: 102.317
            mi_visual_studio: 61.946
          abc:
            assignments: 0
            branches: 0
            conditions: 0
            magnitude: 0
            assignments_average: 0
            branches_average: 0
            conditions_average: 0
            assignments_min: 0
            assignments_max: 0
            branches_min: 0
            branches_max: 0
            conditions_min: 0
            conditions_max: 0
      - name: evaluateCondition
        start_line: 82
        end_line: 100
        kind: function
        spaces: []
        metrics:
          nargs:
            total_functions: 1
            total_closures: 0
            average_functions: 1
            average_closures: 0
            total: 1
            average: 1
            functions_min: 1
            functions_max: 1
            closures_min: 0
            closures_max: 0
          nexits:
            sum: 1
            average: 1
            min: 1
            max: 1
          cognitive:
            sum: 5
            average: 5
            min: 5
            max: 5
          cyclomatic:
            sum: 4
            average: 4
            min: 4
            max: 4
          halstead:
            n1: 16
            N1: 44
            n2: 22
            N2: 30
            length: 74
            estimated_program_length: 162.107
            purity_ratio: 2.191
            vocabulary: 38
            volume: 388.347
            difficulty: 10.909
            level: 0.092
            effort: 4236.509
            time: 235.362
            bugs: 0.087
          loc:
            sloc: 19
            ploc: 19
            lloc: 9
            cloc: 0
            blank: 0
            sloc_average: 19
            ploc_average: 19
            lloc_average: 9
            cloc_average: 0
            blank_average: 0
            sloc_min: 19
            sloc_max: 19
            cloc_min: 0
            cloc_max: 0
            ploc_min: 19
            ploc_max: 19
            lloc_min: 9
            lloc_max: 9
            blank_min: 0
            blank_max: 0
          nom:
            functions: 1
            closures: 0
            functions_average: 1
            closures_average: 0
            total: 1
            average: 1
            functions_min: 1
            functions_max: 1
            closures_min: 0
            closures_max: 0
          mi:
            mi_original: 91.378
            mi_sei: 56.537
            mi_visual_studio: 53.438
          abc:
            assignments: 0
            branches: 0
            conditions: 0
            magnitude: 0
            assignments_average: 0
            branches_average: 0
            conditions_average: 0
            assignments_min: 0
            assignments_max: 0
            branches_min: 0
            branches_max: 0
            conditions_min: 0
            conditions_max: 0
      - name: include
        start_line: 101
        end_line: 122
        kind: function
        spaces: []
        metrics:
          nargs:
            total_functions: 1
            total_closures: 0
            average_functions: 1
            average_closures: 0
            total: 1
            average: 1
            functions_min: 1
            functions_max: 1
            closures_min: 0
            closures_max: 0
          nexits:
            sum: 0
            average: 0
            min: 0
            max: 0
          cognitive:
            sum: 8
            average: 8
            min: 8
            max: 8
          cyclomatic:
            sum: 4
            average: 4
            min: 4
            max: 4
          halstead:
            n1: 17
            N1: 61
            n2: 35
            N2: 51
            length: 112
            estimated_program_length: 249.012
            purity_ratio: 2.223
            vocabulary: 52
            volume: 638.449
            difficulty: 12.386
            level: 0.081
            effort: 7907.65
            time: 439.314
            bugs: 0.132
          loc:
            sloc: 22
            ploc: 22
            lloc: 14
            cloc: 1
            blank: 0
            sloc_average: 22
            ploc_average: 22
            lloc_average: 14
            cloc_average: 1
            blank_average: 0
            sloc_min: 22
            sloc_max: 22
            cloc_min: 1
            cloc_max: 1
            ploc_min: 22
            ploc_max: 22
            lloc_min: 14
            lloc_max: 14
            blank_min: 0
            blank_max: 0
          nom:
            functions: 1
            closures: 0
            functions_average: 1
            closures_average: 0
            total: 1
            average: 1
            functions_min: 1
            functions_max: 1
            closures_min: 0
            closures_max: 0
          mi:
            mi_original: 86.418
            mi_sei: 65.597
            mi_visual_studio: 50.537
          abc:
            assignments: 0
            branches: 0
            conditions: 0
            magnitude: 0
            assignments_average: 0
            branches_average: 0
            conditions_average: 0
            assignments_min: 0
            assignments_max: 0
            branches_min: 0
            branches_max: 0
            conditions_min: 0
            conditions_max: 0
      - name: expand
        start_line: 123
        end_line: 132
        kind: function
        spaces:
          - name: "<anonymous>"
            start_line: 124
            end_line: 130
            kind: function
            spaces: []
            metrics:
              nargs:
                total_functions: 0
                total_closures: 1
                average_functions: 0
                average_closures: 1
                total: 1
                average: 1
                functions_min: 0
                functions_max: 0
                closures_min: 1
                closures_max: 1
              nexits:
                sum: 2
                average: 2
                min: 2
                max: 2
              cognitive:
                sum: 2
                average: 2
                min: 2
                max: 2
              cyclomatic:
                sum: 2
                average: 2
                min: 2
                max: 2
              halstead:
                n1: 13
                N1: 20
                n2: 8
                N2: 15
                length: 35
                estimated_program_length: 72.106
                purity_ratio: 2.06
                vocabulary: 21
                volume: 153.731
                difficulty: 12.188
                level: 0.082
                effort: 1873.598
                time: 104.089
                bugs: 0.051
              loc:
                sloc: 7
                ploc: 7
                lloc: 6
                cloc: 0
                blank: 0
                sloc_average: 7
                ploc_average: 7
                lloc_average: 6
                cloc_average: 0
                blank_average: 0
                sloc_min: 7
                sloc_max: 7
                cloc_min: 0
                cloc_max: 0
                ploc_min: 7
                ploc_max: 7
                lloc_min: 6
                lloc_max: 6
                blank_min: 0
                blank_max: 0
              nom:
                functions: 0
                closures: 1
                functions_average: 0
                closures_average: 1
                total: 1
                average: 1
                functions_min: 0
                functions_max: 0
                closures_min: 1
                closures_max: 1
              mi:
                mi_original: 112.833
                mi_sei: 87.287
                mi_visual_studio: 65.984
              abc:
                assignments: 0
                branches: 0
                conditions: 0
                magnitude: 0
                assignments_average: 0
                branches_average: 0
                conditions_average: 0
                assignments_min: 0
                assignments_max: 0
                branches_min: 0
                branches_max: 0
                conditions_min: 0
                conditions_max: 0
        metrics:
          nargs:
            total_functions: 1
            total_closures: 1
            average_functions: 1
            average_closures: 1
            total: 2
            average: 1
            functions_min: 0
            functions_max: 1
            closures_min: 0
            closures_max: 1
          nexits:
            sum: 2
            average: 1
            min: 0
            max: 2
          cognitive:
            sum: 2
            average: 1
            min: 0
            max: 2
          cyclomatic:
            sum: 3
            average: 1.5
            min: 1
            max: 2
          halstead:
            n1: 14
            N1: 32
            n2: 13
            N2: 23
            length: 55
            estimated_program_length: 101.409
            purity_ratio: 1.844
            vocabulary: 27
            volume: 261.519
            difficulty: 12.385
            level: 0.081
            effort: 3238.81
            time: 179.934
            bugs: 0.073
          loc:
            sloc: 10
            ploc: 10
            lloc: 9
            cloc: 0
            blank: 0
            sloc_average: 5
            ploc_average: 5
            lloc_average: 4.5
            cloc_average: 0
            blank_average: 0
            sloc_min: 7
            sloc_max: 7
            cloc_min: 0
            cloc_max: 0
            ploc_min: 7
            ploc_max: 7
            lloc_min: 6
            lloc_max: 6
            blank_min: 0
            blank_max: 0
          nom:
            functions: 1
            closures: 1
            functions_average: 0.5
            closures_average: 0.5
            total: 2
            average: 1
            functions_min: 0
            functions_max: 1
            closures_min: 0
            closures_max: 1
          mi:
            mi_original: 104.062
            mi_sei: 74.735
            mi_visual_studio: 60.855
          abc:
            assignments: 0
            branches: 0
            conditions: 0
            magnitude: 0
            assignments_average: 0
            branches_average: 0
            conditions_average: 0
            assignments_min: 0
            assignments_max: 0
            branches_min: 0
            branches_max: 0
            conditions_min: 0
            conditions_max: 0
    metrics:
      nargs:
        total_functions: 9
        total_closures: 3
        average_functions: 1.125
        average_closures: 1.5
        total: 12
        average: 1.2
        functions_min: 0
        functions_max: 3
        closures_min: 0
        closures_max: 2
      nexits:
        sum: 9
        average: 0.9
        min: 0
        max: 2
      cognitive:
        sum: 85
        average: 8.5
        min: 0
        max: 61
      cyclomatic:
        sum: 57
        average: 5.7
        min: 1
        max: 36
      halstead:
        n1: 35
        N1: 532
        n2: 137
        N2: 366
        length: 898
        estimated_program_length: 1151.955
        purity_ratio: 1.283
        vocabulary: 172
        volume: 6668.786
        difficulty: 46.752
        level: 0.021
        effort: 311777.903
        time: 17320.995
        bugs: 1.533
      loc:
        sloc: 192
        ploc: 179
        lloc: 114
        cloc: 10
        blank: 5
        sloc_average: 19.2
        ploc_average: 17.9
        lloc_average: 11.4
        cloc_average: 1
        blank_average: 0.5
        sloc_min: 3
        sloc_max: 22
        cloc_min: 0
        cloc_max: 1
        ploc_min: 3
        ploc_max: 22
        lloc_min: 2
        lloc_max: 14
        blank_min: 0
        blank_max: 0
      nom:
        functions: 8
        closures: 2
        functions_average: 0.8
        closures_average: 0.2
        total: 10
        average: 1
        functions_min: 0
        functions_max: 1
        closures_min: 0
        closures_max: 1
      mi:
        mi_original: 26.932
        mi_sei: -13.731
        mi_visual_studio: 15.749
      abc:
        assignments: 0
        branches: 0
        conditions: 0
        magnitude: 0
        assignments_average: 0
        branches_average: 0
        conditions_average: 0
        assignments_min: 0
        assignments_max: 0
        branches_min: 0
        branches_max: 0
        conditions_min: 0
        conditions_max: 0
  - name: merge
    start_line: 235
    end_line: 244
    kind: function
    spaces: []
    metrics:
      nargs:
        total_functions: 2
        total_closures: 0
        average_functions: 2
        average_closures: 0
        total: 2
        average: 2
        functions_min: 2
        functions_max: 2
        closures_min: 0
        closures_max: 0
      nexits:
        sum: 1
        average: 1
        min: 1
        max: 1
      cognitive:
        sum: 2
        average: 2
        min: 2
        max: 2
      cyclomatic:
        sum: 3
        average: 3
        min: 3
        max: 3
      halstead:
        n1: 12
        N1: 29
        n2: 9
        N2: 21
        length: 50
        estimated_program_length: 71.549
        purity_ratio: 1.431
        vocabulary: 21
        volume: 219.616
        difficulty: 14
        level: 0.071
        effort: 3074.622
        time: 170.812
        bugs: 0.07
      loc:
        sloc: 10
        ploc: 10
        lloc: 8
        cloc: 0
        blank: 0
        sloc_average: 10
        ploc_average: 10
        lloc_average: 8
        cloc_average: 0
        blank_average: 0
        sloc_min: 10
        sloc_max: 10
        cloc_min: 0
        cloc_max: 0
        ploc_min: 10
        ploc_max: 10
        lloc_min: 8
        lloc_max: 8
        blank_min: 0
        blank_max: 0
      nom:
        functions: 1
        closures: 0
        functions_average: 1
        closures_average: 0
        total: 1
        average: 1
        functions_min: 1
        functions_max: 1
        closures_min: 0
        closures_max: 0
      mi:
        mi_original: 104.97
        mi_sei: 76.045
        mi_visual_studio: 61.386
      abc:
        assignments: 0
        branches: 0
        conditions: 0
        magnitude: 0
        assignments_average: 0
        branches_average: 0
        conditions_average: 0
        assignments_min: 0
        assignments_max: 0
        branches_min: 0
        branches_max: 0
        conditions_min: 0
        conditions_max: 0
metrics:
  nargs:
    total_functions: 11
    total_closures: 3
    average_functions: 1.222
    average_closures: 1.5
    total: 14
    average: 1.273
    functions_min: 0
    functions_max: 3
    closures_min: 0
    closures_max: 2
  nexits:
    sum: 10
    average: 0.909
    min: 0
    max: 2
  cognitive:
    sum: 87
    average: 7.909
    min: 0
    max: 61
  cyclomatic:
    sum: 61
    average: 5.083
    min: 1
    max: 36
  halstead:
    n1: 36
    N1: 583
    n2: 152
    N2: 406
    length: 989
    estimated_program_length: 1287.802
    purity_ratio: 1.302
    vocabulary: 188
    volume: 7471.488
    difficulty: 48.079
    level: 0.021
    effort: 359221.296
    time: 19956.739
    bugs: 1.684
  loc:
    sloc: 245
    ploc: 196
    lloc: 125
    cloc: 42
    blank: 9
    sloc_average: 20.417
    ploc_average: 16.333
    lloc_average: 10.417
    cloc_average: 3.5
    blank_average: 0.75
    sloc_min: 10
    sloc_max: 192
    cloc_min: 0
    cloc_max: 10
    ploc_min: 10
    ploc_max: 179
    lloc_min: 8
    lloc_max: 114
    blank_min: 0
    blank_max: 5
  nom:
    functions: 9
    closures: 2
    functions_average: 0.75
    closures_average: 0.167
    total: 11
    average: 0.917
    functions_min: 0
    functions_max: 1
    closures_min: 0
    closures_max: 1
  mi:
    mi_original: 21.472
    mi_sei: -8.596
    mi_visual_studio: 12.556
  abc:
    assignments: 0
    branches: 0
    conditions: 0
    magnitude: 0
    assignments_average: 0
    branches_average: 0
    conditions_average: 0
    assignments_min: 0
    assignments_max: 0
    branches_min: 0
    branches_max: 0
    conditions_min: 0
    conditions_max: 0

