---
source: tests/test.rs
expression: funcspace_struct
---
FuncSpace {
    name: Some(
        "./tests/repositories/pdf.js/src/scripting_api/pdf_object.js",
    ),
    start_line: 1,
    end_line: 24,
    kind: Unit,
    spaces: [
        FuncSpace {
            name: Some(
                "PDFObject",
            ),
            start_line: 16,
            end_line: 22,
            kind: Class,
            spaces: [
                FuncSpace {
                    name: Some(
                        "constructor",
                    ),
                    start_line: 17,
                    end_line: 21,
                    kind: Function,
                    spaces: [],
                    metrics: CodeMetrics {
                        nargs: Stats {
                            fn_nargs: 1,
                            closure_nargs: 0,
                            fn_nargs_sum: 1,
                            closure_nargs_sum: 0,
                            fn_nargs_min: 1,
                            closure_nargs_min: 0,
                            fn_nargs_max: 1,
                            closure_nargs_max: 0,
                            total_functions: 1,
                            total_closures: 0,
                        },
                        nexits: Stats {
                            exit: 0,
                            exit_sum: 0,
                            total_space_functions: 1,
                            exit_min: 0,
                            exit_max: 0,
                        },
                        cognitive: Stats {
                            structural: 2,
                            structural_sum: 2,
                            structural_min: 2,
                            structural_max: 2,
                            nesting: 0,
                            total_space_functions: 1,
                            boolean_seq: BoolSequence {
                                boolean_op: Some(
                                    73,
                                ),
                            },
                        },
                        cyclomatic: Stats {
                            cyclomatic_sum: 3.0,
                            cyclomatic: 3.0,
                            n: 1,
                            cyclomatic_max: 3.0,
                            cyclomatic_min: 3.0,
                        },
                        halstead: Stats {
                            u_operators: 6,
                            operators: 17,
                            u_operands: 17,
                            operands: 23,
                        },
                        loc: Stats {
                            sloc: Sloc {
                                start: 16,
                                end: 20,
                                unit: false,
                                sloc_min: 5,
                                sloc_max: 5,
                            },
                            ploc: Ploc {
                                lines: {
                                    16,
                                    18,
                                    20,
                                    17,
                                    19,
                                },
                                ploc_min: 5,
                                ploc_max: 5,
                            },
                            cloc: Cloc {
                                only_comment_lines: 0,
                                code_comment_lines: 0,
                                comment_line_end: None,
                                cloc_min: 0,
                                cloc_max: 0,
                            },
                            lloc: Lloc {
                                logical_lines: 4,
                                lloc_min: 4,
                                lloc_max: 4,
                            },
                            space_count: 1,
                            blank_min: 0,
                            blank_max: 0,
                        },
                        nom: Stats {
                            functions: 1,
                            closures: 0,
                            functions_sum: 1,
                            closures_sum: 0,
                            functions_min: 1,
                            functions_max: 1,
                            closures_min: 0,
                            closures_max: 0,
                            space_count: 1,
                        },
                        mi: Stats {
                            halstead_length: 40.0,
                            halstead_vocabulary: 23.0,
                            halstead_volume: 180.94247824228052,
                            cyclomatic: 3.0,
                            sloc: 5.0,
                            comments_percentage: 0.0,
                        },
                        abc: Stats {
                            assignments: 0.0,
                            assignments_sum: 0.0,
                            assignments_min: 0.0,
                            assignments_max: 0.0,
                            branches: 0.0,
                            branches_sum: 0.0,
                            branches_min: 0.0,
                            branches_max: 0.0,
                            conditions: 0.0,
                            conditions_sum: 0.0,
                            conditions_min: 0.0,
                            conditions_max: 0.0,
                            space_count: 1,
                            declaration: [],
                        },
                        wmc: Stats {
                            cyclomatic: 0.0,
                            class_wmc: 0.0,
                            interface_wmc: 0.0,
                            class_wmc_sum: 0.0,
                            interface_wmc_sum: 0.0,
                            space_kind: Unknown,
                        },
                        npm: Stats {
                            class_npm: 0,
                            interface_npm: 0,
                            class_nm: 0,
                            interface_nm: 0,
                            class_npm_sum: 0,
                            interface_npm_sum: 0,
                            class_nm_sum: 0,
                            interface_nm_sum: 0,
                            is_class_space: false,
                        },
                        npa: Stats {
                            class_npa: 0,
                            interface_npa: 0,
                            class_na: 0,
                            interface_na: 0,
                            class_npa_sum: 0,
                            interface_npa_sum: 0,
                            class_na_sum: 0,
                            interface_na_sum: 0,
                            is_class_space: false,
                        },
                    },
                },
            ],
            metrics: CodeMetrics {
                nargs: Stats {
                    fn_nargs: 0,
                    closure_nargs: 0,
                    fn_nargs_sum: 1,
                    closure_nargs_sum: 0,
                    fn_nargs_min: 0,
                    closure_nargs_min: 0,
                    fn_nargs_max: 1,
                    closure_nargs_max: 0,
                    total_functions: 1,
                    total_closures: 0,
                },
                nexits: Stats {
                    exit: 0,
                    exit_sum: 0,
                    total_space_functions: 1,
                    exit_min: 0,
                    exit_max: 0,
                },
                cognitive: Stats {
                    structural: 0,
                    structural_sum: 2,
                    structural_min: 0,
                    structural_max: 2,
                    nesting: 0,
                    total_space_functions: 1,
                    boolean_seq: BoolSequence {
                        boolean_op: None,
                    },
                },
                cyclomatic: Stats {
                    cyclomatic_sum: 4.0,
                    cyclomatic: 1.0,
                    n: 2,
                    cyclomatic_max: 3.0,
                    cyclomatic_min: 1.0,
                },
                halstead: Stats {
                    u_operators: 6,
                    operators: 18,
                    u_operands: 18,
                    operands: 24,
                },
                loc: Stats {
                    sloc: Sloc {
                        start: 15,
                        end: 21,
                        unit: false,
                        sloc_min: 5,
                        sloc_max: 5,
                    },
                    ploc: Ploc {
                        lines: {
                            16,
                            21,
                            18,
                            15,
                            20,
                            17,
                            19,
                        },
                        ploc_min: 5,
                        ploc_max: 5,
                    },
                    cloc: Cloc {
                        only_comment_lines: 0,
                        code_comment_lines: 0,
                        comment_line_end: None,
                        cloc_min: 0,
                        cloc_max: 0,
                    },
                    lloc: Lloc {
                        logical_lines: 4,
                        lloc_min: 4,
                        lloc_max: 4,
                    },
                    space_count: 2,
                    blank_min: 0,
                    blank_max: 0,
                },
                nom: Stats {
                    functions: 0,
                    closures: 0,
                    functions_sum: 1,
                    closures_sum: 0,
                    functions_min: 0,
                    functions_max: 1,
                    closures_min: 0,
                    closures_max: 0,
                    space_count: 2,
                },
                mi: Stats {
                    halstead_length: 42.0,
                    halstead_vocabulary: 24.0,
                    halstead_volume: 192.56842503028855,
                    cyclomatic: 4.0,
                    sloc: 7.0,
                    comments_percentage: 0.0,
                },
                abc: Stats {
                    assignments: 0.0,
                    assignments_sum: 0.0,
                    assignments_min: 0.0,
                    assignments_max: 0.0,
                    branches: 0.0,
                    branches_sum: 0.0,
                    branches_min: 0.0,
                    branches_max: 0.0,
                    conditions: 0.0,
                    conditions_sum: 0.0,
                    conditions_min: 0.0,
                    conditions_max: 0.0,
                    space_count: 2,
                    declaration: [],
                },
                wmc: Stats {
                    cyclomatic: 0.0,
                    class_wmc: 0.0,
                    interface_wmc: 0.0,
                    class_wmc_sum: 0.0,
                    interface_wmc_sum: 0.0,
                    space_kind: Unknown,
                },
                npm: Stats {
                    class_npm: 0,
                    interface_npm: 0,
                    class_nm: 0,
                    interface_nm: 0,
                    class_npm_sum: 0,
                    interface_npm_sum: 0,
                    class_nm_sum: 0,
                    interface_nm_sum: 0,
                    is_class_space: false,
                },
                npa: Stats {
                    class_npa: 0,
                    interface_npa: 0,
                    class_na: 0,
                    interface_na: 0,
                    class_npa_sum: 0,
                    interface_npa_sum: 0,
                    class_na_sum: 0,
                    interface_na_sum: 0,
                    is_class_space: false,
                },
            },
        },
    ],
    metrics: CodeMetrics {
        nargs: Stats {
            fn_nargs: 0,
            closure_nargs: 0,
            fn_nargs_sum: 1,
            closure_nargs_sum: 0,
            fn_nargs_min: 0,
            closure_nargs_min: 0,
            fn_nargs_max: 1,
            closure_nargs_max: 0,
            total_functions: 1,
            total_closures: 0,
        },
        nexits: Stats {
            exit: 0,
            exit_sum: 0,
            total_space_functions: 1,
            exit_min: 0,
            exit_max: 0,
        },
        cognitive: Stats {
            structural: 0,
            structural_sum: 2,
            structural_min: 0,
            structural_max: 2,
            nesting: 0,
            total_space_functions: 1,
            boolean_seq: BoolSequence {
                boolean_op: None,
            },
        },
        cyclomatic: Stats {
            cyclomatic_sum: 5.0,
            cyclomatic: 1.0,
            n: 3,
            cyclomatic_max: 3.0,
            cyclomatic_min: 1.0,
        },
        halstead: Stats {
            u_operators: 7,
            operators: 21,
            u_operands: 18,
            operands: 25,
        },
        loc: Stats {
            sloc: Sloc {
                start: 0,
                end: 24,
                unit: true,
                sloc_min: 7,
                sloc_max: 7,
            },
            ploc: Ploc {
                lines: {
                    16,
                    23,
                    20,
                    17,
                    21,
                    18,
                    15,
                    19,
                },
                ploc_min: 7,
                ploc_max: 7,
            },
            cloc: Cloc {
                only_comment_lines: 14,
                code_comment_lines: 0,
                comment_line_end: Some(
                    13,
                ),
                cloc_min: 0,
                cloc_max: 0,
            },
            lloc: Lloc {
                logical_lines: 5,
                lloc_min: 4,
                lloc_max: 4,
            },
            space_count: 3,
            blank_min: 0,
            blank_max: 0,
        },
        nom: Stats {
            functions: 0,
            closures: 0,
            functions_sum: 1,
            closures_sum: 0,
            functions_min: 0,
            functions_max: 1,
            closures_min: 0,
            closures_max: 0,
            space_count: 3,
        },
        mi: Stats {
            halstead_length: 46.0,
            halstead_vocabulary: 25.0,
            halstead_volume: 213.6173847296373,
            cyclomatic: 5.0,
            sloc: 24.0,
            comments_percentage: 0.5833333333333334,
        },
        abc: Stats {
            assignments: 0.0,
            assignments_sum: 0.0,
            assignments_min: 0.0,
            assignments_max: 0.0,
            branches: 0.0,
            branches_sum: 0.0,
            branches_min: 0.0,
            branches_max: 0.0,
            conditions: 0.0,
            conditions_sum: 0.0,
            conditions_min: 0.0,
            conditions_max: 0.0,
            space_count: 3,
            declaration: [],
        },
        wmc: Stats {
            cyclomatic: 0.0,
            class_wmc: 0.0,
            interface_wmc: 0.0,
            class_wmc_sum: 0.0,
            interface_wmc_sum: 0.0,
            space_kind: Unknown,
        },
        npm: Stats {
            class_npm: 0,
            interface_npm: 0,
            class_nm: 0,
            interface_nm: 0,
            class_npm_sum: 0,
            interface_npm_sum: 0,
            class_nm_sum: 0,
            interface_nm_sum: 0,
            is_class_space: false,
        },
        npa: Stats {
            class_npa: 0,
            interface_npa: 0,
            class_na: 0,
            interface_na: 0,
            class_npa_sum: 0,
            interface_npa_sum: 0,
            class_na_sum: 0,
            interface_na_sum: 0,
            is_class_space: false,
        },
    },
}
