---
source: tests/common/mod.rs
expression: funcspace_struct
---
{
  "name": null,
  "start_line": 1,
  "end_line": 8,
  "kind": "unit",
  "spaces": [],
  "metrics": {
    "nargs": {
      "total_functions": 0.0,
      "total_closures": 0.0,
      "average_functions": 0.0,
      "average_closures": 0.0,
      "total": 0.0,
      "average": 0.0,
      "functions_min": 0.0,
      "functions_max": 0.0,
      "closures_min": 0.0,
      "closures_max": 0.0
    },
    "nexits": {
      "sum": 0.0,
      "average": null,
      "min": 0.0,
      "max": 0.0
    },
    "cognitive": {
      "sum": 0.0,
      "average": null,
      "min": 0.0,
      "max": 0.0
    },
    "cyclomatic": {
      "sum": 1.0,
      "average": 1.0,
      "min": 1.0,
      "max": 1.0
    },
    "halstead": {
      "n1": 2.0,
      "N1": 7.0,
      "n2": 4.0,
      "N2": 4.0,
      "length": 11.0,
      "estimated_program_length": 10.0,
      "purity_ratio": 0.9090909090909091,
      "vocabulary": 6.0,
      "volume": 28.43458750793272,
      "difficulty": 1.0,
      "level": 1.0,
      "effort": 28.43458750793272,
      "time": 1.579699305996262,
      "bugs": 0.0031053462642364575
    },
    "loc": {
      "sloc": 8.0,
      "ploc": 4.0,
      "lloc": 1.0,
      "cloc": 4.0,
      "blank": 0.0,
      "sloc_average": 8.0,
      "ploc_average": 4.0,
      "lloc_average": 1.0,
      "cloc_average": 4.0,
      "blank_average": 0.0,
      "sloc_min": 8.0,
      "sloc_max": 8.0,
      "cloc_min": 4.0,
      "cloc_max": 4.0,
      "ploc_min": 4.0,
      "ploc_max": 4.0,
      "lloc_min": 1.0,
      "lloc_max": 1.0,
      "blank_min": 0.0,
      "blank_max": 0.0
    },
    "nom": {
      "functions": 0.0,
      "closures": 0.0,
      "functions_average": 0.0,
      "closures_average": 0.0,
      "total": 0.0,
      "average": 0.0,
      "functions_min": 0.0,
      "functions_max": 0.0,
      "closures_min": 0.0,
      "closures_max": 0.0
    },
    "mi": {
      "mi_original": 119.67549439914066,
      "mi_sei": 141.51281235933106,
      "mi_visual_studio": 69.98566923926354
    },
    "abc": {
      "assignments": 0.0,
      "branches": 0.0,
      "conditions": 0.0,
      "magnitude": 0.0,
      "assignments_average": 0.0,
      "branches_average": 0.0,
      "conditions_average": 0.0,
      "assignments_min": 0.0,
      "assignments_max": 0.0,
      "branches_min": 0.0,
      "branches_max": 0.0,
      "conditions_min": 0.0,
      "conditions_max": 0.0
    }
  }
}
