---
source: tests/common/mod.rs
expression: funcspace_struct
---
name: "[filepath]"
start_line: 1
end_line: 38
kind: unit
spaces:
  - name: main
    start_line: 8
    end_line: 27
    kind: function
    spaces: []
    metrics:
      nargs:
        total_functions: 0
        total_closures: 0
        average_functions: 0
        average_closures: 0
        total: 0
        average: 0
        functions_min: 0
        functions_max: 0
        closures_min: 0
        closures_max: 0
      nexits:
        sum: 1
        average: 1
        min: 1
        max: 1
      cognitive:
        sum: 3
        average: 3
        min: 3
        max: 3
      cyclomatic:
        sum: 5
        average: 5
        min: 5
        max: 5
      halstead:
        n1: 13
        N1: 30
        n2: 11
        N2: 17
        length: 47
        estimated_program_length: 86.159
        purity_ratio: 1.833
        vocabulary: 24
        volume: 215.493
        difficulty: 10.045
        level: 0.1
        effort: 2164.728
        time: 120.263
        bugs: 0.056
      loc:
        sloc: 20
        ploc: 13
        lloc: 6
        cloc: 4
        blank: 3
        sloc_average: 20
        ploc_average: 13
        lloc_average: 6
        cloc_average: 4
        blank_average: 3
        sloc_min: 20
        sloc_max: 20
        cloc_min: 4
        cloc_max: 4
        ploc_min: 13
        ploc_max: 13
        lloc_min: 6
        lloc_max: 6
        blank_min: 3
        blank_max: 3
      nom:
        functions: 1
        closures: 0
        functions_average: 1
        closures_average: 0
        total: 1
        average: 1
        functions_min: 1
        functions_max: 1
        closures_min: 0
        closures_max: 0
      mi:
        mi_original: 93.38
        mi_sei: 91.462
        mi_visual_studio: 54.608
      abc:
        assignments: 0
        branches: 0
        conditions: 0
        magnitude: 0
        assignments_average: 0
        branches_average: 0
        conditions_average: 0
        assignments_min: 0
        assignments_max: 0
        branches_min: 0
        branches_max: 0
        conditions_min: 0
        conditions_max: 0
  - name: rustc_minor_version
    start_line: 29
    end_line: 38
    kind: function
    spaces: []
    metrics:
      nargs:
        total_functions: 0
        total_closures: 0
        average_functions: 0
        average_closures: 0
        total: 0
        average: 0
        functions_min: 0
        functions_max: 0
        closures_min: 0
        closures_max: 0
      nexits:
        sum: 2
        average: 2
        min: 2
        max: 2
      cognitive:
        sum: 1
        average: 1
        min: 1
        max: 1
      cyclomatic:
        sum: 6
        average: 6
        min: 6
        max: 6
      halstead:
        n1: 17
        N1: 53
        n2: 17
        N2: 22
        length: 75
        estimated_program_length: 138.974
        purity_ratio: 1.853
        vocabulary: 34
        volume: 381.56
        difficulty: 11
        level: 0.091
        effort: 4197.157
        time: 233.175
        bugs: 0.087
      loc:
        sloc: 10
        ploc: 10
        lloc: 6
        cloc: 0
        blank: 0
        sloc_average: 10
        ploc_average: 10
        lloc_average: 6
        cloc_average: 0
        blank_average: 0
        sloc_min: 10
        sloc_max: 10
        cloc_min: 0
        cloc_max: 0
        ploc_min: 10
        ploc_max: 10
        lloc_min: 6
        lloc_max: 6
        blank_min: 0
        blank_max: 0
      nom:
        functions: 1
        closures: 0
        functions_average: 1
        closures_average: 0
        total: 1
        average: 1
        functions_min: 1
        functions_max: 1
        closures_min: 0
        closures_max: 0
      mi:
        mi_original: 101.408
        mi_sei: 71.211
        mi_visual_studio: 59.303
      abc:
        assignments: 0
        branches: 0
        conditions: 0
        magnitude: 0
        assignments_average: 0
        branches_average: 0
        conditions_average: 0
        assignments_min: 0
        assignments_max: 0
        branches_min: 0
        branches_max: 0
        conditions_min: 0
        conditions_max: 0
metrics:
  nargs:
    total_functions: 0
    total_closures: 0
    average_functions: 0
    average_closures: 0
    total: 0
    average: 0
    functions_min: 0
    functions_max: 0
    closures_min: 0
    closures_max: 0
  nexits:
    sum: 3
    average: 1.5
    min: 0
    max: 2
  cognitive:
    sum: 4
    average: 2
    min: 0
    max: 3
  cyclomatic:
    sum: 12
    average: 4
    min: 1
    max: 6
  halstead:
    n1: 21
    N1: 86
    n2: 27
    N2: 46
    length: 132
    estimated_program_length: 220.621
    purity_ratio: 1.671
    vocabulary: 48
    volume: 737.215
    difficulty: 17.889
    level: 0.056
    effort: 13187.958
    time: 732.664
    bugs: 0.186
  loc:
    sloc: 38
    ploc: 26
    lloc: 12
    cloc: 7
    blank: 5
    sloc_average: 12.667
    ploc_average: 8.667
    lloc_average: 4
    cloc_average: 2.333
    blank_average: 1.667
    sloc_min: 10
    sloc_max: 20
    cloc_min: 0
    cloc_max: 4
    ploc_min: 10
    ploc_max: 13
    lloc_min: 6
    lloc_max: 6
    blank_min: 0
    blank_max: 3
  nom:
    functions: 2
    closures: 0
    functions_average: 0.667
    closures_average: 0
    total: 2
    average: 0.667
    functions_min: 0
    functions_max: 1
    closures_min: 0
    closures_max: 0
  mi:
    mi_original: 74.976
    mi_sei: 64.538
    mi_visual_studio: 43.846
  abc:
    assignments: 0
    branches: 0
    conditions: 0
    magnitude: 0
    assignments_average: 0
    branches_average: 0
    conditions_average: 0
    assignments_min: 0
    assignments_max: 0
    branches_min: 0
    branches_max: 0
    conditions_min: 0
    conditions_max: 0

