---
source: tests/test.rs
expression: funcspace_struct
---
FuncSpace {
    name: Some(
        "./tests/repositories/pdf.js/src/scripting_api/print_params.js",
    ),
    start_line: 1,
    end_line: 146,
    kind: Unit,
    spaces: [
        FuncSpace {
            name: Some(
                "PrintParams",
            ),
            start_line: 16,
            end_line: 144,
            kind: Class,
            spaces: [
                FuncSpace {
                    name: Some(
                        "constructor",
                    ),
                    start_line: 17,
                    end_line: 143,
                    kind: Function,
                    spaces: [],
                    metrics: CodeMetrics {
                        nargs: Stats {
                            fn_nargs: 1,
                            closure_nargs: 0,
                            fn_nargs_sum: 1,
                            closure_nargs_sum: 0,
                            fn_nargs_min: 1,
                            closure_nargs_min: 0,
                            fn_nargs_max: 1,
                            closure_nargs_max: 0,
                            total_functions: 1,
                            total_closures: 0,
                        },
                        nexits: Stats {
                            exit: 0,
                            exit_sum: 0,
                            total_space_functions: 1,
                            exit_min: 0,
                            exit_max: 0,
                        },
                        cognitive: Stats {
                            structural: 0,
                            structural_sum: 0,
                            structural_min: 0,
                            structural_max: 0,
                            nesting: 0,
                            total_space_functions: 1,
                            boolean_seq: BoolSequence {
                                boolean_op: None,
                            },
                        },
                        cyclomatic: Stats {
                            cyclomatic_sum: 1.0,
                            cyclomatic: 1.0,
                            n: 1,
                            cyclomatic_max: 1.0,
                            cyclomatic_min: 1.0,
                        },
                        halstead: Stats {
                            u_operators: 9,
                            operators: 320,
                            u_operands: 170,
                            operands: 338,
                        },
                        loc: Stats {
                            sloc: Sloc {
                                start: 16,
                                end: 142,
                                unit: false,
                                sloc_min: 127,
                                sloc_max: 127,
                            },
                            ploc: Ploc {
                                lines: {
                                    122,
                                    55,
                                    110,
                                    43,
                                    98,
                                    31,
                                    86,
                                    19,
                                    141,
                                    74,
                                    129,
                                    62,
                                    117,
                                    50,
                                    105,
                                    38,
                                    93,
                                    26,
                                    81,
                                    136,
                                    69,
                                    124,
                                    57,
                                    112,
                                    45,
                                    100,
                                    33,
                                    88,
                                    21,
                                    76,
                                    131,
                                    64,
                                    119,
                                    52,
                                    107,
                                    40,
                                    95,
                                    28,
                                    83,
                                    16,
                                    138,
                                    71,
                                    126,
                                    59,
                                    114,
                                    47,
                                    102,
                                    35,
                                    90,
                                    23,
                                    78,
                                    133,
                                    66,
                                    121,
                                    54,
                                    109,
                                    42,
                                    97,
                                    30,
                                    85,
                                    18,
                                    140,
                                    73,
                                    128,
                                    61,
                                    116,
                                    49,
                                    104,
                                    37,
                                    92,
                                    25,
                                    80,
                                    135,
                                    68,
                                    123,
                                    56,
                                    111,
                                    44,
                                    99,
                                    32,
                                    87,
                                    20,
                                    142,
                                    75,
                                    130,
                                    63,
                                    118,
                                    51,
                                    106,
                                    39,
                                    94,
                                    27,
                                    82,
                                    137,
                                    70,
                                    125,
                                    58,
                                    113,
                                    46,
                                    101,
                                    34,
                                    89,
                                    22,
                                    77,
                                    132,
                                    65,
                                    120,
                                    53,
                                    108,
                                    41,
                                    96,
                                    29,
                                    84,
                                    17,
                                    139,
                                    72,
                                    127,
                                    60,
                                    115,
                                    48,
                                    103,
                                    36,
                                    91,
                                    24,
                                    79,
                                    134,
                                    67,
                                },
                                ploc_min: 127,
                                ploc_max: 127,
                            },
                            cloc: Cloc {
                                only_comment_lines: 0,
                                code_comment_lines: 0,
                                comment_line_end: None,
                                cloc_min: 0,
                                cloc_max: 0,
                            },
                            lloc: Lloc {
                                logical_lines: 35,
                                lloc_min: 35,
                                lloc_max: 35,
                            },
                            space_count: 1,
                            blank_min: 0,
                            blank_max: 0,
                        },
                        nom: Stats {
                            functions: 1,
                            closures: 0,
                            functions_sum: 1,
                            closures_sum: 0,
                            functions_min: 1,
                            functions_max: 1,
                            closures_min: 0,
                            closures_max: 0,
                            space_count: 1,
                        },
                        mi: Stats {
                            halstead_length: 658.0,
                            halstead_vocabulary: 179.0,
                            halstead_volume: 4924.350781439881,
                            cyclomatic: 1.0,
                            sloc: 127.0,
                            comments_percentage: 0.0,
                        },
                        abc: Stats {
                            assignments: 0.0,
                            assignments_sum: 0.0,
                            assignments_min: 0.0,
                            assignments_max: 0.0,
                            branches: 0.0,
                            branches_sum: 0.0,
                            branches_min: 0.0,
                            branches_max: 0.0,
                            conditions: 0.0,
                            conditions_sum: 0.0,
                            conditions_min: 0.0,
                            conditions_max: 0.0,
                            space_count: 1,
                            declaration: [],
                        },
                        wmc: Stats {
                            cyclomatic: 0.0,
                            class_wmc: 0.0,
                            interface_wmc: 0.0,
                            class_wmc_sum: 0.0,
                            interface_wmc_sum: 0.0,
                            space_kind: Unknown,
                        },
                        npm: Stats {
                            class_npm: 0,
                            interface_npm: 0,
                            class_nm: 0,
                            interface_nm: 0,
                            class_npm_sum: 0,
                            interface_npm_sum: 0,
                            class_nm_sum: 0,
                            interface_nm_sum: 0,
                            is_class_space: false,
                        },
                        npa: Stats {
                            class_npa: 0,
                            interface_npa: 0,
                            class_na: 0,
                            interface_na: 0,
                            class_npa_sum: 0,
                            interface_npa_sum: 0,
                            class_na_sum: 0,
                            interface_na_sum: 0,
                            is_class_space: false,
                        },
                    },
                },
            ],
            metrics: CodeMetrics {
                nargs: Stats {
                    fn_nargs: 0,
                    closure_nargs: 0,
                    fn_nargs_sum: 1,
                    closure_nargs_sum: 0,
                    fn_nargs_min: 0,
                    closure_nargs_min: 0,
                    fn_nargs_max: 1,
                    closure_nargs_max: 0,
                    total_functions: 1,
                    total_closures: 0,
                },
                nexits: Stats {
                    exit: 0,
                    exit_sum: 0,
                    total_space_functions: 1,
                    exit_min: 0,
                    exit_max: 0,
                },
                cognitive: Stats {
                    structural: 0,
                    structural_sum: 0,
                    structural_min: 0,
                    structural_max: 0,
                    nesting: 0,
                    total_space_functions: 1,
                    boolean_seq: BoolSequence {
                        boolean_op: None,
                    },
                },
                cyclomatic: Stats {
                    cyclomatic_sum: 2.0,
                    cyclomatic: 1.0,
                    n: 2,
                    cyclomatic_max: 1.0,
                    cyclomatic_min: 1.0,
                },
                halstead: Stats {
                    u_operators: 9,
                    operators: 321,
                    u_operands: 171,
                    operands: 339,
                },
                loc: Stats {
                    sloc: Sloc {
                        start: 15,
                        end: 143,
                        unit: false,
                        sloc_min: 127,
                        sloc_max: 127,
                    },
                    ploc: Ploc {
                        lines: {
                            122,
                            55,
                            110,
                            43,
                            98,
                            31,
                            86,
                            19,
                            141,
                            74,
                            129,
                            62,
                            117,
                            50,
                            105,
                            38,
                            93,
                            26,
                            81,
                            136,
                            69,
                            124,
                            57,
                            112,
                            45,
                            100,
                            33,
                            88,
                            21,
                            143,
                            76,
                            131,
                            64,
                            119,
                            52,
                            107,
                            40,
                            95,
                            28,
                            83,
                            16,
                            138,
                            71,
                            126,
                            59,
                            114,
                            47,
                            102,
                            35,
                            90,
                            23,
                            78,
                            133,
                            66,
                            121,
                            54,
                            109,
                            42,
                            97,
                            30,
                            85,
                            18,
                            140,
                            73,
                            128,
                            61,
                            116,
                            49,
                            104,
                            37,
                            92,
                            25,
                            80,
                            135,
                            68,
                            123,
                            56,
                            111,
                            44,
                            99,
                            32,
                            87,
                            20,
                            142,
                            75,
                            130,
                            63,
                            118,
                            51,
                            106,
                            39,
                            94,
                            27,
                            82,
                            15,
                            137,
                            70,
                            125,
                            58,
                            113,
                            46,
                            101,
                            34,
                            89,
                            22,
                            77,
                            132,
                            65,
                            120,
                            53,
                            108,
                            41,
                            96,
                            29,
                            84,
                            17,
                            139,
                            72,
                            127,
                            60,
                            115,
                            48,
                            103,
                            36,
                            91,
                            24,
                            79,
                            134,
                            67,
                        },
                        ploc_min: 127,
                        ploc_max: 127,
                    },
                    cloc: Cloc {
                        only_comment_lines: 0,
                        code_comment_lines: 0,
                        comment_line_end: None,
                        cloc_min: 0,
                        cloc_max: 0,
                    },
                    lloc: Lloc {
                        logical_lines: 35,
                        lloc_min: 35,
                        lloc_max: 35,
                    },
                    space_count: 2,
                    blank_min: 0,
                    blank_max: 0,
                },
                nom: Stats {
                    functions: 0,
                    closures: 0,
                    functions_sum: 1,
                    closures_sum: 0,
                    functions_min: 0,
                    functions_max: 1,
                    closures_min: 0,
                    closures_max: 0,
                    space_count: 2,
                },
                mi: Stats {
                    halstead_length: 660.0,
                    halstead_vocabulary: 180.0,
                    halstead_volume: 4944.623043577585,
                    cyclomatic: 2.0,
                    sloc: 129.0,
                    comments_percentage: 0.0,
                },
                abc: Stats {
                    assignments: 0.0,
                    assignments_sum: 0.0,
                    assignments_min: 0.0,
                    assignments_max: 0.0,
                    branches: 0.0,
                    branches_sum: 0.0,
                    branches_min: 0.0,
                    branches_max: 0.0,
                    conditions: 0.0,
                    conditions_sum: 0.0,
                    conditions_min: 0.0,
                    conditions_max: 0.0,
                    space_count: 2,
                    declaration: [],
                },
                wmc: Stats {
                    cyclomatic: 0.0,
                    class_wmc: 0.0,
                    interface_wmc: 0.0,
                    class_wmc_sum: 0.0,
                    interface_wmc_sum: 0.0,
                    space_kind: Unknown,
                },
                npm: Stats {
                    class_npm: 0,
                    interface_npm: 0,
                    class_nm: 0,
                    interface_nm: 0,
                    class_npm_sum: 0,
                    interface_npm_sum: 0,
                    class_nm_sum: 0,
                    interface_nm_sum: 0,
                    is_class_space: false,
                },
                npa: Stats {
                    class_npa: 0,
                    interface_npa: 0,
                    class_na: 0,
                    interface_na: 0,
                    class_npa_sum: 0,
                    interface_npa_sum: 0,
                    class_na_sum: 0,
                    interface_na_sum: 0,
                    is_class_space: false,
                },
            },
        },
    ],
    metrics: CodeMetrics {
        nargs: Stats {
            fn_nargs: 0,
            closure_nargs: 0,
            fn_nargs_sum: 1,
            closure_nargs_sum: 0,
            fn_nargs_min: 0,
            closure_nargs_min: 0,
            fn_nargs_max: 1,
            closure_nargs_max: 0,
            total_functions: 1,
            total_closures: 0,
        },
        nexits: Stats {
            exit: 0,
            exit_sum: 0,
            total_space_functions: 1,
            exit_min: 0,
            exit_max: 0,
        },
        cognitive: Stats {
            structural: 0,
            structural_sum: 0,
            structural_min: 0,
            structural_max: 0,
            nesting: 0,
            total_space_functions: 1,
            boolean_seq: BoolSequence {
                boolean_op: None,
            },
        },
        cyclomatic: Stats {
            cyclomatic_sum: 3.0,
            cyclomatic: 1.0,
            n: 3,
            cyclomatic_max: 1.0,
            cyclomatic_min: 1.0,
        },
        halstead: Stats {
            u_operators: 10,
            operators: 324,
            u_operands: 171,
            operands: 340,
        },
        loc: Stats {
            sloc: Sloc {
                start: 0,
                end: 146,
                unit: true,
                sloc_min: 129,
                sloc_max: 129,
            },
            ploc: Ploc {
                lines: {
                    122,
                    55,
                    110,
                    43,
                    98,
                    31,
                    86,
                    19,
                    141,
                    74,
                    129,
                    62,
                    117,
                    50,
                    105,
                    38,
                    93,
                    26,
                    81,
                    136,
                    69,
                    124,
                    57,
                    112,
                    45,
                    100,
                    33,
                    88,
                    21,
                    143,
                    76,
                    131,
                    64,
                    119,
                    52,
                    107,
                    40,
                    95,
                    28,
                    83,
                    16,
                    138,
                    71,
                    126,
                    59,
                    114,
                    47,
                    102,
                    35,
                    90,
                    23,
                    145,
                    78,
                    133,
                    66,
                    121,
                    54,
                    109,
                    42,
                    97,
                    30,
                    85,
                    18,
                    140,
                    73,
                    128,
                    61,
                    116,
                    49,
                    104,
                    37,
                    92,
                    25,
                    80,
                    135,
                    68,
                    123,
                    56,
                    111,
                    44,
                    99,
                    32,
                    87,
                    20,
                    142,
                    75,
                    130,
                    63,
                    118,
                    51,
                    106,
                    39,
                    94,
                    27,
                    82,
                    15,
                    137,
                    70,
                    125,
                    58,
                    113,
                    46,
                    101,
                    34,
                    89,
                    22,
                    77,
                    132,
                    65,
                    120,
                    53,
                    108,
                    41,
                    96,
                    29,
                    84,
                    17,
                    139,
                    72,
                    127,
                    60,
                    115,
                    48,
                    103,
                    36,
                    91,
                    24,
                    79,
                    134,
                    67,
                },
                ploc_min: 129,
                ploc_max: 129,
            },
            cloc: Cloc {
                only_comment_lines: 14,
                code_comment_lines: 0,
                comment_line_end: Some(
                    13,
                ),
                cloc_min: 0,
                cloc_max: 0,
            },
            lloc: Lloc {
                logical_lines: 36,
                lloc_min: 35,
                lloc_max: 35,
            },
            space_count: 3,
            blank_min: 0,
            blank_max: 0,
        },
        nom: Stats {
            functions: 0,
            closures: 0,
            functions_sum: 1,
            closures_sum: 0,
            functions_min: 0,
            functions_max: 1,
            closures_min: 0,
            closures_max: 0,
            space_count: 3,
        },
        mi: Stats {
            halstead_length: 664.0,
            halstead_vocabulary: 181.0,
            halstead_volume: 4979.897669023248,
            cyclomatic: 3.0,
            sloc: 146.0,
            comments_percentage: 0.0958904109589041,
        },
        abc: Stats {
            assignments: 0.0,
            assignments_sum: 0.0,
            assignments_min: 0.0,
            assignments_max: 0.0,
            branches: 0.0,
            branches_sum: 0.0,
            branches_min: 0.0,
            branches_max: 0.0,
            conditions: 0.0,
            conditions_sum: 0.0,
            conditions_min: 0.0,
            conditions_max: 0.0,
            space_count: 3,
            declaration: [],
        },
        wmc: Stats {
            cyclomatic: 0.0,
            class_wmc: 0.0,
            interface_wmc: 0.0,
            class_wmc_sum: 0.0,
            interface_wmc_sum: 0.0,
            space_kind: Unknown,
        },
        npm: Stats {
            class_npm: 0,
            interface_npm: 0,
            class_nm: 0,
            interface_nm: 0,
            class_npm_sum: 0,
            interface_npm_sum: 0,
            class_nm_sum: 0,
            interface_nm_sum: 0,
            is_class_space: false,
        },
        npa: Stats {
            class_npa: 0,
            interface_npa: 0,
            class_na: 0,
            interface_na: 0,
            class_npa_sum: 0,
            interface_npa_sum: 0,
            class_na_sum: 0,
            interface_na_sum: 0,
            is_class_space: false,
        },
    },
}
